Archive member included to satisfy reference by file (symbol)

D:/app/cubeIDE/STM32CubeIDE_2.1.1/STM32CubeIDE/plugins/com.st.stm32cube.ide.mcu.externaltools.gnu-tools-for-stm32.14.3.rel1.win32_1.0.100.202602081740/tools/bin/../lib/gcc/arm-none-eabi/14.3.1/../../../../arm-none-eabi/lib/thumb/v7e-m+fp/hard\libc_nano.a(libc_a-exit.o)
                              D:/app/cubeIDE/STM32CubeIDE_2.1.1/STM32CubeIDE/plugins/com.st.stm32cube.ide.mcu.externaltools.gnu-tools-for-stm32.14.3.rel1.win32_1.0.100.202602081740/tools/bin/../lib/gcc/arm-none-eabi/14.3.1/../../../../arm-none-eabi/lib/thumb/v7e-m+fp/hard/crt0.o (exit)
D:/app/cubeIDE/STM32CubeIDE_2.1.1/STM32CubeIDE/plugins/com.st.stm32cube.ide.mcu.externaltools.gnu-tools-for-stm32.14.3.rel1.win32_1.0.100.202602081740/tools/bin/../lib/gcc/arm-none-eabi/14.3.1/../../../../arm-none-eabi/lib/thumb/v7e-m+fp/hard\libc_nano.a(libc_a-strtod.o)
                              ./Core/Src/stick_receiver.o (strtof)
D:/app/cubeIDE/STM32CubeIDE_2.1.1/STM32CubeIDE/plugins/com.st.stm32cube.ide.mcu.externaltools.gnu-tools-for-stm32.14.3.rel1.win32_1.0.100.202602081740/tools/bin/../lib/gcc/arm-none-eabi/14.3.1/../../../../arm-none-eabi/lib/thumb/v7e-m+fp/hard\libc_nano.a(libc_a-strtoul.o)
                              ./Core/Src/stick_receiver.o (strtoul)
D:/app/cubeIDE/STM32CubeIDE_2.1.1/STM32CubeIDE/plugins/com.st.stm32cube.ide.mcu.externaltools.gnu-tools-for-stm32.14.3.rel1.win32_1.0.100.202602081740/tools/bin/../lib/gcc/arm-none-eabi/14.3.1/../../../../arm-none-eabi/lib/thumb/v7e-m+fp/hard\libc_nano.a(libc_a-ctype_.o)
                              ./Core/Src/stick_receiver.o (_ctype_)
D:/app/cubeIDE/STM32CubeIDE_2.1.1/STM32CubeIDE/plugins/com.st.stm32cube.ide.mcu.externaltools.gnu-tools-for-stm32.14.3.rel1.win32_1.0.100.202602081740/tools/bin/../lib/gcc/arm-none-eabi/14.3.1/../../../../arm-none-eabi/lib/thumb/v7e-m+fp/hard\libc_nano.a(libc_a-nano-vfprintf_float.o)
                              (_printf_float)
D:/app/cubeIDE/STM32CubeIDE_2.1.1/STM32CubeIDE/plugins/com.st.stm32cube.ide.mcu.externaltools.gnu-tools-for-stm32.14.3.rel1.win32_1.0.100.202602081740/tools/bin/../lib/gcc/arm-none-eabi/14.3.1/../../../../arm-none-eabi/lib/thumb/v7e-m+fp/hard\libc_nano.a(libc_a-nano-vfprintf_i.o)
                              D:/app/cubeIDE/STM32CubeIDE_2.1.1/STM32CubeIDE/plugins/com.st.stm32cube.ide.mcu.externaltools.gnu-tools-for-stm32.14.3.rel1.win32_1.0.100.202602081740/tools/bin/../lib/gcc/arm-none-eabi/14.3.1/../../../../arm-none-eabi/lib/thumb/v7e-m+fp/hard\libc_nano.a(libc_a-nano-vfprintf_float.o) (_printf_common)
D:/app/cubeIDE/STM32CubeIDE_2.1.1/STM32CubeIDE/plugins/com.st.stm32cube.ide.mcu.externaltools.gnu-tools-for-stm32.14.3.rel1.win32_1.0.100.202602081740/tools/bin/../lib/gcc/arm-none-eabi/14.3.1/../../../../arm-none-eabi/lib/thumb/v7e-m+fp/hard\libc_nano.a(libc_a-findfp.o)
                              D:/app/cubeIDE/STM32CubeIDE_2.1.1/STM32CubeIDE/plugins/com.st.stm32cube.ide.mcu.externaltools.gnu-tools-for-stm32.14.3.rel1.win32_1.0.100.202602081740/tools/bin/../lib/gcc/arm-none-eabi/14.3.1/../../../../arm-none-eabi/lib/thumb/v7e-m+fp/hard\libc_nano.a(libc_a-exit.o) (__stdio_exit_handler)
D:/app/cubeIDE/STM32CubeIDE_2.1.1/STM32CubeIDE/plugins/com.st.stm32cube.ide.mcu.externaltools.gnu-tools-for-stm32.14.3.rel1.win32_1.0.100.202602081740/tools/bin/../lib/gcc/arm-none-eabi/14.3.1/../../../../arm-none-eabi/lib/thumb/v7e-m+fp/hard\libc_nano.a(libc_a-fwalk.o)
                              D:/app/cubeIDE/STM32CubeIDE_2.1.1/STM32CubeIDE/plugins/com.st.stm32cube.ide.mcu.externaltools.gnu-tools-for-stm32.14.3.rel1.win32_1.0.100.202602081740/tools/bin/../lib/gcc/arm-none-eabi/14.3.1/../../../../arm-none-eabi/lib/thumb/v7e-m+fp/hard\libc_nano.a(libc_a-findfp.o) (_fwalk_sglue)
D:/app/cubeIDE/STM32CubeIDE_2.1.1/STM32CubeIDE/plugins/com.st.stm32cube.ide.mcu.externaltools.gnu-tools-for-stm32.14.3.rel1.win32_1.0.100.202602081740/tools/bin/../lib/gcc/arm-none-eabi/14.3.1/../../../../arm-none-eabi/lib/thumb/v7e-m+fp/hard\libc_nano.a(libc_a-snprintf.o)
                              ./Core/Src/main.o (snprintf)
D:/app/cubeIDE/STM32CubeIDE_2.1.1/STM32CubeIDE/plugins/com.st.stm32cube.ide.mcu.externaltools.gnu-tools-for-stm32.14.3.rel1.win32_1.0.100.202602081740/tools/bin/../lib/gcc/arm-none-eabi/14.3.1/../../../../arm-none-eabi/lib/thumb/v7e-m+fp/hard\libc_nano.a(libc_a-stdio.o)
                              D:/app/cubeIDE/STM32CubeIDE_2.1.1/STM32CubeIDE/plugins/com.st.stm32cube.ide.mcu.externaltools.gnu-tools-for-stm32.14.3.rel1.win32_1.0.100.202602081740/tools/bin/../lib/gcc/arm-none-eabi/14.3.1/../../../../arm-none-eabi/lib/thumb/v7e-m+fp/hard\libc_nano.a(libc_a-findfp.o) (__sread)
D:/app/cubeIDE/STM32CubeIDE_2.1.1/STM32CubeIDE/plugins/com.st.stm32cube.ide.mcu.externaltools.gnu-tools-for-stm32.14.3.rel1.win32_1.0.100.202602081740/tools/bin/../lib/gcc/arm-none-eabi/14.3.1/../../../../arm-none-eabi/lib/thumb/v7e-m+fp/hard\libc_nano.a(libc_a-memmove.o)
[...]
Memory Configuration

Name             Origin             Length             Attributes
CCMRAM           0x10000000         0x00010000         xrw
RAM              0x20000000         0x00020000         xrw
FLASH            0x08000000         0x00080000         xr
*default*        0x00000000         0xffffffff

Linker script and memory map

LOAD D:/app/cubeIDE/STM32CubeIDE_2.1.1/STM32CubeIDE/plugins/com.st.stm32cube.ide.mcu.externaltools.gnu-tools-for-stm32.14.3.rel1.win32_1.0.100.202602081740/tools/bin/../lib/gcc/arm-none-eabi/14.3.1/thumb/v7e-m+fp/hard/crti.o
LOAD D:/app/cubeIDE/STM32CubeIDE_2.1.1/STM32CubeIDE/plugins/com.st.stm32cube.ide.mcu.externaltools.gnu-tools-for-stm32.14.3.rel1.win32_1.0.100.202602081740/tools/bin/../lib/gcc/arm-none-eabi/14.3.1/thumb/v7e-m+fp/hard/crtbegin.o
LOAD D:/app/cubeIDE/STM32CubeIDE_2.1.1/STM32CubeIDE/plugins/com.st.stm32cube.ide.mcu.externaltools.gnu-tools-for-stm32.14.3.rel1.win32_1.0.100.202602081740/tools/bin/../lib/gcc/arm-none-eabi/14.3.1/../../../../arm-none-eabi/lib/thumb/v7e-m+fp/hard/crt0.o
LOAD ./Core/Src/arm_angle.o
LOAD ./Core/Src/dwj_reader.o
LOAD ./Core/Src/ftepc_rs485.o
LOAD ./Core/Src/imu_oled_format.o
LOAD ./Core/Src/imu_parser.o
LOAD ./Core/Src/joystick_servo_map.o
LOAD ./Core/Src/main.o
LOAD ./Core/Src/motion_telemetry.o
LOAD ./Core/Src/oled_ssd1306.o
LOAD ./Core/Src/pca9685.o
LOAD ./Core/Src/pwm_timing.o
LOAD ./Core/Src/servo_control.o
LOAD ./Core/Src/servo_debug.o
LOAD ./Core/Src/status_led.o
LOAD ./Core/Src/stick_receiver.o
LOAD ./Core/Src/stm32f4xx_hal_msp.o
LOAD ./Core/Src/stm32f4xx_it.o
LOAD ./Core/Src/syscalls.o
LOAD ./Core/Src/sysmem.o
LOAD ./Core/Src/system_stm32f4xx.o
LOAD ./Core/Startup/startup_stm32f407vetx.o
LOAD ./Drivers/STM32F4xx_HAL_Driver/Src/stm32f4xx_hal.o
LOAD ./Drivers/STM32F4xx_HAL_Driver/Src/stm32f4xx_hal_cortex.o
LOAD ./Drivers/STM32F4xx_HAL_Driver/Src/stm32f4xx_hal_dma.o
LOAD ./Drivers/STM32F4xx_HAL_Driver/Src/stm32f4xx_hal_dma_ex.o
LOAD ./Drivers/STM32F4xx_HAL_Driver/Src/stm32f4xx_hal_exti.o
LOAD ./Drivers/STM32F4xx_HAL_Driver/Src/stm32f4xx_hal_flash.o
LOAD ./Drivers/STM32F4xx_HAL_Driver/Src/stm32f4xx_hal_flash_ex.o
LOAD ./Drivers/STM32F4xx_HAL_Driver/Src/stm32f4xx_hal_flash_ramfunc.o
LOAD ./Drivers/STM32F4xx_HAL_Driver/Src/stm32f4xx_hal_gpio.o
LOAD ./Drivers/STM32F4xx_HAL_Driver/Src/stm32f4xx_hal_i2c.o
LOAD ./Drivers/STM32F4xx_HAL_Driver/Src/stm32f4xx_hal_i2c_ex.o
LOAD ./Drivers/STM32F4xx_HAL_Driver/Src/stm32f4xx_hal_pwr.o
LOAD ./Drivers/STM32F4xx_HAL_Driver/Src/stm32f4xx_hal_pwr_ex.o
LOAD ./Drivers/STM32F4xx_HAL_Driver/Src/stm32f4xx_hal_rcc.o
LOAD ./Drivers/STM32F4xx_HAL_Driver/Src/stm32f4xx_hal_rcc_ex.o
LOAD ./Drivers/STM32F4xx_HAL_Driver/Src/stm32f4xx_hal_uart.o
START GROUP
LOAD D:/app/cubeIDE/STM32CubeIDE_2.1.1/STM32CubeIDE/plugins/com.st.stm32cube.ide.mcu.externaltools.gnu-tools-for-stm32.14.3.rel1.win32_1.0.100.202602081740/tools/bin/../lib/gcc/arm-none-eabi/14.3.1/../../../../arm-none-eabi/lib/thumb/v7e-m+fp/hard\libc_nano.a
LOAD D:/app/cubeIDE/STM32CubeIDE_2.1.1/STM32CubeIDE/plugins/com.st.stm32cube.ide.mcu.externaltools.gnu-tools-for-stm32.14.3.rel1.win32_1.0.100.202602081740/tools/bin/../lib/gcc/arm-none-eabi/14.3.1/../../../../arm-none-eabi/lib/thumb/v7e-m+fp/hard\libm.a
END GROUP
START GROUP
LOAD D:/app/cubeIDE/STM32CubeIDE_2.1.1/STM32CubeIDE/plugins/com.st.stm32cube.ide.mcu.externaltools.gnu-tools-for-stm32.14.3.rel1.win32_1.0.100.202602081740/tools/bin/../lib/gcc/arm-none-eabi/14.3.1/thumb/v7e-m+fp/hard\libgcc.a
LOAD D:/app/cubeIDE/STM32CubeIDE_2.1.1/STM32CubeIDE/plugins/com.st.stm32cube.ide.mcu.externaltools.gnu-tools-for-stm32.14.3.rel1.win32_1.0.100.202602081740/tools/bin/../lib/gcc/arm-none-eabi/14.3.1/../../../../arm-none-eabi/lib/thumb/v7e-m+fp/hard\libc_nano.a
END GROUP
START GROUP
LOAD D:/app/cubeIDE/STM32CubeIDE_2.1.1/STM32CubeIDE/plugins/com.st.stm32cube.ide.mcu.externaltools.gnu-tools-for-stm32.14.3.rel1.win32_1.0.100.202602081740/tools/bin/../lib/gcc/arm-none-eabi/14.3.1/thumb/v7e-m+fp/hard\libgcc.a
LOAD D:/app/cubeIDE/STM32CubeIDE_2.1.1/STM32CubeIDE/plugins/com.st.stm32cube.ide.mcu.externaltools.gnu-tools-for-stm32.14.3.rel1.win32_1.0.100.202602081740/tools/bin/../lib/gcc/arm-none-eabi/14.3.1/../../../../arm-none-eabi/lib/thumb/v7e-m+fp/hard\libc_nano.a
LOAD D:/app/cubeIDE/STM32CubeIDE_2.1.1/STM32CubeIDE/plugins/com.st.stm32cube.ide.mcu.externaltools.gnu-tools-for-stm32.14.3.rel1.win32_1.0.100.202602081740/tools/bin/../lib/gcc/arm-none-eabi/14.3.1/../../../../arm-none-eabi/lib/thumb/v7e-m+fp/hard\libnosys.a
END GROUP
START GROUP
LOAD D:/app/cubeIDE/STM32CubeIDE_2.1.1/STM32CubeIDE/plugins/com.st.stm32cube.ide.mcu.externaltools.gnu-tools-for-stm32.14.3.rel1.win32_1.0.100.202602081740/tools/bin/../lib/gcc/arm-none-eabi/14.3.1/thumb/v7e-m+fp/hard\libgcc.a
LOAD D:/app/cubeIDE/STM32CubeIDE_2.1.1/STM32CubeIDE/plugins/com.st.stm32cube.ide.mcu.externaltools.gnu-tools-for-stm32.14.3.rel1.win32_1.0.100.202602081740/tools/bin/../lib/gcc/arm-none-eabi/14.3.1/../../../../arm-none-eabi/lib/thumb/v7e-m+fp/hard\libc_nano.a
LOAD D:/app/cubeIDE/STM32CubeIDE_2.1.1/STM32CubeIDE/plugins/com.st.stm32cube.ide.mcu.externaltools.gnu-tools-for-stm32.14.3.rel1.win32_1.0.100.202602081740/tools/bin/../lib/gcc/arm-none-eabi/14.3.1/../../../../arm-none-eabi/lib/thumb/v7e-m+fp/hard\libnosys.a
END GROUP
LOAD D:/app/cubeIDE/STM32CubeIDE_2.1.1/STM32CubeIDE/plugins/com.st.stm32cube.ide.mcu.externaltools.gnu-tools-for-stm32.14.3.rel1.win32_1.0.100.202602081740/tools/bin/../lib/gcc/arm-none-eabi/14.3.1/thumb/v7e-m+fp/hard/crtend.o
LOAD D:/app/cubeIDE/STM32CubeIDE_2.1.1/STM32CubeIDE/plugins/com.st.stm32cube.ide.mcu.externaltools.gnu-tools-for-stm32.14.3.rel1.win32_1.0.100.202602081740/tools/bin/../lib/gcc/arm-none-eabi/14.3.1/thumb/v7e-m+fp/hard/crtn.o
                0x20020000                        _estack = (ORIGIN (RAM) + LENGTH (RAM))
                0x00000200                        _Min_Heap_Size = 0x200
                0x00000400                        _Min_Stack_Size = 0x400

.isr_vector     0x08000000      0x188
                0x08000000                        . = ALIGN (0x4)
 *(.isr_vector)
 .isr_vector    0x08000000      0x188 ./Core/Startup/startup_stm32f407vetx.o
                0x08000000                g_pfnVectors
                0x08000188                        . = ALIGN (0x4)

.text           0x08000190     0xe2b4
                0x08000190                        . = ALIGN (0x4)
 *(.text)
 .text          0x08000190       0x40 D:/app/cubeIDE/STM32CubeIDE_2.1.1/STM32CubeIDE/plugins/com.st.stm32cube.ide.mcu.externaltools.gnu-tools-for-stm32.14.3.rel1.win32_1.0.100.202602081740/tools/bin/../lib/gcc/arm-none-eabi/14.3.1/thumb/v7e-m+fp/hard/crtbegin.o
 .text          0x080001d0       0xa0 D:/app/cubeIDE/STM32CubeIDE_2.1.1/STM32CubeIDE/plugins/com.st.stm32cube.ide.mcu.externaltools.gnu-tools-for-stm32.14.3.rel1.win32_1.0.100.202602081740/tools/bin/../lib/gcc/arm-none-eabi/14.3.1/../../../../arm-none-eabi/lib/thumb/v7e-m+fp/hard\libc_nano.a(libc_a-memchr.o)
                0x080001d0                memchr
 .text          0x08000270       0x10 D:/app/cubeIDE/STM32CubeIDE_2.1.1/STM32CubeIDE/plugins/com.st.stm32cube.ide.mcu.externaltools.gnu-tools-for-stm32.14.3.rel1.win32_1.0.100.202602081740/tools/bin/../lib/gcc/arm-none-eabi/14.3.1/../../../../arm-none-eabi/lib/thumb/v7e-m+fp/hard\libc_nano.a(libc_a-strlen.o)
                0x08000270                strlen
 .text          0x08000280      0x378 D:/app/cubeIDE/STM32CubeIDE_2.1.1/STM32CubeIDE/plugins/com.st.stm32cube.ide.mcu.externaltools.gnu-tools-for-stm32.14.3.rel1.win32_1.0.100.202602081740/tools/bin/../lib/gcc/arm-none-eabi/14.3.1/thumb/v7e-m+fp/hard\libgcc.a(_arm_addsubdf3.o)
                0x08000280                __aeabi_drsub
                0x08000288                __aeabi_dsub
                0x08000288                __subdf3
                0x0800028c                __aeabi_dadd
                0x0800028c                __adddf3
                0x08000504                __floatunsidf
                0x08000504                __aeabi_ui2d
                0x08000524                __floatsidf
                0x08000524                __aeabi_i2d
                0x08000548                __aeabi_f2d
                0x08000548                __extendsfdf2
                0x0800058c                __floatundidf
                0x0800058c                __aeabi_ul2d
                0x0800059c                __floatdidf
                0x0800059c                __aeabi_l2d
 .text          0x080005f8      0x424 D:/app/cubeIDE/STM32CubeIDE_2.1.1/STM32CubeIDE/plugins/com.st.stm32cube.ide.mcu.externaltools.gnu-tools-for-stm32.14.3.rel1.win32_1.0.100.202602081740/tools/bin/../lib/gcc/arm-none-eabi/14.3.1/thumb/v7e-m+fp/hard\libgcc.a(_arm_muldivdf3.o)
                0x080005f8                __aeabi_dmul
                0x080005f8                __muldf3
                0x0800084c                __divdf3
                0x0800084c                __aeabi_ddiv
 .text          0x08000a1c      0x110 D:/app/cubeIDE/STM32CubeIDE_2.1.1/STM32CubeIDE/plugins/com.st.stm32cube.ide.mcu.externaltools.gnu-tools-for-stm32.14.3.rel1.win32_1.0.100.202602081740/tools/bin/../lib/gcc/arm-none-eabi/14.3.1/thumb/v7e-m+fp/hard\libgcc.a(_arm_cmpdf2.o)
                0x08000a1c                __gtdf2
                0x08000a1c                __gedf2
                0x08000a24                __ltdf2
                0x08000a24                __ledf2
                0x08000a2c                __nedf2
                0x08000a2c                __eqdf2
                0x08000a2c                __cmpdf2
                0x08000aa8                __aeabi_cdrcmple
                0x08000ab8                __aeabi_cdcmpeq
                0x08000ab8                __aeabi_cdcmple
                0x08000ac8                __aeabi_dcmpeq
                0x08000adc                __aeabi_dcmplt
                0x08000af0                __aeabi_dcmple
                0x08000b04                __aeabi_dcmpge
                0x08000b18                __aeabi_dcmpgt
 .text          0x08000b2c       0x2c D:/app/cubeIDE/STM32CubeIDE_2.1.1/STM32CubeIDE/plugins/com.st.stm32cube.ide.mcu.externaltools.gnu-tools-for-stm32.14.3.rel1.win32_1.0.100.202602081740/tools/bin/../lib/gcc/arm-none-eabi/14.3.1/thumb/v7e-m+fp/hard\libgcc.a(_arm_unorddf2.o)
                0x08000b2c                __unorddf2
                0x08000b2c                __aeabi_dcmpun
 .text          0x08000b58       0x50 D:/app/cubeIDE/STM32CubeIDE_2.1.1/STM32CubeIDE/plugins/com.st.stm32cube.ide.mcu.externaltools.gnu-tools-for-stm32.14.3.rel1.win32_1.0.100.202602081740/tools/bin/../lib/gcc/arm-none-eabi/14.3.1/thumb/v7e-m+fp/hard\libgcc.a(_arm_fixdfsi.o)
                0x08000b58                __aeabi_d2iz
                0x08000b58                __fixdfsi
 .text          0x08000ba8       0x40 D:/app/cubeIDE/STM32CubeIDE_2.1.1/STM32CubeIDE/plugins/com.st.stm32cube.ide.mcu.externaltools.gnu-tools-for-stm32.14.3.rel1.win32_1.0.100.202602081740/tools/bin/../lib/gcc/arm-none-eabi/14.3.1/thumb/v7e-m+fp/hard\libgcc.a(_arm_fixunsdfsi.o)
                0x08000ba8                __aeabi_d2uiz
                0x08000ba8                __fixunsdfsi
 .text          0x08000be8       0xa0 D:/app/cubeIDE/STM32CubeIDE_2.1.1/STM32CubeIDE/plugins/com.st.stm32cube.ide.mcu.externaltools.gnu-tools-for-stm32.14.3.rel1.win32_1.0.100.202602081740/tools/bin/../lib/gcc/arm-none-eabi/14.3.1/thumb/v7e-m+fp/hard\libgcc.a(_arm_truncdfsf2.o)
                0x08000be8                __truncdfsf2
                0x08000be8                __aeabi_d2f
 .text          0x08000c88      0x21c D:/app/cubeIDE/STM32CubeIDE_2.1.1/STM32CubeIDE/plugins/com.st.stm32cube.ide.mcu.externaltools.gnu-tools-for-stm32.14.3.rel1.win32_1.0.100.202602081740/tools/bin/../lib/gcc/arm-none-eabi/14.3.1/thumb/v7e-m+fp/hard\libgcc.a(_arm_addsubsf3.o)
                0x08000c88                __aeabi_frsub
                0x08000c90                __subsf3
                0x08000c90                __aeabi_fsub
                0x08000c94                __aeabi_fadd
                0x08000c94                __addsf3
                0x08000df4                __aeabi_ui2f
                0x08000df4                __floatunsisf
                0x08000dfc                __aeabi_i2f
                0x08000dfc                __floatsisf
                0x08000e18                __aeabi_ul2f
                0x08000e18                __floatundisf
                0x08000e28                __aeabi_l2f
                0x08000e28                __floatdisf
 .text          0x08000ea4       0xa0 D:/app/cubeIDE/STM32CubeIDE_2.1.1/STM32CubeIDE/plugins/com.st.stm32cube.ide.mcu.externaltools.gnu-tools-for-stm32.14.3.rel1.win32_1.0.100.202602081740/tools/bin/../lib/gcc/arm-none-eabi/14.3.1/thumb/v7e-m+fp/hard\libgcc.a(_aeabi_ldivmod.o)
                0x08000ea4                __aeabi_ldivmod
 .text          0x08000f44       0x30 D:/app/cubeIDE/STM32CubeIDE_2.1.1/STM32CubeIDE/plugins/com.st.stm32cube.ide.mcu.externaltools.gnu-tools-for-stm32.14.3.rel1.win32_1.0.100.202602081740/tools/bin/../lib/gcc/arm-none-eabi/14.3.1/thumb/v7e-m+fp/hard\libgcc.a(_aeabi_uldivmod.o)
                0x08000f44                __aeabi_uldivmod
 .text          0x08000f74       0x30 D:/app/cubeIDE/STM32CubeIDE_2.1.1/STM32CubeIDE/plugins/com.st.stm32cube.ide.mcu.externaltools.gnu-tools-for-stm32.14.3.rel1.win32_1.0.100.202602081740/tools/bin/../lib/gcc/arm-none-eabi/14.3.1/thumb/v7e-m+fp/hard\libgcc.a(_fixdfdi.o)
                0x08000f74                __fixdfdi
                0x08000f74                __aeabi_d2lz
 .text          0x08000fa4       0x3c D:/app/cubeIDE/STM32CubeIDE_2.1.1/STM32CubeIDE/plugins/com.st.stm32cube.ide.mcu.externaltools.gnu-tools-for-stm32.14.3.rel1.win32_1.0.100.202602081740/tools/bin/../lib/gcc/arm-none-eabi/14.3.1/thumb/v7e-m+fp/hard\libgcc.a(_fixunsdfdi.o)
                0x08000fa4                __fixunsdfdi
                0x08000fa4                __aeabi_d2ulz
 .text          0x08000fe0      0x2f8 D:/app/cubeIDE/STM32CubeIDE_2.1.1/STM32CubeIDE/plugins/com.st.stm32cube.ide.mcu.externaltools.gnu-tools-for-stm32.14.3.rel1.win32_1.0.100.202602081740/tools/bin/../lib/gcc/arm-none-eabi/14.3.1/thumb/v7e-m+fp/hard\libgcc.a(_udivmoddi4.o)
                0x08000fe0                __udivmoddi4
 .text          0x080012d8        0x4 D:/app/cubeIDE/STM32CubeIDE_2.1.1/STM32CubeIDE/plugins/com.st.stm32cube.ide.mcu.externaltools.gnu-tools-for-stm32.14.3.rel1.win32_1.0.100.202602081740/tools/bin/../lib/gcc/arm-none-eabi/14.3.1/thumb/v7e-m+fp/hard\libgcc.a(_dvmd_tls.o)
                0x080012d8                __aeabi_idiv0
                0x080012d8                __aeabi_ldiv0
 *(.text*)
 .text.ArmAngle_Clamp
                0x080012dc       0x52 ./Core/Src/arm_angle.o
 .text.ArmAngle_Sqrt
                0x0800132e       0x80 ./Core/Src/arm_angle.o
 *fill*         0x080013ae        0x2 
 .text.ArmAngle_Acos
                0x080013b0       0xf0 ./Core/Src/arm_angle.o
 .text.ArmAngle_DegToHundredths
                0x080014a0       0x60 ./Core/Src/arm_angle.o
 .text.ArmAngle_FromExtensionHundredthsMm
                0x08001500       0xa4 ./Core/Src/arm_angle.o
                0x08001500                ArmAngle_FromExtensionHundredthsMm
 .text.ArmAngle_Channel2HundredthsDeg
                0x080015a4       0x20 ./Core/Src/arm_angle.o
                0x080015a4                ArmAngle_Channel2HundredthsDeg
 .text.ads1115_build_config
                0x080015c4       0x38 ./Core/Src/dwj_reader.o
 .text.ads1115_raw_to_mv
                0x080015fc       0x2e ./Core/Src/dwj_reader.o
 .text.Dwj_VoltageToAngleTenths
                0x0800162a       0x90 ./Core/Src/dwj_reader.o
                0x0800162a                Dwj_VoltageToAngleTenths
 .text.Dwj_StartConversion
                0x080016ba       0x46 ./Core/Src/dwj_reader.o
                0x080016ba                Dwj_StartConversion
 .text.Dwj_ReadConversionRawMv
                0x08001700       0x84 ./Core/Src/dwj_reader.o
                0x08001700                Dwj_ReadConversionRawMv
 .text.Dwj_BuildStartConversionCommand
                0x08001784       0x50 ./Core/Src/dwj_reader.o
                0x08001784                Dwj_BuildStartConversionCommand
 .text.Dwj_BuildReadConversionCommand
                0x080017d4       0x22 ./Core/Src/dwj_reader.o
                0x080017d4                Dwj_BuildReadConversionCommand
 .text.Dwj_DecodeRawMv
                0x080017f6       0x54 ./Core/Src/dwj_reader.o
                0x080017f6                Dwj_DecodeRawMv
 .text.Dwj_UpdateBigArmReading
                0x0800184a       0x46 ./Core/Src/dwj_reader.o
                0x0800184a                Dwj_UpdateBigArmReading
 .text.Dwj_UpdateBucketReading
                0x08001890       0x46 ./Core/Src/dwj_reader.o
                0x08001890                Dwj_UpdateBucketReading
 .text.Ftepc485_ReadInt32Be
                0x080018d6       0x3a ./Core/Src/ftepc_rs485.o
 .text.Ftepc485_SaturateInt32
                0x08001910       0x40 ./Core/Src/ftepc_rs485.o
 .text.Ftepc485_DivideRoundNearest
                0x08001950       0xe4 ./Core/Src/ftepc_rs485.o
 .text.Ftepc485_ChannelDirection
                0x08001a34       0x2c ./Core/Src/ftepc_rs485.o
 .text.Ftepc485_Crc16
                0x08001a60       0x78 ./Core/Src/ftepc_rs485.o
                0x08001a60                Ftepc485_Crc16
 .text.Ftepc485_ParseThreePulseResponse
                0x08001ad8       0xc6 ./Core/Src/ftepc_rs485.o
                0x08001ad8                Ftepc485_ParseThreePulseResponse
 .text.Ftepc485_ConvertPulses
                0x08001b9e      0x106 ./Core/Src/ftepc_rs485.o
                0x08001b9e                Ftepc485_ConvertPulses
 .text.Ftepc485_DeltaToSpeedHundredthsMmS
                0x08001ca4       0xba ./Core/Src/ftepc_rs485.o
                0x08001ca4                Ftepc485_DeltaToSpeedHundredthsMmS
 .text.append_char
                0x08001d5e       0x48 ./Core/Src/imu_oled_format.o
 .text.append_text
                0x08001da6       0x32 ./Core/Src/imu_oled_format.o
 .text.imu_oled_format_row
                0x08001dd8      0x2d4 ./Core/Src/imu_oled_format.o
                0x08001dd8                imu_oled_format_row
 .text.has_header
                0x080020ac       0x42 ./Core/Src/imu_parser.o
 .text.read_u32
                0x080020ee       0x38 ./Core/Src/imu_parser.o
 .text.read_u64
                0x08002126      0x16a ./Core/Src/imu_parser.o
 .text.read_f32
                0x08002290       0x26 ./Core/Src/imu_parser.o
 .text.decode_frame
                0x080022b6       0x3a ./Core/Src/imu_parser.o
 .text.discard_bytes
                0x080022f0       0x36 ./Core/Src/imu_parser.o
 .text.process_buffer
                0x08002326       0x90 ./Core/Src/imu_parser.o
 .text.imu_parser_init
                0x080023b6       0x1a ./Core/Src/imu_parser.o
                0x080023b6                imu_parser_init
 .text.imu_parser_feed
                0x080023d0       0x72 ./Core/Src/imu_parser.o
                0x080023d0                imu_parser_feed
 .text.absolute
                0x08002442       0x34 ./Core/Src/joystick_servo_map.o
 *fill*         0x08002476        0x2 
 .text.clamp_axis
                0x08002478       0x74 ./Core/Src/joystick_servo_map.o
 .text.valve_angle_from_axis
                0x080024ec       0xc4 ./Core/Src/joystick_servo_map.o
 .text.update_pwm_counts
                0x080025b0       0xb0 ./Core/Src/joystick_servo_map.o
 .text.JoystickServoMap_SetNeutral
                0x08002660       0x54 ./Core/Src/joystick_servo_map.o
                0x08002660                JoystickServoMap_SetNeutral
 .text.JoystickServoMap_Compute
                0x080026b4      0x17c ./Core/Src/joystick_servo_map.o
                0x080026b4                JoystickServoMap_Compute
 .text.JoystickServoMap_IsActiveChannel
                0x08002830       0x2e ./Core/Src/joystick_servo_map.o
                0x08002830                JoystickServoMap_IsActiveChannel
 .text.JoystickServoMap_IsTimedOut
                0x0800285e       0x28 ./Core/Src/joystick_servo_map.o
                0x0800285e                JoystickServoMap_IsTimedOut
 *fill*         0x08002886        0x2 
 .text.USART2_StartReceiveToIdle
                0x08002888       0x44 ./Core/Src/main.o
 .text.ApplyServoTargets
                0x080028cc       0x90 ./Core/Src/main.o
 .text.ControlCommandIsValid
                0x0800295c       0x40 ./Core/Src/main.o
 .text.ProcessReceivedFrames
                0x0800299c       0xe4 ./Core/Src/main.o
 .text.ServiceControl20Hz
                0x08002a80       0xf0 ./Core/Src/main.o
 .text.Imu_NormalizeYaw
                0x08002b70       0x68 ./Core/Src/main.o
 .text.Imu_UpdateYawFromSample
                0x08002bd8       0xb4 ./Core/Src/main.o
 .text.Imu_RxStart
                0x08002c8c       0x9c ./Core/Src/main.o
 .text.Imu_FeedBytes
                0x08002d28       0x4c ./Core/Src/main.o
 .text.ServiceImu
                0x08002d74       0x9c ./Core/Src/main.o
 .text.FormatFixedHundredths
                0x08002e10       0x74 ./Core/Src/main.o
 .text.FormatFixedTenths
                0x08002e84       0x74 ./Core/Src/main.o
 .text.OledWriteFixedRow
                0x08002ef8       0x50 ./Core/Src/main.o
 .text.OledWriteTenthsRow
                0x08002f48       0x50 ./Core/Src/main.o
 .text.OledWriteLengthSpeedPage
                0x08002f98       0x8c ./Core/Src/main.o
 .text.OledWriteAngleImuPage
                0x08003024      0x15c ./Core/Src/main.o
 .text.Rs485_BuildReadRequest
                0x08003180       0x58 ./Core/Src/main.o
 .text.Rs485_StartPoll
                0x080031d8       0x58 ./Core/Src/main.o
 .text.Rs485_ApplyPulses
                0x08003230       0xf0 ./Core/Src/main.o
 .text.Rs485_HandleResponse
                0x08003320       0x5c ./Core/Src/main.o
 .text.ServiceEncoder485
                0x0800337c       0x68 ./Core/Src/main.o
 .text.ServiceDwjReader
                0x080033e4      0x120 ./Core/Src/main.o
 .text.ServiceOled
                0x08003504       0x88 ./Core/Src/main.o
 .text.FillMotionTelemetry
                0x0800358c      0x39c ./Core/Src/main.o
 .text.ServiceTelemetry
                0x08003928       0xd8 ./Core/Src/main.o
 .text.main     0x08003a00      0x170 ./Core/Src/main.o
                0x08003a00                main
 .text.SystemClock_Config
                0x08003b70       0xd4 ./Core/Src/main.o
                0x08003b70                SystemClock_Config
 .text.MX_I2C1_Init
                0x08003c44       0x5c ./Core/Src/main.o
 .text.MX_I2C2_Init
                0x08003ca0       0x5c ./Core/Src/main.o
 .text.MX_USART1_UART_Init
                0x08003cfc       0x54 ./Core/Src/main.o
 .text.MX_USART2_UART_Init
                0x08003d50       0x54 ./Core/Src/main.o
 .text.MX_USART3_UART_Init
                0x08003da4       0x54 ./Core/Src/main.o
 .text.MX_DMA_Init
                0x08003df8       0x6c ./Core/Src/main.o
 .text.MX_GPIO_Init
                0x08003e64       0xbc ./Core/Src/main.o
 .text.HAL_UART_RxCpltCallback
                0x08003f20       0x34 ./Core/Src/main.o
                0x08003f20                HAL_UART_RxCpltCallback
 .text.HAL_UART_TxCpltCallback
                0x08003f54       0x84 ./Core/Src/main.o
                0x08003f54                HAL_UART_TxCpltCallback
 .text.HAL_UARTEx_RxEventCallback
                0x08003fd8       0x4c ./Core/Src/main.o
                0x08003fd8                HAL_UARTEx_RxEventCallback
 .text.HAL_UART_ErrorCallback
                0x08004024       0x80 ./Core/Src/main.o
                0x08004024                HAL_UART_ErrorCallback
 .text.Error_Handler
                0x080040a4        0xc ./Core/Src/main.o
                0x080040a4                Error_Handler
 .text.MotionTelemetry_BuildHeader
                0x080040b0       0x4c ./Core/Src/motion_telemetry.o
                0x080040b0                MotionTelemetry_BuildHeader
 .text.MotionTelemetry_BuildRow
                0x080040fc      0x420 ./Core/Src/motion_telemetry.o
                0x080040fc                MotionTelemetry_BuildRow
 .text.OledSsd1306_WriteCommand
                0x0800451c       0x3c ./Core/Src/oled_ssd1306.o
 .text.OledSsd1306_WriteData
                0x08004558       0x84 ./Core/Src/oled_ssd1306.o
 .text.OledSsd1306_GetGlyph
                0x080045dc      0x5d4 ./Core/Src/oled_ssd1306.o
 .text.OledSsd1306_Init
                0x08004bb0       0xc4 ./Core/Src/oled_ssd1306.o
                0x08004bb0                OledSsd1306_Init
 .text.OledSsd1306_Clear
                0x08004c74       0x18 ./Core/Src/oled_ssd1306.o
                0x08004c74                OledSsd1306_Clear
 .text.OledSsd1306_WriteText
                0x08004c8c       0xa4 ./Core/Src/oled_ssd1306.o
                0x08004c8c                OledSsd1306_WriteText
 .text.OledSsd1306_Update
                0x08004d30       0x94 ./Core/Src/oled_ssd1306.o
                0x08004d30                OledSsd1306_Update
 .text.write_register
                0x08004dc4       0x34 ./Core/Src/pca9685.o
 .text.read_register
                0x08004df8       0x48 ./Core/Src/pca9685.o
 .text.Pca9685_Init
                0x08004e40       0xf4 ./Core/Src/pca9685.o
                0x08004e40                Pca9685_Init
 .text.Pca9685_SetPwm
                0x08004f34       0x72 ./Core/Src/pca9685.o
                0x08004f34                Pca9685_SetPwm
 .text.PwmTiming_CalculatePrescale
                0x08004fa6       0x5a ./Core/Src/pwm_timing.o
                0x08004fa6                PwmTiming_CalculatePrescale
 .text.PwmTiming_PulseUsToCount
                0x08005000      0x146 ./Core/Src/pwm_timing.o
                0x08005000                PwmTiming_PulseUsToCount
 *fill*         0x08005146        0x2 
 .text.PwmTiming_DefaultPulseUsToCount
                0x08005148       0x30 ./Core/Src/pwm_timing.o
                0x08005148                PwmTiming_DefaultPulseUsToCount
 .text.clamp_float
                0x08005178       0x52 ./Core/Src/servo_control.o
 *fill*         0x080051ca        0x2 
 .text.ServoControl_AngleToPulse
                0x080051cc       0x74 ./Core/Src/servo_control.o
                0x080051cc                ServoControl_AngleToPulse
 .text.ServoControl_SpeedToPulse
                0x08005240       0xa4 ./Core/Src/servo_control.o
                0x08005240                ServoControl_SpeedToPulse
 .text.StatusLedTimer_Init
                0x080052e4       0x22 ./Core/Src/status_led.o
                0x080052e4                StatusLedTimer_Init
 .text.StatusLedTimer_Poll
                0x08005306       0x36 ./Core/Src/status_led.o
                0x08005306                StatusLedTimer_Poll
 .text.StickReceiver_Init
                0x0800533c       0x22 ./Core/Src/stick_receiver.o
                0x0800533c                StickReceiver_Init
 .text.StickReceiver_FeedFromIsr
                0x0800535e      0x17a ./Core/Src/stick_receiver.o
                0x0800535e                StickReceiver_FeedFromIsr
 .text.StickReceiver_Pop
                0x080054d8       0x96 ./Core/Src/stick_receiver.o
                0x080054d8                StickReceiver_Pop
 *fill*         0x0800556e        0x2 
 .text.parse_number
                0x08005570       0xe0 ./Core/Src/stick_receiver.o
 .text.parse_uint32
                0x08005650       0xc4 ./Core/Src/stick_receiver.o
 .text.parse_direct_data
                0x08005714       0xac ./Core/Src/stick_receiver.o
 .text.StickReceiver_ParseJson
                0x080057c0       0xac ./Core/Src/stick_receiver.o
                0x080057c0                StickReceiver_ParseJson
 .text.HAL_MspInit
                0x0800586c       0x50 ./Core/Src/stm32f4xx_hal_msp.o
                0x0800586c                HAL_MspInit
 .text.HAL_I2C_MspInit
                0x080058bc       0xf8 ./Core/Src/stm32f4xx_hal_msp.o
                0x080058bc                HAL_I2C_MspInit
 .text.HAL_UART_MspInit
                0x080059b4      0x254 ./Core/Src/stm32f4xx_hal_msp.o
                0x080059b4                HAL_UART_MspInit
 .text.NMI_Handler
                0x08005c08        0x8 ./Core/Src/stm32f4xx_it.o
                0x08005c08                NMI_Handler
 .text.HardFault_Handler
                0x08005c10        0x8 ./Core/Src/stm32f4xx_it.o
                0x08005c10                HardFault_Handler
 .text.MemManage_Handler
                0x08005c18        0x8 ./Core/Src/stm32f4xx_it.o
                0x08005c18                MemManage_Handler
 .text.BusFault_Handler
                0x08005c20        0x8 ./Core/Src/stm32f4xx_it.o
                0x08005c20                BusFault_Handler
 .text.UsageFault_Handler
                0x08005c28        0x8 ./Core/Src/stm32f4xx_it.o
                0x08005c28                UsageFault_Handler
 .text.SVC_Handler
                0x08005c30        0xe ./Core/Src/stm32f4xx_it.o
                0x08005c30                SVC_Handler
 .text.DebugMon_Handler
                0x08005c3e        0xe ./Core/Src/stm32f4xx_it.o
                0x08005c3e                DebugMon_Handler
 .text.PendSV_Handler
                0x08005c4c        0xe ./Core/Src/stm32f4xx_it.o
                0x08005c4c                PendSV_Handler
 .text.SysTick_Handler
                0x08005c5a        0xc ./Core/Src/stm32f4xx_it.o
                0x08005c5a                SysTick_Handler
 *fill*         0x08005c66        0x2 
 .text.DMA1_Stream5_IRQHandler
                0x08005c68       0x14 ./Core/Src/stm32f4xx_it.o
                0x08005c68                DMA1_Stream5_IRQHandler
 .text.USART2_IRQHandler
                0x08005c7c       0x14 ./Core/Src/stm32f4xx_it.o
                0x08005c7c                USART2_IRQHandler
 .text.USART3_IRQHandler
                0x08005c90       0x14 ./Core/Src/stm32f4xx_it.o
                0x08005c90                USART3_IRQHandler
 .text.DMA2_Stream2_IRQHandler
                0x08005ca4       0x14 ./Core/Src/stm32f4xx_it.o
                0x08005ca4                DMA2_Stream2_IRQHandler
 .text._getpid  0x08005cb8       0x10 ./Core/Src/syscalls.o
                0x08005cb8                _getpid
 .text._kill    0x08005cc8       0x20 ./Core/Src/syscalls.o
                0x08005cc8                _kill
 .text._exit    0x08005ce8       0x16 ./Core/Src/syscalls.o
                0x08005ce8                _exit
 .text._read    0x08005cfe       0x3a ./Core/Src/syscalls.o
                0x08005cfe                _read
 .text._write   0x08005d38       0x38 ./Core/Src/syscalls.o
                0x08005d38                _write
 .text._close   0x08005d70       0x18 ./Core/Src/syscalls.o
                0x08005d70                _close
 .text._fstat   0x08005d88       0x20 ./Core/Src/syscalls.o
                0x08005d88                _fstat
 .text._isatty  0x08005da8       0x16 ./Core/Src/syscalls.o
                0x08005da8                _isatty
 .text._lseek   0x08005dbe       0x1a ./Core/Src/syscalls.o
                0x08005dbe                _lseek
 .text._sbrk    0x08005dd8       0x6c ./Core/Src/sysmem.o
                0x08005dd8                _sbrk
 .text.SystemInit
                0x08005e44       0x24 ./Core/Src/system_stm32f4xx.o
                0x08005e44                SystemInit
 .text.Reset_Handler
                0x08005e68       0x50 ./Core/Startup/startup_stm32f407vetx.o
                0x08005e68                Reset_Handler
 .text.Default_Handler
                0x08005eb8        0x2 ./Core/Startup/startup_stm32f407vetx.o
                0x08005eb8                RTC_Alarm_IRQHandler
                0x08005eb8                HASH_RNG_IRQHandler
                0x08005eb8                EXTI2_IRQHandler
                0x08005eb8                TIM8_CC_IRQHandler
                0x08005eb8                TIM1_CC_IRQHandler
                0x08005eb8                DMA2_Stream5_IRQHandler
                0x08005eb8                PVD_IRQHandler
                0x08005eb8                SDIO_IRQHandler
                0x08005eb8                TAMP_STAMP_IRQHandler
                0x08005eb8                CAN2_RX1_IRQHandler
                0x08005eb8                EXTI3_IRQHandler
                0x08005eb8                TIM8_TRG_COM_TIM14_IRQHandler
                0x08005eb8                TIM1_UP_TIM10_IRQHandler
                0x08005eb8                TIM8_UP_TIM13_IRQHandler
                0x08005eb8                I2C3_ER_IRQHandler
                0x08005eb8                EXTI0_IRQHandler
                0x08005eb8                I2C2_EV_IRQHandler
                0x08005eb8                DMA1_Stream2_IRQHandler
                0x08005eb8                CAN1_RX0_IRQHandler
                0x08005eb8                FPU_IRQHandler
                0x08005eb8                OTG_HS_WKUP_IRQHandler
                0x08005eb8                CAN2_SCE_IRQHandler
                0x08005eb8                SPI1_IRQHandler
                0x08005eb8                TIM6_DAC_IRQHandler
                0x08005eb8                TIM1_BRK_TIM9_IRQHandler
                0x08005eb8                DCMI_IRQHandler
                0x08005eb8                CAN2_RX0_IRQHandler
                0x08005eb8                DMA2_Stream3_IRQHandler
                0x08005eb8                USART6_IRQHandler
                0x08005eb8                CAN1_RX1_IRQHandler
                0x08005eb8                UART5_IRQHandler
                0x08005eb8                DMA2_Stream0_IRQHandler
                0x08005eb8                TIM4_IRQHandler
                0x08005eb8                I2C1_EV_IRQHandler
                0x08005eb8                DMA1_Stream6_IRQHandler
                0x08005eb8                DMA1_Stream1_IRQHandler
                0x08005eb8                UART4_IRQHandler
                0x08005eb8                TIM3_IRQHandler
                0x08005eb8                RCC_IRQHandler
                0x08005eb8                TIM8_BRK_TIM12_IRQHandler
                0x08005eb8                Default_Handler
                0x08005eb8                EXTI15_10_IRQHandler
                0x08005eb8                ADC_IRQHandler
                0x08005eb8                DMA1_Stream7_IRQHandler
                0x08005eb8                TIM7_IRQHandler
                0x08005eb8                CAN2_TX_IRQHandler
                0x08005eb8                TIM5_IRQHandler
                0x08005eb8                DMA2_Stream7_IRQHandler
                0x08005eb8                I2C3_EV_IRQHandler
                0x08005eb8                EXTI9_5_IRQHandler
                0x08005eb8                RTC_WKUP_IRQHandler
                0x08005eb8                ETH_WKUP_IRQHandler
                0x08005eb8                SPI2_IRQHandler
                0x08005eb8                OTG_HS_EP1_IN_IRQHandler
                0x08005eb8                DMA1_Stream0_IRQHandler
                0x08005eb8                CAN1_TX_IRQHandler
                0x08005eb8                EXTI4_IRQHandler
                0x08005eb8                FSMC_IRQHandler
                0x08005eb8                ETH_IRQHandler
                0x08005eb8                OTG_HS_EP1_OUT_IRQHandler
                0x08005eb8                WWDG_IRQHandler
                0x08005eb8                TIM2_IRQHandler
                0x08005eb8                OTG_FS_WKUP_IRQHandler
                0x08005eb8                TIM1_TRG_COM_TIM11_IRQHandler
                0x08005eb8                OTG_HS_IRQHandler
                0x08005eb8                EXTI1_IRQHandler
                0x08005eb8                I2C2_ER_IRQHandler
                0x08005eb8                DMA2_Stream1_IRQHandler
                0x08005eb8                CAN1_SCE_IRQHandler
                0x08005eb8                FLASH_IRQHandler
                0x08005eb8                DMA2_Stream4_IRQHandler
                0x08005eb8                USART1_IRQHandler
                0x08005eb8                OTG_FS_IRQHandler
                0x08005eb8                SPI3_IRQHandler
                0x08005eb8                DMA1_Stream4_IRQHandler
                0x08005eb8                I2C1_ER_IRQHandler
                0x08005eb8                DMA2_Stream6_IRQHandler
                0x08005eb8                DMA1_Stream3_IRQHandler
 *fill*         0x08005eba        0x2 
 .text.HAL_Init
                0x08005ebc       0x44 ./Drivers/STM32F4xx_HAL_Driver/Src/stm32f4xx_hal.o
                0x08005ebc                HAL_Init
 .text.HAL_InitTick
                0x08005f00       0x60 ./Drivers/STM32F4xx_HAL_Driver/Src/stm32f4xx_hal.o
                0x08005f00                HAL_InitTick
 .text.HAL_IncTick
                0x08005f60       0x28 ./Drivers/STM32F4xx_HAL_Driver/Src/stm32f4xx_hal.o
                0x08005f60                HAL_IncTick
 .text.HAL_GetTick
                0x08005f88       0x18 ./Drivers/STM32F4xx_HAL_Driver/Src/stm32f4xx_hal.o
                0x08005f88                HAL_GetTick
 .text.HAL_Delay
                0x08005fa0       0x48 ./Drivers/STM32F4xx_HAL_Driver/Src/stm32f4xx_hal.o
                0x08005fa0                HAL_Delay
 .text.__NVIC_SetPriorityGrouping
                0x08005fe8       0x48 ./Drivers/STM32F4xx_HAL_Driver/Src/stm32f4xx_hal_cortex.o
 .text.__NVIC_GetPriorityGrouping
                0x08006030       0x1c ./Drivers/STM32F4xx_HAL_Driver/Src/stm32f4xx_hal_cortex.o
 .text.__NVIC_EnableIRQ
                0x0800604c       0x3c ./Drivers/STM32F4xx_HAL_Driver/Src/stm32f4xx_hal_cortex.o
 .text.__NVIC_SetPriority
                0x08006088       0x54 ./Drivers/STM32F4xx_HAL_Driver/Src/stm32f4xx_hal_cortex.o
 .text.NVIC_EncodePriority
                0x080060dc       0x66 ./Drivers/STM32F4xx_HAL_Driver/Src/stm32f4xx_hal_cortex.o
 *fill*         0x08006142        0x2 
 .text.SysTick_Config
                0x08006144       0x44 ./Drivers/STM32F4xx_HAL_Driver/Src/stm32f4xx_hal_cortex.o
 .text.HAL_NVIC_SetPriorityGrouping
                0x08006188       0x16 ./Drivers/STM32F4xx_HAL_Driver/Src/stm32f4xx_hal_cortex.o
                0x08006188                HAL_NVIC_SetPriorityGrouping
 .text.HAL_NVIC_SetPriority
                0x0800619e       0x38 ./Drivers/STM32F4xx_HAL_Driver/Src/stm32f4xx_hal_cortex.o
                0x0800619e                HAL_NVIC_SetPriority
 .text.HAL_NVIC_EnableIRQ
                0x080061d6       0x1c ./Drivers/STM32F4xx_HAL_Driver/Src/stm32f4xx_hal_cortex.o
                0x080061d6                HAL_NVIC_EnableIRQ
 .text.HAL_SYSTICK_Config
                0x080061f2       0x18 ./Drivers/STM32F4xx_HAL_Driver/Src/stm32f4xx_hal_cortex.o
                0x080061f2                HAL_SYSTICK_Config
 *fill*         0x0800620a        0x2 
 .text.HAL_DMA_Init
                0x0800620c      0x15c ./Drivers/STM32F4xx_HAL_Driver/Src/stm32f4xx_hal_dma.o
                0x0800620c                HAL_DMA_Init
 .text.HAL_DMA_Start_IT
                0x08006368       0xb0 ./Drivers/STM32F4xx_HAL_Driver/Src/stm32f4xx_hal_dma.o
                0x08006368                HAL_DMA_Start_IT
 .text.HAL_DMA_Abort
                0x08006418       0xe0 ./Drivers/STM32F4xx_HAL_Driver/Src/stm32f4xx_hal_dma.o
                0x08006418                HAL_DMA_Abort
 .text.HAL_DMA_Abort_IT
                0x080064f8       0x44 ./Drivers/STM32F4xx_HAL_Driver/Src/stm32f4xx_hal_dma.o
                0x080064f8                HAL_DMA_Abort_IT
 .text.HAL_DMA_IRQHandler
                0x0800653c      0x314 ./Drivers/STM32F4xx_HAL_Driver/Src/stm32f4xx_hal_dma.o
                0x0800653c                HAL_DMA_IRQHandler
 .text.HAL_DMA_GetError
                0x08006850       0x18 ./Drivers/STM32F4xx_HAL_Driver/Src/stm32f4xx_hal_dma.o
                0x08006850                HAL_DMA_GetError
 .text.DMA_SetConfig
                0x08006868       0x5c ./Drivers/STM32F4xx_HAL_Driver/Src/stm32f4xx_hal_dma.o
 .text.DMA_CalcBaseAndBitshift
                0x080068c4       0x6c ./Drivers/STM32F4xx_HAL_Driver/Src/stm32f4xx_hal_dma.o
 .text.DMA_CheckFifoParam
                0x08006930       0xf8 ./Drivers/STM32F4xx_HAL_Driver/Src/stm32f4xx_hal_dma.o
 .text.HAL_GPIO_Init
                0x08006a28      0x338 ./Drivers/STM32F4xx_HAL_Driver/Src/stm32f4xx_hal_gpio.o
                0x08006a28                HAL_GPIO_Init
 .text.HAL_GPIO_WritePin
                0x08006d60       0x32 ./Drivers/STM32F4xx_HAL_Driver/Src/stm32f4xx_hal_gpio.o
                0x08006d60                HAL_GPIO_WritePin
 .text.HAL_GPIO_TogglePin
                0x08006d92       0x34 ./Drivers/STM32F4xx_HAL_Driver/Src/stm32f4xx_hal_gpio.o
                0x08006d92                HAL_GPIO_TogglePin
 *fill*         0x08006dc6        0x2 
 .text.HAL_I2C_Init
                0x08006dc8      0x288 ./Drivers/STM32F4xx_HAL_Driver/Src/stm32f4xx_hal_i2c.o
                0x08006dc8                HAL_I2C_Init
 .text.HAL_I2C_Master_Transmit
                0x08007050      0x1fc ./Drivers/STM32F4xx_HAL_Driver/Src/stm32f4xx_hal_i2c.o
                0x08007050                HAL_I2C_Master_Transmit
 .text.HAL_I2C_Master_Receive
                0x0800724c      0x464 ./Drivers/STM32F4xx_HAL_Driver/Src/stm32f4xx_hal_i2c.o
                0x0800724c                HAL_I2C_Master_Receive
 .text.HAL_I2C_IsDeviceReady
                0x080076b0      0x25c ./Drivers/STM32F4xx_HAL_Driver/Src/stm32f4xx_hal_i2c.o
                0x080076b0                HAL_I2C_IsDeviceReady
 .text.I2C_MasterRequestWrite
                0x0800790c      0x104 ./Drivers/STM32F4xx_HAL_Driver/Src/stm32f4xx_hal_i2c.o
 .text.I2C_MasterRequestRead
                0x08007a10      0x19c ./Drivers/STM32F4xx_HAL_Driver/Src/stm32f4xx_hal_i2c.o
 .text.I2C_WaitOnFlagUntilTimeout
                0x08007bac       0xf4 ./Drivers/STM32F4xx_HAL_Driver/Src/stm32f4xx_hal_i2c.o
 .text.I2C_WaitOnMasterAddressFlagUntilTimeout
                0x08007ca0      0x140 ./Drivers/STM32F4xx_HAL_Driver/Src/stm32f4xx_hal_i2c.o
 .text.I2C_WaitOnTXEFlagUntilTimeout
                0x08007de0       0x90 ./Drivers/STM32F4xx_HAL_Driver/Src/stm32f4xx_hal_i2c.o
 .text.I2C_WaitOnBTFFlagUntilTimeout
                0x08007e70       0x90 ./Drivers/STM32F4xx_HAL_Driver/Src/stm32f4xx_hal_i2c.o
 .text.I2C_WaitOnRXNEFlagUntilTimeout
                0x08007f00       0xba ./Drivers/STM32F4xx_HAL_Driver/Src/stm32f4xx_hal_i2c.o
 .text.I2C_IsAcknowledgeFailed
                0x08007fba       0x5e ./Drivers/STM32F4xx_HAL_Driver/Src/stm32f4xx_hal_i2c.o
 .text.HAL_RCC_OscConfig
                0x08008018      0x4f0 ./Drivers/STM32F4xx_HAL_Driver/Src/stm32f4xx_hal_rcc.o
                0x08008018                HAL_RCC_OscConfig
 .text.HAL_RCC_ClockConfig
                0x08008508      0x1cc ./Drivers/STM32F4xx_HAL_Driver/Src/stm32f4xx_hal_rcc.o
                0x08008508                HAL_RCC_ClockConfig
 .text.HAL_RCC_GetSysClockFreq
                0x080086d4      0x20c ./Drivers/STM32F4xx_HAL_Driver/Src/stm32f4xx_hal_rcc.o
                0x080086d4                HAL_RCC_GetSysClockFreq
 .text.HAL_RCC_GetHCLKFreq
                0x080088e0       0x18 ./Drivers/STM32F4xx_HAL_Driver/Src/stm32f4xx_hal_rcc.o
                0x080088e0                HAL_RCC_GetHCLKFreq
 .text.HAL_RCC_GetPCLK1Freq
                0x080088f8       0x28 ./Drivers/STM32F4xx_HAL_Driver/Src/stm32f4xx_hal_rcc.o
                0x080088f8                HAL_RCC_GetPCLK1Freq
 .text.HAL_RCC_GetPCLK2Freq
                0x08008920       0x28 ./Drivers/STM32F4xx_HAL_Driver/Src/stm32f4xx_hal_rcc.o
                0x08008920                HAL_RCC_GetPCLK2Freq
 .text.HAL_UART_Init
                0x08008948       0xa0 ./Drivers/STM32F4xx_HAL_Driver/Src/stm32f4xx_hal_uart.o
                0x08008948                HAL_UART_Init
 .text.HAL_UART_Transmit_IT
                0x080089e8       0x6c ./Drivers/STM32F4xx_HAL_Driver/Src/stm32f4xx_hal_uart.o
                0x080089e8                HAL_UART_Transmit_IT
 .text.HAL_UART_Receive_IT
                0x08008a54       0x4a ./Drivers/STM32F4xx_HAL_Driver/Src/stm32f4xx_hal_uart.o
                0x08008a54                HAL_UART_Receive_IT
 .text.HAL_UART_Receive_DMA
                0x08008a9e       0x4a ./Drivers/STM32F4xx_HAL_Driver/Src/stm32f4xx_hal_uart.o
                0x08008a9e                HAL_UART_Receive_DMA
 .text.HAL_UARTEx_ReceiveToIdle_DMA
                0x08008ae8       0xb2 ./Drivers/STM32F4xx_HAL_Driver/Src/stm32f4xx_hal_uart.o
                0x08008ae8                HAL_UARTEx_ReceiveToIdle_DMA
 .text.HAL_UART_Abort
                0x08008b9a      0x1d6 ./Drivers/STM32F4xx_HAL_Driver/Src/stm32f4xx_hal_uart.o
                0x08008b9a                HAL_UART_Abort
 .text.HAL_UART_AbortReceive
                0x08008d70      0x146 ./Drivers/STM32F4xx_HAL_Driver/Src/stm32f4xx_hal_uart.o
                0x08008d70                HAL_UART_AbortReceive
 *fill*         0x08008eb6        0x2 
 .text.HAL_UART_IRQHandler
                0x08008eb8      0x554 ./Drivers/STM32F4xx_HAL_Driver/Src/stm32f4xx_hal_uart.o
                0x08008eb8                HAL_UART_IRQHandler
 .text.HAL_UART_RxHalfCpltCallback
                0x0800940c       0x14 ./Drivers/STM32F4xx_HAL_Driver/Src/stm32f4xx_hal_uart.o
                0x0800940c                HAL_UART_RxHalfCpltCallback
 .text.UART_DMAReceiveCplt
                0x08009420      0x12c ./Drivers/STM32F4xx_HAL_Driver/Src/stm32f4xx_hal_uart.o
 .text.UART_DMARxHalfCplt
                0x0800954c       0x3c ./Drivers/STM32F4xx_HAL_Driver/Src/stm32f4xx_hal_uart.o
 .text.UART_DMAError
                0x08009588       0x94 ./Drivers/STM32F4xx_HAL_Driver/Src/stm32f4xx_hal_uart.o
 .text.UART_Start_Receive_IT
                0x0800961c       0x74 ./Drivers/STM32F4xx_HAL_Driver/Src/stm32f4xx_hal_uart.o
                0x0800961c                UART_Start_Receive_IT
 .text.UART_Start_Receive_DMA
                0x08009690      0x14c ./Drivers/STM32F4xx_HAL_Driver/Src/stm32f4xx_hal_uart.o
                0x08009690                UART_Start_Receive_DMA
 .text.UART_EndTxTransfer
                0x080097dc       0x50 ./Drivers/STM32F4xx_HAL_Driver/Src/stm32f4xx_hal_uart.o
 .text.UART_EndRxTransfer
                0x0800982c       0xc6 ./Drivers/STM32F4xx_HAL_Driver/Src/stm32f4xx_hal_uart.o
 .text.UART_DMAAbortOnError
                0x080098f2       0x22 ./Drivers/STM32F4xx_HAL_Driver/Src/stm32f4xx_hal_uart.o
 .text.UART_Transmit_IT
                0x08009914       0xa0 ./Drivers/STM32F4xx_HAL_Driver/Src/stm32f4xx_hal_uart.o
 .text.UART_EndTransmit_IT
                0x080099b4       0x30 ./Drivers/STM32F4xx_HAL_Driver/Src/stm32f4xx_hal_uart.o
 .text.UART_Receive_IT
                0x080099e4      0x17c ./Drivers/STM32F4xx_HAL_Driver/Src/stm32f4xx_hal_uart.o
 .text.UART_SetConfig
                0x08009b60      0x4e8 ./Drivers/STM32F4xx_HAL_Driver/Src/stm32f4xx_hal_uart.o
 .text.sulp     0x0800a048       0x3c D:/app/cubeIDE/STM32CubeIDE_2.1.1/STM32CubeIDE/plugins/com.st.stm32cube.ide.mcu.externaltools.gnu-tools-for-stm32.14.3.rel1.win32_1.0.100.202602081740/tools/bin/../lib/gcc/arm-none-eabi/14.3.1/../../../../arm-none-eabi/lib/thumb/v7e-m+fp/hard\libc_nano.a(libc_a-strtod.o)
 *fill*         0x0800a084        0x4 
 .text._strtod_l
                0x0800a088      0xbb8 D:/app/cubeIDE/STM32CubeIDE_2.1.1/STM32CubeIDE/plugins/com.st.stm32cube.ide.mcu.externaltools.gnu-tools-for-stm32.14.3.rel1.win32_1.0.100.202602081740/tools/bin/../lib/gcc/arm-none-eabi/14.3.1/../../../../arm-none-eabi/lib/thumb/v7e-m+fp/hard\libc_nano.a(libc_a-strtod.o)
                0x0800a088                _strtod_l
 .text.strtof   0x0800ac40       0xc8 D:/app/cubeIDE/STM32CubeIDE_2.1.1/STM32CubeIDE/plugins/com.st.stm32cube.ide.mcu.externaltools.gnu-tools-for-stm32.14.3.rel1.win32_1.0.100.202602081740/tools/bin/../lib/gcc/arm-none-eabi/14.3.1/../../../../arm-none-eabi/lib/thumb/v7e-m+fp/hard\libc_nano.a(libc_a-strtod.o)
                0x0800ac40                strtof
 .text._strtoul_l.isra.0
                0x0800ad08       0xdc D:/app/cubeIDE/STM32CubeIDE_2.1.1/STM32CubeIDE/plugins/com.st.stm32cube.ide.mcu.externaltools.gnu-tools-for-stm32.14.3.rel1.win32_1.0.100.202602081740/tools/bin/../lib/gcc/arm-none-eabi/14.3.1/../../../../arm-none-eabi/lib/thumb/v7e-m+fp/hard\libc_nano.a(libc_a-strtoul.o)
 .text.strtoul  0x0800ade4       0x14 D:/app/cubeIDE/STM32CubeIDE_2.1.1/STM32CubeIDE/plugins/com.st.stm32cube.ide.mcu.externaltools.gnu-tools-for-stm32.14.3.rel1.win32_1.0.100.202602081740/tools/bin/../lib/gcc/arm-none-eabi/14.3.1/../../../../arm-none-eabi/lib/thumb/v7e-m+fp/hard\libc_nano.a(libc_a-strtoul.o)
                0x0800ade4                strtoul
 .text.__cvt    0x0800adf8       0xca D:/app/cubeIDE/STM32CubeIDE_2.1.1/STM32CubeIDE/plugins/com.st.stm32cube.ide.mcu.externaltools.gnu-tools-for-stm32.14.3.rel1.win32_1.0.100.202602081740/tools/bin/../lib/gcc/arm-none-eabi/14.3.1/../../../../arm-none-eabi/lib/thumb/v7e-m+fp/hard\libc_nano.a(libc_a-nano-vfprintf_float.o)
                0x0800adf8                __cvt
 .text.__exponent
                0x0800aec2       0x74 D:/app/cubeIDE/STM32CubeIDE_2.1.1/STM32CubeIDE/plugins/com.st.stm32cube.ide.mcu.externaltools.gnu-tools-for-stm32.14.3.rel1.win32_1.0.100.202602081740/tools/bin/../lib/gcc/arm-none-eabi/14.3.1/../../../../arm-none-eabi/lib/thumb/v7e-m+fp/hard\libc_nano.a(libc_a-nano-vfprintf_float.o)
                0x0800aec2                __exponent
 *fill*         0x0800af36        0x2 
 .text._printf_float
                0x0800af38      0x450 D:/app/cubeIDE/STM32CubeIDE_2.1.1/STM32CubeIDE/plugins/com.st.stm32cube.ide.mcu.externaltools.gnu-tools-for-stm32.14.3.rel1.win32_1.0.100.202602081740/tools/bin/../lib/gcc/arm-none-eabi/14.3.1/../../../../arm-none-eabi/lib/thumb/v7e-m+fp/hard\libc_nano.a(libc_a-nano-vfprintf_float.o)
                0x0800af38                _printf_float
 .text._printf_common
                0x0800b388       0xda D:/app/cubeIDE/STM32CubeIDE_2.1.1/STM32CubeIDE/plugins/com.st.stm32cube.ide.mcu.externaltools.gnu-tools-for-stm32.14.3.rel1.win32_1.0.100.202602081740/tools/bin/../lib/gcc/arm-none-eabi/14.3.1/../../../../arm-none-eabi/lib/thumb/v7e-m+fp/hard\libc_nano.a(libc_a-nano-vfprintf_i.o)
                0x0800b388                _printf_common
 *fill*         0x0800b462        0x2 
 .text._printf_i
                0x0800b464      0x24c D:/app/cubeIDE/STM32CubeIDE_2.1.1/STM32CubeIDE/plugins/com.st.stm32cube.ide.mcu.externaltools.gnu-tools-for-stm32.14.3.rel1.win32_1.0.100.202602081740/tools/bin/../lib/gcc/arm-none-eabi/14.3.1/../../../../arm-none-eabi/lib/thumb/v7e-m+fp/hard\libc_nano.a(libc_a-nano-vfprintf_i.o)
                0x0800b464                _printf_i
 .text.std      0x0800b6b0       0x6c D:/app/cubeIDE/STM32CubeIDE_2.1.1/STM32CubeIDE/plugins/com.st.stm32cube.ide.mcu.externaltools.gnu-tools-for-stm32.14.3.rel1.win32_1.0.100.202602081740/tools/bin/../lib/gcc/arm-none-eabi/14.3.1/../../../../arm-none-eabi/lib/thumb/v7e-m+fp/hard\libc_nano.a(libc_a-findfp.o)
 .text.stdio_exit_handler
                0x0800b71c       0x18 D:/app/cubeIDE/STM32CubeIDE_2.1.1/STM32CubeIDE/plugins/com.st.stm32cube.ide.mcu.externaltools.gnu-tools-for-stm32.14.3.rel1.win32_1.0.100.202602081740/tools/bin/../lib/gcc/arm-none-eabi/14.3.1/../../../../arm-none-eabi/lib/thumb/v7e-m+fp/hard\libc_nano.a(libc_a-findfp.o)
 .text.cleanup_stdio
                0x0800b734       0x40 D:/app/cubeIDE/STM32CubeIDE_2.1.1/STM32CubeIDE/plugins/com.st.stm32cube.ide.mcu.externaltools.gnu-tools-for-stm32.14.3.rel1.win32_1.0.100.202602081740/tools/bin/../lib/gcc/arm-none-eabi/14.3.1/../../../../arm-none-eabi/lib/thumb/v7e-m+fp/hard\libc_nano.a(libc_a-findfp.o)
 .text.global_stdio_init.part.0
                0x0800b774       0x40 D:/app/cubeIDE/STM32CubeIDE_2.1.1/STM32CubeIDE/plugins/com.st.stm32cube.ide.mcu.externaltools.gnu-tools-for-stm32.14.3.rel1.win32_1.0.100.202602081740/tools/bin/../lib/gcc/arm-none-eabi/14.3.1/../../../../arm-none-eabi/lib/thumb/v7e-m+fp/hard\libc_nano.a(libc_a-findfp.o)
 .text.__sfp_lock_acquire
                0x0800b7b4        0xc D:/app/cubeIDE/STM32CubeIDE_2.1.1/STM32CubeIDE/plugins/com.st.stm32cube.ide.mcu.externaltools.gnu-tools-for-stm32.14.3.rel1.win32_1.0.100.202602081740/tools/bin/../lib/gcc/arm-none-eabi/14.3.1/../../../../arm-none-eabi/lib/thumb/v7e-m+fp/hard\libc_nano.a(libc_a-findfp.o)
                0x0800b7b4                __sfp_lock_acquire
 .text.__sfp_lock_release
                0x0800b7c0        0xc D:/app/cubeIDE/STM32CubeIDE_2.1.1/STM32CubeIDE/plugins/com.st.stm32cube.ide.mcu.externaltools.gnu-tools-for-stm32.14.3.rel1.win32_1.0.100.202602081740/tools/bin/../lib/gcc/arm-none-eabi/14.3.1/../../../../arm-none-eabi/lib/thumb/v7e-m+fp/hard\libc_nano.a(libc_a-findfp.o)
                0x0800b7c0                __sfp_lock_release
 .text.__sinit  0x0800b7cc       0x30 D:/app/cubeIDE/STM32CubeIDE_2.1.1/STM32CubeIDE/plugins/com.st.stm32cube.ide.mcu.externaltools.gnu-tools-for-stm32.14.3.rel1.win32_1.0.100.202602081740/tools/bin/../lib/gcc/arm-none-eabi/14.3.1/../../../../arm-none-eabi/lib/thumb/v7e-m+fp/hard\libc_nano.a(libc_a-findfp.o)
                0x0800b7cc                __sinit
 .text._fwalk_sglue
                0x0800b7fc       0x3c D:/app/cubeIDE/STM32CubeIDE_2.1.1/STM32CubeIDE/plugins/com.st.stm32cube.ide.mcu.externaltools.gnu-tools-for-stm32.14.3.rel1.win32_1.0.100.202602081740/tools/bin/../lib/gcc/arm-none-eabi/14.3.1/../../../../arm-none-eabi/lib/thumb/v7e-m+fp/hard\libc_nano.a(libc_a-fwalk.o)
                0x0800b7fc                _fwalk_sglue
 .text.snprintf
                0x0800b838       0x6c D:/app/cubeIDE/STM32CubeIDE_2.1.1/STM32CubeIDE/plugins/com.st.stm32cube.ide.mcu.externaltools.gnu-tools-for-stm32.14.3.rel1.win32_1.0.100.202602081740/tools/bin/../lib/gcc/arm-none-eabi/14.3.1/../../../../arm-none-eabi/lib/thumb/v7e-m+fp/hard\libc_nano.a(libc_a-snprintf.o)
                0x0800b838                sniprintf
                0x0800b838                snprintf
 .text.__sread  0x0800b8a4       0x22 D:/app/cubeIDE/STM32CubeIDE_2.1.1/STM32CubeIDE/plugins/com.st.stm32cube.ide.mcu.externaltools.gnu-tools-for-stm32.14.3.rel1.win32_1.0.100.202602081740/tools/bin/../lib/gcc/arm-none-eabi/14.3.1/../../../../arm-none-eabi/lib/thumb/v7e-m+fp/hard\libc_nano.a(libc_a-stdio.o)
                0x0800b8a4                __sread
 .text.__swrite
                0x0800b8c6       0x38 D:/app/cubeIDE/STM32CubeIDE_2.1.1/STM32CubeIDE/plugins/com.st.stm32cube.ide.mcu.externaltools.gnu-tools-for-stm32.14.3.rel1.win32_1.0.100.202602081740/tools/bin/../lib/gcc/arm-none-eabi/14.3.1/../../../../arm-none-eabi/lib/thumb/v7e-m+fp/hard\libc_nano.a(libc_a-stdio.o)
                0x0800b8c6                __swrite
 .text.__sseek  0x0800b8fe       0x26 D:/app/cubeIDE/STM32CubeIDE_2.1.1/STM32CubeIDE/plugins/com.st.stm32cube.ide.mcu.externaltools.gnu-tools-for-stm32.14.3.rel1.win32_1.0.100.202602081740/tools/bin/../lib/gcc/arm-none-eabi/14.3.1/../../../../arm-none-eabi/lib/thumb/v7e-m+fp/hard\libc_nano.a(libc_a-stdio.o)
                0x0800b8fe                __sseek
 .text.__sclose
                0x0800b924        0x8 D:/app/cubeIDE/STM32CubeIDE_2.1.1/STM32CubeIDE/plugins/com.st.stm32cube.ide.mcu.externaltools.gnu-tools-for-stm32.14.3.rel1.win32_1.0.100.202602081740/tools/bin/../lib/gcc/arm-none-eabi/14.3.1/../../../../arm-none-eabi/lib/thumb/v7e-m+fp/hard\libc_nano.a(libc_a-stdio.o)
                0x0800b924                __sclose
 .text.memmove  0x0800b92c       0x32 D:/app/cubeIDE/STM32CubeIDE_2.1.1/STM32CubeIDE/plugins/com.st.stm32cube.ide.mcu.externaltools.gnu-tools-for-stm32.14.3.rel1.win32_1.0.100.202602081740/tools/bin/../lib/gcc/arm-none-eabi/14.3.1/../../../../arm-none-eabi/lib/thumb/v7e-m+fp/hard\libc_nano.a(libc_a-memmove.o)
                0x0800b92c                memmove
 .text.memset   0x0800b95e       0x10 D:/app/cubeIDE/STM32CubeIDE_2.1.1/STM32CubeIDE/plugins/com.st.stm32cube.ide.mcu.externaltools.gnu-tools-for-stm32.14.3.rel1.win32_1.0.100.202602081740/tools/bin/../lib/gcc/arm-none-eabi/14.3.1/../../../../arm-none-eabi/lib/thumb/v7e-m+fp/hard\libc_nano.a(libc_a-memset.o)
                0x0800b95e                memset
 .text.strncmp  0x0800b96e       0x24 D:/app/cubeIDE/STM32CubeIDE_2.1.1/STM32CubeIDE/plugins/com.st.stm32cube.ide.mcu.externaltools.gnu-tools-for-stm32.14.3.rel1.win32_1.0.100.202602081740/tools/bin/../lib/gcc/arm-none-eabi/14.3.1/../../../../arm-none-eabi/lib/thumb/v7e-m+fp/hard\libc_nano.a(libc_a-strncmp.o)
                0x0800b96e                strncmp
 .text.strstr   0x0800b992       0x2c D:/app/cubeIDE/STM32CubeIDE_2.1.1/STM32CubeIDE/plugins/com.st.stm32cube.ide.mcu.externaltools.gnu-tools-for-stm32.14.3.rel1.win32_1.0.100.202602081740/tools/bin/../lib/gcc/arm-none-eabi/14.3.1/../../../../arm-none-eabi/lib/thumb/v7e-m+fp/hard\libc_nano.a(libc_a-strstr.o)
                0x0800b992                strstr
 *fill*         0x0800b9be        0x2 
 .text._localeconv_r
                0x0800b9c0        0x8 D:/app/cubeIDE/STM32CubeIDE_2.1.1/STM32CubeIDE/plugins/com.st.stm32cube.ide.mcu.externaltools.gnu-tools-for-stm32.14.3.rel1.win32_1.0.100.202602081740/tools/bin/../lib/gcc/arm-none-eabi/14.3.1/../../../../arm-none-eabi/lib/thumb/v7e-m+fp/hard\libc_nano.a(libc_a-localeconv.o)
                0x0800b9c0                _localeconv_r
 .text._close_r
                0x0800b9c8       0x20 D:/app/cubeIDE/STM32CubeIDE_2.1.1/STM32CubeIDE/plugins/com.st.stm32cube.ide.mcu.externaltools.gnu-tools-for-stm32.14.3.rel1.win32_1.0.100.202602081740/tools/bin/../lib/gcc/arm-none-eabi/14.3.1/../../../../arm-none-eabi/lib/thumb/v7e-m+fp/hard\libc_nano.a(libc_a-closer.o)
                0x0800b9c8                _close_r
 .text._lseek_r
                0x0800b9e8       0x24 D:/app/cubeIDE/STM32CubeIDE_2.1.1/STM32CubeIDE/plugins/com.st.stm32cube.ide.mcu.externaltools.gnu-tools-for-stm32.14.3.rel1.win32_1.0.100.202602081740/tools/bin/../lib/gcc/arm-none-eabi/14.3.1/../../../../arm-none-eabi/lib/thumb/v7e-m+fp/hard\libc_nano.a(libc_a-lseekr.o)
                0x0800b9e8                _lseek_r
 .text._read_r  0x0800ba0c       0x24 D:/app/cubeIDE/STM32CubeIDE_2.1.1/STM32CubeIDE/plugins/com.st.stm32cube.ide.mcu.externaltools.gnu-tools-for-stm32.14.3.rel1.win32_1.0.100.202602081740/tools/bin/../lib/gcc/arm-none-eabi/14.3.1/../../../../arm-none-eabi/lib/thumb/v7e-m+fp/hard\libc_nano.a(libc_a-readr.o)
                0x0800ba0c                _read_r
 .text._write_r
                0x0800ba30       0x24 D:/app/cubeIDE/STM32CubeIDE_2.1.1/STM32CubeIDE/plugins/com.st.stm32cube.ide.mcu.externaltools.gnu-tools-for-stm32.14.3.rel1.win32_1.0.100.202602081740/tools/bin/../lib/gcc/arm-none-eabi/14.3.1/../../../../arm-none-eabi/lib/thumb/v7e-m+fp/hard\libc_nano.a(libc_a-writer.o)
                0x0800ba30                _write_r
 .text.__errno  0x0800ba54        0xc D:/app/cubeIDE/STM32CubeIDE_2.1.1/STM32CubeIDE/plugins/com.st.stm32cube.ide.mcu.externaltools.gnu-tools-for-stm32.14.3.rel1.win32_1.0.100.202602081740/tools/bin/../lib/gcc/arm-none-eabi/14.3.1/../../../../arm-none-eabi/lib/thumb/v7e-m+fp/hard\libc_nano.a(libc_a-errno.o)
                0x0800ba54                __errno
 .text.__libc_init_array
                0x0800ba60       0x48 D:/app/cubeIDE/STM32CubeIDE_2.1.1/STM32CubeIDE/plugins/com.st.stm32cube.ide.mcu.externaltools.gnu-tools-for-stm32.14.3.rel1.win32_1.0.100.202602081740/tools/bin/../lib/gcc/arm-none-eabi/14.3.1/../../../../arm-none-eabi/lib/thumb/v7e-m+fp/hard\libc_nano.a(libc_a-init.o)
                0x0800ba60                __libc_init_array
 .text.__retarget_lock_init_recursive
                0x0800baa8        0x2 D:/app/cubeIDE/STM32CubeIDE_2.1.1/STM32CubeIDE/plugins/com.st.stm32cube.ide.mcu.externaltools.gnu-tools-for-stm32.14.3.rel1.win32_1.0.100.202602081740/tools/bin/../lib/gcc/arm-none-eabi/14.3.1/../../../../arm-none-eabi/lib/thumb/v7e-m+fp/hard\libc_nano.a(libc_a-lock.o)
                0x0800baa8                __retarget_lock_init_recursive
 .text.__retarget_lock_acquire_recursive
                0x0800baaa        0x2 D:/app/cubeIDE/STM32CubeIDE_2.1.1/STM32CubeIDE/plugins/com.st.stm32cube.ide.mcu.externaltools.gnu-tools-for-stm32.14.3.rel1.win32_1.0.100.202602081740/tools/bin/../lib/gcc/arm-none-eabi/14.3.1/../../../../arm-none-eabi/lib/thumb/v7e-m+fp/hard\libc_nano.a(libc_a-lock.o)
                0x0800baaa                __retarget_lock_acquire_recursive
 .text.__retarget_lock_release_recursive
                0x0800baac        0x2 D:/app/cubeIDE/STM32CubeIDE_2.1.1/STM32CubeIDE/plugins/com.st.stm32cube.ide.mcu.externaltools.gnu-tools-for-stm32.14.3.rel1.win32_1.0.100.202602081740/tools/bin/../lib/gcc/arm-none-eabi/14.3.1/../../../../arm-none-eabi/lib/thumb/v7e-m+fp/hard\libc_nano.a(libc_a-lock.o)
                0x0800baac                __retarget_lock_release_recursive
 .text.memcpy   0x0800baae       0x1c D:/app/cubeIDE/STM32CubeIDE_2.1.1/STM32CubeIDE/plugins/com.st.stm32cube.ide.mcu.externaltools.gnu-tools-for-stm32.14.3.rel1.win32_1.0.100.202602081740/tools/bin/../lib/gcc/arm-none-eabi/14.3.1/../../../../arm-none-eabi/lib/thumb/v7e-m+fp/hard\libc_nano.a(libc_a-memcpy-stub.o)
                0x0800baae                memcpy
 *fill*         0x0800baca        0x6 
 .text.nan      0x0800bad0       0x10 D:/app/cubeIDE/STM32CubeIDE_2.1.1/STM32CubeIDE/plugins/com.st.stm32cube.ide.mcu.externaltools.gnu-tools-for-stm32.14.3.rel1.win32_1.0.100.202602081740/tools/bin/../lib/gcc/arm-none-eabi/14.3.1/../../../../arm-none-eabi/lib/thumb/v7e-m+fp/hard\libc_nano.a(libm_a-s_nan.o)
                0x0800bad0                nan
 .text.nanf     0x0800bae0        0xc D:/app/cubeIDE/STM32CubeIDE_2.1.1/STM32CubeIDE/plugins/com.st.stm32cube.ide.mcu.externaltools.gnu-tools-for-stm32.14.3.rel1.win32_1.0.100.202602081740/tools/bin/../lib/gcc/arm-none-eabi/14.3.1/../../../../arm-none-eabi/lib/thumb/v7e-m+fp/hard\libc_nano.a(libm_a-sf_nan.o)
                0x0800bae0                nanf
 .text.quorem   0x0800baec      0x110 D:/app/cubeIDE/STM32CubeIDE_2.1.1/STM32CubeIDE/plugins/com.st.stm32cube.ide.mcu.externaltools.gnu-tools-for-stm32.14.3.rel1.win32_1.0.100.202602081740/tools/bin/../lib/gcc/arm-none-eabi/14.3.1/../../../../arm-none-eabi/lib/thumb/v7e-m+fp/hard\libc_nano.a(libc_a-dtoa.o)
 *fill*         0x0800bbfc        0x4 
 .text._dtoa_r  0x0800bc00      0xbb8 D:/app/cubeIDE/STM32CubeIDE_2.1.1/STM32CubeIDE/plugins/com.st.stm32cube.ide.mcu.externaltools.gnu-tools-for-stm32.14.3.rel1.win32_1.0.100.202602081740/tools/bin/../lib/gcc/arm-none-eabi/14.3.1/../../../../arm-none-eabi/lib/thumb/v7e-m+fp/hard\libc_nano.a(libc_a-dtoa.o)
                0x0800bc00                _dtoa_r
 .text._free_r  0x0800c7b8       0x94 D:/app/cubeIDE/STM32CubeIDE_2.1.1/STM32CubeIDE/plugins/com.st.stm32cube.ide.mcu.externaltools.gnu-tools-for-stm32.14.3.rel1.win32_1.0.100.202602081740/tools/bin/../lib/gcc/arm-none-eabi/14.3.1/../../../../arm-none-eabi/lib/thumb/v7e-m+fp/hard\libc_nano.a(libc_a-freer.o)
                0x0800c7b8                _free_r
 .text.rshift   0x0800c84c       0xa4 D:/app/cubeIDE/STM32CubeIDE_2.1.1/STM32CubeIDE/plugins/com.st.stm32cube.ide.mcu.externaltools.gnu-tools-for-stm32.14.3.rel1.win32_1.0.100.202602081740/tools/bin/../lib/gcc/arm-none-eabi/14.3.1/../../../../arm-none-eabi/lib/thumb/v7e-m+fp/hard\libc_nano.a(libc_a-gdtoa-gethex.o)
 .text.__hexdig_fun
                0x0800c8f0       0x2a D:/app/cubeIDE/STM32CubeIDE_2.1.1/STM32CubeIDE/plugins/com.st.stm32cube.ide.mcu.externaltools.gnu-tools-for-stm32.14.3.rel1.win32_1.0.100.202602081740/tools/bin/../lib/gcc/arm-none-eabi/14.3.1/../../../../arm-none-eabi/lib/thumb/v7e-m+fp/hard\libc_nano.a(libc_a-gdtoa-gethex.o)
                0x0800c8f0                __hexdig_fun
 *fill*         0x0800c91a        0x2 
 .text.__gethex
                0x0800c91c      0x420 D:/app/cubeIDE/STM32CubeIDE_2.1.1/STM32CubeIDE/plugins/com.st.stm32cube.ide.mcu.externaltools.gnu-tools-for-stm32.14.3.rel1.win32_1.0.100.202602081740/tools/bin/../lib/gcc/arm-none-eabi/14.3.1/../../../../arm-none-eabi/lib/thumb/v7e-m+fp/hard\libc_nano.a(libc_a-gdtoa-gethex.o)
                0x0800c91c                __gethex
 .text.L_shift  0x0800cd3c       0x24 D:/app/cubeIDE/STM32CubeIDE_2.1.1/STM32CubeIDE/plugins/com.st.stm32cube.ide.mcu.externaltools.gnu-tools-for-stm32.14.3.rel1.win32_1.0.100.202602081740/tools/bin/../lib/gcc/arm-none-eabi/14.3.1/../../../../arm-none-eabi/lib/thumb/v7e-m+fp/hard\libc_nano.a(libc_a-gdtoa-hexnan.o)
 .text.__match  0x0800cd60       0x28 D:/app/cubeIDE/STM32CubeIDE_2.1.1/STM32CubeIDE/plugins/com.st.stm32cube.ide.mcu.externaltools.gnu-tools-for-stm32.14.3.rel1.win32_1.0.100.202602081740/tools/bin/../lib/gcc/arm-none-eabi/14.3.1/../../../../arm-none-eabi/lib/thumb/v7e-m+fp/hard\libc_nano.a(libc_a-gdtoa-hexnan.o)
                0x0800cd60                __match
 .text.__hexnan
                0x0800cd88      0x13a D:/app/cubeIDE/STM32CubeIDE_2.1.1/STM32CubeIDE/plugins/com.st.stm32cube.ide.mcu.externaltools.gnu-tools-for-stm32.14.3.rel1.win32_1.0.100.202602081740/tools/bin/../lib/gcc/arm-none-eabi/14.3.1/../../../../arm-none-eabi/lib/thumb/v7e-m+fp/hard\libc_nano.a(libc_a-gdtoa-hexnan.o)
                0x0800cd88                __hexnan
 *fill*         0x0800cec2        0x2 
 .text.malloc   0x0800cec4       0x10 D:/app/cubeIDE/STM32CubeIDE_2.1.1/STM32CubeIDE/plugins/com.st.stm32cube.ide.mcu.externaltools.gnu-tools-for-stm32.14.3.rel1.win32_1.0.100.202602081740/tools/bin/../lib/gcc/arm-none-eabi/14.3.1/../../../../arm-none-eabi/lib/thumb/v7e-m+fp/hard\libc_nano.a(libc_a-malloc.o)
                0x0800cec4                malloc
 .text.sbrk_aligned
                0x0800ced4       0x44 D:/app/cubeIDE/STM32CubeIDE_2.1.1/STM32CubeIDE/plugins/com.st.stm32cube.ide.mcu.externaltools.gnu-tools-for-stm32.14.3.rel1.win32_1.0.100.202602081740/tools/bin/../lib/gcc/arm-none-eabi/14.3.1/../../../../arm-none-eabi/lib/thumb/v7e-m+fp/hard\libc_nano.a(libc_a-mallocr.o)
 .text._malloc_r
                0x0800cf18      0x100 D:/app/cubeIDE/STM32CubeIDE_2.1.1/STM32CubeIDE/plugins/com.st.stm32cube.ide.mcu.externaltools.gnu-tools-for-stm32.14.3.rel1.win32_1.0.100.202602081740/tools/bin/../lib/gcc/arm-none-eabi/14.3.1/../../../../arm-none-eabi/lib/thumb/v7e-m+fp/hard\libc_nano.a(libc_a-mallocr.o)
                0x0800cf18                _malloc_r
 .text.__ascii_mbtowc
                0x0800d018       0x24 D:/app/cubeIDE/STM32CubeIDE_2.1.1/STM32CubeIDE/plugins/com.st.stm32cube.ide.mcu.externaltools.gnu-tools-for-stm32.14.3.rel1.win32_1.0.100.202602081740/tools/bin/../lib/gcc/arm-none-eabi/14.3.1/../../../../arm-none-eabi/lib/thumb/v7e-m+fp/hard\libc_nano.a(libc_a-mbtowc_r.o)
                0x0800d018                __ascii_mbtowc
 .text.__malloc_lock
                0x0800d03c        0xc D:/app/cubeIDE/STM32CubeIDE_2.1.1/STM32CubeIDE/plugins/com.st.stm32cube.ide.mcu.externaltools.gnu-tools-for-stm32.14.3.rel1.win32_1.0.100.202602081740/tools/bin/../lib/gcc/arm-none-eabi/14.3.1/../../../../arm-none-eabi/lib/thumb/v7e-m+fp/hard\libc_nano.a(libc_a-mlock.o)
                0x0800d03c                __malloc_lock
 .text.__malloc_unlock
                0x0800d048        0xc D:/app/cubeIDE/STM32CubeIDE_2.1.1/STM32CubeIDE/plugins/com.st.stm32cube.ide.mcu.externaltools.gnu-tools-for-stm32.14.3.rel1.win32_1.0.100.202602081740/tools/bin/../lib/gcc/arm-none-eabi/14.3.1/../../../../arm-none-eabi/lib/thumb/v7e-m+fp/hard\libc_nano.a(libc_a-mlock.o)
                0x0800d048                __malloc_unlock
 .text._Balloc  0x0800d054       0x7c D:/app/cubeIDE/STM32CubeIDE_2.1.1/STM32CubeIDE/plugins/com.st.stm32cube.ide.mcu.externaltools.gnu-tools-for-stm32.14.3.rel1.win32_1.0.100.202602081740/tools/bin/../lib/gcc/arm-none-eabi/14.3.1/../../../../arm-none-eabi/lib/thumb/v7e-m+fp/hard\libc_nano.a(libc_a-mprec.o)
                0x0800d054                _Balloc
 .text._Bfree   0x0800d0d0       0x44 D:/app/cubeIDE/STM32CubeIDE_2.1.1/STM32CubeIDE/plugins/com.st.stm32cube.ide.mcu.externaltools.gnu-tools-for-stm32.14.3.rel1.win32_1.0.100.202602081740/tools/bin/../lib/gcc/arm-none-eabi/14.3.1/../../../../arm-none-eabi/lib/thumb/v7e-m+fp/hard\libc_nano.a(libc_a-mprec.o)
                0x0800d0d0                _Bfree
 .text.__multadd
                0x0800d114       0x8c D:/app/cubeIDE/STM32CubeIDE_2.1.1/STM32CubeIDE/plugins/com.st.stm32cube.ide.mcu.externaltools.gnu-tools-for-stm32.14.3.rel1.win32_1.0.100.202602081740/tools/bin/../lib/gcc/arm-none-eabi/14.3.1/../../../../arm-none-eabi/lib/thumb/v7e-m+fp/hard\libc_nano.a(libc_a-mprec.o)
                0x0800d114                __multadd
 .text.__s2b    0x0800d1a0       0x94 D:/app/cubeIDE/STM32CubeIDE_2.1.1/STM32CubeIDE/plugins/com.st.stm32cube.ide.mcu.externaltools.gnu-tools-for-stm32.14.3.rel1.win32_1.0.100.202602081740/tools/bin/../lib/gcc/arm-none-eabi/14.3.1/../../../../arm-none-eabi/lib/thumb/v7e-m+fp/hard\libc_nano.a(libc_a-mprec.o)
                0x0800d1a0                __s2b
 .text.__hi0bits
                0x0800d234       0x3e D:/app/cubeIDE/STM32CubeIDE_2.1.1/STM32CubeIDE/plugins/com.st.stm32cube.ide.mcu.externaltools.gnu-tools-for-stm32.14.3.rel1.win32_1.0.100.202602081740/tools/bin/../lib/gcc/arm-none-eabi/14.3.1/../../../../arm-none-eabi/lib/thumb/v7e-m+fp/hard\libc_nano.a(libc_a-mprec.o)
                0x0800d234                __hi0bits
 .text.__lo0bits
                0x0800d272       0x5a D:/app/cubeIDE/STM32CubeIDE_2.1.1/STM32CubeIDE/plugins/com.st.stm32cube.ide.mcu.externaltools.gnu-tools-for-stm32.14.3.rel1.win32_1.0.100.202602081740/tools/bin/../lib/gcc/arm-none-eabi/14.3.1/../../../../arm-none-eabi/lib/thumb/v7e-m+fp/hard\libc_nano.a(libc_a-mprec.o)
                0x0800d272                __lo0bits
 .text.__i2b    0x0800d2cc       0x2c D:/app/cubeIDE/STM32CubeIDE_2.1.1/STM32CubeIDE/plugins/com.st.stm32cube.ide.mcu.externaltools.gnu-tools-for-stm32.14.3.rel1.win32_1.0.100.202602081740/tools/bin/../lib/gcc/arm-none-eabi/14.3.1/../../../../arm-none-eabi/lib/thumb/v7e-m+fp/hard\libc_nano.a(libc_a-mprec.o)
                0x0800d2cc                __i2b
 .text.__multiply
                0x0800d2f8      0x154 D:/app/cubeIDE/STM32CubeIDE_2.1.1/STM32CubeIDE/plugins/com.st.stm32cube.ide.mcu.externaltools.gnu-tools-for-stm32.14.3.rel1.win32_1.0.100.202602081740/tools/bin/../lib/gcc/arm-none-eabi/14.3.1/../../../../arm-none-eabi/lib/thumb/v7e-m+fp/hard\libc_nano.a(libc_a-mprec.o)
                0x0800d2f8                __multiply
 .text.__pow5mult
                0x0800d44c       0xb8 D:/app/cubeIDE/STM32CubeIDE_2.1.1/STM32CubeIDE/plugins/com.st.stm32cube.ide.mcu.externaltools.gnu-tools-for-stm32.14.3.rel1.win32_1.0.100.202602081740/tools/bin/../lib/gcc/arm-none-eabi/14.3.1/../../../../arm-none-eabi/lib/thumb/v7e-m+fp/hard\libc_nano.a(libc_a-mprec.o)
                0x0800d44c                __pow5mult
 .text.__lshift
                0x0800d504       0xdc D:/app/cubeIDE/STM32CubeIDE_2.1.1/STM32CubeIDE/plugins/com.st.stm32cube.ide.mcu.externaltools.gnu-tools-for-stm32.14.3.rel1.win32_1.0.100.202602081740/tools/bin/../lib/gcc/arm-none-eabi/14.3.1/../../../../arm-none-eabi/lib/thumb/v7e-m+fp/hard\libc_nano.a(libc_a-mprec.o)
                0x0800d504                __lshift
 .text.__mcmp   0x0800d5e0       0x36 D:/app/cubeIDE/STM32CubeIDE_2.1.1/STM32CubeIDE/plugins/com.st.stm32cube.ide.mcu.externaltools.gnu-tools-for-stm32.14.3.rel1.win32_1.0.100.202602081740/tools/bin/../lib/gcc/arm-none-eabi/14.3.1/../../../../arm-none-eabi/lib/thumb/v7e-m+fp/hard\libc_nano.a(libc_a-mprec.o)
                0x0800d5e0                __mcmp
 *fill*         0x0800d616        0x2 
 .text.__mdiff  0x0800d618      0x130 D:/app/cubeIDE/STM32CubeIDE_2.1.1/STM32CubeIDE/plugins/com.st.stm32cube.ide.mcu.externaltools.gnu-tools-for-stm32.14.3.rel1.win32_1.0.100.202602081740/tools/bin/../lib/gcc/arm-none-eabi/14.3.1/../../../../arm-none-eabi/lib/thumb/v7e-m+fp/hard\libc_nano.a(libc_a-mprec.o)
                0x0800d618                __mdiff
 .text.__ulp    0x0800d748       0x4c D:/app/cubeIDE/STM32CubeIDE_2.1.1/STM32CubeIDE/plugins/com.st.stm32cube.ide.mcu.externaltools.gnu-tools-for-stm32.14.3.rel1.win32_1.0.100.202602081740/tools/bin/../lib/gcc/arm-none-eabi/14.3.1/../../../../arm-none-eabi/lib/thumb/v7e-m+fp/hard\libc_nano.a(libc_a-mprec.o)
                0x0800d748                __ulp
 .text.__b2d    0x0800d794       0x94 D:/app/cubeIDE/STM32CubeIDE_2.1.1/STM32CubeIDE/plugins/com.st.stm32cube.ide.mcu.externaltools.gnu-tools-for-stm32.14.3.rel1.win32_1.0.100.202602081740/tools/bin/../lib/gcc/arm-none-eabi/14.3.1/../../../../arm-none-eabi/lib/thumb/v7e-m+fp/hard\libc_nano.a(libc_a-mprec.o)
                0x0800d794                __b2d
 .text.__d2b    0x0800d828       0xb0 D:/app/cubeIDE/STM32CubeIDE_2.1.1/STM32CubeIDE/plugins/com.st.stm32cube.ide.mcu.externaltools.gnu-tools-for-stm32.14.3.rel1.win32_1.0.100.202602081740/tools/bin/../lib/gcc/arm-none-eabi/14.3.1/../../../../arm-none-eabi/lib/thumb/v7e-m+fp/hard\libc_nano.a(libc_a-mprec.o)
                0x0800d828                __d2b
 .text.__ratio  0x0800d8d8       0x64 D:/app/cubeIDE/STM32CubeIDE_2.1.1/STM32CubeIDE/plugins/com.st.stm32cube.ide.mcu.externaltools.gnu-tools-for-stm32.14.3.rel1.win32_1.0.100.202602081740/tools/bin/../lib/gcc/arm-none-eabi/14.3.1/../../../../arm-none-eabi/lib/thumb/v7e-m+fp/hard\libc_nano.a(libc_a-mprec.o)
                0x0800d8d8                __ratio
 .text.__copybits
                0x0800d93c       0x46 D:/app/cubeIDE/STM32CubeIDE_2.1.1/STM32CubeIDE/plugins/com.st.stm32cube.ide.mcu.externaltools.gnu-tools-for-stm32.14.3.rel1.win32_1.0.100.202602081740/tools/bin/../lib/gcc/arm-none-eabi/14.3.1/../../../../arm-none-eabi/lib/thumb/v7e-m+fp/hard\libc_nano.a(libc_a-mprec.o)
                0x0800d93c                __copybits
 .text.__any_on
                0x0800d982       0x42 D:/app/cubeIDE/STM32CubeIDE_2.1.1/STM32CubeIDE/plugins/com.st.stm32cube.ide.mcu.externaltools.gnu-tools-for-stm32.14.3.rel1.win32_1.0.100.202602081740/tools/bin/../lib/gcc/arm-none-eabi/14.3.1/../../../../arm-none-eabi/lib/thumb/v7e-m+fp/hard\libc_nano.a(libc_a-mprec.o)
                0x0800d982                __any_on
 .text.__ascii_wctomb
                0x0800d9c4       0x1a D:/app/cubeIDE/STM32CubeIDE_2.1.1/STM32CubeIDE/plugins/com.st.stm32cube.ide.mcu.externaltools.gnu-tools-for-stm32.14.3.rel1.win32_1.0.100.202602081740/tools/bin/../lib/gcc/arm-none-eabi/14.3.1/../../../../arm-none-eabi/lib/thumb/v7e-m+fp/hard\libc_nano.a(libc_a-wctomb_r.o)
                0x0800d9c4                __ascii_wctomb
 .text.__ssputs_r
                0x0800d9de       0xc0 D:/app/cubeIDE/STM32CubeIDE_2.1.1/STM32CubeIDE/plugins/com.st.stm32cube.ide.mcu.externaltools.gnu-tools-for-stm32.14.3.rel1.win32_1.0.100.202602081740/tools/bin/../lib/gcc/arm-none-eabi/14.3.1/../../../../arm-none-eabi/lib/thumb/v7e-m+fp/hard\libc_nano.a(libc_a-nano-svfprintf.o)
                0x0800d9de                __ssputs_r
 *fill*         0x0800da9e        0x2 
 .text._svfprintf_r
                0x0800daa0      0x1f0 D:/app/cubeIDE/STM32CubeIDE_2.1.1/STM32CubeIDE/plugins/com.st.stm32cube.ide.mcu.externaltools.gnu-tools-for-stm32.14.3.rel1.win32_1.0.100.202602081740/tools/bin/../lib/gcc/arm-none-eabi/14.3.1/../../../../arm-none-eabi/lib/thumb/v7e-m+fp/hard\libc_nano.a(libc_a-nano-svfprintf.o)
                0x0800daa0                _svfiprintf_r
                0x0800daa0                _svfprintf_r
 .text.__sflush_r
                0x0800dc90      0x104 D:/app/cubeIDE/STM32CubeIDE_2.1.1/STM32CubeIDE/plugins/com.st.stm32cube.ide.mcu.externaltools.gnu-tools-for-stm32.14.3.rel1.win32_1.0.100.202602081740/tools/bin/../lib/gcc/arm-none-eabi/14.3.1/../../../../arm-none-eabi/lib/thumb/v7e-m+fp/hard\libc_nano.a(libc_a-fflush.o)
                0x0800dc90                __sflush_r
 .text._fflush_r
                0x0800dd94       0x50 D:/app/cubeIDE/STM32CubeIDE_2.1.1/STM32CubeIDE/plugins/com.st.stm32cube.ide.mcu.externaltools.gnu-tools-for-stm32.14.3.rel1.win32_1.0.100.202602081740/tools/bin/../lib/gcc/arm-none-eabi/14.3.1/../../../../arm-none-eabi/lib/thumb/v7e-m+fp/hard\libc_nano.a(libc_a-fflush.o)
                0x0800dd94                _fflush_r
 .text._sbrk_r  0x0800dde4       0x20 D:/app/cubeIDE/STM32CubeIDE_2.1.1/STM32CubeIDE/plugins/com.st.stm32cube.ide.mcu.externaltools.gnu-tools-for-stm32.14.3.rel1.win32_1.0.100.202602081740/tools/bin/../lib/gcc/arm-none-eabi/14.3.1/../../../../arm-none-eabi/lib/thumb/v7e-m+fp/hard\libc_nano.a(libc_a-sbrkr.o)
                0x0800dde4                _sbrk_r
 .text.__assert_func
                0x0800de04       0x3c D:/app/cubeIDE/STM32CubeIDE_2.1.1/STM32CubeIDE/plugins/com.st.stm32cube.ide.mcu.externaltools.gnu-tools-for-stm32.14.3.rel1.win32_1.0.100.202602081740/tools/bin/../lib/gcc/arm-none-eabi/14.3.1/../../../../arm-none-eabi/lib/thumb/v7e-m+fp/hard\libc_nano.a(libc_a-assert.o)
                0x0800de04                __assert_func
 .text._calloc_r
                0x0800de40       0x28 D:/app/cubeIDE/STM32CubeIDE_2.1.1/STM32CubeIDE/plugins/com.st.stm32cube.ide.mcu.externaltools.gnu-tools-for-stm32.14.3.rel1.win32_1.0.100.202602081740/tools/bin/../lib/gcc/arm-none-eabi/14.3.1/../../../../arm-none-eabi/lib/thumb/v7e-m+fp/hard\libc_nano.a(libc_a-callocr.o)
                0x0800de40                _calloc_r
 .text._realloc_r
                0x0800de68       0x5c D:/app/cubeIDE/STM32CubeIDE_2.1.1/STM32CubeIDE/plugins/com.st.stm32cube.ide.mcu.externaltools.gnu-tools-for-stm32.14.3.rel1.win32_1.0.100.202602081740/tools/bin/../lib/gcc/arm-none-eabi/14.3.1/../../../../arm-none-eabi/lib/thumb/v7e-m+fp/hard\libc_nano.a(libc_a-reallocr.o)
                0x0800de68                _realloc_r
 .text.fprintf  0x0800dec4       0x24 D:/app/cubeIDE/STM32CubeIDE_2.1.1/STM32CubeIDE/plugins/com.st.stm32cube.ide.mcu.externaltools.gnu-tools-for-stm32.14.3.rel1.win32_1.0.100.202602081740/tools/bin/../lib/gcc/arm-none-eabi/14.3.1/../../../../arm-none-eabi/lib/thumb/v7e-m+fp/hard\libc_nano.a(libc_a-fprintf.o)
                0x0800dec4                fiprintf
                0x0800dec4                fprintf
 .text.abort    0x0800dee8        0xe D:/app/cubeIDE/STM32CubeIDE_2.1.1/STM32CubeIDE/plugins/com.st.stm32cube.ide.mcu.externaltools.gnu-tools-for-stm32.14.3.rel1.win32_1.0.100.202602081740/tools/bin/../lib/gcc/arm-none-eabi/14.3.1/../../../../arm-none-eabi/lib/thumb/v7e-m+fp/hard\libc_nano.a(libc_a-abort.o)
                0x0800dee8                abort
 .text._malloc_usable_size_r
                0x0800def6       0x10 D:/app/cubeIDE/STM32CubeIDE_2.1.1/STM32CubeIDE/plugins/com.st.stm32cube.ide.mcu.externaltools.gnu-tools-for-stm32.14.3.rel1.win32_1.0.100.202602081740/tools/bin/../lib/gcc/arm-none-eabi/14.3.1/../../../../arm-none-eabi/lib/thumb/v7e-m+fp/hard\libc_nano.a(libc_a-msizer.o)
                0x0800def6                _malloc_usable_size_r
 .text.__sfputc_r
                0x0800df06       0x2e D:/app/cubeIDE/STM32CubeIDE_2.1.1/STM32CubeIDE/plugins/com.st.stm32cube.ide.mcu.externaltools.gnu-tools-for-stm32.14.3.rel1.win32_1.0.100.202602081740/tools/bin/../lib/gcc/arm-none-eabi/14.3.1/../../../../arm-none-eabi/lib/thumb/v7e-m+fp/hard\libc_nano.a(libc_a-nano-vfprintf.o)
 .text.__sfputs_r
                0x0800df34       0x24 D:/app/cubeIDE/STM32CubeIDE_2.1.1/STM32CubeIDE/plugins/com.st.stm32cube.ide.mcu.externaltools.gnu-tools-for-stm32.14.3.rel1.win32_1.0.100.202602081740/tools/bin/../lib/gcc/arm-none-eabi/14.3.1/../../../../arm-none-eabi/lib/thumb/v7e-m+fp/hard\libc_nano.a(libc_a-nano-vfprintf.o)
                0x0800df34                __sfputs_r
 .text._vfprintf_r
                0x0800df58      0x228 D:/app/cubeIDE/STM32CubeIDE_2.1.1/STM32CubeIDE/plugins/com.st.stm32cube.ide.mcu.externaltools.gnu-tools-for-stm32.14.3.rel1.win32_1.0.100.202602081740/tools/bin/../lib/gcc/arm-none-eabi/14.3.1/../../../../arm-none-eabi/lib/thumb/v7e-m+fp/hard\libc_nano.a(libc_a-nano-vfprintf.o)
                0x0800df58                _vfprintf_r
                0x0800df58                _vfiprintf_r
 .text.__swbuf_r
                0x0800e180       0x7c D:/app/cubeIDE/STM32CubeIDE_2.1.1/STM32CubeIDE/plugins/com.st.stm32cube.ide.mcu.externaltools.gnu-tools-for-stm32.14.3.rel1.win32_1.0.100.202602081740/tools/bin/../lib/gcc/arm-none-eabi/14.3.1/../../../../arm-none-eabi/lib/thumb/v7e-m+fp/hard\libc_nano.a(libc_a-wbuf.o)
                0x0800e180                __swbuf_r
 .text.__swsetup_r
                0x0800e1fc       0xa8 D:/app/cubeIDE/STM32CubeIDE_2.1.1/STM32CubeIDE/plugins/com.st.stm32cube.ide.mcu.externaltools.gnu-tools-for-stm32.14.3.rel1.win32_1.0.100.202602081740/tools/bin/../lib/gcc/arm-none-eabi/14.3.1/../../../../arm-none-eabi/lib/thumb/v7e-m+fp/hard\libc_nano.a(libc_a-wsetup.o)
                0x0800e1fc                __swsetup_r
 .text._raise_r
                0x0800e2a4       0x50 D:/app/cubeIDE/STM32CubeIDE_2.1.1/STM32CubeIDE/plugins/com.st.stm32cube.ide.mcu.externaltools.gnu-tools-for-stm32.14.3.rel1.win32_1.0.100.202602081740/tools/bin/../lib/gcc/arm-none-eabi/14.3.1/../../../../arm-none-eabi/lib/thumb/v7e-m+fp/hard\libc_nano.a(libc_a-signal.o)
                0x0800e2a4                _raise_r
 .text.raise    0x0800e2f4       0x10 D:/app/cubeIDE/STM32CubeIDE_2.1.1/STM32CubeIDE/plugins/com.st.stm32cube.ide.mcu.externaltools.gnu-tools-for-stm32.14.3.rel1.win32_1.0.100.202602081740/tools/bin/../lib/gcc/arm-none-eabi/14.3.1/../../../../arm-none-eabi/lib/thumb/v7e-m+fp/hard\libc_nano.a(libc_a-signal.o)
                0x0800e2f4                raise
 .text._kill_r  0x0800e304       0x24 D:/app/cubeIDE/STM32CubeIDE_2.1.1/STM32CubeIDE/plugins/com.st.stm32cube.ide.mcu.externaltools.gnu-tools-for-stm32.14.3.rel1.win32_1.0.100.202602081740/tools/bin/../lib/gcc/arm-none-eabi/14.3.1/../../../../arm-none-eabi/lib/thumb/v7e-m+fp/hard\libc_nano.a(libc_a-signalr.o)
                0x0800e304                _kill_r
 .text._getpid_r
                0x0800e328        0x4 D:/app/cubeIDE/STM32CubeIDE_2.1.1/STM32CubeIDE/plugins/com.st.stm32cube.ide.mcu.externaltools.gnu-tools-for-stm32.14.3.rel1.win32_1.0.100.202602081740/tools/bin/../lib/gcc/arm-none-eabi/14.3.1/../../../../arm-none-eabi/lib/thumb/v7e-m+fp/hard\libc_nano.a(libc_a-signalr.o)
                0x0800e328                _getpid_r
 .text.__swhatbuf_r
                0x0800e32c       0x48 D:/app/cubeIDE/STM32CubeIDE_2.1.1/STM32CubeIDE/plugins/com.st.stm32cube.ide.mcu.externaltools.gnu-tools-for-stm32.14.3.rel1.win32_1.0.100.202602081740/tools/bin/../lib/gcc/arm-none-eabi/14.3.1/../../../../arm-none-eabi/lib/thumb/v7e-m+fp/hard\libc_nano.a(libc_a-makebuf.o)
                0x0800e32c                __swhatbuf_r
 .text.__smakebuf_r
                0x0800e374       0x72 D:/app/cubeIDE/STM32CubeIDE_2.1.1/STM32CubeIDE/plugins/com.st.stm32cube.ide.mcu.externaltools.gnu-tools-for-stm32.14.3.rel1.win32_1.0.100.202602081740/tools/bin/../lib/gcc/arm-none-eabi/14.3.1/../../../../arm-none-eabi/lib/thumb/v7e-m+fp/hard\libc_nano.a(libc_a-makebuf.o)
                0x0800e374                __smakebuf_r
 *fill*         0x0800e3e6        0x2 
 .text._fstat_r
                0x0800e3e8       0x24 D:/app/cubeIDE/STM32CubeIDE_2.1.1/STM32CubeIDE/plugins/com.st.stm32cube.ide.mcu.externaltools.gnu-tools-for-stm32.14.3.rel1.win32_1.0.100.202602081740/tools/bin/../lib/gcc/arm-none-eabi/14.3.1/../../../../arm-none-eabi/lib/thumb/v7e-m+fp/hard\libc_nano.a(libc_a-fstatr.o)
                0x0800e3e8                _fstat_r
 .text._isatty_r
                0x0800e40c       0x20 D:/app/cubeIDE/STM32CubeIDE_2.1.1/STM32CubeIDE/plugins/com.st.stm32cube.ide.mcu.externaltools.gnu-tools-for-stm32.14.3.rel1.win32_1.0.100.202602081740/tools/bin/../lib/gcc/arm-none-eabi/14.3.1/../../../../arm-none-eabi/lib/thumb/v7e-m+fp/hard\libc_nano.a(libc_a-isattyr.o)
                0x0800e40c                _isatty_r
 *(.glue_7)
 .glue_7        0x0800e42c        0x0 linker stubs
 *(.glue_7t)
 .glue_7t       0x0800e42c        0x0 linker stubs
 *(.eh_frame)
 .eh_frame      0x0800e42c        0x0 D:/app/cubeIDE/STM32CubeIDE_2.1.1/STM32CubeIDE/plugins/com.st.stm32cube.ide.mcu.externaltools.gnu-tools-for-stm32.14.3.rel1.win32_1.0.100.202602081740/tools/bin/../lib/gcc/arm-none-eabi/14.3.1/thumb/v7e-m+fp/hard/crtbegin.o
 *(.init)
 .init          0x0800e42c        0x4 D:/app/cubeIDE/STM32CubeIDE_2.1.1/STM32CubeIDE/plugins/com.st.stm32cube.ide.mcu.externaltools.gnu-tools-for-stm32.14.3.rel1.win32_1.0.100.202602081740/tools/bin/../lib/gcc/arm-none-eabi/14.3.1/thumb/v7e-m+fp/hard/crti.o
                0x0800e42c                _init
 .init          0x0800e430        0x8 D:/app/cubeIDE/STM32CubeIDE_2.1.1/STM32CubeIDE/plugins/com.st.stm32cube.ide.mcu.externaltools.gnu-tools-for-stm32.14.3.rel1.win32_1.0.100.202602081740/tools/bin/../lib/gcc/arm-none-eabi/14.3.1/thumb/v7e-m+fp/hard/crtn.o
 *(.fini)
 .fini          0x0800e438        0x4 D:/app/cubeIDE/STM32CubeIDE_2.1.1/STM32CubeIDE/plugins/com.st.stm32cube.ide.mcu.externaltools.gnu-tools-for-stm32.14.3.rel1.win32_1.0.100.202602081740/tools/bin/../lib/gcc/arm-none-eabi/14.3.1/thumb/v7e-m+fp/hard/crti.o
                0x0800e438                _fini
 .fini          0x0800e43c        0x8 D:/app/cubeIDE/STM32CubeIDE_2.1.1/STM32CubeIDE/plugins/com.st.stm32cube.ide.mcu.externaltools.gnu-tools-for-stm32.14.3.rel1.win32_1.0.100.202602081740/tools/bin/../lib/gcc/arm-none-eabi/14.3.1/thumb/v7e-m+fp/hard/crtn.o
                0x0800e444                        . = ALIGN (0x4)
                0x0800e444                        _etext = .

.vfp11_veneer   0x0800e444        0x0
 .vfp11_veneer  0x0800e444        0x0 linker stubs

.v4_bx          0x0800e444        0x0
 .v4_bx         0x0800e444        0x0 linker stubs

.iplt           0x0800e444        0x0
 .iplt          0x0800e444        0x0 D:/app/cubeIDE/STM32CubeIDE_2.1.1/STM32CubeIDE/plugins/com.st.stm32cube.ide.mcu.externaltools.gnu-tools-for-stm32.14.3.rel1.win32_1.0.100.202602081740/tools/bin/../lib/gcc/arm-none-eabi/14.3.1/thumb/v7e-m+fp/hard/crtbegin.o

.rodata         0x0800e448      0x978
                0x0800e448                        . = ALIGN (0x4)
 *(.rodata)
 .rodata        0x0800e448       0x1c ./Core/Src/imu_oled_format.o
 .rodata        0x0800e464       0x8e ./Core/Src/main.o
 *fill*         0x0800e4f2        0x2 
 .rodata        0x0800e4f4      0x3cd ./Core/Src/motion_telemetry.o
 *fill*         0x0800e8c1        0x3 
 .rodata        0x0800e8c4        0x4 ./Core/Src/oled_ssd1306.o
 .rodata        0x0800e8c8       0x5a ./Core/Src/stick_receiver.o
 *(.rodata*)
 *fill*         0x0800e922        0x2 
 .rodata.ftepc485_channel_direction
                0x0800e924        0x3 ./Core/Src/ftepc_rs485.o
 *fill*         0x0800e927        0x1 
 .rodata.digits.1
                0x0800e928       0x32 ./Core/Src/oled_ssd1306.o
 *fill*         0x0800e95a        0x2 
 .rodata.init_commands.0
                0x0800e95c       0x1c ./Core/Src/oled_ssd1306.o
 .rodata.AHBPrescTable
                0x0800e978       0x10 ./Core/Src/system_stm32f4xx.o
                0x0800e978                AHBPrescTable
 .rodata.APBPrescTable
                0x0800e988        0x8 ./Core/Src/system_stm32f4xx.o
                0x0800e988                APBPrescTable
 .rodata.flagBitshiftOffset.0
                0x0800e990        0x8 ./Drivers/STM32F4xx_HAL_Driver/Src/stm32f4xx_hal_dma.o
 .rodata._strtod_l.str1.1
                0x0800e998      0x1d1 D:/app/cubeIDE/STM32CubeIDE_2.1.1/STM32CubeIDE/plugins/com.st.stm32cube.ide.mcu.externaltools.gnu-tools-for-stm32.14.3.rel1.win32_1.0.100.202602081740/tools/bin/../lib/gcc/arm-none-eabi/14.3.1/../../../../arm-none-eabi/lib/thumb/v7e-m+fp/hard\libc_nano.a(libc_a-strtod.o)
                                  0xf (size before relaxing)
 *fill*         0x0800eb69        0x3 
 .rodata.fpinan.0
                0x0800eb6c       0x14 D:/app/cubeIDE/STM32CubeIDE_2.1.1/STM32CubeIDE/plugins/com.st.stm32cube.ide.mcu.externaltools.gnu-tools-for-stm32.14.3.rel1.win32_1.0.100.202602081740/tools/bin/../lib/gcc/arm-none-eabi/14.3.1/../../../../arm-none-eabi/lib/thumb/v7e-m+fp/hard\libc_nano.a(libc_a-strtod.o)
 .rodata.fpi.1  0x0800eb80       0x14 D:/app/cubeIDE/STM32CubeIDE_2.1.1/STM32CubeIDE/plugins/com.st.stm32cube.ide.mcu.externaltools.gnu-tools-for-stm32.14.3.rel1.win32_1.0.100.202602081740/tools/bin/../lib/gcc/arm-none-eabi/14.3.1/../../../../arm-none-eabi/lib/thumb/v7e-m+fp/hard\libc_nano.a(libc_a-strtod.o)
 *fill*         0x0800eb94        0x4 
 .rodata.tinytens
                0x0800eb98       0x28 D:/app/cubeIDE/STM32CubeIDE_2.1.1/STM32CubeIDE/plugins/com.st.stm32cube.ide.mcu.externaltools.gnu-tools-for-stm32.14.3.rel1.win32_1.0.100.202602081740/tools/bin/../lib/gcc/arm-none-eabi/14.3.1/../../../../arm-none-eabi/lib/thumb/v7e-m+fp/hard\libc_nano.a(libc_a-strtod.o)
 .rodata._ctype_
                0x0800ebc0      0x101 D:/app/cubeIDE/STM32CubeIDE_2.1.1/STM32CubeIDE/plugins/com.st.stm32cube.ide.mcu.externaltools.gnu-tools-for-stm32.14.3.rel1.win32_1.0.100.202602081740/tools/bin/../lib/gcc/arm-none-eabi/14.3.1/../../../../arm-none-eabi/lib/thumb/v7e-m+fp/hard\libc_nano.a(libc_a-ctype_.o)
                0x0800ebc0                _ctype_
 .rodata._printf_float.str1.1
                0x0800ecc1       0x12 D:/app/cubeIDE/STM32CubeIDE_2.1.1/STM32CubeIDE/plugins/com.st.stm32cube.ide.mcu.externaltools.gnu-tools-for-stm32.14.3.rel1.win32_1.0.100.202602081740/tools/bin/../lib/gcc/arm-none-eabi/14.3.1/../../../../arm-none-eabi/lib/thumb/v7e-m+fp/hard\libc_nano.a(libc_a-nano-vfprintf_float.o)
 .rodata._printf_i.str1.1
                0x0800ecc1       0x22 D:/app/cubeIDE/STM32CubeIDE_2.1.1/STM32CubeIDE/plugins/com.st.stm32cube.ide.mcu.externaltools.gnu-tools-for-stm32.14.3.rel1.win32_1.0.100.202602081740/tools/bin/../lib/gcc/arm-none-eabi/14.3.1/../../../../arm-none-eabi/lib/thumb/v7e-m+fp/hard\libc_nano.a(libc_a-nano-vfprintf_i.o)
 .rodata._setlocale_r.str1.1
                0x0800ecc1        0x9 D:/app/cubeIDE/STM32CubeIDE_2.1.1/STM32CubeIDE/plugins/com.st.stm32cube.ide.mcu.externaltools.gnu-tools-for-stm32.14.3.rel1.win32_1.0.100.202602081740/tools/bin/../lib/gcc/arm-none-eabi/14.3.1/../../../../arm-none-eabi/lib/thumb/v7e-m+fp/hard\libc_nano.a(libc_a-locale.o)
 .rodata.str1.1
                0x0800ecc1        0x2 D:/app/cubeIDE/STM32CubeIDE_2.1.1/STM32CubeIDE/plugins/com.st.stm32cube.ide.mcu.externaltools.gnu-tools-for-stm32.14.3.rel1.win32_1.0.100.202602081740/tools/bin/../lib/gcc/arm-none-eabi/14.3.1/../../../../arm-none-eabi/lib/thumb/v7e-m+fp/hard\libc_nano.a(libc_a-locale.o)
 .rodata._dtoa_r.str1.1
                0x0800ecc1       0x8f D:/app/cubeIDE/STM32CubeIDE_2.1.1/STM32CubeIDE/plugins/com.st.stm32cube.ide.mcu.externaltools.gnu-tools-for-stm32.14.3.rel1.win32_1.0.100.202602081740/tools/bin/../lib/gcc/arm-none-eabi/14.3.1/../../../../arm-none-eabi/lib/thumb/v7e-m+fp/hard\libc_nano.a(libc_a-dtoa.o)
 .rodata.__gethex.str1.1
                0x0800ecc1       0x73 D:/app/cubeIDE/STM32CubeIDE_2.1.1/STM32CubeIDE/plugins/com.st.stm32cube.ide.mcu.externaltools.gnu-tools-for-stm32.14.3.rel1.win32_1.0.100.202602081740/tools/bin/../lib/gcc/arm-none-eabi/14.3.1/../../../../arm-none-eabi/lib/thumb/v7e-m+fp/hard\libc_nano.a(libc_a-gdtoa-gethex.o)
 .rodata._Balloc.str1.1
                0x0800ecc1       0x70 D:/app/cubeIDE/STM32CubeIDE_2.1.1/STM32CubeIDE/plugins/com.st.stm32cube.ide.mcu.externaltools.gnu-tools-for-stm32.14.3.rel1.win32_1.0.100.202602081740/tools/bin/../lib/gcc/arm-none-eabi/14.3.1/../../../../arm-none-eabi/lib/thumb/v7e-m+fp/hard\libc_nano.a(libc_a-mprec.o)
 .rodata.__multadd.str1.1
                0x0800ecc1       0x11 D:/app/cubeIDE/STM32CubeIDE_2.1.1/STM32CubeIDE/plugins/com.st.stm32cube.ide.mcu.externaltools.gnu-tools-for-stm32.14.3.rel1.win32_1.0.100.202602081740/tools/bin/../lib/gcc/arm-none-eabi/14.3.1/../../../../arm-none-eabi/lib/thumb/v7e-m+fp/hard\libc_nano.a(libc_a-mprec.o)
 *fill*         0x0800ecc1        0x3 
 .rodata.p05.0  0x0800ecc4        0xc D:/app/cubeIDE/STM32CubeIDE_2.1.1/STM32CubeIDE/plugins/com.st.stm32cube.ide.mcu.externaltools.gnu-tools-for-stm32.14.3.rel1.win32_1.0.100.202602081740/tools/bin/../lib/gcc/arm-none-eabi/14.3.1/../../../../arm-none-eabi/lib/thumb/v7e-m+fp/hard\libc_nano.a(libc_a-mprec.o)
 .rodata.__mprec_bigtens
                0x0800ecd0       0x28 D:/app/cubeIDE/STM32CubeIDE_2.1.1/STM32CubeIDE/plugins/com.st.stm32cube.ide.mcu.externaltools.gnu-tools-for-stm32.14.3.rel1.win32_1.0.100.202602081740/tools/bin/../lib/gcc/arm-none-eabi/14.3.1/../../../../arm-none-eabi/lib/thumb/v7e-m+fp/hard\libc_nano.a(libc_a-mprec.o)
                0x0800ecd0                __mprec_bigtens
 .rodata.__mprec_tens
                0x0800ecf8       0xc8 D:/app/cubeIDE/STM32CubeIDE_2.1.1/STM32CubeIDE/plugins/com.st.stm32cube.ide.mcu.externaltools.gnu-tools-for-stm32.14.3.rel1.win32_1.0.100.202602081740/tools/bin/../lib/gcc/arm-none-eabi/14.3.1/../../../../arm-none-eabi/lib/thumb/v7e-m+fp/hard\libc_nano.a(libc_a-mprec.o)
                0x0800ecf8                __mprec_tens
 .rodata._svfprintf_r.str1.1
                0x0800edc0       0x11 D:/app/cubeIDE/STM32CubeIDE_2.1.1/STM32CubeIDE/plugins/com.st.stm32cube.ide.mcu.externaltools.gnu-tools-for-stm32.14.3.rel1.win32_1.0.100.202602081740/tools/bin/../lib/gcc/arm-none-eabi/14.3.1/../../../../arm-none-eabi/lib/thumb/v7e-m+fp/hard\libc_nano.a(libc_a-nano-svfprintf.o)
 .rodata.__assert_func.str1.1
                0x0800edc0       0x3d D:/app/cubeIDE/STM32CubeIDE_2.1.1/STM32CubeIDE/plugins/com.st.stm32cube.ide.mcu.externaltools.gnu-tools-for-stm32.14.3.rel1.win32_1.0.100.202602081740/tools/bin/../lib/gcc/arm-none-eabi/14.3.1/../../../../arm-none-eabi/lib/thumb/v7e-m+fp/hard\libc_nano.a(libc_a-assert.o)
 .rodata._vfprintf_r.str1.1
                0x0800edc0       0x11 D:/app/cubeIDE/STM32CubeIDE_2.1.1/STM32CubeIDE/plugins/com.st.stm32cube.ide.mcu.externaltools.gnu-tools-for-stm32.14.3.rel1.win32_1.0.100.202602081740/tools/bin/../lib/gcc/arm-none-eabi/14.3.1/../../../../arm-none-eabi/lib/thumb/v7e-m+fp/hard\libc_nano.a(libc_a-nano-vfprintf.o)
                0x0800ee00                        . = ALIGN (0x4)

.ARM.extab      0x0800edc0        0x0
                0x0800edc0                        . = ALIGN (0x4)
 *(.ARM.extab* .gnu.linkonce.armextab.*)
                0x0800edc0                        . = ALIGN (0x4)

.ARM            0x0800edc0        0x8
                0x0800edc0                        . = ALIGN (0x4)
                0x0800edc0                        __exidx_start = .
 *(.ARM.exidx*)
 .ARM.exidx     0x0800edc0        0x8 D:/app/cubeIDE/STM32CubeIDE_2.1.1/STM32CubeIDE/plugins/com.st.stm32cube.ide.mcu.externaltools.gnu-tools-for-stm32.14.3.rel1.win32_1.0.100.202602081740/tools/bin/../lib/gcc/arm-none-eabi/14.3.1/../../../../arm-none-eabi/lib/thumb/v7e-m+fp/hard\libc_nano.a(libc_a-memchr.o)