../Core/Src/main.c:151:26:USART2_StartReceiveToIdle	16	static
../Core/Src/main.c:169:26:ApplyServoTargets	24	static
../Core/Src/main.c:216:13:SendControlStatus	152	static
../Core/Src/main.c:266:13:SendPeriodicControlStatus	24	static
../Core/Src/main.c:280:13:UpdateEscFilteredOutputs	32	static
../Core/Src/main.c:291:13:BuildAppliedCommand	8	static
../Core/Src/main.c:301:13:ApplyCommandUpdate	32	static
../Core/Src/main.c:369:13:ProcessReceivedFrames	296	static
../Core/Src/main.c:416:13:ServiceButtonOverride	16	static
../Core/Src/main.c:437:13:ServiceEscState	16	static
../Core/Src/main.c:456:13:ServiceControlFailsafe	24	static
../Core/Src/main.c:474:13:ServiceUsart2Restart	8	static
../Core/Src/main.c:489:13:ServiceSteeringFeedback	24	static
../Core/Src/main.c:538:16:TruckAxisToMilli	24	static
../Core/Src/main.c:556:13:FormatAxis	48	static
../Core/Src/main.c:567:13:OledDrawTelemetry	96	static
../Core/Src/main.c:643:13:ServiceOled	16	static
../Core/Src/main.c:677:13:TftWriteLine	64	static
../Core/Src/main.c:698:13:TftFormatSignedTenths	48	static
../Core/Src/main.c:710:13:TftDrawStatusRow	136	static
../Core/Src/main.c:837:13:ServiceTft	16	static
../Core/Src/main.c:857:5:main	16	static
../Core/Src/main.c:943:6:SystemClock_Config	88	static
../Core/Src/main.c:989:13:MX_ADC1_Init	40	static
../Core/Src/main.c:1031:13:MX_I2C1_Init	8	static
../Core/Src/main.c:1065:13:MX_I2C2_Init	8	static
../Core/Src/main.c:1099:13:MX_USART2_UART_Init	8	static
../Core/Src/main.c:1130:13:MX_DMA_Init	16	static
../Core/Src/main.c:1148:13:MX_GPIO_Init	24	static
../Core/Src/main.c:1166:6:HAL_UART_TxCpltCallback	16	static
../Core/Src/main.c:1174:6:HAL_UARTEx_RxEventCallback	16	static
../Core/Src/main.c:1186:6:HAL_UART_ErrorCallback	16	static
../Core/Src/main.c:1201:6:Error_Handler	4	static,ignoring_inline_asm
