../Core/Src/main.c:151:26:USART2_StartReceiveToIdle	2
../Core/Src/main.c:169:26:ApplyServoTargets	9
../Core/Src/main.c:216:13:SendControlStatus	7
../Core/Src/main.c:266:13:SendPeriodicControlStatus	2
../Core/Src/main.c:280:13:UpdateEscFilteredOutputs	1
../Core/Src/main.c:291:13:BuildAppliedCommand	2
../Core/Src/main.c:301:13:ApplyCommandUpdate	16
../Core/Src/main.c:369:13:ProcessReceivedFrames	5
../Core/Src/main.c:416:13:ServiceButtonOverride	3
../Core/Src/main.c:437:13:ServiceEscState	3
../Core/Src/main.c:456:13:ServiceControlFailsafe	4
../Core/Src/main.c:474:13:ServiceUsart2Restart	3
../Core/Src/main.c:489:13:ServiceSteeringFeedback	6
../Core/Src/main.c:538:16:TruckAxisToMilli	4
../Core/Src/main.c:556:13:FormatAxis	2
../Core/Src/main.c:567:13:OledDrawTelemetry	9
../Core/Src/main.c:643:13:ServiceOled	6
../Core/Src/main.c:677:13:TftWriteLine	3
../Core/Src/main.c:698:13:TftFormatSignedTenths	3
../Core/Src/main.c:710:13:TftDrawStatusRow	21
../Core/Src/main.c:837:13:ServiceTft	3
../Core/Src/main.c:857:5:main	3
../Core/Src/main.c:943:6:SystemClock_Config	3
../Core/Src/main.c:989:13:MX_ADC1_Init	1
../Core/Src/main.c:1031:13:MX_I2C1_Init	2
../Core/Src/main.c:1065:13:MX_I2C2_Init	2
../Core/Src/main.c:1099:13:MX_USART2_UART_Init	2
../Core/Src/main.c:1130:13:MX_DMA_Init	1
../Core/Src/main.c:1148:13:MX_GPIO_Init	1
../Core/Src/main.c:1166:6:HAL_UART_TxCpltCallback	2
../Core/Src/main.c:1174:6:HAL_UARTEx_RxEventCallback	3
../Core/Src/main.c:1186:6:HAL_UART_ErrorCallback	2
../Core/Src/main.c:1201:6:Error_Handler	1
