Archive member included to satisfy reference by file (symbol)

D:/app/cubeIDE/STM32CubeIDE_2.1.1/STM32CubeIDE/plugins/com.st.stm32cube.ide.mcu.externaltools.gnu-tools-for-stm32.14.3.rel1.win32_1.0.100.202602081740/tools/bin/../lib/gcc/arm-none-eabi/14.3.1/../../../../arm-none-eabi/lib/thumb/v7e-m+fp/hard\libc_nano.a(libc_a-exit.o)
                              D:/app/cubeIDE/STM32CubeIDE_2.1.1/STM32CubeIDE/plugins/com.st.stm32cube.ide.mcu.externaltools.gnu-tools-for-stm32.14.3.rel1.win32_1.0.100.202602081740/tools/bin/../lib/gcc/arm-none-eabi/14.3.1/../../../../arm-none-eabi/lib/thumb/v7e-m+fp/hard/crt0.o (exit)
D:/app/cubeIDE/STM32CubeIDE_2.1.1/STM32CubeIDE/plugins/com.st.stm32cube.ide.mcu.externaltools.gnu-tools-for-stm32.14.3.rel1.win32_1.0.100.202602081740/tools/bin/../lib/gcc/arm-none-eabi/14.3.1/../../../../arm-none-eabi/lib/thumb/v7e-m+fp/hard\libc_nano.a(libc_a-strtod.o)
                              ./Core/Src/stick_receiver.o (strtof)
D:/app/cubeIDE/STM32CubeIDE_2.1.1/STM32CubeIDE/plugins/com.st.stm32cube.ide.mcu.externaltools.gnu-tools-for-stm32.14.3.rel1.win32_1.0.100.202602081740/tools/bin/../lib/gcc/arm-none-eabi/14.3.1/../../../../arm-none-eabi/lib/thumb/v7e-m+fp/hard\libc_nano.a(libc_a-ctype_.o)
                              ./Core/Src/stick_receiver.o (_ctype_)
D:/app/cubeIDE/STM32CubeIDE_2.1.1/STM32CubeIDE/plugins/com.st.stm32cube.ide.mcu.externaltools.gnu-tools-for-stm32.14.3.rel1.win32_1.0.100.202602081740/tools/bin/../lib/gcc/arm-none-eabi/14.3.1/../../../../arm-none-eabi/lib/thumb/v7e-m+fp/hard\libc_nano.a(libc_a-nano-vfprintf_float.o)
                              (_printf_float)
D:/app/cubeIDE/STM32CubeIDE_2.1.1/STM32CubeIDE/plugins/com.st.stm32cube.ide.mcu.externaltools.gnu-tools-for-stm32.14.3.rel1.win32_1.0.100.202602081740/tools/bin/../lib/gcc/arm-none-eabi/14.3.1/../../../../arm-none-eabi/lib/thumb/v7e-m+fp/hard\libc_nano.a(libc_a-nano-vfprintf_i.o)
                              D:/app/cubeIDE/STM32CubeIDE_2.1.1/STM32CubeIDE/plugins/com.st.stm32cube.ide.mcu.externaltools.gnu-tools-for-stm32.14.3.rel1.win32_1.0.100.202602081740/tools/bin/../lib/gcc/arm-none-eabi/14.3.1/../../../../arm-none-eabi/lib/thumb/v7e-m+fp/hard\libc_nano.a(libc_a-nano-vfprintf_float.o) (_printf_common)
D:/app/cubeIDE/STM32CubeIDE_2.1.1/STM32CubeIDE/plugins/com.st.stm32cube.ide.mcu.externaltools.gnu-tools-for-stm32.14.3.rel1.win32_1.0.100.202602081740/tools/bin/../lib/gcc/arm-none-eabi/14.3.1/../../../../arm-none-eabi/lib/thumb/v7e-m+fp/hard\libc_nano.a(libc_a-findfp.o)
                              D:/app/cubeIDE/STM32CubeIDE_2.1.1/STM32CubeIDE/plugins/com.st.stm32cube.ide.mcu.externaltools.gnu-tools-for-stm32.14.3.rel1.win32_1.0.100.202602081740/tools/bin/../lib/gcc/arm-none-eabi/14.3.1/../../../../arm-none-eabi/lib/thumb/v7e-m+fp/hard\libc_nano.a(libc_a-exit.o) (__stdio_exit_handler)
D:/app/cubeIDE/STM32CubeIDE_2.1.1/STM32CubeIDE/plugins/com.st.stm32cube.ide.mcu.externaltools.gnu-tools-for-stm32.14.3.rel1.win32_1.0.100.202602081740/tools/bin/../lib/gcc/arm-none-eabi/14.3.1/../../../../arm-none-eabi/lib/thumb/v7e-m+fp/hard\libc_nano.a(libc_a-fwalk.o)
                              D:/app/cubeIDE/STM32CubeIDE_2.1.1/STM32CubeIDE/plugins/com.st.stm32cube.ide.mcu.externaltools.gnu-tools-for-stm32.14.3.rel1.win32_1.0.100.202602081740/tools/bin/../lib/gcc/arm-none-eabi/14.3.1/../../../../arm-none-eabi/lib/thumb/v7e-m+fp/hard\libc_nano.a(libc_a-findfp.o) (_fwalk_sglue)
D:/app/cubeIDE/STM32CubeIDE_2.1.1/STM32CubeIDE/plugins/com.st.stm32cube.ide.mcu.externaltools.gnu-tools-for-stm32.14.3.rel1.win32_1.0.100.202602081740/tools/bin/../lib/gcc/arm-none-eabi/14.3.1/../../../../arm-none-eabi/lib/thumb/v7e-m+fp/hard\libc_nano.a(libc_a-snprintf.o)
                              ./Core/Src/main.o (snprintf)
D:/app/cubeIDE/STM32CubeIDE_2.1.1/STM32CubeIDE/plugins/com.st.stm32cube.ide.mcu.externaltools.gnu-tools-for-stm32.14.3.rel1.win32_1.0.100.202602081740/tools/bin/../lib/gcc/arm-none-eabi/14.3.1/../../../../arm-none-eabi/lib/thumb/v7e-m+fp/hard\libc_nano.a(libc_a-stdio.o)
                              D:/app/cubeIDE/STM32CubeIDE_2.1.1/STM32CubeIDE/plugins/com.st.stm32cube.ide.mcu.externaltools.gnu-tools-for-stm32.14.3.rel1.win32_1.0.100.202602081740/tools/bin/../lib/gcc/arm-none-eabi/14.3.1/../../../../arm-none-eabi/lib/thumb/v7e-m+fp/hard\libc_nano.a(libc_a-findfp.o) (__sread)
D:/app/cubeIDE/STM32CubeIDE_2.1.1/STM32CubeIDE/plugins/com.st.stm32cube.ide.mcu.externaltools.gnu-tools-for-stm32.14.3.rel1.win32_1.0.100.202602081740/tools/bin/../lib/gcc/arm-none-eabi/14.3.1/../../../../arm-none-eabi/lib/thumb/v7e-m+fp/hard\libc_nano.a(libc_a-memmove.o)
                              ./Core/Src/imu_parser.o (memmove)
D:/app/cubeIDE/STM32CubeIDE_2.1.1/STM32CubeIDE/plugins/com.st.stm32cube.ide.mcu.externaltools.gnu-tools-for-stm32.14.3.rel1.win32_1.0.100.202602081740/tools/bin/../lib/gcc/arm-none-eabi/14.3.1/../../../../arm-none-eabi/lib/thumb/v7e-m+fp/hard\libc_nano.a(libc_a-memset.o)
[...]
Memory Configuration

Name             Origin             Length             Attributes
CCMRAM           0x10000000         0x00010000         xrw
RAM              0x20000000         0x00020000         xrw
FLASH            0x08000000         0x00080000         xr
*default*        0x00000000         0xffffffff

Linker script and memory map

LOAD D:/app/cubeIDE/STM32CubeIDE_2.1.1/STM32CubeIDE/plugins/com.st.stm32cube.ide.mcu.externaltools.gnu-tools-for-stm32.14.3.rel1.win32_1.0.100.202602081740/tools/bin/../lib/gcc/arm-none-eabi/14.3.1/thumb/v7e-m+fp/hard/crti.o
LOAD D:/app/cubeIDE/STM32CubeIDE_2.1.1/STM32CubeIDE/plugins/com.st.stm32cube.ide.mcu.externaltools.gnu-tools-for-stm32.14.3.rel1.win32_1.0.100.202602081740/tools/bin/../lib/gcc/arm-none-eabi/14.3.1/thumb/v7e-m+fp/hard/crtbegin.o
LOAD D:/app/cubeIDE/STM32CubeIDE_2.1.1/STM32CubeIDE/plugins/com.st.stm32cube.ide.mcu.externaltools.gnu-tools-for-stm32.14.3.rel1.win32_1.0.100.202602081740/tools/bin/../lib/gcc/arm-none-eabi/14.3.1/../../../../arm-none-eabi/lib/thumb/v7e-m+fp/hard/crt0.o
LOAD ./Core/Src/arm_angle.o
LOAD ./Core/Src/dwj_reader.o
LOAD ./Core/Src/ftepc_rs485.o
LOAD ./Core/Src/imu_oled_format.o
LOAD ./Core/Src/imu_parser.o
LOAD ./Core/Src/joystick_servo_map.o
LOAD ./Core/Src/main.o
LOAD ./Core/Src/motion_telemetry.o
LOAD ./Core/Src/oled_ssd1306.o
LOAD ./Core/Src/pca9685.o
LOAD ./Core/Src/pwm_timing.o
LOAD ./Core/Src/servo_control.o
LOAD ./Core/Src/servo_debug.o
LOAD ./Core/Src/status_led.o
LOAD ./Core/Src/stick_receiver.o
LOAD ./Core/Src/stm32f4xx_hal_msp.o
LOAD ./Core/Src/stm32f4xx_it.o
LOAD ./Core/Src/syscalls.o
LOAD ./Core/Src/sysmem.o
LOAD ./Core/Src/system_stm32f4xx.o
LOAD ./Core/Startup/startup_stm32f407vetx.o
LOAD ./Drivers/STM32F4xx_HAL_Driver/Src/stm32f4xx_hal.o
LOAD ./Drivers/STM32F4xx_HAL_Driver/Src/stm32f4xx_hal_cortex.o
LOAD ./Drivers/STM32F4xx_HAL_Driver/Src/stm32f4xx_hal_dma.o
LOAD ./Drivers/STM32F4xx_HAL_Driver/Src/stm32f4xx_hal_dma_ex.o
LOAD ./Drivers/STM32F4xx_HAL_Driver/Src/stm32f4xx_hal_exti.o
LOAD ./Drivers/STM32F4xx_HAL_Driver/Src/stm32f4xx_hal_flash.o
LOAD ./Drivers/STM32F4xx_HAL_Driver/Src/stm32f4xx_hal_flash_ex.o
LOAD ./Drivers/STM32F4xx_HAL_Driver/Src/stm32f4xx_hal_flash_ramfunc.o
LOAD ./Drivers/STM32F4xx_HAL_Driver/Src/stm32f4xx_hal_gpio.o
LOAD ./Drivers/STM32F4xx_HAL_Driver/Src/stm32f4xx_hal_i2c.o
LOAD ./Drivers/STM32F4xx_HAL_Driver/Src/stm32f4xx_hal_i2c_ex.o
LOAD ./Drivers/STM32F4xx_HAL_Driver/Src/stm32f4xx_hal_pwr.o
LOAD ./Drivers/STM32F4xx_HAL_Driver/Src/stm32f4xx_hal_pwr_ex.o
LOAD ./Drivers/STM32F4xx_HAL_Driver/Src/stm32f4xx_hal_rcc.o
LOAD ./Drivers/STM32F4xx_HAL_Driver/Src/stm32f4xx_hal_rcc_ex.o
LOAD ./Drivers/STM32F4xx_HAL_Driver/Src/stm32f4xx_hal_uart.o
START GROUP
LOAD D:/app/cubeIDE/STM32CubeIDE_2.1.1/STM32CubeIDE/plugins/com.st.stm32cube.ide.mcu.externaltools.gnu-tools-for-stm32.14.3.rel1.win32_1.0.100.202602081740/tools/bin/../lib/gcc/arm-none-eabi/14.3.1/../../../../arm-none-eabi/lib/thumb/v7e-m+fp/hard\libc_nano.a
LOAD D:/app/cubeIDE/STM32CubeIDE_2.1.1/STM32CubeIDE/plugins/com.st.stm32cube.ide.mcu.externaltools.gnu-tools-for-stm32.14.3.rel1.win32_1.0.100.202602081740/tools/bin/../lib/gcc/arm-none-eabi/14.3.1/../../../../arm-none-eabi/lib/thumb/v7e-m+fp/hard\libm.a
END GROUP
START GROUP
LOAD D:/app/cubeIDE/STM32CubeIDE_2.1.1/STM32CubeIDE/plugins/com.st.stm32cube.ide.mcu.externaltools.gnu-tools-for-stm32.14.3.rel1.win32_1.0.100.202602081740/tools/bin/../lib/gcc/arm-none-eabi/14.3.1/thumb/v7e-m+fp/hard\libgcc.a
LOAD D:/app/cubeIDE/STM32CubeIDE_2.1.1/STM32CubeIDE/plugins/com.st.stm32cube.ide.mcu.externaltools.gnu-tools-for-stm32.14.3.rel1.win32_1.0.100.202602081740/tools/bin/../lib/gcc/arm-none-eabi/14.3.1/../../../../arm-none-eabi/lib/thumb/v7e-m+fp/hard\libc_nano.a
END GROUP
START GROUP
LOAD D:/app/cubeIDE/STM32CubeIDE_2.1.1/STM32CubeIDE/plugins/com.st.stm32cube.ide.mcu.externaltools.gnu-tools-for-stm32.14.3.rel1.win32_1.0.100.202602081740/tools/bin/../lib/gcc/arm-none-eabi/14.3.1/thumb/v7e-m+fp/hard\libgcc.a
LOAD D:/app/cubeIDE/STM32CubeIDE_2.1.1/STM32CubeIDE/plugins/com.st.stm32cube.ide.mcu.externaltools.gnu-tools-for-stm32.14.3.rel1.win32_1.0.100.202602081740/tools/bin/../lib/gcc/arm-none-eabi/14.3.1/../../../../arm-none-eabi/lib/thumb/v7e-m+fp/hard\libc_nano.a
LOAD D:/app/cubeIDE/STM32CubeIDE_2.1.1/STM32CubeIDE/plugins/com.st.stm32cube.ide.mcu.externaltools.gnu-tools-for-stm32.14.3.rel1.win32_1.0.100.202602081740/tools/bin/../lib/gcc/arm-none-eabi/14.3.1/../../../../arm-none-eabi/lib/thumb/v7e-m+fp/hard\libnosys.a
END GROUP
START GROUP
LOAD D:/app/cubeIDE/STM32CubeIDE_2.1.1/STM32CubeIDE/plugins/com.st.stm32cube.ide.mcu.externaltools.gnu-tools-for-stm32.14.3.rel1.win32_1.0.100.202602081740/tools/bin/../lib/gcc/arm-none-eabi/14.3.1/thumb/v7e-m+fp/hard\libgcc.a
LOAD D:/app/cubeIDE/STM32CubeIDE_2.1.1/STM32CubeIDE/plugins/com.st.stm32cube.ide.mcu.externaltools.gnu-tools-for-stm32.14.3.rel1.win32_1.0.100.202602081740/tools/bin/../lib/gcc/arm-none-eabi/14.3.1/../../../../arm-none-eabi/lib/thumb/v7e-m+fp/hard\libc_nano.a
LOAD D:/app/cubeIDE/STM32CubeIDE_2.1.1/STM32CubeIDE/plugins/com.st.stm32cube.ide.mcu.externaltools.gnu-tools-for-stm32.14.3.rel1.win32_1.0.100.202602081740/tools/bin/../lib/gcc/arm-none-eabi/14.3.1/../../../../arm-none-eabi/lib/thumb/v7e-m+fp/hard\libnosys.a
END GROUP
LOAD D:/app/cubeIDE/STM32CubeIDE_2.1.1/STM32CubeIDE/plugins/com.st.stm32cube.ide.mcu.externaltools.gnu-tools-for-stm32.14.3.rel1.win32_1.0.100.202602081740/tools/bin/../lib/gcc/arm-none-eabi/14.3.1/thumb/v7e-m+fp/hard/crtend.o
LOAD D:/app/cubeIDE/STM32CubeIDE_2.1.1/STM32CubeIDE/plugins/com.st.stm32cube.ide.mcu.externaltools.gnu-tools-for-stm32.14.3.rel1.win32_1.0.100.202602081740/tools/bin/../lib/gcc/arm-none-eabi/14.3.1/thumb/v7e-m+fp/hard/crtn.o
                0x20020000                        _estack = (ORIGIN (RAM) + LENGTH (RAM))
                0x00000200                        _Min_Heap_Size = 0x200
                0x00000400                        _Min_Stack_Size = 0x400

.isr_vector     0x08000000      0x188
                0x08000000                        . = ALIGN (0x4)
 *(.isr_vector)
 .isr_vector    0x08000000      0x188 ./Core/Startup/startup_stm32f407vetx.o
                0x08000000                g_pfnVectors
                0x08000188                        . = ALIGN (0x4)

.text           0x08000190     0xda4c
                0x08000190                        . = ALIGN (0x4)
 *(.text)
 .text          0x08000190       0x40 D:/app/cubeIDE/STM32CubeIDE_2.1.1/STM32CubeIDE/plugins/com.st.stm32cube.ide.mcu.externaltools.gnu-tools-for-stm32.14.3.rel1.win32_1.0.100.202602081740/tools/bin/../lib/gcc/arm-none-eabi/14.3.1/thumb/v7e-m+fp/hard/crtbegin.o
 .text          0x080001d0       0xa0 D:/app/cubeIDE/STM32CubeIDE_2.1.1/STM32CubeIDE/plugins/com.st.stm32cube.ide.mcu.externaltools.gnu-tools-for-stm32.14.3.rel1.win32_1.0.100.202602081740/tools/bin/../lib/gcc/arm-none-eabi/14.3.1/../../../../arm-none-eabi/lib/thumb/v7e-m+fp/hard\libc_nano.a(libc_a-memchr.o)
                0x080001d0                memchr
 .text          0x08000270       0x10 D:/app/cubeIDE/STM32CubeIDE_2.1.1/STM32CubeIDE/plugins/com.st.stm32cube.ide.mcu.externaltools.gnu-tools-for-stm32.14.3.rel1.win32_1.0.100.202602081740/tools/bin/../lib/gcc/arm-none-eabi/14.3.1/../../../../arm-none-eabi/lib/thumb/v7e-m+fp/hard\libc_nano.a(libc_a-strlen.o)
                0x08000270                strlen
 .text          0x08000280      0x378 D:/app/cubeIDE/STM32CubeIDE_2.1.1/STM32CubeIDE/plugins/com.st.stm32cube.ide.mcu.externaltools.gnu-tools-for-stm32.14.3.rel1.win32_1.0.100.202602081740/tools/bin/../lib/gcc/arm-none-eabi/14.3.1/thumb/v7e-m+fp/hard\libgcc.a(_arm_addsubdf3.o)
                0x08000280                __aeabi_drsub
                0x08000288                __aeabi_dsub
                0x08000288                __subdf3
                0x0800028c                __aeabi_dadd
                0x0800028c                __adddf3
                0x08000504                __floatunsidf
                0x08000504                __aeabi_ui2d
                0x08000524                __floatsidf
                0x08000524                __aeabi_i2d
                0x08000548                __aeabi_f2d
                0x08000548                __extendsfdf2
                0x0800058c                __floatundidf
                0x0800058c                __aeabi_ul2d
                0x0800059c                __floatdidf
                0x0800059c                __aeabi_l2d
 .text          0x080005f8      0x424 D:/app/cubeIDE/STM32CubeIDE_2.1.1/STM32CubeIDE/plugins/com.st.stm32cube.ide.mcu.externaltools.gnu-tools-for-stm32.14.3.rel1.win32_1.0.100.202602081740/tools/bin/../lib/gcc/arm-none-eabi/14.3.1/thumb/v7e-m+fp/hard\libgcc.a(_arm_muldivdf3.o)
                0x080005f8                __aeabi_dmul
                0x080005f8                __muldf3
                0x0800084c                __divdf3
                0x0800084c                __aeabi_ddiv
 .text          0x08000a1c      0x110 D:/app/cubeIDE/STM32CubeIDE_2.1.1/STM32CubeIDE/plugins/com.st.stm32cube.ide.mcu.externaltools.gnu-tools-for-stm32.14.3.rel1.win32_1.0.100.202602081740/tools/bin/../lib/gcc/arm-none-eabi/14.3.1/thumb/v7e-m+fp/hard\libgcc.a(_arm_cmpdf2.o)
                0x08000a1c                __gtdf2
                0x08000a1c                __gedf2
                0x08000a24                __ltdf2
                0x08000a24                __ledf2
                0x08000a2c                __nedf2
                0x08000a2c                __eqdf2
                0x08000a2c                __cmpdf2
                0x08000aa8                __aeabi_cdrcmple
                0x08000ab8                __aeabi_cdcmpeq
                0x08000ab8                __aeabi_cdcmple
                0x08000ac8                __aeabi_dcmpeq
                0x08000adc                __aeabi_dcmplt
                0x08000af0                __aeabi_dcmple
                0x08000b04                __aeabi_dcmpge
                0x08000b18                __aeabi_dcmpgt
 .text          0x08000b2c       0x2c D:/app/cubeIDE/STM32CubeIDE_2.1.1/STM32CubeIDE/plugins/com.st.stm32cube.ide.mcu.externaltools.gnu-tools-for-stm32.14.3.rel1.win32_1.0.100.202602081740/tools/bin/../lib/gcc/arm-none-eabi/14.3.1/thumb/v7e-m+fp/hard\libgcc.a(_arm_unorddf2.o)
                0x08000b2c                __unorddf2
                0x08000b2c                __aeabi_dcmpun
 .text          0x08000b58       0x50 D:/app/cubeIDE/STM32CubeIDE_2.1.1/STM32CubeIDE/plugins/com.st.stm32cube.ide.mcu.externaltools.gnu-tools-for-stm32.14.3.rel1.win32_1.0.100.202602081740/tools/bin/../lib/gcc/arm-none-eabi/14.3.1/thumb/v7e-m+fp/hard\libgcc.a(_arm_fixdfsi.o)
                0x08000b58                __aeabi_d2iz
                0x08000b58                __fixdfsi
 .text          0x08000ba8       0x40 D:/app/cubeIDE/STM32CubeIDE_2.1.1/STM32CubeIDE/plugins/com.st.stm32cube.ide.mcu.externaltools.gnu-tools-for-stm32.14.3.rel1.win32_1.0.100.202602081740/tools/bin/../lib/gcc/arm-none-eabi/14.3.1/thumb/v7e-m+fp/hard\libgcc.a(_arm_fixunsdfsi.o)
                0x08000ba8                __aeabi_d2uiz
                0x08000ba8                __fixunsdfsi
 .text          0x08000be8       0xa0 D:/app/cubeIDE/STM32CubeIDE_2.1.1/STM32CubeIDE/plugins/com.st.stm32cube.ide.mcu.externaltools.gnu-tools-for-stm32.14.3.rel1.win32_1.0.100.202602081740/tools/bin/../lib/gcc/arm-none-eabi/14.3.1/thumb/v7e-m+fp/hard\libgcc.a(_arm_truncdfsf2.o)
                0x08000be8                __truncdfsf2
                0x08000be8                __aeabi_d2f
 .text          0x08000c88      0x21c D:/app/cubeIDE/STM32CubeIDE_2.1.1/STM32CubeIDE/plugins/com.st.stm32cube.ide.mcu.externaltools.gnu-tools-for-stm32.14.3.rel1.win32_1.0.100.202602081740/tools/bin/../lib/gcc/arm-none-eabi/14.3.1/thumb/v7e-m+fp/hard\libgcc.a(_arm_addsubsf3.o)
                0x08000c88                __aeabi_frsub
                0x08000c90                __subsf3
                0x08000c90                __aeabi_fsub
                0x08000c94                __aeabi_fadd
                0x08000c94                __addsf3
                0x08000df4                __aeabi_ui2f
                0x08000df4                __floatunsisf
                0x08000dfc                __aeabi_i2f
                0x08000dfc                __floatsisf
                0x08000e18                __aeabi_ul2f
                0x08000e18                __floatundisf
                0x08000e28                __aeabi_l2f
                0x08000e28                __floatdisf
 .text          0x08000ea4       0xa0 D:/app/cubeIDE/STM32CubeIDE_2.1.1/STM32CubeIDE/plugins/com.st.stm32cube.ide.mcu.externaltools.gnu-tools-for-stm32.14.3.rel1.win32_1.0.100.202602081740/tools/bin/../lib/gcc/arm-none-eabi/14.3.1/thumb/v7e-m+fp/hard\libgcc.a(_aeabi_ldivmod.o)
                0x08000ea4                __aeabi_ldivmod
 .text          0x08000f44       0x30 D:/app/cubeIDE/STM32CubeIDE_2.1.1/STM32CubeIDE/plugins/com.st.stm32cube.ide.mcu.externaltools.gnu-tools-for-stm32.14.3.rel1.win32_1.0.100.202602081740/tools/bin/../lib/gcc/arm-none-eabi/14.3.1/thumb/v7e-m+fp/hard\libgcc.a(_aeabi_uldivmod.o)
                0x08000f44                __aeabi_uldivmod
 .text          0x08000f74       0x30 D:/app/cubeIDE/STM32CubeIDE_2.1.1/STM32CubeIDE/plugins/com.st.stm32cube.ide.mcu.externaltools.gnu-tools-for-stm32.14.3.rel1.win32_1.0.100.202602081740/tools/bin/../lib/gcc/arm-none-eabi/14.3.1/thumb/v7e-m+fp/hard\libgcc.a(_fixdfdi.o)
                0x08000f74                __fixdfdi
                0x08000f74                __aeabi_d2lz
 .text          0x08000fa4       0x3c D:/app/cubeIDE/STM32CubeIDE_2.1.1/STM32CubeIDE/plugins/com.st.stm32cube.ide.mcu.externaltools.gnu-tools-for-stm32.14.3.rel1.win32_1.0.100.202602081740/tools/bin/../lib/gcc/arm-none-eabi/14.3.1/thumb/v7e-m+fp/hard\libgcc.a(_fixunsdfdi.o)
                0x08000fa4                __fixunsdfdi
                0x08000fa4                __aeabi_d2ulz
 .text          0x08000fe0      0x2f8 D:/app/cubeIDE/STM32CubeIDE_2.1.1/STM32CubeIDE/plugins/com.st.stm32cube.ide.mcu.externaltools.gnu-tools-for-stm32.14.3.rel1.win32_1.0.100.202602081740/tools/bin/../lib/gcc/arm-none-eabi/14.3.1/thumb/v7e-m+fp/hard\libgcc.a(_udivmoddi4.o)
                0x08000fe0                __udivmoddi4
 .text          0x080012d8        0x4 D:/app/cubeIDE/STM32CubeIDE_2.1.1/STM32CubeIDE/plugins/com.st.stm32cube.ide.mcu.externaltools.gnu-tools-for-stm32.14.3.rel1.win32_1.0.100.202602081740/tools/bin/../lib/gcc/arm-none-eabi/14.3.1/thumb/v7e-m+fp/hard\libgcc.a(_dvmd_tls.o)
                0x080012d8                __aeabi_idiv0
                0x080012d8                __aeabi_ldiv0
 *(.text*)
 .text.ArmAngle_Clamp
                0x080012dc       0x52 ./Core/Src/arm_angle.o
 .text.ArmAngle_Sqrt
                0x0800132e       0x80 ./Core/Src/arm_angle.o
 *fill*         0x080013ae        0x2 
 .text.ArmAngle_Acos
                0x080013b0       0xf0 ./Core/Src/arm_angle.o
 .text.ArmAngle_DegToHundredths
                0x080014a0       0x60 ./Core/Src/arm_angle.o
 .text.ArmAngle_FromExtensionHundredthsMm
                0x08001500       0xa4 ./Core/Src/arm_angle.o
                0x08001500                ArmAngle_FromExtensionHundredthsMm
 .text.ArmAngle_Channel2HundredthsDeg
                0x080015a4       0x20 ./Core/Src/arm_angle.o
                0x080015a4                ArmAngle_Channel2HundredthsDeg
 .text.ads1115_build_config
                0x080015c4       0x38 ./Core/Src/dwj_reader.o
 .text.ads1115_raw_to_mv
                0x080015fc       0x2e ./Core/Src/dwj_reader.o
 .text.Dwj_VoltageToAngleTenths
                0x0800162a       0x90 ./Core/Src/dwj_reader.o
                0x0800162a                Dwj_VoltageToAngleTenths
 .text.Dwj_StartConversion
                0x080016ba       0x46 ./Core/Src/dwj_reader.o
                0x080016ba                Dwj_StartConversion
 .text.Dwj_ReadConversionRawMv
                0x08001700       0x84 ./Core/Src/dwj_reader.o
                0x08001700                Dwj_ReadConversionRawMv
 .text.Dwj_BuildStartConversionCommand
                0x08001784       0x50 ./Core/Src/dwj_reader.o
                0x08001784                Dwj_BuildStartConversionCommand
 .text.Dwj_BuildReadConversionCommand
                0x080017d4       0x22 ./Core/Src/dwj_reader.o
                0x080017d4                Dwj_BuildReadConversionCommand
 .text.Dwj_DecodeRawMv
                0x080017f6       0x54 ./Core/Src/dwj_reader.o
                0x080017f6                Dwj_DecodeRawMv
 .text.Dwj_UpdateBigArmReading
                0x0800184a       0x46 ./Core/Src/dwj_reader.o
                0x0800184a                Dwj_UpdateBigArmReading
 .text.Dwj_UpdateBucketReading
                0x08001890       0x46 ./Core/Src/dwj_reader.o
                0x08001890                Dwj_UpdateBucketReading
 .text.Ftepc485_ReadInt32Be
                0x080018d6       0x3a ./Core/Src/ftepc_rs485.o
 .text.Ftepc485_SaturateInt32
                0x08001910       0x40 ./Core/Src/ftepc_rs485.o
 .text.Ftepc485_DivideRoundNearest
                0x08001950       0xe4 ./Core/Src/ftepc_rs485.o
 .text.Ftepc485_ChannelDirection
                0x08001a34       0x2c ./Core/Src/ftepc_rs485.o
 .text.Ftepc485_Crc16
                0x08001a60       0x78 ./Core/Src/ftepc_rs485.o
                0x08001a60                Ftepc485_Crc16
 .text.Ftepc485_ParseThreePulseResponse
                0x08001ad8       0xc6 ./Core/Src/ftepc_rs485.o
                0x08001ad8                Ftepc485_ParseThreePulseResponse
 .text.Ftepc485_ConvertPulses
                0x08001b9e      0x106 ./Core/Src/ftepc_rs485.o
                0x08001b9e                Ftepc485_ConvertPulses
 .text.Ftepc485_DeltaToSpeedHundredthsMmS
                0x08001ca4       0xba ./Core/Src/ftepc_rs485.o
                0x08001ca4                Ftepc485_DeltaToSpeedHundredthsMmS
 .text.append_char
                0x08001d5e       0x48 ./Core/Src/imu_oled_format.o
 .text.append_text
                0x08001da6       0x32 ./Core/Src/imu_oled_format.o
 .text.imu_oled_format_row
                0x08001dd8      0x2d4 ./Core/Src/imu_oled_format.o
                0x08001dd8                imu_oled_format_row
 .text.has_header
                0x080020ac       0x42 ./Core/Src/imu_parser.o
 .text.read_u32
                0x080020ee       0x38 ./Core/Src/imu_parser.o
 .text.read_u64
                0x08002126      0x16a ./Core/Src/imu_parser.o
 .text.read_f32
                0x08002290       0x26 ./Core/Src/imu_parser.o
 .text.decode_frame
                0x080022b6       0x3a ./Core/Src/imu_parser.o
 .text.discard_bytes
                0x080022f0       0x36 ./Core/Src/imu_parser.o
 .text.process_buffer
                0x08002326       0x90 ./Core/Src/imu_parser.o
 .text.imu_parser_init
                0x080023b6       0x1a ./Core/Src/imu_parser.o
                0x080023b6                imu_parser_init
 .text.imu_parser_feed
                0x080023d0       0x72 ./Core/Src/imu_parser.o
                0x080023d0                imu_parser_feed
 .text.absolute
                0x08002442       0x34 ./Core/Src/joystick_servo_map.o
 *fill*         0x08002476        0x2 
 .text.clamp_axis
                0x08002478       0x74 ./Core/Src/joystick_servo_map.o
 .text.valve_angle_from_axis
                0x080024ec       0xc4 ./Core/Src/joystick_servo_map.o
 .text.update_pwm_counts
                0x080025b0       0xb0 ./Core/Src/joystick_servo_map.o
 .text.JoystickServoMap_SetNeutral
                0x08002660       0x54 ./Core/Src/joystick_servo_map.o
                0x08002660                JoystickServoMap_SetNeutral
 .text.JoystickServoMap_Compute
                0x080026b4      0x16c ./Core/Src/joystick_servo_map.o
                0x080026b4                JoystickServoMap_Compute
 .text.JoystickServoMap_IsActiveChannel
                0x08002820       0x2e ./Core/Src/joystick_servo_map.o
                0x08002820                JoystickServoMap_IsActiveChannel
 .text.JoystickServoMap_IsTimedOut
                0x0800284e       0x28 ./Core/Src/joystick_servo_map.o
                0x0800284e                JoystickServoMap_IsTimedOut
 *fill*         0x08002876        0x2 
 .text.USART2_StartReceiveToIdle
                0x08002878       0x44 ./Core/Src/main.o
 .text.ApplyServoTargets
                0x080028bc       0x90 ./Core/Src/main.o
 .text.ProcessReceivedFrames
                0x0800294c       0xb4 ./Core/Src/main.o
 .text.ServiceControlFailsafe
                0x08002a00       0x64 ./Core/Src/main.o
 .text.Imu_NormalizeYaw
                0x08002a64       0x68 ./Core/Src/main.o
 .text.Imu_UpdateYawFromSample
                0x08002acc       0xb4 ./Core/Src/main.o
 .text.Imu_RxStart
                0x08002b80       0x9c ./Core/Src/main.o
 .text.Imu_FeedBytes
                0x08002c1c       0x4c ./Core/Src/main.o
 .text.ServiceImu
                0x08002c68       0x9c ./Core/Src/main.o
 .text.FormatFixedHundredths
                0x08002d04       0x74 ./Core/Src/main.o
 .text.FormatFixedTenths
                0x08002d78       0x74 ./Core/Src/main.o
 .text.OledWriteFixedRow
                0x08002dec       0x50 ./Core/Src/main.o
 .text.OledWriteTenthsRow
                0x08002e3c       0x50 ./Core/Src/main.o
 .text.OledWriteLengthSpeedPage
                0x08002e8c       0x8c ./Core/Src/main.o
 .text.OledWriteAngleImuPage
                0x08002f18      0x15c ./Core/Src/main.o
 .text.Rs485_BuildReadRequest
                0x08003074       0x58 ./Core/Src/main.o
 .text.Rs485_StartPoll
                0x080030cc       0x58 ./Core/Src/main.o
 .text.Rs485_ApplyPulses
                0x08003124       0xf0 ./Core/Src/main.o
 .text.Rs485_HandleResponse
                0x08003214       0x44 ./Core/Src/main.o
 .text.ServiceEncoder485
                0x08003258       0x68 ./Core/Src/main.o
 .text.ServiceDwjReader
                0x080032c0      0x120 ./Core/Src/main.o
 .text.ServiceOled
                0x080033e0       0x88 ./Core/Src/main.o
 .text.FillMotionTelemetry
                0x08003468      0x184 ./Core/Src/main.o
 .text.ServiceTelemetry
                0x080035ec       0xc8 ./Core/Src/main.o
 .text.main     0x080036b4      0x144 ./Core/Src/main.o
                0x080036b4                main
 .text.SystemClock_Config
                0x080037f8       0xd4 ./Core/Src/main.o
                0x080037f8                SystemClock_Config
 .text.MX_I2C1_Init
                0x080038cc       0x5c ./Core/Src/main.o
 .text.MX_I2C2_Init
                0x08003928       0x5c ./Core/Src/main.o
 .text.MX_USART1_UART_Init
                0x08003984       0x54 ./Core/Src/main.o
 .text.MX_USART2_UART_Init
                0x080039d8       0x54 ./Core/Src/main.o
 .text.MX_USART3_UART_Init
                0x08003a2c       0x54 ./Core/Src/main.o
 .text.MX_DMA_Init
                0x08003a80       0x6c ./Core/Src/main.o
 .text.MX_GPIO_Init
                0x08003aec       0xbc ./Core/Src/main.o
 .text.HAL_UART_RxCpltCallback
                0x08003ba8       0x34 ./Core/Src/main.o
                0x08003ba8                HAL_UART_RxCpltCallback
 .text.HAL_UART_TxCpltCallback
                0x08003bdc       0x84 ./Core/Src/main.o
                0x08003bdc                HAL_UART_TxCpltCallback
 .text.HAL_UARTEx_RxEventCallback
                0x08003c60       0x4c ./Core/Src/main.o
                0x08003c60                HAL_UARTEx_RxEventCallback
 .text.HAL_UART_ErrorCallback
                0x08003cac       0x80 ./Core/Src/main.o
                0x08003cac                HAL_UART_ErrorCallback
 .text.Error_Handler
                0x08003d2c        0xc ./Core/Src/main.o
                0x08003d2c                Error_Handler
 .text.MotionTelemetry_BuildHeader
                0x08003d38       0x4c ./Core/Src/motion_telemetry.o
                0x08003d38                MotionTelemetry_BuildHeader
 .text.MotionTelemetry_BuildRow
                0x08003d84      0x140 ./Core/Src/motion_telemetry.o
                0x08003d84                MotionTelemetry_BuildRow
 .text.OledSsd1306_WriteCommand
                0x08003ec4       0x3c ./Core/Src/oled_ssd1306.o
 .text.OledSsd1306_WriteData
                0x08003f00       0x84 ./Core/Src/oled_ssd1306.o
 .text.OledSsd1306_GetGlyph
                0x08003f84      0x5d4 ./Core/Src/oled_ssd1306.o
 .text.OledSsd1306_Init
                0x08004558       0xc4 ./Core/Src/oled_ssd1306.o
                0x08004558                OledSsd1306_Init
 .text.OledSsd1306_Clear
                0x0800461c       0x18 ./Core/Src/oled_ssd1306.o
                0x0800461c                OledSsd1306_Clear
 .text.OledSsd1306_WriteText
                0x08004634       0xa4 ./Core/Src/oled_ssd1306.o
                0x08004634                OledSsd1306_WriteText
 .text.OledSsd1306_Update
                0x080046d8       0x94 ./Core/Src/oled_ssd1306.o
                0x080046d8                OledSsd1306_Update
 .text.write_register
                0x0800476c       0x34 ./Core/Src/pca9685.o
 .text.read_register
                0x080047a0       0x48 ./Core/Src/pca9685.o
 .text.Pca9685_Init
                0x080047e8       0xf4 ./Core/Src/pca9685.o
                0x080047e8                Pca9685_Init
 .text.Pca9685_SetPwm
                0x080048dc       0x72 ./Core/Src/pca9685.o
                0x080048dc                Pca9685_SetPwm
 .text.PwmTiming_CalculatePrescale
                0x0800494e       0x5a ./Core/Src/pwm_timing.o
                0x0800494e                PwmTiming_CalculatePrescale
 .text.PwmTiming_PulseUsToCount
                0x080049a8      0x146 ./Core/Src/pwm_timing.o
                0x080049a8                PwmTiming_PulseUsToCount
 *fill*         0x08004aee        0x2 
 .text.PwmTiming_DefaultPulseUsToCount
                0x08004af0       0x30 ./Core/Src/pwm_timing.o
                0x08004af0                PwmTiming_DefaultPulseUsToCount
 .text.clamp_float
                0x08004b20       0x52 ./Core/Src/servo_control.o
 *fill*         0x08004b72        0x2 
 .text.ServoControl_AngleToPulse
                0x08004b74       0x74 ./Core/Src/servo_control.o
                0x08004b74                ServoControl_AngleToPulse
 .text.ServoControl_SpeedToPulse
                0x08004be8       0xa4 ./Core/Src/servo_control.o
                0x08004be8                ServoControl_SpeedToPulse
 .text.StatusLedTimer_Init
                0x08004c8c       0x22 ./Core/Src/status_led.o
                0x08004c8c                StatusLedTimer_Init
 .text.StatusLedTimer_Poll
                0x08004cae       0x36 ./Core/Src/status_led.o
                0x08004cae                StatusLedTimer_Poll
 .text.StickReceiver_Init
                0x08004ce4       0x22 ./Core/Src/stick_receiver.o
                0x08004ce4                StickReceiver_Init
 .text.StickReceiver_FeedFromIsr
                0x08004d06      0x17a ./Core/Src/stick_receiver.o
                0x08004d06                StickReceiver_FeedFromIsr
 .text.StickReceiver_Pop
                0x08004e80       0x96 ./Core/Src/stick_receiver.o
                0x08004e80                StickReceiver_Pop
 *fill*         0x08004f16        0x2 
 .text.parse_number
                0x08004f18       0xe0 ./Core/Src/stick_receiver.o
 .text.parse_direct_data
                0x08004ff8       0xac ./Core/Src/stick_receiver.o
 .text.StickReceiver_ParseJson
                0x080050a4       0x54 ./Core/Src/stick_receiver.o
                0x080050a4                StickReceiver_ParseJson
 .text.HAL_MspInit
                0x080050f8       0x50 ./Core/Src/stm32f4xx_hal_msp.o
                0x080050f8                HAL_MspInit
 .text.HAL_I2C_MspInit
                0x08005148       0xf8 ./Core/Src/stm32f4xx_hal_msp.o
                0x08005148                HAL_I2C_MspInit
 .text.HAL_UART_MspInit
                0x08005240      0x254 ./Core/Src/stm32f4xx_hal_msp.o
                0x08005240                HAL_UART_MspInit
 .text.NMI_Handler
                0x08005494        0x8 ./Core/Src/stm32f4xx_it.o
                0x08005494                NMI_Handler
 .text.HardFault_Handler
                0x0800549c        0x8 ./Core/Src/stm32f4xx_it.o
                0x0800549c                HardFault_Handler
 .text.MemManage_Handler
                0x080054a4        0x8 ./Core/Src/stm32f4xx_it.o
                0x080054a4                MemManage_Handler
 .text.BusFault_Handler
                0x080054ac        0x8 ./Core/Src/stm32f4xx_it.o
                0x080054ac                BusFault_Handler
 .text.UsageFault_Handler
                0x080054b4        0x8 ./Core/Src/stm32f4xx_it.o
                0x080054b4                UsageFault_Handler
 .text.SVC_Handler
                0x080054bc        0xe ./Core/Src/stm32f4xx_it.o
                0x080054bc                SVC_Handler
 .text.DebugMon_Handler
                0x080054ca        0xe ./Core/Src/stm32f4xx_it.o
                0x080054ca                DebugMon_Handler
 .text.PendSV_Handler
                0x080054d8        0xe ./Core/Src/stm32f4xx_it.o
                0x080054d8                PendSV_Handler
 .text.SysTick_Handler
                0x080054e6        0xc ./Core/Src/stm32f4xx_it.o
                0x080054e6                SysTick_Handler
 *fill*         0x080054f2        0x2 
 .text.DMA1_Stream5_IRQHandler
                0x080054f4       0x14 ./Core/Src/stm32f4xx_it.o
                0x080054f4                DMA1_Stream5_IRQHandler
 .text.USART2_IRQHandler
                0x08005508       0x14 ./Core/Src/stm32f4xx_it.o
                0x08005508                USART2_IRQHandler
 .text.USART3_IRQHandler
                0x0800551c       0x14 ./Core/Src/stm32f4xx_it.o
                0x0800551c                USART3_IRQHandler
 .text.DMA2_Stream2_IRQHandler
                0x08005530       0x14 ./Core/Src/stm32f4xx_it.o
                0x08005530                DMA2_Stream2_IRQHandler
 .text._getpid  0x08005544       0x10 ./Core/Src/syscalls.o
                0x08005544                _getpid
 .text._kill    0x08005554       0x20 ./Core/Src/syscalls.o
                0x08005554                _kill
 .text._exit    0x08005574       0x16 ./Core/Src/syscalls.o
                0x08005574                _exit
 .text._read    0x0800558a       0x3a ./Core/Src/syscalls.o
                0x0800558a                _read
 .text._write   0x080055c4       0x38 ./Core/Src/syscalls.o
                0x080055c4                _write
 .text._close   0x080055fc       0x18 ./Core/Src/syscalls.o
                0x080055fc                _close
 .text._fstat   0x08005614       0x20 ./Core/Src/syscalls.o
                0x08005614                _fstat
 .text._isatty  0x08005634       0x16 ./Core/Src/syscalls.o
                0x08005634                _isatty
 .text._lseek   0x0800564a       0x1a ./Core/Src/syscalls.o
                0x0800564a                _lseek
 .text._sbrk    0x08005664       0x6c ./Core/Src/sysmem.o
                0x08005664                _sbrk
 .text.SystemInit
                0x080056d0       0x24 ./Core/Src/system_stm32f4xx.o
                0x080056d0                SystemInit
 .text.Reset_Handler
                0x080056f4       0x50 ./Core/Startup/startup_stm32f407vetx.o
                0x080056f4                Reset_Handler
 .text.Default_Handler
                0x08005744        0x2 ./Core/Startup/startup_stm32f407vetx.o
                0x08005744                RTC_Alarm_IRQHandler
                0x08005744                HASH_RNG_IRQHandler
                0x08005744                EXTI2_IRQHandler
                0x08005744                TIM8_CC_IRQHandler
                0x08005744                TIM1_CC_IRQHandler
                0x08005744                DMA2_Stream5_IRQHandler
                0x08005744                PVD_IRQHandler
                0x08005744                SDIO_IRQHandler
                0x08005744                TAMP_STAMP_IRQHandler
                0x08005744                CAN2_RX1_IRQHandler
                0x08005744                EXTI3_IRQHandler
                0x08005744                TIM8_TRG_COM_TIM14_IRQHandler
                0x08005744                TIM1_UP_TIM10_IRQHandler
                0x08005744                TIM8_UP_TIM13_IRQHandler
                0x08005744                I2C3_ER_IRQHandler
                0x08005744                EXTI0_IRQHandler
                0x08005744                I2C2_EV_IRQHandler
                0x08005744                DMA1_Stream2_IRQHandler
                0x08005744                CAN1_RX0_IRQHandler
                0x08005744                FPU_IRQHandler
                0x08005744                OTG_HS_WKUP_IRQHandler
                0x08005744                CAN2_SCE_IRQHandler
                0x08005744                SPI1_IRQHandler
                0x08005744                TIM6_DAC_IRQHandler
                0x08005744                TIM1_BRK_TIM9_IRQHandler
                0x08005744                DCMI_IRQHandler
                0x08005744                CAN2_RX0_IRQHandler
                0x08005744                DMA2_Stream3_IRQHandler
                0x08005744                USART6_IRQHandler
                0x08005744                CAN1_RX1_IRQHandler
                0x08005744                UART5_IRQHandler
                0x08005744                DMA2_Stream0_IRQHandler
                0x08005744                TIM4_IRQHandler
                0x08005744                I2C1_EV_IRQHandler
                0x08005744                DMA1_Stream6_IRQHandler
                0x08005744                DMA1_Stream1_IRQHandler
                0x08005744                UART4_IRQHandler
                0x08005744                TIM3_IRQHandler
                0x08005744                RCC_IRQHandler
                0x08005744                TIM8_BRK_TIM12_IRQHandler
                0x08005744                Default_Handler
                0x08005744                EXTI15_10_IRQHandler
                0x08005744                ADC_IRQHandler
                0x08005744                DMA1_Stream7_IRQHandler
                0x08005744                TIM7_IRQHandler
                0x08005744                CAN2_TX_IRQHandler
                0x08005744                TIM5_IRQHandler
                0x08005744                DMA2_Stream7_IRQHandler
                0x08005744                I2C3_EV_IRQHandler
                0x08005744                EXTI9_5_IRQHandler
                0x08005744                RTC_WKUP_IRQHandler
                0x08005744                ETH_WKUP_IRQHandler
                0x08005744                SPI2_IRQHandler
                0x08005744                OTG_HS_EP1_IN_IRQHandler
                0x08005744                DMA1_Stream0_IRQHandler
                0x08005744                CAN1_TX_IRQHandler
                0x08005744                EXTI4_IRQHandler
                0x08005744                FSMC_IRQHandler
                0x08005744                ETH_IRQHandler
                0x08005744                OTG_HS_EP1_OUT_IRQHandler
                0x08005744                WWDG_IRQHandler
                0x08005744                TIM2_IRQHandler
                0x08005744                OTG_FS_WKUP_IRQHandler
                0x08005744                TIM1_TRG_COM_TIM11_IRQHandler
                0x08005744                OTG_HS_IRQHandler
                0x08005744                EXTI1_IRQHandler
                0x08005744                I2C2_ER_IRQHandler
                0x08005744                DMA2_Stream1_IRQHandler
                0x08005744                CAN1_SCE_IRQHandler
                0x08005744                FLASH_IRQHandler
                0x08005744                DMA2_Stream4_IRQHandler
                0x08005744                USART1_IRQHandler
                0x08005744                OTG_FS_IRQHandler
                0x08005744                SPI3_IRQHandler
                0x08005744                DMA1_Stream4_IRQHandler
                0x08005744                I2C1_ER_IRQHandler
                0x08005744                DMA2_Stream6_IRQHandler
                0x08005744                DMA1_Stream3_IRQHandler
 *fill*         0x08005746        0x2 
 .text.HAL_Init
                0x08005748       0x44 ./Drivers/STM32F4xx_HAL_Driver/Src/stm32f4xx_hal.o
                0x08005748                HAL_Init
 .text.HAL_InitTick
                0x0800578c       0x60 ./Drivers/STM32F4xx_HAL_Driver/Src/stm32f4xx_hal.o
                0x0800578c                HAL_InitTick
 .text.HAL_IncTick
                0x080057ec       0x28 ./Drivers/STM32F4xx_HAL_Driver/Src/stm32f4xx_hal.o
                0x080057ec                HAL_IncTick
 .text.HAL_GetTick
                0x08005814       0x18 ./Drivers/STM32F4xx_HAL_Driver/Src/stm32f4xx_hal.o
                0x08005814                HAL_GetTick
 .text.HAL_Delay
                0x0800582c       0x48 ./Drivers/STM32F4xx_HAL_Driver/Src/stm32f4xx_hal.o
                0x0800582c                HAL_Delay
 .text.__NVIC_SetPriorityGrouping
                0x08005874       0x48 ./Drivers/STM32F4xx_HAL_Driver/Src/stm32f4xx_hal_cortex.o
 .text.__NVIC_GetPriorityGrouping
                0x080058bc       0x1c ./Drivers/STM32F4xx_HAL_Driver/Src/stm32f4xx_hal_cortex.o
 .text.__NVIC_EnableIRQ
                0x080058d8       0x3c ./Drivers/STM32F4xx_HAL_Driver/Src/stm32f4xx_hal_cortex.o
 .text.__NVIC_SetPriority
                0x08005914       0x54 ./Drivers/STM32F4xx_HAL_Driver/Src/stm32f4xx_hal_cortex.o
 .text.NVIC_EncodePriority
                0x08005968       0x66 ./Drivers/STM32F4xx_HAL_Driver/Src/stm32f4xx_hal_cortex.o
 *fill*         0x080059ce        0x2 
 .text.SysTick_Config
                0x080059d0       0x44 ./Drivers/STM32F4xx_HAL_Driver/Src/stm32f4xx_hal_cortex.o
 .text.HAL_NVIC_SetPriorityGrouping
                0x08005a14       0x16 ./Drivers/STM32F4xx_HAL_Driver/Src/stm32f4xx_hal_cortex.o
                0x08005a14                HAL_NVIC_SetPriorityGrouping
 .text.HAL_NVIC_SetPriority
                0x08005a2a       0x38 ./Drivers/STM32F4xx_HAL_Driver/Src/stm32f4xx_hal_cortex.o
                0x08005a2a                HAL_NVIC_SetPriority
 .text.HAL_NVIC_EnableIRQ
                0x08005a62       0x1c ./Drivers/STM32F4xx_HAL_Driver/Src/stm32f4xx_hal_cortex.o
                0x08005a62                HAL_NVIC_EnableIRQ
 .text.HAL_SYSTICK_Config
                0x08005a7e       0x18 ./Drivers/STM32F4xx_HAL_Driver/Src/stm32f4xx_hal_cortex.o
                0x08005a7e                HAL_SYSTICK_Config
 *fill*         0x08005a96        0x2 
 .text.HAL_DMA_Init
                0x08005a98      0x15c ./Drivers/STM32F4xx_HAL_Driver/Src/stm32f4xx_hal_dma.o
                0x08005a98                HAL_DMA_Init
 .text.HAL_DMA_Start_IT
                0x08005bf4       0xb0 ./Drivers/STM32F4xx_HAL_Driver/Src/stm32f4xx_hal_dma.o
                0x08005bf4                HAL_DMA_Start_IT
 .text.HAL_DMA_Abort
                0x08005ca4       0xe0 ./Drivers/STM32F4xx_HAL_Driver/Src/stm32f4xx_hal_dma.o
                0x08005ca4                HAL_DMA_Abort
 .text.HAL_DMA_Abort_IT
                0x08005d84       0x44 ./Drivers/STM32F4xx_HAL_Driver/Src/stm32f4xx_hal_dma.o
                0x08005d84                HAL_DMA_Abort_IT
 .text.HAL_DMA_IRQHandler
                0x08005dc8      0x314 ./Drivers/STM32F4xx_HAL_Driver/Src/stm32f4xx_hal_dma.o
                0x08005dc8                HAL_DMA_IRQHandler
 .text.HAL_DMA_GetError
                0x080060dc       0x18 ./Drivers/STM32F4xx_HAL_Driver/Src/stm32f4xx_hal_dma.o
                0x080060dc                HAL_DMA_GetError
 .text.DMA_SetConfig
                0x080060f4       0x5c ./Drivers/STM32F4xx_HAL_Driver/Src/stm32f4xx_hal_dma.o
 .text.DMA_CalcBaseAndBitshift
                0x08006150       0x6c ./Drivers/STM32F4xx_HAL_Driver/Src/stm32f4xx_hal_dma.o
 .text.DMA_CheckFifoParam
                0x080061bc       0xf8 ./Drivers/STM32F4xx_HAL_Driver/Src/stm32f4xx_hal_dma.o
 .text.HAL_GPIO_Init
                0x080062b4      0x338 ./Drivers/STM32F4xx_HAL_Driver/Src/stm32f4xx_hal_gpio.o
                0x080062b4                HAL_GPIO_Init
 .text.HAL_GPIO_WritePin
                0x080065ec       0x32 ./Drivers/STM32F4xx_HAL_Driver/Src/stm32f4xx_hal_gpio.o
                0x080065ec                HAL_GPIO_WritePin
 .text.HAL_GPIO_TogglePin
                0x0800661e       0x34 ./Drivers/STM32F4xx_HAL_Driver/Src/stm32f4xx_hal_gpio.o
                0x0800661e                HAL_GPIO_TogglePin
 *fill*         0x08006652        0x2 
 .text.HAL_I2C_Init
                0x08006654      0x288 ./Drivers/STM32F4xx_HAL_Driver/Src/stm32f4xx_hal_i2c.o
                0x08006654                HAL_I2C_Init
 .text.HAL_I2C_Master_Transmit
                0x080068dc      0x1fc ./Drivers/STM32F4xx_HAL_Driver/Src/stm32f4xx_hal_i2c.o
                0x080068dc                HAL_I2C_Master_Transmit
 .text.HAL_I2C_Master_Receive
                0x08006ad8      0x464 ./Drivers/STM32F4xx_HAL_Driver/Src/stm32f4xx_hal_i2c.o
                0x08006ad8                HAL_I2C_Master_Receive
 .text.HAL_I2C_IsDeviceReady
                0x08006f3c      0x25c ./Drivers/STM32F4xx_HAL_Driver/Src/stm32f4xx_hal_i2c.o
                0x08006f3c                HAL_I2C_IsDeviceReady
 .text.I2C_MasterRequestWrite
                0x08007198      0x104 ./Drivers/STM32F4xx_HAL_Driver/Src/stm32f4xx_hal_i2c.o
 .text.I2C_MasterRequestRead
                0x0800729c      0x19c ./Drivers/STM32F4xx_HAL_Driver/Src/stm32f4xx_hal_i2c.o
 .text.I2C_WaitOnFlagUntilTimeout
                0x08007438       0xf4 ./Drivers/STM32F4xx_HAL_Driver/Src/stm32f4xx_hal_i2c.o
 .text.I2C_WaitOnMasterAddressFlagUntilTimeout
                0x0800752c      0x140 ./Drivers/STM32F4xx_HAL_Driver/Src/stm32f4xx_hal_i2c.o
 .text.I2C_WaitOnTXEFlagUntilTimeout
                0x0800766c       0x90 ./Drivers/STM32F4xx_HAL_Driver/Src/stm32f4xx_hal_i2c.o
 .text.I2C_WaitOnBTFFlagUntilTimeout
                0x080076fc       0x90 ./Drivers/STM32F4xx_HAL_Driver/Src/stm32f4xx_hal_i2c.o
 .text.I2C_WaitOnRXNEFlagUntilTimeout
                0x0800778c       0xba ./Drivers/STM32F4xx_HAL_Driver/Src/stm32f4xx_hal_i2c.o
 .text.I2C_IsAcknowledgeFailed
                0x08007846       0x5e ./Drivers/STM32F4xx_HAL_Driver/Src/stm32f4xx_hal_i2c.o
 .text.HAL_RCC_OscConfig
                0x080078a4      0x4f0 ./Drivers/STM32F4xx_HAL_Driver/Src/stm32f4xx_hal_rcc.o
                0x080078a4                HAL_RCC_OscConfig
 .text.HAL_RCC_ClockConfig
                0x08007d94      0x1cc ./Drivers/STM32F4xx_HAL_Driver/Src/stm32f4xx_hal_rcc.o
                0x08007d94                HAL_RCC_ClockConfig
 .text.HAL_RCC_GetSysClockFreq
                0x08007f60      0x20c ./Drivers/STM32F4xx_HAL_Driver/Src/stm32f4xx_hal_rcc.o
                0x08007f60                HAL_RCC_GetSysClockFreq
 .text.HAL_RCC_GetHCLKFreq
                0x0800816c       0x18 ./Drivers/STM32F4xx_HAL_Driver/Src/stm32f4xx_hal_rcc.o
                0x0800816c                HAL_RCC_GetHCLKFreq
 .text.HAL_RCC_GetPCLK1Freq
                0x08008184       0x28 ./Drivers/STM32F4xx_HAL_Driver/Src/stm32f4xx_hal_rcc.o
                0x08008184                HAL_RCC_GetPCLK1Freq
 .text.HAL_RCC_GetPCLK2Freq
                0x080081ac       0x28 ./Drivers/STM32F4xx_HAL_Driver/Src/stm32f4xx_hal_rcc.o
                0x080081ac                HAL_RCC_GetPCLK2Freq
 .text.HAL_UART_Init
                0x080081d4       0xa0 ./Drivers/STM32F4xx_HAL_Driver/Src/stm32f4xx_hal_uart.o
                0x080081d4                HAL_UART_Init
 .text.HAL_UART_Transmit_IT
                0x08008274       0x6c ./Drivers/STM32F4xx_HAL_Driver/Src/stm32f4xx_hal_uart.o
                0x08008274                HAL_UART_Transmit_IT
 .text.HAL_UART_Receive_IT
                0x080082e0       0x4a ./Drivers/STM32F4xx_HAL_Driver/Src/stm32f4xx_hal_uart.o
                0x080082e0                HAL_UART_Receive_IT
 .text.HAL_UART_Receive_DMA
                0x0800832a       0x4a ./Drivers/STM32F4xx_HAL_Driver/Src/stm32f4xx_hal_uart.o
                0x0800832a                HAL_UART_Receive_DMA
 .text.HAL_UARTEx_ReceiveToIdle_DMA
                0x08008374       0xb2 ./Drivers/STM32F4xx_HAL_Driver/Src/stm32f4xx_hal_uart.o
                0x08008374                HAL_UARTEx_ReceiveToIdle_DMA
 .text.HAL_UART_Abort
                0x08008426      0x1d6 ./Drivers/STM32F4xx_HAL_Driver/Src/stm32f4xx_hal_uart.o
                0x08008426                HAL_UART_Abort
 .text.HAL_UART_AbortReceive
                0x080085fc      0x146 ./Drivers/STM32F4xx_HAL_Driver/Src/stm32f4xx_hal_uart.o
                0x080085fc                HAL_UART_AbortReceive
 *fill*         0x08008742        0x2 
 .text.HAL_UART_IRQHandler
                0x08008744      0x554 ./Drivers/STM32F4xx_HAL_Driver/Src/stm32f4xx_hal_uart.o
                0x08008744                HAL_UART_IRQHandler
 .text.HAL_UART_RxHalfCpltCallback
                0x08008c98       0x14 ./Drivers/STM32F4xx_HAL_Driver/Src/stm32f4xx_hal_uart.o
                0x08008c98                HAL_UART_RxHalfCpltCallback
 .text.UART_DMAReceiveCplt
                0x08008cac      0x12c ./Drivers/STM32F4xx_HAL_Driver/Src/stm32f4xx_hal_uart.o
 .text.UART_DMARxHalfCplt
                0x08008dd8       0x3c ./Drivers/STM32F4xx_HAL_Driver/Src/stm32f4xx_hal_uart.o
 .text.UART_DMAError
                0x08008e14       0x94 ./Drivers/STM32F4xx_HAL_Driver/Src/stm32f4xx_hal_uart.o
 .text.UART_Start_Receive_IT
                0x08008ea8       0x74 ./Drivers/STM32F4xx_HAL_Driver/Src/stm32f4xx_hal_uart.o
                0x08008ea8                UART_Start_Receive_IT
 .text.UART_Start_Receive_DMA
                0x08008f1c      0x14c ./Drivers/STM32F4xx_HAL_Driver/Src/stm32f4xx_hal_uart.o
                0x08008f1c                UART_Start_Receive_DMA
 .text.UART_EndTxTransfer
                0x08009068       0x50 ./Drivers/STM32F4xx_HAL_Driver/Src/stm32f4xx_hal_uart.o
 .text.UART_EndRxTransfer
                0x080090b8       0xc6 ./Drivers/STM32F4xx_HAL_Driver/Src/stm32f4xx_hal_uart.o
 .text.UART_DMAAbortOnError
                0x0800917e       0x22 ./Drivers/STM32F4xx_HAL_Driver/Src/stm32f4xx_hal_uart.o
 .text.UART_Transmit_IT
                0x080091a0       0xa0 ./Drivers/STM32F4xx_HAL_Driver/Src/stm32f4xx_hal_uart.o
 .text.UART_EndTransmit_IT
                0x08009240       0x30 ./Drivers/STM32F4xx_HAL_Driver/Src/stm32f4xx_hal_uart.o
 .text.UART_Receive_IT
                0x08009270      0x17c ./Drivers/STM32F4xx_HAL_Driver/Src/stm32f4xx_hal_uart.o
 .text.UART_SetConfig
                0x080093ec      0x4e8 ./Drivers/STM32F4xx_HAL_Driver/Src/stm32f4xx_hal_uart.o
 .text.sulp     0x080098d4       0x3c D:/app/cubeIDE/STM32CubeIDE_2.1.1/STM32CubeIDE/plugins/com.st.stm32cube.ide.mcu.externaltools.gnu-tools-for-stm32.14.3.rel1.win32_1.0.100.202602081740/tools/bin/../lib/gcc/arm-none-eabi/14.3.1/../../../../arm-none-eabi/lib/thumb/v7e-m+fp/hard\libc_nano.a(libc_a-strtod.o)
 .text._strtod_l
                0x08009910      0xbb8 D:/app/cubeIDE/STM32CubeIDE_2.1.1/STM32CubeIDE/plugins/com.st.stm32cube.ide.mcu.externaltools.gnu-tools-for-stm32.14.3.rel1.win32_1.0.100.202602081740/tools/bin/../lib/gcc/arm-none-eabi/14.3.1/../../../../arm-none-eabi/lib/thumb/v7e-m+fp/hard\libc_nano.a(libc_a-strtod.o)
                0x08009910                _strtod_l
 .text.strtof   0x0800a4c8       0xc8 D:/app/cubeIDE/STM32CubeIDE_2.1.1/STM32CubeIDE/plugins/com.st.stm32cube.ide.mcu.externaltools.gnu-tools-for-stm32.14.3.rel1.win32_1.0.100.202602081740/tools/bin/../lib/gcc/arm-none-eabi/14.3.1/../../../../arm-none-eabi/lib/thumb/v7e-m+fp/hard\libc_nano.a(libc_a-strtod.o)
                0x0800a4c8                strtof
 .text.__cvt    0x0800a590       0xca D:/app/cubeIDE/STM32CubeIDE_2.1.1/STM32CubeIDE/plugins/com.st.stm32cube.ide.mcu.externaltools.gnu-tools-for-stm32.14.3.rel1.win32_1.0.100.202602081740/tools/bin/../lib/gcc/arm-none-eabi/14.3.1/../../../../arm-none-eabi/lib/thumb/v7e-m+fp/hard\libc_nano.a(libc_a-nano-vfprintf_float.o)
                0x0800a590                __cvt
 .text.__exponent
                0x0800a65a       0x74 D:/app/cubeIDE/STM32CubeIDE_2.1.1/STM32CubeIDE/plugins/com.st.stm32cube.ide.mcu.externaltools.gnu-tools-for-stm32.14.3.rel1.win32_1.0.100.202602081740/tools/bin/../lib/gcc/arm-none-eabi/14.3.1/../../../../arm-none-eabi/lib/thumb/v7e-m+fp/hard\libc_nano.a(libc_a-nano-vfprintf_float.o)
                0x0800a65a                __exponent
 *fill*         0x0800a6ce        0x2 
 .text._printf_float
                0x0800a6d0      0x450 D:/app/cubeIDE/STM32CubeIDE_2.1.1/STM32CubeIDE/plugins/com.st.stm32cube.ide.mcu.externaltools.gnu-tools-for-stm32.14.3.rel1.win32_1.0.100.202602081740/tools/bin/../lib/gcc/arm-none-eabi/14.3.1/../../../../arm-none-eabi/lib/thumb/v7e-m+fp/hard\libc_nano.a(libc_a-nano-vfprintf_float.o)
                0x0800a6d0                _printf_float
 .text._printf_common
                0x0800ab20       0xda D:/app/cubeIDE/STM32CubeIDE_2.1.1/STM32CubeIDE/plugins/com.st.stm32cube.ide.mcu.externaltools.gnu-tools-for-stm32.14.3.rel1.win32_1.0.100.202602081740/tools/bin/../lib/gcc/arm-none-eabi/14.3.1/../../../../arm-none-eabi/lib/thumb/v7e-m+fp/hard\libc_nano.a(libc_a-nano-vfprintf_i.o)
                0x0800ab20                _printf_common
 *fill*         0x0800abfa        0x2 
 .text._printf_i
                0x0800abfc      0x24c D:/app/cubeIDE/STM32CubeIDE_2.1.1/STM32CubeIDE/plugins/com.st.stm32cube.ide.mcu.externaltools.gnu-tools-for-stm32.14.3.rel1.win32_1.0.100.202602081740/tools/bin/../lib/gcc/arm-none-eabi/14.3.1/../../../../arm-none-eabi/lib/thumb/v7e-m+fp/hard\libc_nano.a(libc_a-nano-vfprintf_i.o)
                0x0800abfc                _printf_i
 .text.std      0x0800ae48       0x6c D:/app/cubeIDE/STM32CubeIDE_2.1.1/STM32CubeIDE/plugins/com.st.stm32cube.ide.mcu.externaltools.gnu-tools-for-stm32.14.3.rel1.win32_1.0.100.202602081740/tools/bin/../lib/gcc/arm-none-eabi/14.3.1/../../../../arm-none-eabi/lib/thumb/v7e-m+fp/hard\libc_nano.a(libc_a-findfp.o)
 .text.stdio_exit_handler
                0x0800aeb4       0x18 D:/app/cubeIDE/STM32CubeIDE_2.1.1/STM32CubeIDE/plugins/com.st.stm32cube.ide.mcu.externaltools.gnu-tools-for-stm32.14.3.rel1.win32_1.0.100.202602081740/tools/bin/../lib/gcc/arm-none-eabi/14.3.1/../../../../arm-none-eabi/lib/thumb/v7e-m+fp/hard\libc_nano.a(libc_a-findfp.o)
 .text.cleanup_stdio
                0x0800aecc       0x40 D:/app/cubeIDE/STM32CubeIDE_2.1.1/STM32CubeIDE/plugins/com.st.stm32cube.ide.mcu.externaltools.gnu-tools-for-stm32.14.3.rel1.win32_1.0.100.202602081740/tools/bin/../lib/gcc/arm-none-eabi/14.3.1/../../../../arm-none-eabi/lib/thumb/v7e-m+fp/hard\libc_nano.a(libc_a-findfp.o)
 .text.global_stdio_init.part.0
                0x0800af0c       0x40 D:/app/cubeIDE/STM32CubeIDE_2.1.1/STM32CubeIDE/plugins/com.st.stm32cube.ide.mcu.externaltools.gnu-tools-for-stm32.14.3.rel1.win32_1.0.100.202602081740/tools/bin/../lib/gcc/arm-none-eabi/14.3.1/../../../../arm-none-eabi/lib/thumb/v7e-m+fp/hard\libc_nano.a(libc_a-findfp.o)
 .text.__sfp_lock_acquire
                0x0800af4c        0xc D:/app/cubeIDE/STM32CubeIDE_2.1.1/STM32CubeIDE/plugins/com.st.stm32cube.ide.mcu.externaltools.gnu-tools-for-stm32.14.3.rel1.win32_1.0.100.202602081740/tools/bin/../lib/gcc/arm-none-eabi/14.3.1/../../../../arm-none-eabi/lib/thumb/v7e-m+fp/hard\libc_nano.a(libc_a-findfp.o)
                0x0800af4c                __sfp_lock_acquire
 .text.__sfp_lock_release
                0x0800af58        0xc D:/app/cubeIDE/STM32CubeIDE_2.1.1/STM32CubeIDE/plugins/com.st.stm32cube.ide.mcu.externaltools.gnu-tools-for-stm32.14.3.rel1.win32_1.0.100.202602081740/tools/bin/../lib/gcc/arm-none-eabi/14.3.1/../../../../arm-none-eabi/lib/thumb/v7e-m+fp/hard\libc_nano.a(libc_a-findfp.o)
                0x0800af58                __sfp_lock_release
 .text.__sinit  0x0800af64       0x30 D:/app/cubeIDE/STM32CubeIDE_2.1.1/STM32CubeIDE/plugins/com.st.stm32cube.ide.mcu.externaltools.gnu-tools-for-stm32.14.3.rel1.win32_1.0.100.202602081740/tools/bin/../lib/gcc/arm-none-eabi/14.3.1/../../../../arm-none-eabi/lib/thumb/v7e-m+fp/hard\libc_nano.a(libc_a-findfp.o)
                0x0800af64                __sinit
 .text._fwalk_sglue
                0x0800af94       0x3c D:/app/cubeIDE/STM32CubeIDE_2.1.1/STM32CubeIDE/plugins/com.st.stm32cube.ide.mcu.externaltools.gnu-tools-for-stm32.14.3.rel1.win32_1.0.100.202602081740/tools/bin/../lib/gcc/arm-none-eabi/14.3.1/../../../../arm-none-eabi/lib/thumb/v7e-m+fp/hard\libc_nano.a(libc_a-fwalk.o)
                0x0800af94                _fwalk_sglue
 .text.snprintf
                0x0800afd0       0x6c D:/app/cubeIDE/STM32CubeIDE_2.1.1/STM32CubeIDE/plugins/com.st.stm32cube.ide.mcu.externaltools.gnu-tools-for-stm32.14.3.rel1.win32_1.0.100.202602081740/tools/bin/../lib/gcc/arm-none-eabi/14.3.1/../../../../arm-none-eabi/lib/thumb/v7e-m+fp/hard\libc_nano.a(libc_a-snprintf.o)
                0x0800afd0                sniprintf
                0x0800afd0                snprintf
 .text.__sread  0x0800b03c       0x22 D:/app/cubeIDE/STM32CubeIDE_2.1.1/STM32CubeIDE/plugins/com.st.stm32cube.ide.mcu.externaltools.gnu-tools-for-stm32.14.3.rel1.win32_1.0.100.202602081740/tools/bin/../lib/gcc/arm-none-eabi/14.3.1/../../../../arm-none-eabi/lib/thumb/v7e-m+fp/hard\libc_nano.a(libc_a-stdio.o)
                0x0800b03c                __sread
 .text.__swrite
                0x0800b05e       0x38 D:/app/cubeIDE/STM32CubeIDE_2.1.1/STM32CubeIDE/plugins/com.st.stm32cube.ide.mcu.externaltools.gnu-tools-for-stm32.14.3.rel1.win32_1.0.100.202602081740/tools/bin/../lib/gcc/arm-none-eabi/14.3.1/../../../../arm-none-eabi/lib/thumb/v7e-m+fp/hard\libc_nano.a(libc_a-stdio.o)
                0x0800b05e                __swrite
 .text.__sseek  0x0800b096       0x26 D:/app/cubeIDE/STM32CubeIDE_2.1.1/STM32CubeIDE/plugins/com.st.stm32cube.ide.mcu.externaltools.gnu-tools-for-stm32.14.3.rel1.win32_1.0.100.202602081740/tools/bin/../lib/gcc/arm-none-eabi/14.3.1/../../../../arm-none-eabi/lib/thumb/v7e-m+fp/hard\libc_nano.a(libc_a-stdio.o)
                0x0800b096                __sseek
 .text.__sclose
                0x0800b0bc        0x8 D:/app/cubeIDE/STM32CubeIDE_2.1.1/STM32CubeIDE/plugins/com.st.stm32cube.ide.mcu.externaltools.gnu-tools-for-stm32.14.3.rel1.win32_1.0.100.202602081740/tools/bin/../lib/gcc/arm-none-eabi/14.3.1/../../../../arm-none-eabi/lib/thumb/v7e-m+fp/hard\libc_nano.a(libc_a-stdio.o)
                0x0800b0bc                __sclose
 .text.memmove  0x0800b0c4       0x32 D:/app/cubeIDE/STM32CubeIDE_2.1.1/STM32CubeIDE/plugins/com.st.stm32cube.ide.mcu.externaltools.gnu-tools-for-stm32.14.3.rel1.win32_1.0.100.202602081740/tools/bin/../lib/gcc/arm-none-eabi/14.3.1/../../../../arm-none-eabi/lib/thumb/v7e-m+fp/hard\libc_nano.a(libc_a-memmove.o)
                0x0800b0c4                memmove
 .text.memset   0x0800b0f6       0x10 D:/app/cubeIDE/STM32CubeIDE_2.1.1/STM32CubeIDE/plugins/com.st.stm32cube.ide.mcu.externaltools.gnu-tools-for-stm32.14.3.rel1.win32_1.0.100.202602081740/tools/bin/../lib/gcc/arm-none-eabi/14.3.1/../../../../arm-none-eabi/lib/thumb/v7e-m+fp/hard\libc_nano.a(libc_a-memset.o)
                0x0800b0f6                memset
 .text.strncmp  0x0800b106       0x24 D:/app/cubeIDE/STM32CubeIDE_2.1.1/STM32CubeIDE/plugins/com.st.stm32cube.ide.mcu.externaltools.gnu-tools-for-stm32.14.3.rel1.win32_1.0.100.202602081740/tools/bin/../lib/gcc/arm-none-eabi/14.3.1/../../../../arm-none-eabi/lib/thumb/v7e-m+fp/hard\libc_nano.a(libc_a-strncmp.o)
                0x0800b106                strncmp
 .text.strstr   0x0800b12a       0x2c D:/app/cubeIDE/STM32CubeIDE_2.1.1/STM32CubeIDE/plugins/com.st.stm32cube.ide.mcu.externaltools.gnu-tools-for-stm32.14.3.rel1.win32_1.0.100.202602081740/tools/bin/../lib/gcc/arm-none-eabi/14.3.1/../../../../arm-none-eabi/lib/thumb/v7e-m+fp/hard\libc_nano.a(libc_a-strstr.o)
                0x0800b12a                strstr
 *fill*         0x0800b156        0x2 
 .text._localeconv_r
                0x0800b158        0x8 D:/app/cubeIDE/STM32CubeIDE_2.1.1/STM32CubeIDE/plugins/com.st.stm32cube.ide.mcu.externaltools.gnu-tools-for-stm32.14.3.rel1.win32_1.0.100.202602081740/tools/bin/../lib/gcc/arm-none-eabi/14.3.1/../../../../arm-none-eabi/lib/thumb/v7e-m+fp/hard\libc_nano.a(libc_a-localeconv.o)
                0x0800b158                _localeconv_r
 .text._close_r
                0x0800b160       0x20 D:/app/cubeIDE/STM32CubeIDE_2.1.1/STM32CubeIDE/plugins/com.st.stm32cube.ide.mcu.externaltools.gnu-tools-for-stm32.14.3.rel1.win32_1.0.100.202602081740/tools/bin/../lib/gcc/arm-none-eabi/14.3.1/../../../../arm-none-eabi/lib/thumb/v7e-m+fp/hard\libc_nano.a(libc_a-closer.o)
                0x0800b160                _close_r
 .text._lseek_r
                0x0800b180       0x24 D:/app/cubeIDE/STM32CubeIDE_2.1.1/STM32CubeIDE/plugins/com.st.stm32cube.ide.mcu.externaltools.gnu-tools-for-stm32.14.3.rel1.win32_1.0.100.202602081740/tools/bin/../lib/gcc/arm-none-eabi/14.3.1/../../../../arm-none-eabi/lib/thumb/v7e-m+fp/hard\libc_nano.a(libc_a-lseekr.o)
                0x0800b180                _lseek_r
 .text._read_r  0x0800b1a4       0x24 D:/app/cubeIDE/STM32CubeIDE_2.1.1/STM32CubeIDE/plugins/com.st.stm32cube.ide.mcu.externaltools.gnu-tools-for-stm32.14.3.rel1.win32_1.0.100.202602081740/tools/bin/../lib/gcc/arm-none-eabi/14.3.1/../../../../arm-none-eabi/lib/thumb/v7e-m+fp/hard\libc_nano.a(libc_a-readr.o)
                0x0800b1a4                _read_r
 .text._write_r
                0x0800b1c8       0x24 D:/app/cubeIDE/STM32CubeIDE_2.1.1/STM32CubeIDE/plugins/com.st.stm32cube.ide.mcu.externaltools.gnu-tools-for-stm32.14.3.rel1.win32_1.0.100.202602081740/tools/bin/../lib/gcc/arm-none-eabi/14.3.1/../../../../arm-none-eabi/lib/thumb/v7e-m+fp/hard\libc_nano.a(libc_a-writer.o)
                0x0800b1c8                _write_r
 .text.__errno  0x0800b1ec        0xc D:/app/cubeIDE/STM32CubeIDE_2.1.1/STM32CubeIDE/plugins/com.st.stm32cube.ide.mcu.externaltools.gnu-tools-for-stm32.14.3.rel1.win32_1.0.100.202602081740/tools/bin/../lib/gcc/arm-none-eabi/14.3.1/../../../../arm-none-eabi/lib/thumb/v7e-m+fp/hard\libc_nano.a(libc_a-errno.o)
                0x0800b1ec                __errno
 .text.__libc_init_array
                0x0800b1f8       0x48 D:/app/cubeIDE/STM32CubeIDE_2.1.1/STM32CubeIDE/plugins/com.st.stm32cube.ide.mcu.externaltools.gnu-tools-for-stm32.14.3.rel1.win32_1.0.100.202602081740/tools/bin/../lib/gcc/arm-none-eabi/14.3.1/../../../../arm-none-eabi/lib/thumb/v7e-m+fp/hard\libc_nano.a(libc_a-init.o)
                0x0800b1f8                __libc_init_array
 .text.__retarget_lock_init_recursive
                0x0800b240        0x2 D:/app/cubeIDE/STM32CubeIDE_2.1.1/STM32CubeIDE/plugins/com.st.stm32cube.ide.mcu.externaltools.gnu-tools-for-stm32.14.3.rel1.win32_1.0.100.202602081740/tools/bin/../lib/gcc/arm-none-eabi/14.3.1/../../../../arm-none-eabi/lib/thumb/v7e-m+fp/hard\libc_nano.a(libc_a-lock.o)
                0x0800b240                __retarget_lock_init_recursive
 .text.__retarget_lock_acquire_recursive
                0x0800b242        0x2 D:/app/cubeIDE/STM32CubeIDE_2.1.1/STM32CubeIDE/plugins/com.st.stm32cube.ide.mcu.externaltools.gnu-tools-for-stm32.14.3.rel1.win32_1.0.100.202602081740/tools/bin/../lib/gcc/arm-none-eabi/14.3.1/../../../../arm-none-eabi/lib/thumb/v7e-m+fp/hard\libc_nano.a(libc_a-lock.o)
                0x0800b242                __retarget_lock_acquire_recursive
 .text.__retarget_lock_release_recursive
                0x0800b244        0x2 D:/app/cubeIDE/STM32CubeIDE_2.1.1/STM32CubeIDE/plugins/com.st.stm32cube.ide.mcu.externaltools.gnu-tools-for-stm32.14.3.rel1.win32_1.0.100.202602081740/tools/bin/../lib/gcc/arm-none-eabi/14.3.1/../../../../arm-none-eabi/lib/thumb/v7e-m+fp/hard\libc_nano.a(libc_a-lock.o)
                0x0800b244                __retarget_lock_release_recursive
 .text.memcpy   0x0800b246       0x1c D:/app/cubeIDE/STM32CubeIDE_2.1.1/STM32CubeIDE/plugins/com.st.stm32cube.ide.mcu.externaltools.gnu-tools-for-stm32.14.3.rel1.win32_1.0.100.202602081740/tools/bin/../lib/gcc/arm-none-eabi/14.3.1/../../../../arm-none-eabi/lib/thumb/v7e-m+fp/hard\libc_nano.a(libc_a-memcpy-stub.o)
                0x0800b246                memcpy
 *fill*         0x0800b262        0x6 
 .text.nan      0x0800b268       0x10 D:/app/cubeIDE/STM32CubeIDE_2.1.1/STM32CubeIDE/plugins/com.st.stm32cube.ide.mcu.externaltools.gnu-tools-for-stm32.14.3.rel1.win32_1.0.100.202602081740/tools/bin/../lib/gcc/arm-none-eabi/14.3.1/../../../../arm-none-eabi/lib/thumb/v7e-m+fp/hard\libc_nano.a(libm_a-s_nan.o)
                0x0800b268                nan
 .text.nanf     0x0800b278        0xc D:/app/cubeIDE/STM32CubeIDE_2.1.1/STM32CubeIDE/plugins/com.st.stm32cube.ide.mcu.externaltools.gnu-tools-for-stm32.14.3.rel1.win32_1.0.100.202602081740/tools/bin/../lib/gcc/arm-none-eabi/14.3.1/../../../../arm-none-eabi/lib/thumb/v7e-m+fp/hard\libc_nano.a(libm_a-sf_nan.o)
                0x0800b278                nanf
 .text.quorem   0x0800b284      0x110 D:/app/cubeIDE/STM32CubeIDE_2.1.1/STM32CubeIDE/plugins/com.st.stm32cube.ide.mcu.externaltools.gnu-tools-for-stm32.14.3.rel1.win32_1.0.100.202602081740/tools/bin/../lib/gcc/arm-none-eabi/14.3.1/../../../../arm-none-eabi/lib/thumb/v7e-m+fp/hard\libc_nano.a(libc_a-dtoa.o)
 *fill*         0x0800b394        0x4 
 .text._dtoa_r  0x0800b398      0xbb8 D:/app/cubeIDE/STM32CubeIDE_2.1.1/STM32CubeIDE/plugins/com.st.stm32cube.ide.mcu.externaltools.gnu-tools-for-stm32.14.3.rel1.win32_1.0.100.202602081740/tools/bin/../lib/gcc/arm-none-eabi/14.3.1/../../../../arm-none-eabi/lib/thumb/v7e-m+fp/hard\libc_nano.a(libc_a-dtoa.o)
                0x0800b398                _dtoa_r
 .text._free_r  0x0800bf50       0x94 D:/app/cubeIDE/STM32CubeIDE_2.1.1/STM32CubeIDE/plugins/com.st.stm32cube.ide.mcu.externaltools.gnu-tools-for-stm32.14.3.rel1.win32_1.0.100.202602081740/tools/bin/../lib/gcc/arm-none-eabi/14.3.1/../../../../arm-none-eabi/lib/thumb/v7e-m+fp/hard\libc_nano.a(libc_a-freer.o)
                0x0800bf50                _free_r
 .text.rshift   0x0800bfe4       0xa4 D:/app/cubeIDE/STM32CubeIDE_2.1.1/STM32CubeIDE/plugins/com.st.stm32cube.ide.mcu.externaltools.gnu-tools-for-stm32.14.3.rel1.win32_1.0.100.202602081740/tools/bin/../lib/gcc/arm-none-eabi/14.3.1/../../../../arm-none-eabi/lib/thumb/v7e-m+fp/hard\libc_nano.a(libc_a-gdtoa-gethex.o)
 .text.__hexdig_fun
                0x0800c088       0x2a D:/app/cubeIDE/STM32CubeIDE_2.1.1/STM32CubeIDE/plugins/com.st.stm32cube.ide.mcu.externaltools.gnu-tools-for-stm32.14.3.rel1.win32_1.0.100.202602081740/tools/bin/../lib/gcc/arm-none-eabi/14.3.1/../../../../arm-none-eabi/lib/thumb/v7e-m+fp/hard\libc_nano.a(libc_a-gdtoa-gethex.o)
                0x0800c088                __hexdig_fun
 *fill*         0x0800c0b2        0x2 
 .text.__gethex
                0x0800c0b4      0x420 D:/app/cubeIDE/STM32CubeIDE_2.1.1/STM32CubeIDE/plugins/com.st.stm32cube.ide.mcu.externaltools.gnu-tools-for-stm32.14.3.rel1.win32_1.0.100.202602081740/tools/bin/../lib/gcc/arm-none-eabi/14.3.1/../../../../arm-none-eabi/lib/thumb/v7e-m+fp/hard\libc_nano.a(libc_a-gdtoa-gethex.o)
                0x0800c0b4                __gethex
 .text.L_shift  0x0800c4d4       0x24 D:/app/cubeIDE/STM32CubeIDE_2.1.1/STM32CubeIDE/plugins/com.st.stm32cube.ide.mcu.externaltools.gnu-tools-for-stm32.14.3.rel1.win32_1.0.100.202602081740/tools/bin/../lib/gcc/arm-none-eabi/14.3.1/../../../../arm-none-eabi/lib/thumb/v7e-m+fp/hard\libc_nano.a(libc_a-gdtoa-hexnan.o)
 .text.__match  0x0800c4f8       0x28 D:/app/cubeIDE/STM32CubeIDE_2.1.1/STM32CubeIDE/plugins/com.st.stm32cube.ide.mcu.externaltools.gnu-tools-for-stm32.14.3.rel1.win32_1.0.100.202602081740/tools/bin/../lib/gcc/arm-none-eabi/14.3.1/../../../../arm-none-eabi/lib/thumb/v7e-m+fp/hard\libc_nano.a(libc_a-gdtoa-hexnan.o)
                0x0800c4f8                __match
 .text.__hexnan
                0x0800c520      0x13a D:/app/cubeIDE/STM32CubeIDE_2.1.1/STM32CubeIDE/plugins/com.st.stm32cube.ide.mcu.externaltools.gnu-tools-for-stm32.14.3.rel1.win32_1.0.100.202602081740/tools/bin/../lib/gcc/arm-none-eabi/14.3.1/../../../../arm-none-eabi/lib/thumb/v7e-m+fp/hard\libc_nano.a(libc_a-gdtoa-hexnan.o)
                0x0800c520                __hexnan
 *fill*         0x0800c65a        0x2 
 .text.malloc   0x0800c65c       0x10 D:/app/cubeIDE/STM32CubeIDE_2.1.1/STM32CubeIDE/plugins/com.st.stm32cube.ide.mcu.externaltools.gnu-tools-for-stm32.14.3.rel1.win32_1.0.100.202602081740/tools/bin/../lib/gcc/arm-none-eabi/14.3.1/../../../../arm-none-eabi/lib/thumb/v7e-m+fp/hard\libc_nano.a(libc_a-malloc.o)
                0x0800c65c                malloc
 .text.sbrk_aligned
                0x0800c66c       0x44 D:/app/cubeIDE/STM32CubeIDE_2.1.1/STM32CubeIDE/plugins/com.st.stm32cube.ide.mcu.externaltools.gnu-tools-for-stm32.14.3.rel1.win32_1.0.100.202602081740/tools/bin/../lib/gcc/arm-none-eabi/14.3.1/../../../../arm-none-eabi/lib/thumb/v7e-m+fp/hard\libc_nano.a(libc_a-mallocr.o)
 .text._malloc_r
                0x0800c6b0      0x100 D:/app/cubeIDE/STM32CubeIDE_2.1.1/STM32CubeIDE/plugins/com.st.stm32cube.ide.mcu.externaltools.gnu-tools-for-stm32.14.3.rel1.win32_1.0.100.202602081740/tools/bin/../lib/gcc/arm-none-eabi/14.3.1/../../../../arm-none-eabi/lib/thumb/v7e-m+fp/hard\libc_nano.a(libc_a-mallocr.o)
                0x0800c6b0                _malloc_r
 .text.__ascii_mbtowc
                0x0800c7b0       0x24 D:/app/cubeIDE/STM32CubeIDE_2.1.1/STM32CubeIDE/plugins/com.st.stm32cube.ide.mcu.externaltools.gnu-tools-for-stm32.14.3.rel1.win32_1.0.100.202602081740/tools/bin/../lib/gcc/arm-none-eabi/14.3.1/../../../../arm-none-eabi/lib/thumb/v7e-m+fp/hard\libc_nano.a(libc_a-mbtowc_r.o)
                0x0800c7b0                __ascii_mbtowc
 .text.__malloc_lock
                0x0800c7d4        0xc D:/app/cubeIDE/STM32CubeIDE_2.1.1/STM32CubeIDE/plugins/com.st.stm32cube.ide.mcu.externaltools.gnu-tools-for-stm32.14.3.rel1.win32_1.0.100.202602081740/tools/bin/../lib/gcc/arm-none-eabi/14.3.1/../../../../arm-none-eabi/lib/thumb/v7e-m+fp/hard\libc_nano.a(libc_a-mlock.o)
                0x0800c7d4                __malloc_lock
 .text.__malloc_unlock
                0x0800c7e0        0xc D:/app/cubeIDE/STM32CubeIDE_2.1.1/STM32CubeIDE/plugins/com.st.stm32cube.ide.mcu.externaltools.gnu-tools-for-stm32.14.3.rel1.win32_1.0.100.202602081740/tools/bin/../lib/gcc/arm-none-eabi/14.3.1/../../../../arm-none-eabi/lib/thumb/v7e-m+fp/hard\libc_nano.a(libc_a-mlock.o)
                0x0800c7e0                __malloc_unlock
 .text._Balloc  0x0800c7ec       0x7c D:/app/cubeIDE/STM32CubeIDE_2.1.1/STM32CubeIDE/plugins/com.st.stm32cube.ide.mcu.externaltools.gnu-tools-for-stm32.14.3.rel1.win32_1.0.100.202602081740/tools/bin/../lib/gcc/arm-none-eabi/14.3.1/../../../../arm-none-eabi/lib/thumb/v7e-m+fp/hard\libc_nano.a(libc_a-mprec.o)
                0x0800c7ec                _Balloc
 .text._Bfree   0x0800c868       0x44 D:/app/cubeIDE/STM32CubeIDE_2.1.1/STM32CubeIDE/plugins/com.st.stm32cube.ide.mcu.externaltools.gnu-tools-for-stm32.14.3.rel1.win32_1.0.100.202602081740/tools/bin/../lib/gcc/arm-none-eabi/14.3.1/../../../../arm-none-eabi/lib/thumb/v7e-m+fp/hard\libc_nano.a(libc_a-mprec.o)
                0x0800c868                _Bfree
 .text.__multadd
                0x0800c8ac       0x8c D:/app/cubeIDE/STM32CubeIDE_2.1.1/STM32CubeIDE/plugins/com.st.stm32cube.ide.mcu.externaltools.gnu-tools-for-stm32.14.3.rel1.win32_1.0.100.202602081740/tools/bin/../lib/gcc/arm-none-eabi/14.3.1/../../../../arm-none-eabi/lib/thumb/v7e-m+fp/hard\libc_nano.a(libc_a-mprec.o)
                0x0800c8ac                __multadd
 .text.__s2b    0x0800c938       0x94 D:/app/cubeIDE/STM32CubeIDE_2.1.1/STM32CubeIDE/plugins/com.st.stm32cube.ide.mcu.externaltools.gnu-tools-for-stm32.14.3.rel1.win32_1.0.100.202602081740/tools/bin/../lib/gcc/arm-none-eabi/14.3.1/../../../../arm-none-eabi/lib/thumb/v7e-m+fp/hard\libc_nano.a(libc_a-mprec.o)
                0x0800c938                __s2b
 .text.__hi0bits
                0x0800c9cc       0x3e D:/app/cubeIDE/STM32CubeIDE_2.1.1/STM32CubeIDE/plugins/com.st.stm32cube.ide.mcu.externaltools.gnu-tools-for-stm32.14.3.rel1.win32_1.0.100.202602081740/tools/bin/../lib/gcc/arm-none-eabi/14.3.1/../../../../arm-none-eabi/lib/thumb/v7e-m+fp/hard\libc_nano.a(libc_a-mprec.o)
                0x0800c9cc                __hi0bits
 .text.__lo0bits
                0x0800ca0a       0x5a D:/app/cubeIDE/STM32CubeIDE_2.1.1/STM32CubeIDE/plugins/com.st.stm32cube.ide.mcu.externaltools.gnu-tools-for-stm32.14.3.rel1.win32_1.0.100.202602081740/tools/bin/../lib/gcc/arm-none-eabi/14.3.1/../../../../arm-none-eabi/lib/thumb/v7e-m+fp/hard\libc_nano.a(libc_a-mprec.o)
                0x0800ca0a                __lo0bits
 .text.__i2b    0x0800ca64       0x2c D:/app/cubeIDE/STM32CubeIDE_2.1.1/STM32CubeIDE/plugins/com.st.stm32cube.ide.mcu.externaltools.gnu-tools-for-stm32.14.3.rel1.win32_1.0.100.202602081740/tools/bin/../lib/gcc/arm-none-eabi/14.3.1/../../../../arm-none-eabi/lib/thumb/v7e-m+fp/hard\libc_nano.a(libc_a-mprec.o)
                0x0800ca64                __i2b
 .text.__multiply
                0x0800ca90      0x154 D:/app/cubeIDE/STM32CubeIDE_2.1.1/STM32CubeIDE/plugins/com.st.stm32cube.ide.mcu.externaltools.gnu-tools-for-stm32.14.3.rel1.win32_1.0.100.202602081740/tools/bin/../lib/gcc/arm-none-eabi/14.3.1/../../../../arm-none-eabi/lib/thumb/v7e-m+fp/hard\libc_nano.a(libc_a-mprec.o)
                0x0800ca90                __multiply
 .text.__pow5mult
                0x0800cbe4       0xb8 D:/app/cubeIDE/STM32CubeIDE_2.1.1/STM32CubeIDE/plugins/com.st.stm32cube.ide.mcu.externaltools.gnu-tools-for-stm32.14.3.rel1.win32_1.0.100.202602081740/tools/bin/../lib/gcc/arm-none-eabi/14.3.1/../../../../arm-none-eabi/lib/thumb/v7e-m+fp/hard\libc_nano.a(libc_a-mprec.o)
                0x0800cbe4                __pow5mult
 .text.__lshift
                0x0800cc9c       0xdc D:/app/cubeIDE/STM32CubeIDE_2.1.1/STM32CubeIDE/plugins/com.st.stm32cube.ide.mcu.externaltools.gnu-tools-for-stm32.14.3.rel1.win32_1.0.100.202602081740/tools/bin/../lib/gcc/arm-none-eabi/14.3.1/../../../../arm-none-eabi/lib/thumb/v7e-m+fp/hard\libc_nano.a(libc_a-mprec.o)
                0x0800cc9c                __lshift
 .text.__mcmp   0x0800cd78       0x36 D:/app/cubeIDE/STM32CubeIDE_2.1.1/STM32CubeIDE/plugins/com.st.stm32cube.ide.mcu.externaltools.gnu-tools-for-stm32.14.3.rel1.win32_1.0.100.202602081740/tools/bin/../lib/gcc/arm-none-eabi/14.3.1/../../../../arm-none-eabi/lib/thumb/v7e-m+fp/hard\libc_nano.a(libc_a-mprec.o)
                0x0800cd78                __mcmp
 *fill*         0x0800cdae        0x2 
 .text.__mdiff  0x0800cdb0      0x130 D:/app/cubeIDE/STM32CubeIDE_2.1.1/STM32CubeIDE/plugins/com.st.stm32cube.ide.mcu.externaltools.gnu-tools-for-stm32.14.3.rel1.win32_1.0.100.202602081740/tools/bin/../lib/gcc/arm-none-eabi/14.3.1/../../../../arm-none-eabi/lib/thumb/v7e-m+fp/hard\libc_nano.a(libc_a-mprec.o)
                0x0800cdb0                __mdiff
 .text.__ulp    0x0800cee0       0x4c D:/app/cubeIDE/STM32CubeIDE_2.1.1/STM32CubeIDE/plugins/com.st.stm32cube.ide.mcu.externaltools.gnu-tools-for-stm32.14.3.rel1.win32_1.0.100.202602081740/tools/bin/../lib/gcc/arm-none-eabi/14.3.1/../../../../arm-none-eabi/lib/thumb/v7e-m+fp/hard\libc_nano.a(libc_a-mprec.o)
                0x0800cee0                __ulp
 .text.__b2d    0x0800cf2c       0x94 D:/app/cubeIDE/STM32CubeIDE_2.1.1/STM32CubeIDE/plugins/com.st.stm32cube.ide.mcu.externaltools.gnu-tools-for-stm32.14.3.rel1.win32_1.0.100.202602081740/tools/bin/../lib/gcc/arm-none-eabi/14.3.1/../../../../arm-none-eabi/lib/thumb/v7e-m+fp/hard\libc_nano.a(libc_a-mprec.o)
                0x0800cf2c                __b2d
 .text.__d2b    0x0800cfc0       0xb0 D:/app/cubeIDE/STM32CubeIDE_2.1.1/STM32CubeIDE/plugins/com.st.stm32cube.ide.mcu.externaltools.gnu-tools-for-stm32.14.3.rel1.win32_1.0.100.202602081740/tools/bin/../lib/gcc/arm-none-eabi/14.3.1/../../../../arm-none-eabi/lib/thumb/v7e-m+fp/hard\libc_nano.a(libc_a-mprec.o)
                0x0800cfc0                __d2b
 .text.__ratio  0x0800d070       0x64 D:/app/cubeIDE/STM32CubeIDE_2.1.1/STM32CubeIDE/plugins/com.st.stm32cube.ide.mcu.externaltools.gnu-tools-for-stm32.14.3.rel1.win32_1.0.100.202602081740/tools/bin/../lib/gcc/arm-none-eabi/14.3.1/../../../../arm-none-eabi/lib/thumb/v7e-m+fp/hard\libc_nano.a(libc_a-mprec.o)
                0x0800d070                __ratio
 .text.__copybits
                0x0800d0d4       0x46 D:/app/cubeIDE/STM32CubeIDE_2.1.1/STM32CubeIDE/plugins/com.st.stm32cube.ide.mcu.externaltools.gnu-tools-for-stm32.14.3.rel1.win32_1.0.100.202602081740/tools/bin/../lib/gcc/arm-none-eabi/14.3.1/../../../../arm-none-eabi/lib/thumb/v7e-m+fp/hard\libc_nano.a(libc_a-mprec.o)
                0x0800d0d4                __copybits
 .text.__any_on
                0x0800d11a       0x42 D:/app/cubeIDE/STM32CubeIDE_2.1.1/STM32CubeIDE/plugins/com.st.stm32cube.ide.mcu.externaltools.gnu-tools-for-stm32.14.3.rel1.win32_1.0.100.202602081740/tools/bin/../lib/gcc/arm-none-eabi/14.3.1/../../../../arm-none-eabi/lib/thumb/v7e-m+fp/hard\libc_nano.a(libc_a-mprec.o)
                0x0800d11a                __any_on
 .text.__ascii_wctomb
                0x0800d15c       0x1a D:/app/cubeIDE/STM32CubeIDE_2.1.1/STM32CubeIDE/plugins/com.st.stm32cube.ide.mcu.externaltools.gnu-tools-for-stm32.14.3.rel1.win32_1.0.100.202602081740/tools/bin/../lib/gcc/arm-none-eabi/14.3.1/../../../../arm-none-eabi/lib/thumb/v7e-m+fp/hard\libc_nano.a(libc_a-wctomb_r.o)
                0x0800d15c                __ascii_wctomb
 .text.__ssputs_r
                0x0800d176       0xc0 D:/app/cubeIDE/STM32CubeIDE_2.1.1/STM32CubeIDE/plugins/com.st.stm32cube.ide.mcu.externaltools.gnu-tools-for-stm32.14.3.rel1.win32_1.0.100.202602081740/tools/bin/../lib/gcc/arm-none-eabi/14.3.1/../../../../arm-none-eabi/lib/thumb/v7e-m+fp/hard\libc_nano.a(libc_a-nano-svfprintf.o)
                0x0800d176                __ssputs_r
 *fill*         0x0800d236        0x2 
 .text._svfprintf_r
                0x0800d238      0x1f0 D:/app/cubeIDE/STM32CubeIDE_2.1.1/STM32CubeIDE/plugins/com.st.stm32cube.ide.mcu.externaltools.gnu-tools-for-stm32.14.3.rel1.win32_1.0.100.202602081740/tools/bin/../lib/gcc/arm-none-eabi/14.3.1/../../../../arm-none-eabi/lib/thumb/v7e-m+fp/hard\libc_nano.a(libc_a-nano-svfprintf.o)
                0x0800d238                _svfiprintf_r
                0x0800d238                _svfprintf_r
 .text.__sflush_r
                0x0800d428      0x104 D:/app/cubeIDE/STM32CubeIDE_2.1.1/STM32CubeIDE/plugins/com.st.stm32cube.ide.mcu.externaltools.gnu-tools-for-stm32.14.3.rel1.win32_1.0.100.202602081740/tools/bin/../lib/gcc/arm-none-eabi/14.3.1/../../../../arm-none-eabi/lib/thumb/v7e-m+fp/hard\libc_nano.a(libc_a-fflush.o)
                0x0800d428                __sflush_r
 .text._fflush_r
                0x0800d52c       0x50 D:/app/cubeIDE/STM32CubeIDE_2.1.1/STM32CubeIDE/plugins/com.st.stm32cube.ide.mcu.externaltools.gnu-tools-for-stm32.14.3.rel1.win32_1.0.100.202602081740/tools/bin/../lib/gcc/arm-none-eabi/14.3.1/../../../../arm-none-eabi/lib/thumb/v7e-m+fp/hard\libc_nano.a(libc_a-fflush.o)
                0x0800d52c                _fflush_r
 .text._sbrk_r  0x0800d57c       0x20 D:/app/cubeIDE/STM32CubeIDE_2.1.1/STM32CubeIDE/plugins/com.st.stm32cube.ide.mcu.externaltools.gnu-tools-for-stm32.14.3.rel1.win32_1.0.100.202602081740/tools/bin/../lib/gcc/arm-none-eabi/14.3.1/../../../../arm-none-eabi/lib/thumb/v7e-m+fp/hard\libc_nano.a(libc_a-sbrkr.o)
                0x0800d57c                _sbrk_r
 .text.__assert_func
                0x0800d59c       0x3c D:/app/cubeIDE/STM32CubeIDE_2.1.1/STM32CubeIDE/plugins/com.st.stm32cube.ide.mcu.externaltools.gnu-tools-for-stm32.14.3.rel1.win32_1.0.100.202602081740/tools/bin/../lib/gcc/arm-none-eabi/14.3.1/../../../../arm-none-eabi/lib/thumb/v7e-m+fp/hard\libc_nano.a(libc_a-assert.o)
                0x0800d59c                __assert_func
 .text._calloc_r
                0x0800d5d8       0x28 D:/app/cubeIDE/STM32CubeIDE_2.1.1/STM32CubeIDE/plugins/com.st.stm32cube.ide.mcu.externaltools.gnu-tools-for-stm32.14.3.rel1.win32_1.0.100.202602081740/tools/bin/../lib/gcc/arm-none-eabi/14.3.1/../../../../arm-none-eabi/lib/thumb/v7e-m+fp/hard\libc_nano.a(libc_a-callocr.o)
                0x0800d5d8                _calloc_r
 .text._realloc_r
                0x0800d600       0x5c D:/app/cubeIDE/STM32CubeIDE_2.1.1/STM32CubeIDE/plugins/com.st.stm32cube.ide.mcu.externaltools.gnu-tools-for-stm32.14.3.rel1.win32_1.0.100.202602081740/tools/bin/../lib/gcc/arm-none-eabi/14.3.1/../../../../arm-none-eabi/lib/thumb/v7e-m+fp/hard\libc_nano.a(libc_a-reallocr.o)
                0x0800d600                _realloc_r
 .text.fprintf  0x0800d65c       0x24 D:/app/cubeIDE/STM32CubeIDE_2.1.1/STM32CubeIDE/plugins/com.st.stm32cube.ide.mcu.externaltools.gnu-tools-for-stm32.14.3.rel1.win32_1.0.100.202602081740/tools/bin/../lib/gcc/arm-none-eabi/14.3.1/../../../../arm-none-eabi/lib/thumb/v7e-m+fp/hard\libc_nano.a(libc_a-fprintf.o)
                0x0800d65c                fiprintf
                0x0800d65c                fprintf
 .text.abort    0x0800d680        0xe D:/app/cubeIDE/STM32CubeIDE_2.1.1/STM32CubeIDE/plugins/com.st.stm32cube.ide.mcu.externaltools.gnu-tools-for-stm32.14.3.rel1.win32_1.0.100.202602081740/tools/bin/../lib/gcc/arm-none-eabi/14.3.1/../../../../arm-none-eabi/lib/thumb/v7e-m+fp/hard\libc_nano.a(libc_a-abort.o)
                0x0800d680                abort
 .text._malloc_usable_size_r
                0x0800d68e       0x10 D:/app/cubeIDE/STM32CubeIDE_2.1.1/STM32CubeIDE/plugins/com.st.stm32cube.ide.mcu.externaltools.gnu-tools-for-stm32.14.3.rel1.win32_1.0.100.202602081740/tools/bin/../lib/gcc/arm-none-eabi/14.3.1/../../../../arm-none-eabi/lib/thumb/v7e-m+fp/hard\libc_nano.a(libc_a-msizer.o)
                0x0800d68e                _malloc_usable_size_r
 .text.__sfputc_r
                0x0800d69e       0x2e D:/app/cubeIDE/STM32CubeIDE_2.1.1/STM32CubeIDE/plugins/com.st.stm32cube.ide.mcu.externaltools.gnu-tools-for-stm32.14.3.rel1.win32_1.0.100.202602081740/tools/bin/../lib/gcc/arm-none-eabi/14.3.1/../../../../arm-none-eabi/lib/thumb/v7e-m+fp/hard\libc_nano.a(libc_a-nano-vfprintf.o)
 .text.__sfputs_r
                0x0800d6cc       0x24 D:/app/cubeIDE/STM32CubeIDE_2.1.1/STM32CubeIDE/plugins/com.st.stm32cube.ide.mcu.externaltools.gnu-tools-for-stm32.14.3.rel1.win32_1.0.100.202602081740/tools/bin/../lib/gcc/arm-none-eabi/14.3.1/../../../../arm-none-eabi/lib/thumb/v7e-m+fp/hard\libc_nano.a(libc_a-nano-vfprintf.o)
                0x0800d6cc                __sfputs_r
 .text._vfprintf_r
                0x0800d6f0      0x228 D:/app/cubeIDE/STM32CubeIDE_2.1.1/STM32CubeIDE/plugins/com.st.stm32cube.ide.mcu.externaltools.gnu-tools-for-stm32.14.3.rel1.win32_1.0.100.202602081740/tools/bin/../lib/gcc/arm-none-eabi/14.3.1/../../../../arm-none-eabi/lib/thumb/v7e-m+fp/hard\libc_nano.a(libc_a-nano-vfprintf.o)
                0x0800d6f0                _vfprintf_r
                0x0800d6f0                _vfiprintf_r
 .text.__swbuf_r
                0x0800d918       0x7c D:/app/cubeIDE/STM32CubeIDE_2.1.1/STM32CubeIDE/plugins/com.st.stm32cube.ide.mcu.externaltools.gnu-tools-for-stm32.14.3.rel1.win32_1.0.100.202602081740/tools/bin/../lib/gcc/arm-none-eabi/14.3.1/../../../../arm-none-eabi/lib/thumb/v7e-m+fp/hard\libc_nano.a(libc_a-wbuf.o)
                0x0800d918                __swbuf_r
 .text.__swsetup_r
                0x0800d994       0xa8 D:/app/cubeIDE/STM32CubeIDE_2.1.1/STM32CubeIDE/plugins/com.st.stm32cube.ide.mcu.externaltools.gnu-tools-for-stm32.14.3.rel1.win32_1.0.100.202602081740/tools/bin/../lib/gcc/arm-none-eabi/14.3.1/../../../../arm-none-eabi/lib/thumb/v7e-m+fp/hard\libc_nano.a(libc_a-wsetup.o)
                0x0800d994                __swsetup_r
 .text._raise_r
                0x0800da3c       0x50 D:/app/cubeIDE/STM32CubeIDE_2.1.1/STM32CubeIDE/plugins/com.st.stm32cube.ide.mcu.externaltools.gnu-tools-for-stm32.14.3.rel1.win32_1.0.100.202602081740/tools/bin/../lib/gcc/arm-none-eabi/14.3.1/../../../../arm-none-eabi/lib/thumb/v7e-m+fp/hard\libc_nano.a(libc_a-signal.o)
                0x0800da3c                _raise_r
 .text.raise    0x0800da8c       0x10 D:/app/cubeIDE/STM32CubeIDE_2.1.1/STM32CubeIDE/plugins/com.st.stm32cube.ide.mcu.externaltools.gnu-tools-for-stm32.14.3.rel1.win32_1.0.100.202602081740/tools/bin/../lib/gcc/arm-none-eabi/14.3.1/../../../../arm-none-eabi/lib/thumb/v7e-m+fp/hard\libc_nano.a(libc_a-signal.o)
                0x0800da8c                raise
 .text._kill_r  0x0800da9c       0x24 D:/app/cubeIDE/STM32CubeIDE_2.1.1/STM32CubeIDE/plugins/com.st.stm32cube.ide.mcu.externaltools.gnu-tools-for-stm32.14.3.rel1.win32_1.0.100.202602081740/tools/bin/../lib/gcc/arm-none-eabi/14.3.1/../../../../arm-none-eabi/lib/thumb/v7e-m+fp/hard\libc_nano.a(libc_a-signalr.o)
                0x0800da9c                _kill_r
 .text._getpid_r
                0x0800dac0        0x4 D:/app/cubeIDE/STM32CubeIDE_2.1.1/STM32CubeIDE/plugins/com.st.stm32cube.ide.mcu.externaltools.gnu-tools-for-stm32.14.3.rel1.win32_1.0.100.202602081740/tools/bin/../lib/gcc/arm-none-eabi/14.3.1/../../../../arm-none-eabi/lib/thumb/v7e-m+fp/hard\libc_nano.a(libc_a-signalr.o)
                0x0800dac0                _getpid_r
 .text.__swhatbuf_r
                0x0800dac4       0x48 D:/app/cubeIDE/STM32CubeIDE_2.1.1/STM32CubeIDE/plugins/com.st.stm32cube.ide.mcu.externaltools.gnu-tools-for-stm32.14.3.rel1.win32_1.0.100.202602081740/tools/bin/../lib/gcc/arm-none-eabi/14.3.1/../../../../arm-none-eabi/lib/thumb/v7e-m+fp/hard\libc_nano.a(libc_a-makebuf.o)
                0x0800dac4                __swhatbuf_r
 .text.__smakebuf_r
                0x0800db0c       0x72 D:/app/cubeIDE/STM32CubeIDE_2.1.1/STM32CubeIDE/plugins/com.st.stm32cube.ide.mcu.externaltools.gnu-tools-for-stm32.14.3.rel1.win32_1.0.100.202602081740/tools/bin/../lib/gcc/arm-none-eabi/14.3.1/../../../../arm-none-eabi/lib/thumb/v7e-m+fp/hard\libc_nano.a(libc_a-makebuf.o)
                0x0800db0c                __smakebuf_r
 *fill*         0x0800db7e        0x2 
 .text._fstat_r
                0x0800db80       0x24 D:/app/cubeIDE/STM32CubeIDE_2.1.1/STM32CubeIDE/plugins/com.st.stm32cube.ide.mcu.externaltools.gnu-tools-for-stm32.14.3.rel1.win32_1.0.100.202602081740/tools/bin/../lib/gcc/arm-none-eabi/14.3.1/../../../../arm-none-eabi/lib/thumb/v7e-m+fp/hard\libc_nano.a(libc_a-fstatr.o)
                0x0800db80                _fstat_r
 .text._isatty_r
                0x0800dba4       0x20 D:/app/cubeIDE/STM32CubeIDE_2.1.1/STM32CubeIDE/plugins/com.st.stm32cube.ide.mcu.externaltools.gnu-tools-for-stm32.14.3.rel1.win32_1.0.100.202602081740/tools/bin/../lib/gcc/arm-none-eabi/14.3.1/../../../../arm-none-eabi/lib/thumb/v7e-m+fp/hard\libc_nano.a(libc_a-isattyr.o)
                0x0800dba4                _isatty_r
 *(.glue_7)
 .glue_7        0x0800dbc4        0x0 linker stubs
 *(.glue_7t)
 .glue_7t       0x0800dbc4        0x0 linker stubs
 *(.eh_frame)
 .eh_frame      0x0800dbc4        0x0 D:/app/cubeIDE/STM32CubeIDE_2.1.1/STM32CubeIDE/plugins/com.st.stm32cube.ide.mcu.externaltools.gnu-tools-for-stm32.14.3.rel1.win32_1.0.100.202602081740/tools/bin/../lib/gcc/arm-none-eabi/14.3.1/thumb/v7e-m+fp/hard/crtbegin.o
 *(.init)
 .init          0x0800dbc4        0x4 D:/app/cubeIDE/STM32CubeIDE_2.1.1/STM32CubeIDE/plugins/com.st.stm32cube.ide.mcu.externaltools.gnu-tools-for-stm32.14.3.rel1.win32_1.0.100.202602081740/tools/bin/../lib/gcc/arm-none-eabi/14.3.1/thumb/v7e-m+fp/hard/crti.o
                0x0800dbc4                _init
 .init          0x0800dbc8        0x8 D:/app/cubeIDE/STM32CubeIDE_2.1.1/STM32CubeIDE/plugins/com.st.stm32cube.ide.mcu.externaltools.gnu-tools-for-stm32.14.3.rel1.win32_1.0.100.202602081740/tools/bin/../lib/gcc/arm-none-eabi/14.3.1/thumb/v7e-m+fp/hard/crtn.o
 *(.fini)
 .fini          0x0800dbd0        0x4 D:/app/cubeIDE/STM32CubeIDE_2.1.1/STM32CubeIDE/plugins/com.st.stm32cube.ide.mcu.externaltools.gnu-tools-for-stm32.14.3.rel1.win32_1.0.100.202602081740/tools/bin/../lib/gcc/arm-none-eabi/14.3.1/thumb/v7e-m+fp/hard/crti.o
                0x0800dbd0                _fini
 .fini          0x0800dbd4        0x8 D:/app/cubeIDE/STM32CubeIDE_2.1.1/STM32CubeIDE/plugins/com.st.stm32cube.ide.mcu.externaltools.gnu-tools-for-stm32.14.3.rel1.win32_1.0.100.202602081740/tools/bin/../lib/gcc/arm-none-eabi/14.3.1/thumb/v7e-m+fp/hard/crtn.o
                0x0800dbdc                        . = ALIGN (0x4)
                0x0800dbdc                        _etext = .

.vfp11_veneer   0x0800dbdc        0x0
 .vfp11_veneer  0x0800dbdc        0x0 linker stubs

.v4_bx          0x0800dbdc        0x0
 .v4_bx         0x0800dbdc        0x0 linker stubs

.iplt           0x0800dbdc        0x0
 .iplt          0x0800dbdc        0x0 D:/app/cubeIDE/STM32CubeIDE_2.1.1/STM32CubeIDE/plugins/com.st.stm32cube.ide.mcu.externaltools.gnu-tools-for-stm32.14.3.rel1.win32_1.0.100.202602081740/tools/bin/../lib/gcc/arm-none-eabi/14.3.1/thumb/v7e-m+fp/hard/crtbegin.o

.rodata         0x0800dbe0      0x610
                0x0800dbe0                        . = ALIGN (0x4)
 *(.rodata)
 .rodata        0x0800dbe0       0x1c ./Core/Src/imu_oled_format.o
 .rodata        0x0800dbfc       0x8e ./Core/Src/main.o
 *fill*         0x0800dc8a        0x2 
 .rodata        0x0800dc8c       0x94 ./Core/Src/motion_telemetry.o
 .rodata        0x0800dd20        0x4 ./Core/Src/oled_ssd1306.o
 .rodata        0x0800dd24       0x2d ./Core/Src/stick_receiver.o
 *(.rodata*)
 *fill*         0x0800dd51        0x3 
 .rodata.ftepc485_channel_direction
                0x0800dd54        0x3 ./Core/Src/ftepc_rs485.o
 *fill*         0x0800dd57        0x1 
 .rodata.digits.1
                0x0800dd58       0x32 ./Core/Src/oled_ssd1306.o
 *fill*         0x0800dd8a        0x2 
 .rodata.init_commands.0
                0x0800dd8c       0x1c ./Core/Src/oled_ssd1306.o
 .rodata.AHBPrescTable
                0x0800dda8       0x10 ./Core/Src/system_stm32f4xx.o
                0x0800dda8                AHBPrescTable
 .rodata.APBPrescTable
                0x0800ddb8        0x8 ./Core/Src/system_stm32f4xx.o
                0x0800ddb8                APBPrescTable
 .rodata.flagBitshiftOffset.0
                0x0800ddc0        0x8 ./Drivers/STM32F4xx_HAL_Driver/Src/stm32f4xx_hal_dma.o
 .rodata._strtod_l.str1.1
                0x0800ddc8      0x1d1 D:/app/cubeIDE/STM32CubeIDE_2.1.1/STM32CubeIDE/plugins/com.st.stm32cube.ide.mcu.externaltools.gnu-tools-for-stm32.14.3.rel1.win32_1.0.100.202602081740/tools/bin/../lib/gcc/arm-none-eabi/14.3.1/../../../../arm-none-eabi/lib/thumb/v7e-m+fp/hard\libc_nano.a(libc_a-strtod.o)
                                  0xf (size before relaxing)
 *fill*         0x0800df99        0x3 
 .rodata.fpinan.0
                0x0800df9c       0x14 D:/app/cubeIDE/STM32CubeIDE_2.1.1/STM32CubeIDE/plugins/com.st.stm32cube.ide.mcu.externaltools.gnu-tools-for-stm32.14.3.rel1.win32_1.0.100.202602081740/tools/bin/../lib/gcc/arm-none-eabi/14.3.1/../../../../arm-none-eabi/lib/thumb/v7e-m+fp/hard\libc_nano.a(libc_a-strtod.o)
 .rodata.fpi.1  0x0800dfb0       0x14 D:/app/cubeIDE/STM32CubeIDE_2.1.1/STM32CubeIDE/plugins/com.st.stm32cube.ide.mcu.externaltools.gnu-tools-for-stm32.14.3.rel1.win32_1.0.100.202602081740/tools/bin/../lib/gcc/arm-none-eabi/14.3.1/../../../../arm-none-eabi/lib/thumb/v7e-m+fp/hard\libc_nano.a(libc_a-strtod.o)
 *fill*         0x0800dfc4        0x4 
 .rodata.tinytens
                0x0800dfc8       0x28 D:/app/cubeIDE/STM32CubeIDE_2.1.1/STM32CubeIDE/plugins/com.st.stm32cube.ide.mcu.externaltools.gnu-tools-for-stm32.14.3.rel1.win32_1.0.100.202602081740/tools/bin/../lib/gcc/arm-none-eabi/14.3.1/../../../../arm-none-eabi/lib/thumb/v7e-m+fp/hard\libc_nano.a(libc_a-strtod.o)
 .rodata._ctype_
                0x0800dff0      0x101 D:/app/cubeIDE/STM32CubeIDE_2.1.1/STM32CubeIDE/plugins/com.st.stm32cube.ide.mcu.externaltools.gnu-tools-for-stm32.14.3.rel1.win32_1.0.100.202602081740/tools/bin/../lib/gcc/arm-none-eabi/14.3.1/../../../../arm-none-eabi/lib/thumb/v7e-m+fp/hard\libc_nano.a(libc_a-ctype_.o)
                0x0800dff0                _ctype_
 .rodata._printf_float.str1.1
                0x0800e0f1       0x12 D:/app/cubeIDE/STM32CubeIDE_2.1.1/STM32CubeIDE/plugins/com.st.stm32cube.ide.mcu.externaltools.gnu-tools-for-stm32.14.3.rel1.win32_1.0.100.202602081740/tools/bin/../lib/gcc/arm-none-eabi/14.3.1/../../../../arm-none-eabi/lib/thumb/v7e-m+fp/hard\libc_nano.a(libc_a-nano-vfprintf_float.o)
 .rodata._printf_i.str1.1
                0x0800e0f1       0x22 D:/app/cubeIDE/STM32CubeIDE_2.1.1/STM32CubeIDE/plugins/com.st.stm32cube.ide.mcu.externaltools.gnu-tools-for-stm32.14.3.rel1.win32_1.0.100.202602081740/tools/bin/../lib/gcc/arm-none-eabi/14.3.1/../../../../arm-none-eabi/lib/thumb/v7e-m+fp/hard\libc_nano.a(libc_a-nano-vfprintf_i.o)
 .rodata._setlocale_r.str1.1
                0x0800e0f1        0x9 D:/app/cubeIDE/STM32CubeIDE_2.1.1/STM32CubeIDE/plugins/com.st.stm32cube.ide.mcu.externaltools.gnu-tools-for-stm32.14.3.rel1.win32_1.0.100.202602081740/tools/bin/../lib/gcc/arm-none-eabi/14.3.1/../../../../arm-none-eabi/lib/thumb/v7e-m+fp/hard\libc_nano.a(libc_a-locale.o)
 .rodata.str1.1
                0x0800e0f1        0x2 D:/app/cubeIDE/STM32CubeIDE_2.1.1/STM32CubeIDE/plugins/com.st.stm32cube.ide.mcu.externaltools.gnu-tools-for-stm32.14.3.rel1.win32_1.0.100.202602081740/tools/bin/../lib/gcc/arm-none-eabi/14.3.1/../../../../arm-none-eabi/lib/thumb/v7e-m+fp/hard\libc_nano.a(libc_a-locale.o)
 .rodata._dtoa_r.str1.1
                0x0800e0f1       0x8f D:/app/cubeIDE/STM32CubeIDE_2.1.1/STM32CubeIDE/plugins/com.st.stm32cube.ide.mcu.externaltools.gnu-tools-for-stm32.14.3.rel1.win32_1.0.100.202602081740/tools/bin/../lib/gcc/arm-none-eabi/14.3.1/../../../../arm-none-eabi/lib/thumb/v7e-m+fp/hard\libc_nano.a(libc_a-dtoa.o)
 .rodata.__gethex.str1.1
                0x0800e0f1       0x73 D:/app/cubeIDE/STM32CubeIDE_2.1.1/STM32CubeIDE/plugins/com.st.stm32cube.ide.mcu.externaltools.gnu-tools-for-stm32.14.3.rel1.win32_1.0.100.202602081740/tools/bin/../lib/gcc/arm-none-eabi/14.3.1/../../../../arm-none-eabi/lib/thumb/v7e-m+fp/hard\libc_nano.a(libc_a-gdtoa-gethex.o)
 .rodata._Balloc.str1.1
                0x0800e0f1       0x70 D:/app/cubeIDE/STM32CubeIDE_2.1.1/STM32CubeIDE/plugins/com.st.stm32cube.ide.mcu.externaltools.gnu-tools-for-stm32.14.3.rel1.win32_1.0.100.202602081740/tools/bin/../lib/gcc/arm-none-eabi/14.3.1/../../../../arm-none-eabi/lib/thumb/v7e-m+fp/hard\libc_nano.a(libc_a-mprec.o)
 .rodata.__multadd.str1.1
                0x0800e0f1       0x11 D:/app/cubeIDE/STM32CubeIDE_2.1.1/STM32CubeIDE/plugins/com.st.stm32cube.ide.mcu.externaltools.gnu-tools-for-stm32.14.3.rel1.win32_1.0.100.202602081740/tools/bin/../lib/gcc/arm-none-eabi/14.3.1/../../../../arm-none-eabi/lib/thumb/v7e-m+fp/hard\libc_nano.a(libc_a-mprec.o)
 *fill*         0x0800e0f1        0x3 
 .rodata.p05.0  0x0800e0f4        0xc D:/app/cubeIDE/STM32CubeIDE_2.1.1/STM32CubeIDE/plugins/com.st.stm32cube.ide.mcu.externaltools.gnu-tools-for-stm32.14.3.rel1.win32_1.0.100.202602081740/tools/bin/../lib/gcc/arm-none-eabi/14.3.1/../../../../arm-none-eabi/lib/thumb/v7e-m+fp/hard\libc_nano.a(libc_a-mprec.o)
 .rodata.__mprec_bigtens
                0x0800e100       0x28 D:/app/cubeIDE/STM32CubeIDE_2.1.1/STM32CubeIDE/plugins/com.st.stm32cube.ide.mcu.externaltools.gnu-tools-for-stm32.14.3.rel1.win32_1.0.100.202602081740/tools/bin/../lib/gcc/arm-none-eabi/14.3.1/../../../../arm-none-eabi/lib/thumb/v7e-m+fp/hard\libc_nano.a(libc_a-mprec.o)
                0x0800e100                __mprec_bigtens
 .rodata.__mprec_tens
                0x0800e128       0xc8 D:/app/cubeIDE/STM32CubeIDE_2.1.1/STM32CubeIDE/plugins/com.st.stm32cube.ide.mcu.externaltools.gnu-tools-for-stm32.14.3.rel1.win32_1.0.100.202602081740/tools/bin/../lib/gcc/arm-none-eabi/14.3.1/../../../../arm-none-eabi/lib/thumb/v7e-m+fp/hard\libc_nano.a(libc_a-mprec.o)
                0x0800e128                __mprec_tens
 .rodata._svfprintf_r.str1.1
                0x0800e1f0       0x11 D:/app/cubeIDE/STM32CubeIDE_2.1.1/STM32CubeIDE/plugins/com.st.stm32cube.ide.mcu.externaltools.gnu-tools-for-stm32.14.3.rel1.win32_1.0.100.202602081740/tools/bin/../lib/gcc/arm-none-eabi/14.3.1/../../../../arm-none-eabi/lib/thumb/v7e-m+fp/hard\libc_nano.a(libc_a-nano-svfprintf.o)
 .rodata.__assert_func.str1.1
                0x0800e1f0       0x3d D:/app/cubeIDE/STM32CubeIDE_2.1.1/STM32CubeIDE/plugins/com.st.stm32cube.ide.mcu.externaltools.gnu-tools-for-stm32.14.3.rel1.win32_1.0.100.202602081740/tools/bin/../lib/gcc/arm-none-eabi/14.3.1/../../../../arm-none-eabi/lib/thumb/v7e-m+fp/hard\libc_nano.a(libc_a-assert.o)
 .rodata._vfprintf_r.str1.1
                0x0800e1f0       0x11 D:/app/cubeIDE/STM32CubeIDE_2.1.1/STM32CubeIDE/plugins/com.st.stm32cube.ide.mcu.externaltools.gnu-tools-for-stm32.14.3.rel1.win32_1.0.100.202602081740/tools/bin/../lib/gcc/arm-none-eabi/14.3.1/../../../../arm-none-eabi/lib/thumb/v7e-m+fp/hard\libc_nano.a(libc_a-nano-vfprintf.o)
                0x0800e230                        . = ALIGN (0x4)

.ARM.extab      0x0800e1f0        0x0
                0x0800e1f0                        . = ALIGN (0x4)
 *(.ARM.extab* .gnu.linkonce.armextab.*)
                0x0800e1f0                        . = ALIGN (0x4)

.ARM            0x0800e1f0        0x8
                0x0800e1f0                        . = ALIGN (0x4)
                0x0800e1f0                        __exidx_start = .
 *(.ARM.exidx*)
 .ARM.exidx     0x0800e1f0        0x8 D:/app/cubeIDE/STM32CubeIDE_2.1.1/STM32CubeIDE/plugins/com.st.stm32cube.ide.mcu.externaltools.gnu-tools-for-stm32.14.3.rel1.win32_1.0.100.202602081740/tools/bin/../lib/gcc/arm-none-eabi/14.3.1/../../../../arm-none-eabi/lib/thumb/v7e-m+fp/hard\libc_nano.a(libc_a-memchr.o)
 .ARM.exidx     0x0800e1f8        0x0 D:/app/cubeIDE/STM32CubeIDE_2.1.1/STM32CubeIDE/plugins/com.st.stm32cube.ide.mcu.externaltools.gnu-tools-for-stm32.14.3.rel1.win32_1.0.100.202602081740/tools/bin/../lib/gcc/arm-none-eabi/14.3.1/../../../../arm-none-eabi/lib/thumb/v7e-m+fp/hard\libc_nano.a(libc_a-strlen.o)
                                  0x8 (size before relaxing)
 .ARM.exidx     0x0800e1f8        0x0 D:/app/cubeIDE/STM32CubeIDE_2.1.1/STM32CubeIDE/plugins/com.st.stm32cube.ide.mcu.externaltools.gnu-tools-for-stm32.14.3.rel1.win32_1.0.100.202602081740/tools/bin/../lib/gcc/arm-none-eabi/14.3.1/thumb/v7e-m+fp/hard\libgcc.a(_udivmoddi4.o)
                                  0x8 (size before relaxing)
                0x0800e1f8                        __exidx_end = .
                0x0800e1f8                        . = ALIGN (0x4)

.preinit_array  0x0800e1f8        0x0
                0x0800e1f8                        . = ALIGN (0x4)
                0x0800e1f8                        PROVIDE (__preinit_array_start = .)