../Core/Src/main.c:191:26:USART2_StartReceiveToIdle	16	static
../Core/Src/main.c:205:26:ApplyServoTargets	24	static
../Core/Src/main.c:239:16:ControlCommandIsValid	16	static
../Core/Src/main.c:247:13:ProcessReceivedFrames	440	static
../Core/Src/main.c:290:13:ServiceControl20Hz	24	static
../Core/Src/main.c:326:13:Imu_NormalizeYaw	4	static
../Core/Src/main.c:339:13:Imu_UpdateYawFromSample	24	static
../Core/Src/main.c:358:13:Imu_RxStart	8	static
../Core/Src/main.c:375:13:Imu_FeedBytes	16	static
../Core/Src/main.c:389:13:ServiceImu	16	static
../Core/Src/main.c:423:13:FormatFixedHundredths	40	static
../Core/Src/main.c:450:13:FormatFixedTenths	40	static
../Core/Src/main.c:476:13:OledWriteFixedRow	80	static
../Core/Src/main.c:490:13:OledWriteTenthsRow	80	static
../Core/Src/main.c:504:13:OledWriteLengthSpeedPage	8	static
../Core/Src/main.c:516:13:OledWriteAngleImuPage	40	static
../Core/Src/main.c:549:13:Rs485_BuildReadRequest	16	static
../Core/Src/main.c:564:13:Rs485_StartPoll	16	static
../Core/Src/main.c:584:13:Rs485_ApplyPulses	40	static
../Core/Src/main.c:623:13:Rs485_HandleResponse	32	static
../Core/Src/main.c:640:13:ServiceEncoder485	16	static
../Core/Src/main.c:660:13:ServiceDwjReader	24	static
../Core/Src/main.c:729:13:ServiceOled	16	static
../Core/Src/main.c:762:13:FillMotionTelemetry	24	static
../Core/Src/main.c:870:13:ServiceTelemetry	16	static
../Core/Src/main.c:930:5:main	8	static
../Core/Src/main.c:1022:6:SystemClock_Config	88	static
../Core/Src/main.c:1068:13:MX_I2C1_Init	8	static
../Core/Src/main.c:1102:13:MX_I2C2_Init	8	static
../Core/Src/main.c:1136:13:MX_USART1_UART_Init	8	static
../Core/Src/main.c:1169:13:MX_USART2_UART_Init	8	static
../Core/Src/main.c:1202:13:MX_USART3_UART_Init	8	static
../Core/Src/main.c:1233:13:MX_DMA_Init	16	static
../Core/Src/main.c:1255:13:MX_GPIO_Init	48	static
../Core/Src/main.c:1284:6:HAL_UART_RxCpltCallback	16	static
../Core/Src/main.c:1293:6:HAL_UART_TxCpltCallback	16	static
../Core/Src/main.c:1315:6:HAL_UARTEx_RxEventCallback	16	static
../Core/Src/main.c:1327:6:HAL_UART_ErrorCallback	16	static
../Core/Src/main.c:1353:6:Error_Handler	4	static,ignoring_inline_asm
