../Core/Src/main.c:191:26:USART2_StartReceiveToIdle	2
../Core/Src/main.c:205:26:ApplyServoTargets	7
../Core/Src/main.c:239:16:ControlCommandIsValid	3
../Core/Src/main.c:247:13:ProcessReceivedFrames	8
../Core/Src/main.c:290:13:ServiceControl20Hz	5
../Core/Src/main.c:326:13:Imu_NormalizeYaw	3
../Core/Src/main.c:339:13:Imu_UpdateYawFromSample	4
../Core/Src/main.c:358:13:Imu_RxStart	2
../Core/Src/main.c:375:13:Imu_FeedBytes	4
../Core/Src/main.c:389:13:ServiceImu	5
../Core/Src/main.c:423:13:FormatFixedHundredths	3
../Core/Src/main.c:450:13:FormatFixedTenths	3
../Core/Src/main.c:476:13:OledWriteFixedRow	1
../Core/Src/main.c:490:13:OledWriteTenthsRow	1
../Core/Src/main.c:504:13:OledWriteLengthSpeedPage	1
../Core/Src/main.c:516:13:OledWriteAngleImuPage	5
../Core/Src/main.c:549:13:Rs485_BuildReadRequest	1
../Core/Src/main.c:564:13:Rs485_StartPoll	3
../Core/Src/main.c:584:13:Rs485_ApplyPulses	5
../Core/Src/main.c:623:13:Rs485_HandleResponse	2
../Core/Src/main.c:640:13:ServiceEncoder485	4
../Core/Src/main.c:660:13:ServiceDwjReader	10
../Core/Src/main.c:729:13:ServiceOled	5
../Core/Src/main.c:762:13:FillMotionTelemetry	17
../Core/Src/main.c:870:13:ServiceTelemetry	8
../Core/Src/main.c:930:5:main	7
../Core/Src/main.c:1022:6:SystemClock_Config	3
../Core/Src/main.c:1068:13:MX_I2C1_Init	2
../Core/Src/main.c:1102:13:MX_I2C2_Init	2
../Core/Src/main.c:1136:13:MX_USART1_UART_Init	2
../Core/Src/main.c:1169:13:MX_USART2_UART_Init	2
../Core/Src/main.c:1202:13:MX_USART3_UART_Init	2
../Core/Src/main.c:1233:13:MX_DMA_Init	1
../Core/Src/main.c:1255:13:MX_GPIO_Init	1
../Core/Src/main.c:1284:6:HAL_UART_RxCpltCallback	2
../Core/Src/main.c:1293:6:HAL_UART_TxCpltCallback	5
../Core/Src/main.c:1315:6:HAL_UARTEx_RxEventCallback	3
../Core/Src/main.c:1327:6:HAL_UART_ErrorCallback	4
../Core/Src/main.c:1353:6:Error_Handler	1
