../Core/Src/main.c:141:26:USART2_StartReceiveToIdle	2
../Core/Src/main.c:159:26:ApplyServoTargets	9
../Core/Src/main.c:206:16:SteeringCommandToTenths	4
../Core/Src/main.c:224:13:FormatSignedTenths	3
../Core/Src/main.c:237:13:SendControlStatus	8
../Core/Src/main.c:316:13:SendPeriodicControlStatus	2
../Core/Src/main.c:330:13:UpdateEscFilteredOutputs	1
../Core/Src/main.c:341:13:ProcessReceivedFrames	5
../Core/Src/main.c:388:13:ServiceEscState	3
../Core/Src/main.c:408:13:ServiceControlFailsafe	4
../Core/Src/main.c:427:13:ServiceUsart2Restart	3
../Core/Src/main.c:442:13:ServiceSteeringFeedback	6
../Core/Src/main.c:491:13:ServiceControlStatus	3
../Core/Src/main.c:511:13:FormatUnitValue	3
../Core/Src/main.c:530:13:FormatSignedUnitValue	5
../Core/Src/main.c:555:13:OledDrawTelemetry	7
../Core/Src/main.c:622:13:ServiceOled	6
../Core/Src/main.c:662:5:main	3
../Core/Src/main.c:739:6:SystemClock_Config	3
../Core/Src/main.c:785:13:MX_ADC1_Init	1
../Core/Src/main.c:827:13:MX_I2C1_Init	2
../Core/Src/main.c:861:13:MX_I2C2_Init	2
../Core/Src/main.c:895:13:MX_USART2_UART_Init	2
../Core/Src/main.c:926:13:MX_DMA_Init	1
../Core/Src/main.c:944:13:MX_GPIO_Init	1
../Core/Src/main.c:962:6:HAL_UART_TxCpltCallback	2
../Core/Src/main.c:970:6:HAL_UARTEx_RxEventCallback	3
../Core/Src/main.c:982:6:HAL_UART_ErrorCallback	2
../Core/Src/main.c:997:6:Error_Handler	1
