../Core/Src/main.c:141:26:USART2_StartReceiveToIdle	16	static
../Core/Src/main.c:159:26:ApplyServoTargets	24	static
../Core/Src/main.c:206:16:SteeringCommandToTenths	24	static
../Core/Src/main.c:224:13:FormatSignedTenths	48	static
../Core/Src/main.c:237:13:SendControlStatus	176	static
../Core/Src/main.c:316:13:SendPeriodicControlStatus	24	static
../Core/Src/main.c:330:13:UpdateEscFilteredOutputs	32	static
../Core/Src/main.c:341:13:ProcessReceivedFrames	288	static
../Core/Src/main.c:388:13:ServiceEscState	16	static
../Core/Src/main.c:408:13:ServiceControlFailsafe	24	static
../Core/Src/main.c:427:13:ServiceUsart2Restart	8	static
../Core/Src/main.c:442:13:ServiceSteeringFeedback	24	static
../Core/Src/main.c:491:13:ServiceControlStatus	24	static
../Core/Src/main.c:511:13:FormatUnitValue	40	static
../Core/Src/main.c:530:13:FormatSignedUnitValue	48	static
../Core/Src/main.c:555:13:OledDrawTelemetry	88	static
../Core/Src/main.c:622:13:ServiceOled	16	static
../Core/Src/main.c:662:5:main	16	static
../Core/Src/main.c:739:6:SystemClock_Config	88	static
../Core/Src/main.c:785:13:MX_ADC1_Init	40	static
../Core/Src/main.c:827:13:MX_I2C1_Init	8	static
../Core/Src/main.c:861:13:MX_I2C2_Init	8	static
../Core/Src/main.c:895:13:MX_USART2_UART_Init	8	static
../Core/Src/main.c:926:13:MX_DMA_Init	16	static
../Core/Src/main.c:944:13:MX_GPIO_Init	24	static
../Core/Src/main.c:962:6:HAL_UART_TxCpltCallback	16	static
../Core/Src/main.c:970:6:HAL_UARTEx_RxEventCallback	16	static
../Core/Src/main.c:982:6:HAL_UART_ErrorCallback	16	static
../Core/Src/main.c:997:6:Error_Handler	4	static,ignoring_inline_asm
