../Core/Src/main.c:140:26:USART2_StartReceiveToIdle	2
../Core/Src/main.c:158:26:ApplyServoTargets	9
../Core/Src/main.c:205:16:SteeringCommandToTenths	4
../Core/Src/main.c:223:13:FormatSignedTenths	3
../Core/Src/main.c:236:13:SendControlStatus	8
../Core/Src/main.c:315:13:SendPeriodicControlStatus	2
../Core/Src/main.c:329:13:UpdateEscFilteredOutputs	1
../Core/Src/main.c:340:13:ProcessReceivedFrames	5
../Core/Src/main.c:387:13:ServiceEscState	3
../Core/Src/main.c:407:13:ServiceControlFailsafe	4
../Core/Src/main.c:426:13:ServiceUsart2Restart	3
../Core/Src/main.c:441:13:ServiceSteeringFeedback	6
../Core/Src/main.c:490:13:ServiceControlStatus	3
../Core/Src/main.c:510:13:FormatUnitValue	3
../Core/Src/main.c:529:13:OledDrawTelemetry	7
../Core/Src/main.c:595:13:ServiceOled	6
../Core/Src/main.c:635:5:main	3
../Core/Src/main.c:712:6:SystemClock_Config	3
../Core/Src/main.c:758:13:MX_ADC1_Init	1
../Core/Src/main.c:800:13:MX_I2C1_Init	2
../Core/Src/main.c:834:13:MX_I2C2_Init	2
../Core/Src/main.c:868:13:MX_USART2_UART_Init	2
../Core/Src/main.c:899:13:MX_DMA_Init	1
../Core/Src/main.c:917:13:MX_GPIO_Init	1
../Core/Src/main.c:935:6:HAL_UART_TxCpltCallback	2
../Core/Src/main.c:943:6:HAL_UARTEx_RxEventCallback	3
../Core/Src/main.c:955:6:HAL_UART_ErrorCallback	2
../Core/Src/main.c:970:6:Error_Handler	1
