../Core/Src/main.c:114:26:USART2_StartReceiveToIdle	16	static
../Core/Src/main.c:132:26:ApplyServoTargets	24	static
../Core/Src/main.c:169:13:SendControlStatus	96	static
../Core/Src/main.c:208:13:ProcessReceivedFrames	272	static
../Core/Src/main.c:235:13:ServiceControlFailsafe	16	static
../Core/Src/main.c:251:13:ServiceUsart2Restart	8	static
../Core/Src/main.c:266:16:TruckAxisToMilli	24	static
../Core/Src/main.c:284:13:FormatAxis	48	static
../Core/Src/main.c:295:13:OledDrawStatusPage	40	static
../Core/Src/main.c:318:13:OledDrawDataPage	56	static
../Core/Src/main.c:350:13:ServiceOled	16	static
../Core/Src/main.c:404:5:main	8	static
../Core/Src/main.c:470:6:SystemClock_Config	88	static
../Core/Src/main.c:516:13:MX_I2C1_Init	8	static
../Core/Src/main.c:550:13:MX_I2C2_Init	8	static
../Core/Src/main.c:584:13:MX_USART2_UART_Init	8	static
../Core/Src/main.c:615:13:MX_DMA_Init	16	static
../Core/Src/main.c:633:13:MX_GPIO_Init	24	static
../Core/Src/main.c:651:6:HAL_UART_TxCpltCallback	16	static
../Core/Src/main.c:659:6:HAL_UARTEx_RxEventCallback	16	static
../Core/Src/main.c:671:6:HAL_UART_ErrorCallback	16	static
../Core/Src/main.c:686:6:Error_Handler	4	static,ignoring_inline_asm
