../Core/Src/main.c:114:26:USART2_StartReceiveToIdle	2
../Core/Src/main.c:132:26:ApplyServoTargets	7
../Core/Src/main.c:169:13:SendControlStatus	7
../Core/Src/main.c:208:13:ProcessReceivedFrames	3
../Core/Src/main.c:235:13:ServiceControlFailsafe	4
../Core/Src/main.c:251:13:ServiceUsart2Restart	3
../Core/Src/main.c:266:16:TruckAxisToMilli	4
../Core/Src/main.c:284:13:FormatAxis	2
../Core/Src/main.c:295:13:OledDrawStatusPage	7
../Core/Src/main.c:318:13:OledDrawDataPage	1
../Core/Src/main.c:350:13:ServiceOled	8
../Core/Src/main.c:404:5:main	3
../Core/Src/main.c:470:6:SystemClock_Config	3
../Core/Src/main.c:516:13:MX_I2C1_Init	2
../Core/Src/main.c:550:13:MX_I2C2_Init	2
../Core/Src/main.c:584:13:MX_USART2_UART_Init	2
../Core/Src/main.c:615:13:MX_DMA_Init	1
../Core/Src/main.c:633:13:MX_GPIO_Init	1
../Core/Src/main.c:651:6:HAL_UART_TxCpltCallback	2
../Core/Src/main.c:659:6:HAL_UARTEx_RxEventCallback	3
../Core/Src/main.c:671:6:HAL_UART_ErrorCallback	2
../Core/Src/main.c:686:6:Error_Handler	1
