../Core/Src/main.c:148:26:USART2_StartReceiveToIdle	2
../Core/Src/main.c:166:26:ApplyServoTargets	9
../Core/Src/main.c:213:16:SteeringCommandToTenths	4
../Core/Src/main.c:231:13:FormatSignedTenths	3
../Core/Src/main.c:244:13:SendControlStatus	8
../Core/Src/main.c:323:13:SendPeriodicControlStatus	2
../Core/Src/main.c:337:13:UpdateEscFilteredOutputs	1
../Core/Src/main.c:348:13:ProcessReceivedFrames	5
../Core/Src/main.c:395:13:ServiceEscState	3
../Core/Src/main.c:415:13:ServiceControlFailsafe	4
../Core/Src/main.c:434:13:ServiceUsart2Restart	3
../Core/Src/main.c:449:13:ServiceSteeringFeedback	7
../Core/Src/main.c:511:13:ServiceControlStatus	3
../Core/Src/main.c:531:13:TftWriteLine	3
../Core/Src/main.c:552:13:TftDrawRow	20
../Core/Src/main.c:668:13:ServiceTft	3
../Core/Src/main.c:682:13:FormatUnitValue	3
../Core/Src/main.c:701:13:FormatSignedUnitValue	5
../Core/Src/main.c:732:5:main	2
../Core/Src/main.c:813:6:SystemClock_Config	3
../Core/Src/main.c:859:13:MX_ADC1_Init	3
../Core/Src/main.c:915:13:MX_I2C1_Init	2
../Core/Src/main.c:949:13:MX_SPI3_Init	2
../Core/Src/main.c:987:13:MX_USART1_UART_Init	2
../Core/Src/main.c:1020:13:MX_USART2_UART_Init	2
../Core/Src/main.c:1051:13:MX_DMA_Init	1
../Core/Src/main.c:1069:13:MX_GPIO_Init	1
../Core/Src/main.c:1099:6:HAL_UART_TxCpltCallback	2
../Core/Src/main.c:1107:6:HAL_UARTEx_RxEventCallback	3
../Core/Src/main.c:1119:6:HAL_UART_ErrorCallback	2
../Core/Src/main.c:1134:6:Error_Handler	1
