../Core/Src/main.c:146:26:USART2_StartReceiveToIdle	16	static
../Core/Src/main.c:164:26:ApplyServoTargets	24	static
../Core/Src/main.c:211:16:SteeringCommandToTenths	24	static
../Core/Src/main.c:229:13:FormatSignedTenths	48	static
../Core/Src/main.c:242:13:SendControlStatus	176	static
../Core/Src/main.c:321:13:SendPeriodicControlStatus	24	static
../Core/Src/main.c:335:13:UpdateEscFilteredOutputs	32	static
../Core/Src/main.c:346:13:ProcessReceivedFrames	288	static
../Core/Src/main.c:393:13:ServiceEscState	16	static
../Core/Src/main.c:413:13:ServiceControlFailsafe	24	static
../Core/Src/main.c:432:13:ServiceUsart2Restart	8	static
../Core/Src/main.c:447:13:ServiceSteeringFeedback	24	static
../Core/Src/main.c:496:13:ServiceControlStatus	24	static
../Core/Src/main.c:516:13:TftWriteLine	64	static
../Core/Src/main.c:537:13:TftDrawRow	120	static
../Core/Src/main.c:653:13:ServiceTft	16	static
../Core/Src/main.c:667:13:FormatUnitValue	40	static
../Core/Src/main.c:686:13:FormatSignedUnitValue	48	static
../Core/Src/main.c:717:5:main	16	static
../Core/Src/main.c:798:6:SystemClock_Config	88	static
../Core/Src/main.c:844:13:MX_ADC1_Init	24	static
../Core/Src/main.c:896:13:MX_I2C1_Init	8	static
../Core/Src/main.c:930:13:MX_SPI3_Init	8	static
../Core/Src/main.c:968:13:MX_USART1_UART_Init	8	static
../Core/Src/main.c:1001:13:MX_USART2_UART_Init	8	static
../Core/Src/main.c:1032:13:MX_DMA_Init	16	static
../Core/Src/main.c:1050:13:MX_GPIO_Init	48	static
../Core/Src/main.c:1080:6:HAL_UART_TxCpltCallback	16	static
../Core/Src/main.c:1088:6:HAL_UARTEx_RxEventCallback	16	static
../Core/Src/main.c:1100:6:HAL_UART_ErrorCallback	16	static
../Core/Src/main.c:1115:6:Error_Handler	4	static,ignoring_inline_asm
