../Core/Src/main.c:148:26:USART2_StartReceiveToIdle	16	static
../Core/Src/main.c:166:26:ApplyServoTargets	24	static
../Core/Src/main.c:213:16:SteeringCommandToTenths	24	static
../Core/Src/main.c:231:13:FormatSignedTenths	48	static
../Core/Src/main.c:244:13:SendControlStatus	176	static
../Core/Src/main.c:323:13:SendPeriodicControlStatus	24	static
../Core/Src/main.c:337:13:UpdateEscFilteredOutputs	32	static
../Core/Src/main.c:348:13:ProcessReceivedFrames	288	static
../Core/Src/main.c:395:13:ServiceEscState	16	static
../Core/Src/main.c:415:13:ServiceControlFailsafe	24	static
../Core/Src/main.c:434:13:ServiceUsart2Restart	8	static
../Core/Src/main.c:449:13:ServiceSteeringFeedback	24	static
../Core/Src/main.c:511:13:ServiceControlStatus	24	static
../Core/Src/main.c:531:13:TftWriteLine	64	static
../Core/Src/main.c:552:13:TftDrawRow	120	static
../Core/Src/main.c:668:13:ServiceTft	16	static
../Core/Src/main.c:682:13:FormatUnitValue	40	static
../Core/Src/main.c:701:13:FormatSignedUnitValue	48	static
../Core/Src/main.c:732:5:main	16	static
../Core/Src/main.c:813:6:SystemClock_Config	88	static
../Core/Src/main.c:859:13:MX_ADC1_Init	24	static
../Core/Src/main.c:915:13:MX_I2C1_Init	8	static
../Core/Src/main.c:949:13:MX_SPI3_Init	8	static
../Core/Src/main.c:987:13:MX_USART1_UART_Init	8	static
../Core/Src/main.c:1020:13:MX_USART2_UART_Init	8	static
../Core/Src/main.c:1051:13:MX_DMA_Init	16	static
../Core/Src/main.c:1069:13:MX_GPIO_Init	48	static
../Core/Src/main.c:1099:6:HAL_UART_TxCpltCallback	16	static
../Core/Src/main.c:1107:6:HAL_UARTEx_RxEventCallback	16	static
../Core/Src/main.c:1119:6:HAL_UART_ErrorCallback	16	static
../Core/Src/main.c:1134:6:Error_Handler	4	static,ignoring_inline_asm
