../Core/Src/main.c:146:26:USART2_StartReceiveToIdle	2
../Core/Src/main.c:164:26:ApplyServoTargets	9
../Core/Src/main.c:211:16:SteeringCommandToTenths	4
../Core/Src/main.c:229:13:FormatSignedTenths	3
../Core/Src/main.c:242:13:SendControlStatus	8
../Core/Src/main.c:321:13:SendPeriodicControlStatus	2
../Core/Src/main.c:335:13:UpdateEscFilteredOutputs	1
../Core/Src/main.c:346:13:ProcessReceivedFrames	5
../Core/Src/main.c:393:13:ServiceEscState	3
../Core/Src/main.c:413:13:ServiceControlFailsafe	4
../Core/Src/main.c:432:13:ServiceUsart2Restart	3
../Core/Src/main.c:447:13:ServiceSteeringFeedback	6
../Core/Src/main.c:496:13:ServiceControlStatus	3
../Core/Src/main.c:516:13:TftWriteLine	3
../Core/Src/main.c:537:13:TftDrawRow	20
../Core/Src/main.c:653:13:ServiceTft	3
../Core/Src/main.c:667:13:FormatUnitValue	3
../Core/Src/main.c:686:13:FormatSignedUnitValue	5
../Core/Src/main.c:717:5:main	2
../Core/Src/main.c:798:6:SystemClock_Config	3
../Core/Src/main.c:844:13:MX_ADC1_Init	3
../Core/Src/main.c:896:13:MX_I2C1_Init	2
../Core/Src/main.c:930:13:MX_SPI3_Init	2
../Core/Src/main.c:968:13:MX_USART1_UART_Init	2
../Core/Src/main.c:1001:13:MX_USART2_UART_Init	2
../Core/Src/main.c:1032:13:MX_DMA_Init	1
../Core/Src/main.c:1050:13:MX_GPIO_Init	1
../Core/Src/main.c:1080:6:HAL_UART_TxCpltCallback	2
../Core/Src/main.c:1088:6:HAL_UARTEx_RxEventCallback	3
../Core/Src/main.c:1100:6:HAL_UART_ErrorCallback	2
../Core/Src/main.c:1115:6:Error_Handler	1
