../Core/Src/main.c:129:26:USART2_StartReceiveToIdle	2
../Core/Src/main.c:147:26:ApplyServoTargets	9
../Core/Src/main.c:194:13:SendControlStatus	7
../Core/Src/main.c:244:13:SendPeriodicControlStatus	2
../Core/Src/main.c:258:13:UpdateEscFilteredOutputs	1
../Core/Src/main.c:269:13:BuildAppliedCommand	2
../Core/Src/main.c:279:13:ApplyCommandUpdate	16
../Core/Src/main.c:347:13:ProcessReceivedFrames	5
../Core/Src/main.c:394:13:ServiceButtonOverride	3
../Core/Src/main.c:415:13:ServiceEscState	3
../Core/Src/main.c:434:13:ServiceControlFailsafe	4
../Core/Src/main.c:452:13:ServiceUsart2Restart	3
../Core/Src/main.c:467:16:TruckAxisToMilli	4
../Core/Src/main.c:485:13:FormatAxis	2
../Core/Src/main.c:496:13:OledDrawTelemetry	5
../Core/Src/main.c:545:13:ServiceOled	6
../Core/Src/main.c:585:5:main	3
../Core/Src/main.c:661:6:SystemClock_Config	3
../Core/Src/main.c:707:13:MX_I2C1_Init	2
../Core/Src/main.c:741:13:MX_I2C2_Init	2
../Core/Src/main.c:775:13:MX_USART2_UART_Init	2
../Core/Src/main.c:806:13:MX_DMA_Init	1
../Core/Src/main.c:824:13:MX_GPIO_Init	1
../Core/Src/main.c:842:6:HAL_UART_TxCpltCallback	2
../Core/Src/main.c:850:6:HAL_UARTEx_RxEventCallback	3
../Core/Src/main.c:862:6:HAL_UART_ErrorCallback	2
../Core/Src/main.c:877:6:Error_Handler	1
