../Core/Src/main.c:143:26:USART2_StartReceiveToIdle	2
../Core/Src/main.c:161:26:ApplyServoTargets	9
../Core/Src/main.c:208:13:SendControlStatus	7
../Core/Src/main.c:258:13:SendPeriodicControlStatus	2
../Core/Src/main.c:272:13:UpdateEscFilteredOutputs	1
../Core/Src/main.c:283:13:BuildAppliedCommand	2
../Core/Src/main.c:293:13:ApplyCommandUpdate	16
../Core/Src/main.c:361:13:ProcessReceivedFrames	5
../Core/Src/main.c:408:13:ServiceButtonOverride	3
../Core/Src/main.c:429:13:ServiceEscState	3
../Core/Src/main.c:448:13:ServiceControlFailsafe	4
../Core/Src/main.c:466:13:ServiceUsart2Restart	3
../Core/Src/main.c:481:13:ServiceSteeringFeedback	6
../Core/Src/main.c:530:16:TruckAxisToMilli	4
../Core/Src/main.c:548:13:FormatAxis	2
../Core/Src/main.c:559:13:OledDrawTelemetry	9
../Core/Src/main.c:635:13:ServiceOled	6
../Core/Src/main.c:675:5:main	3
../Core/Src/main.c:754:6:SystemClock_Config	3
../Core/Src/main.c:800:13:MX_ADC1_Init	1
../Core/Src/main.c:842:13:MX_I2C1_Init	2
../Core/Src/main.c:876:13:MX_I2C2_Init	2
../Core/Src/main.c:910:13:MX_USART2_UART_Init	2
../Core/Src/main.c:941:13:MX_DMA_Init	1
../Core/Src/main.c:959:13:MX_GPIO_Init	1
../Core/Src/main.c:977:6:HAL_UART_TxCpltCallback	2
../Core/Src/main.c:985:6:HAL_UARTEx_RxEventCallback	3
../Core/Src/main.c:997:6:HAL_UART_ErrorCallback	2
../Core/Src/main.c:1012:6:Error_Handler	1
