../Core/Src/main.c:113:26:USART2_StartReceiveToIdle	16	static
../Core/Src/main.c:131:26:ApplyServoTargets	24	static
../Core/Src/main.c:168:13:SendControlStatus	96	static
../Core/Src/main.c:207:13:ProcessReceivedFrames	272	static
../Core/Src/main.c:234:13:ServiceControlFailsafe	16	static
../Core/Src/main.c:250:13:ServiceUsart2Restart	8	static
../Core/Src/main.c:265:16:TruckAxisToMilli	24	static
../Core/Src/main.c:283:13:FormatAxis	48	static
../Core/Src/main.c:294:13:OledDrawStatusPage	40	static
../Core/Src/main.c:317:13:OledDrawDataPage	56	static
../Core/Src/main.c:351:13:ServiceOled	16	static
../Core/Src/main.c:405:5:main	8	static
../Core/Src/main.c:471:6:SystemClock_Config	88	static
../Core/Src/main.c:517:13:MX_I2C1_Init	8	static
../Core/Src/main.c:551:13:MX_I2C2_Init	8	static
../Core/Src/main.c:585:13:MX_USART2_UART_Init	8	static
../Core/Src/main.c:616:13:MX_DMA_Init	16	static
../Core/Src/main.c:634:13:MX_GPIO_Init	24	static
../Core/Src/main.c:652:6:HAL_UART_TxCpltCallback	16	static
../Core/Src/main.c:660:6:HAL_UARTEx_RxEventCallback	16	static
../Core/Src/main.c:672:6:HAL_UART_ErrorCallback	16	static
../Core/Src/main.c:687:6:Error_Handler	4	static,ignoring_inline_asm
