../Core/Src/main.c:190:26:ApplyServoTargets	7
../Core/Src/main.c:224:13:InitSpeedPidControllers	1
../Core/Src/main.c:242:13:ClearLatestSpeedTarget	1
../Core/Src/main.c:250:13:ClearLatestAxisOutput	1
../Core/Src/main.c:258:13:UpdateLatestSpeedTargetFromCommand	3
../Core/Src/main.c:276:13:UpdateAxisOutputFromSpeedTargets	1
../Core/Src/main.c:299:13:ServiceGeneratedJoystickControl	9
../Core/Src/main.c:368:13:SpeedCommand_RxStart	3
../Core/Src/main.c:380:13:ServiceSpeedCommandReceiver	3
../Core/Src/main.c:398:13:Imu_NormalizeYaw	3
../Core/Src/main.c:411:13:Imu_UpdateYawFromSample	4
../Core/Src/main.c:430:13:Imu_RxStart	2
../Core/Src/main.c:447:13:Imu_FeedBytes	4
../Core/Src/main.c:461:13:ServiceImu	5
../Core/Src/main.c:495:13:FormatFixedHundredths	3
../Core/Src/main.c:522:13:FormatFixedTenths	3
../Core/Src/main.c:549:13:OledWriteFixedRow	1
../Core/Src/main.c:563:13:OledWriteTenthsRow	1
../Core/Src/main.c:577:13:OledWriteLengthSpeedPage	1
../Core/Src/main.c:589:13:OledWriteAngleImuPage	5
../Core/Src/main.c:622:13:Rs485_BuildReadRequest	1
../Core/Src/main.c:637:13:Rs485_StartPoll	3
../Core/Src/main.c:657:13:Rs485_ApplyPulses	5
../Core/Src/main.c:696:13:Rs485_HandleResponse	2
../Core/Src/main.c:711:13:ServiceEncoder485	4
../Core/Src/main.c:731:13:ServiceDwjReader	10
../Core/Src/main.c:800:13:ServiceOled	5
../Core/Src/main.c:833:13:FillMotionTelemetry	5
../Core/Src/main.c:861:13:ServiceTelemetry	8
../Core/Src/main.c:920:5:main	3
../Core/Src/main.c:1001:6:SystemClock_Config	3
../Core/Src/main.c:1047:13:MX_I2C1_Init	2
../Core/Src/main.c:1081:13:MX_I2C2_Init	2
../Core/Src/main.c:1115:13:MX_USART1_UART_Init	2
../Core/Src/main.c:1148:13:MX_USART2_UART_Init	2
../Core/Src/main.c:1181:13:MX_USART3_UART_Init	2
../Core/Src/main.c:1212:13:MX_DMA_Init	1
../Core/Src/main.c:1234:13:MX_GPIO_Init	1
../Core/Src/main.c:1263:6:HAL_UART_RxCpltCallback	2
../Core/Src/main.c:1272:6:HAL_UART_TxCpltCallback	5
../Core/Src/main.c:1294:6:HAL_UARTEx_RxEventCallback	2
../Core/Src/main.c:1304:6:HAL_UART_ErrorCallback	4
../Core/Src/main.c:1331:6:Error_Handler	1
