../Core/Src/main.c:190:26:ApplyServoTargets	24	static
../Core/Src/main.c:224:13:InitSpeedPidControllers	8	static
../Core/Src/main.c:242:13:ClearLatestSpeedTarget	4	static
../Core/Src/main.c:250:13:ClearLatestAxisOutput	4	static
../Core/Src/main.c:258:13:UpdateLatestSpeedTargetFromCommand	16	static
../Core/Src/main.c:276:13:UpdateAxisOutputFromSpeedTargets	32	static
../Core/Src/main.c:299:13:ServiceGeneratedJoystickControl	48	static
../Core/Src/main.c:368:13:SpeedCommand_RxStart	8	static
../Core/Src/main.c:380:13:ServiceSpeedCommandReceiver	136	static
../Core/Src/main.c:398:13:Imu_NormalizeYaw	4	static
../Core/Src/main.c:411:13:Imu_UpdateYawFromSample	24	static
../Core/Src/main.c:430:13:Imu_RxStart	8	static
../Core/Src/main.c:447:13:Imu_FeedBytes	16	static
../Core/Src/main.c:461:13:ServiceImu	16	static
../Core/Src/main.c:495:13:FormatFixedHundredths	40	static
../Core/Src/main.c:522:13:FormatFixedTenths	40	static
../Core/Src/main.c:549:13:OledWriteFixedRow	80	static
../Core/Src/main.c:563:13:OledWriteTenthsRow	80	static
../Core/Src/main.c:577:13:OledWriteLengthSpeedPage	8	static
../Core/Src/main.c:589:13:OledWriteAngleImuPage	40	static
../Core/Src/main.c:622:13:Rs485_BuildReadRequest	16	static
../Core/Src/main.c:637:13:Rs485_StartPoll	16	static
../Core/Src/main.c:657:13:Rs485_ApplyPulses	40	static
../Core/Src/main.c:696:13:Rs485_HandleResponse	32	static
../Core/Src/main.c:711:13:ServiceEncoder485	16	static
../Core/Src/main.c:731:13:ServiceDwjReader	24	static
../Core/Src/main.c:800:13:ServiceOled	16	static
../Core/Src/main.c:833:13:FillMotionTelemetry	16	static
../Core/Src/main.c:861:13:ServiceTelemetry	16	static
../Core/Src/main.c:920:5:main	8	static
../Core/Src/main.c:1001:6:SystemClock_Config	88	static
../Core/Src/main.c:1047:13:MX_I2C1_Init	8	static
../Core/Src/main.c:1081:13:MX_I2C2_Init	8	static
../Core/Src/main.c:1115:13:MX_USART1_UART_Init	8	static
../Core/Src/main.c:1148:13:MX_USART2_UART_Init	8	static
../Core/Src/main.c:1181:13:MX_USART3_UART_Init	8	static
../Core/Src/main.c:1212:13:MX_DMA_Init	16	static
../Core/Src/main.c:1234:13:MX_GPIO_Init	48	static
../Core/Src/main.c:1263:6:HAL_UART_RxCpltCallback	16	static
../Core/Src/main.c:1272:6:HAL_UART_TxCpltCallback	16	static
../Core/Src/main.c:1294:6:HAL_UARTEx_RxEventCallback	16	static
../Core/Src/main.c:1304:6:HAL_UART_ErrorCallback	16	static
../Core/Src/main.c:1331:6:Error_Handler	4	static,ignoring_inline_asm
