2026-07-31 12:24:52,267 [ERROR] LogOutputStream:75 - [STDERR_REDIRECT] Warning: NLS unused message: ExecutionEnvironmentDescription_0 in: org.eclipse.jdt.internal.launching.LaunchingMessages
2026-07-31 12:24:57,820 [ERROR] AdobePublisher:162 - Exception while opening the connection: javax.net.ssl.SSLHandshakeException: Remote host terminated the handshake
2026-07-31 12:24:57,821 [ERROR] AdobePublisher:162 - Exception while opening the connection: javax.net.ssl.SSLHandshakeException: Remote host terminated the handshake
2026-07-31 12:24:57,822 [ERROR] AdobePublisher:162 - Exception while opening the connection: javax.net.ssl.SSLHandshakeException: Remote host terminated the handshake
2026-07-31 12:24:57,822 [ERROR] AdobePublisher:162 - Exception while opening the connection: javax.net.ssl.SSLHandshakeException: Remote host terminated the handshake
2026-07-31 12:24:57,822 [ERROR] AdobePublisher:162 - Exception while opening the connection: javax.net.ssl.SSLHandshakeException: Remote host terminated the handshake
2026-07-31 12:25:12,101 [ERROR] LogOutputStream:75 - [STDERR_REDIRECT] Warning: NLS unused message: MultiLaunchConfigurationDelegate_Cannot in: org.eclipse.cdt.launch.internal.ui.LaunchMessages
2026-07-31 12:25:12,105 [ERROR] LogOutputStream:75 - [STDERR_REDIRECT] Warning: NLS unused message: MultiLaunchConfigurationDelegate_Action_None in: org.eclipse.cdt.launch.internal.ui.LaunchMessages
2026-07-31 12:25:12,108 [ERROR] LogOutputStream:75 - [STDERR_REDIRECT] Warning: NLS unused message: MultiLaunchConfigurationDelegate_Action_WaitUntilTerminated in: org.eclipse.cdt.launch.internal.ui.LaunchMessages
2026-07-31 12:25:12,110 [ERROR] LogOutputStream:75 - [STDERR_REDIRECT] Warning: NLS unused message: MultiLaunchConfigurationDelegate_Action_Delay in: org.eclipse.cdt.launch.internal.ui.LaunchMessages
2026-07-31 12:25:12,113 [ERROR] LogOutputStream:75 - [STDERR_REDIRECT] Warning: NLS unused message: MultiLaunchConfigurationDelegate_Action_Delaying in: org.eclipse.cdt.launch.internal.ui.LaunchMessages
2026-07-31 12:25:12,116 [ERROR] LogOutputStream:75 - [STDERR_REDIRECT] Warning: NLS unused message: MultiLaunchConfigurationSelectionDialog_4 in: org.eclipse.cdt.launch.internal.ui.LaunchMessages
2026-07-31 12:25:12,118 [ERROR] LogOutputStream:75 - [STDERR_REDIRECT] Warning: NLS unused message: MultiLaunchConfigurationSelectionDialog_5 in: org.eclipse.cdt.launch.internal.ui.LaunchMessages
2026-07-31 12:25:12,121 [ERROR] LogOutputStream:75 - [STDERR_REDIRECT] Warning: NLS unused message: MultiLaunchConfigurationSelectionDialog_7 in: org.eclipse.cdt.launch.internal.ui.LaunchMessages
2026-07-31 12:25:12,124 [ERROR] LogOutputStream:75 - [STDERR_REDIRECT] Warning: NLS unused message: MultiLaunchConfigurationSelectionDialog_8 in: org.eclipse.cdt.launch.internal.ui.LaunchMessages
2026-07-31 12:25:12,127 [ERROR] LogOutputStream:75 - [STDERR_REDIRECT] Warning: NLS unused message: MultiLaunchConfigurationSelectionDialog_10 in: org.eclipse.cdt.launch.internal.ui.LaunchMessages
2026-07-31 12:25:12,129 [ERROR] LogOutputStream:75 - [STDERR_REDIRECT] Warning: NLS unused message: MultiLaunchConfigurationSelectionDialog_11 in: org.eclipse.cdt.launch.internal.ui.LaunchMessages
2026-07-31 12:25:12,132 [ERROR] LogOutputStream:75 - [STDERR_REDIRECT] Warning: NLS unused message: MultiLaunchConfigurationSelectionDialog_12 in: org.eclipse.cdt.launch.internal.ui.LaunchMessages
2026-07-31 12:25:12,135 [ERROR] LogOutputStream:75 - [STDERR_REDIRECT] Warning: NLS unused message: MultiLaunchConfigurationSelectionDialog_13 in: org.eclipse.cdt.launch.internal.ui.LaunchMessages
2026-07-31 12:25:12,138 [ERROR] LogOutputStream:75 - [STDERR_REDIRECT] Warning: NLS unused message: MultiLaunchConfigurationSelectionDialog_14 in: org.eclipse.cdt.launch.internal.ui.LaunchMessages
2026-07-31 12:25:12,141 [ERROR] LogOutputStream:75 - [STDERR_REDIRECT] Warning: NLS unused message: MultiLaunchConfigurationSelectionDialog_15 in: org.eclipse.cdt.launch.internal.ui.LaunchMessages
2026-07-31 12:25:12,143 [ERROR] LogOutputStream:75 - [STDERR_REDIRECT] Warning: NLS unused message: MultiLaunchConfigurationTabGroup_1 in: org.eclipse.cdt.launch.internal.ui.LaunchMessages
2026-07-31 12:25:12,146 [ERROR] LogOutputStream:75 - [STDERR_REDIRECT] Warning: NLS unused message: MultiLaunchConfigurationTabGroup_2 in: org.eclipse.cdt.launch.internal.ui.LaunchMessages
2026-07-31 12:25:12,148 [ERROR] LogOutputStream:75 - [STDERR_REDIRECT] Warning: NLS unused message: MultiLaunchConfigurationTabGroup_3 in: org.eclipse.cdt.launch.internal.ui.LaunchMessages
2026-07-31 12:25:12,150 [ERROR] LogOutputStream:75 - [STDERR_REDIRECT] Warning: NLS unused message: MultiLaunchConfigurationTabGroup_4 in: org.eclipse.cdt.launch.internal.ui.LaunchMessages
2026-07-31 12:25:12,153 [ERROR] LogOutputStream:75 - [STDERR_REDIRECT] Warning: NLS unused message: MultiLaunchConfigurationTabGroup_5 in: org.eclipse.cdt.launch.internal.ui.LaunchMessages
2026-07-31 12:25:12,156 [ERROR] LogOutputStream:75 - [STDERR_REDIRECT] Warning: NLS unused message: MultiLaunchConfigurationTabGroup_6 in: org.eclipse.cdt.launch.internal.ui.LaunchMessages
2026-07-31 12:25:12,158 [ERROR] LogOutputStream:75 - [STDERR_REDIRECT] Warning: NLS unused message: MultiLaunchConfigurationTabGroup_7 in: org.eclipse.cdt.launch.internal.ui.LaunchMessages
2026-07-31 12:25:12,161 [ERROR] LogOutputStream:75 - [STDERR_REDIRECT] Warning: NLS unused message: MultiLaunchConfigurationTabGroup_10 in: org.eclipse.cdt.launch.internal.ui.LaunchMessages
2026-07-31 12:25:12,164 [ERROR] LogOutputStream:75 - [STDERR_REDIRECT] Warning: NLS unused message: MultiLaunchConfigurationTabGroup_11 in: org.eclipse.cdt.launch.internal.ui.LaunchMessages
2026-07-31 12:25:12,167 [ERROR] LogOutputStream:75 - [STDERR_REDIRECT] Warning: NLS unused message: MultiLaunchConfigurationTabGroup_12 in: org.eclipse.cdt.launch.internal.ui.LaunchMessages
2026-07-31 12:25:12,170 [ERROR] LogOutputStream:75 - [STDERR_REDIRECT] Warning: NLS unused message: MultiLaunchConfigurationTabGroup_13 in: org.eclipse.cdt.launch.internal.ui.LaunchMessages
2026-07-31 12:25:12,173 [ERROR] LogOutputStream:75 - [STDERR_REDIRECT] Warning: NLS unused message: MultiLaunchConfigurationTabGroup_14 in: org.eclipse.cdt.launch.internal.ui.LaunchMessages
2026-07-31 12:25:12,175 [ERROR] LogOutputStream:75 - [STDERR_REDIRECT] Warning: NLS unused message: MultiLaunchConfigurationTabGroup_15 in: org.eclipse.cdt.launch.internal.ui.LaunchMessages
2026-07-31 12:25:12,178 [ERROR] LogOutputStream:75 - [STDERR_REDIRECT] Warning: NLS unused message: MultiLaunchConfigurationTabGroup_16 in: org.eclipse.cdt.launch.internal.ui.LaunchMessages
2026-07-31 12:25:14,251 [ERROR] AdobePublisher:162 - Exception while opening the connection: javax.net.ssl.SSLHandshakeException: Remote host terminated the handshake
2026-07-31 12:25:14,252 [ERROR] AdobePublisher:162 - Exception while opening the connection: javax.net.ssl.SSLHandshakeException: Remote host terminated the handshake
2026-07-31 12:25:14,252 [ERROR] AdobePublisher:162 - Exception while opening the connection: javax.net.ssl.SSLHandshakeException: Remote host terminated the handshake
2026-07-31 12:25:14,252 [ERROR] AdobePublisher:162 - Exception while opening the connection: javax.net.ssl.SSLHandshakeException: Remote host terminated the handshake
2026-07-31 12:25:14,252 [ERROR] AdobePublisher:162 - Exception while opening the connection: javax.net.ssl.SSLHandshakeException: Remote host terminated the handshake
2026-07-31 12:25:16,398 [ERROR] AdobePublisher:162 - Exception while opening the connection: javax.net.ssl.SSLHandshakeException: Remote host terminated the handshake
2026-07-31 12:25:16,398 [ERROR] AdobePublisher:162 - Exception while opening the connection: javax.net.ssl.SSLHandshakeException: Remote host terminated the handshake
2026-07-31 12:25:16,398 [ERROR] AdobePublisher:162 - Exception while opening the connection: javax.net.ssl.SSLHandshakeException: Remote host terminated the handshake
2026-07-31 12:25:16,398 [ERROR] AdobePublisher:162 - Exception while opening the connection: javax.net.ssl.SSLHandshakeException: Remote host terminated the handshake
2026-07-31 12:25:16,399 [ERROR] AdobePublisher:162 - Exception while opening the connection: javax.net.ssl.SSLHandshakeException: Remote host terminated the handshake
2026-07-31 14:59:26,983 [ERROR] AdobePublisher:162 - Exception while opening the connection: javax.net.ssl.SSLHandshakeException: Remote host terminated the handshake
2026-07-31 14:59:26,995 [ERROR] AdobePublisher:162 - Exception while opening the connection: javax.net.ssl.SSLHandshakeException: Remote host terminated the handshake
2026-07-31 14:59:26,995 [ERROR] AdobePublisher:162 - Exception while opening the connection: javax.net.ssl.SSLHandshakeException: Remote host terminated the handshake
2026-07-31 14:59:26,995 [ERROR] AdobePublisher:162 - Exception while opening the connection: javax.net.ssl.SSLHandshakeException: Remote host terminated the handshake
2026-07-31 14:59:26,996 [ERROR] AdobePublisher:162 - Exception while opening the connection: javax.net.ssl.SSLHandshakeException: Remote host terminated the handshake
2026-07-31 20:45:00,114 [INFO] Activator:176 - 


2026-07-31 20:45:00,121 [INFO] Activator:177 - !SESSION log4j initialized
2026-07-31 20:45:00,836 [ERROR] LogOutputStream:75 - [STDERR_REDIRECT] Warning: NLS unused message: ComplianceConfigurationBlock_version11 in: org.eclipse.jdt.internal.ui.preferences.PreferencesMessages
2026-07-31 20:45:00,840 [ERROR] LogOutputStream:75 - [STDERR_REDIRECT] Warning: NLS unused message: ComplianceConfigurationBlock_version12 in: org.eclipse.jdt.internal.ui.preferences.PreferencesMessages
2026-07-31 20:45:00,844 [ERROR] LogOutputStream:75 - [STDERR_REDIRECT] Warning: NLS unused message: ComplianceConfigurationBlock_version13 in: org.eclipse.jdt.internal.ui.preferences.PreferencesMessages
2026-07-31 20:45:00,848 [ERROR] LogOutputStream:75 - [STDERR_REDIRECT] Warning: NLS unused message: ComplianceConfigurationBlock_version14 in: org.eclipse.jdt.internal.ui.preferences.PreferencesMessages
2026-07-31 20:45:00,852 [ERROR] LogOutputStream:75 - [STDERR_REDIRECT] Warning: NLS unused message: ComplianceConfigurationBlock_version15 in: org.eclipse.jdt.internal.ui.preferences.PreferencesMessages
2026-07-31 20:45:00,856 [ERROR] LogOutputStream:75 - [STDERR_REDIRECT] Warning: NLS unused message: ComplianceConfigurationBlock_version9 in: org.eclipse.jdt.internal.ui.preferences.PreferencesMessages
2026-07-31 20:45:00,860 [ERROR] LogOutputStream:75 - [STDERR_REDIRECT] Warning: NLS unused message: ComplianceConfigurationBlock_version10 in: org.eclipse.jdt.internal.ui.preferences.PreferencesMessages
2026-07-31 20:45:00,865 [ERROR] LogOutputStream:75 - [STDERR_REDIRECT] Warning: NLS unused message: ComplianceConfigurationBlock_codegen_inline_jsr_bytecode_label in: org.eclipse.jdt.internal.ui.preferences.PreferencesMessages
2026-07-31 20:45:00,870 [ERROR] LogOutputStream:75 - [STDERR_REDIRECT] Warning: NLS unused message: ComplianceConfigurationBlock_pb_assert_as_identifier_label in: org.eclipse.jdt.internal.ui.preferences.PreferencesMessages
2026-07-31 20:45:00,875 [ERROR] LogOutputStream:75 - [STDERR_REDIRECT] Warning: NLS unused message: ComplianceConfigurationBlock_pb_enum_as_identifier_label in: org.eclipse.jdt.internal.ui.preferences.PreferencesMessages
2026-07-31 20:45:00,880 [ERROR] LogOutputStream:75 - [STDERR_REDIRECT] Warning: NLS unused message: ComplianceConfigurationBlock_cldc11_requires_source13_compliance_se14 in: org.eclipse.jdt.internal.ui.preferences.PreferencesMessages
2026-07-31 20:45:00,893 [ERROR] LogOutputStream:75 - [STDERR_REDIRECT] Warning: NLS unused message: CodeAssistConfigurationBlock_matchSubstring_label in: org.eclipse.jdt.internal.ui.preferences.PreferencesMessages
2026-07-31 20:45:00,932 [ERROR] LogOutputStream:75 - [STDERR_REDIRECT] Warning: NLS unused message: ProblemMarkerManager_problem_marker_update_job_description in: org.eclipse.jdt.internal.ui.JavaUIMessages
2026-07-31 20:45:00,936 [ERROR] LogOutputStream:75 - [STDERR_REDIRECT] Warning: NLS unused message: FilteredTypesSelectionDialog_default_package in: org.eclipse.jdt.internal.ui.JavaUIMessages
2026-07-31 20:45:00,940 [ERROR] LogOutputStream:75 - [STDERR_REDIRECT] Warning: NLS unused message: FilteredTypeSelectionDialog_showContainerForDuplicatesAction in: org.eclipse.jdt.internal.ui.JavaUIMessages
2026-07-31 20:45:00,944 [ERROR] LogOutputStream:75 - [STDERR_REDIRECT] Warning: NLS unused message: JavaElementLabels_anonym in: org.eclipse.jdt.internal.ui.JavaUIMessages
2026-07-31 20:45:00,947 [ERROR] LogOutputStream:75 - [STDERR_REDIRECT] Warning: NLS unused message: JavaElementLabels_concat_string in: org.eclipse.jdt.internal.ui.JavaUIMessages
2026-07-31 20:45:00,950 [ERROR] LogOutputStream:75 - [STDERR_REDIRECT] Warning: NLS unused message: JavaElementLabels_comma_string in: org.eclipse.jdt.internal.ui.JavaUIMessages
2026-07-31 20:45:00,954 [ERROR] LogOutputStream:75 - [STDERR_REDIRECT] Warning: NLS unused message: JavaElementLabels_declseparator_string in: org.eclipse.jdt.internal.ui.JavaUIMessages
2026-07-31 20:45:00,958 [ERROR] LogOutputStream:75 - [STDERR_REDIRECT] Warning: NLS unused message: JavaElementLabels_category_separator_string in: org.eclipse.jdt.internal.ui.JavaUIMessages
2026-07-31 20:45:00,961 [ERROR] LogOutputStream:75 - [STDERR_REDIRECT] Warning: NLS unused message: JavaElementLabels_import_container in: org.eclipse.jdt.internal.ui.JavaUIMessages
2026-07-31 20:45:01,290 [ERROR] LogOutputStream:75 - [STDERR_REDIRECT] Warning: NLS unused message: FindReplace_title in: org.eclipse.ui.texteditor.EditorMessages
2026-07-31 20:45:01,294 [ERROR] LogOutputStream:75 - [STDERR_REDIRECT] Warning: NLS unused message: FindReplace_Find_label in: org.eclipse.ui.texteditor.EditorMessages
2026-07-31 20:45:01,298 [ERROR] LogOutputStream:75 - [STDERR_REDIRECT] Warning: NLS unused message: FindReplace_Replace_label in: org.eclipse.ui.texteditor.EditorMessages
2026-07-31 20:45:01,305 [ERROR] LogOutputStream:75 - [STDERR_REDIRECT] Warning: NLS unused message: FindReplace_Direction in: org.eclipse.ui.texteditor.EditorMessages
2026-07-31 20:45:01,310 [ERROR] LogOutputStream:75 - [STDERR_REDIRECT] Warning: NLS unused message: FindReplace_ForwardRadioButton_label in: org.eclipse.ui.texteditor.EditorMessages
2026-07-31 20:45:01,315 [ERROR] LogOutputStream:75 - [STDERR_REDIRECT] Warning: NLS unused message: FindReplace_BackwardRadioButton_label in: org.eclipse.ui.texteditor.EditorMessages
2026-07-31 20:45:01,318 [ERROR] LogOutputStream:75 - [STDERR_REDIRECT] Warning: NLS unused message: FindReplace_Scope in: org.eclipse.ui.texteditor.EditorMessages
2026-07-31 20:45:01,322 [ERROR] LogOutputStream:75 - [STDERR_REDIRECT] Warning: NLS unused message: FindReplace_GlobalRadioButton_label in: org.eclipse.ui.texteditor.EditorMessages
2026-07-31 20:45:01,327 [ERROR] LogOutputStream:75 - [STDERR_REDIRECT] Warning: NLS unused message: FindReplace_SelectedRangeRadioButton_label in: org.eclipse.ui.texteditor.EditorMessages
2026-07-31 20:45:01,335 [ERROR] LogOutputStream:75 - [STDERR_REDIRECT] Warning: NLS unused message: FindReplace_Options in: org.eclipse.ui.texteditor.EditorMessages
2026-07-31 20:45:01,343 [ERROR] LogOutputStream:75 - [STDERR_REDIRECT] Warning: NLS unused message: FindReplace_CaseCheckBox_label in: org.eclipse.ui.texteditor.EditorMessages
2026-07-31 20:45:01,347 [ERROR] LogOutputStream:75 - [STDERR_REDIRECT] Warning: NLS unused message: FindReplace_WrapCheckBox_label in: org.eclipse.ui.texteditor.EditorMessages
2026-07-31 20:45:01,351 [ERROR] LogOutputStream:75 - [STDERR_REDIRECT] Warning: NLS unused message: FindReplace_WholeWordCheckBox_label in: org.eclipse.ui.texteditor.EditorMessages
2026-07-31 20:45:01,355 [ERROR] LogOutputStream:75 - [STDERR_REDIRECT] Warning: NLS unused message: FindReplace_IncrementalCheckBox_label in: org.eclipse.ui.texteditor.EditorMessages
2026-07-31 20:45:01,360 [ERROR] LogOutputStream:75 - [STDERR_REDIRECT] Warning: NLS unused message: FindReplace_RegExCheckbox_label in: org.eclipse.ui.texteditor.EditorMessages
2026-07-31 20:45:01,364 [ERROR] LogOutputStream:75 - [STDERR_REDIRECT] Warning: NLS unused message: FindReplace_FindNextButton_label in: org.eclipse.ui.texteditor.EditorMessages
2026-07-31 20:45:01,369 [ERROR] LogOutputStream:75 - [STDERR_REDIRECT] Warning: NLS unused message: FindReplace_ReplaceFindButton_label in: org.eclipse.ui.texteditor.EditorMessages
2026-07-31 20:45:01,373 [ERROR] LogOutputStream:75 - [STDERR_REDIRECT] Warning: NLS unused message: FindReplace_ReplaceSelectionButton_label in: org.eclipse.ui.texteditor.EditorMessages
2026-07-31 20:45:01,378 [ERROR] LogOutputStream:75 - [STDERR_REDIRECT] Warning: NLS unused message: FindReplace_ReplaceAllButton_label in: org.eclipse.ui.texteditor.EditorMessages
2026-07-31 20:45:01,382 [ERROR] LogOutputStream:75 - [STDERR_REDIRECT] Warning: NLS unused message: FindReplace_CloseButton_label in: org.eclipse.ui.texteditor.EditorMessages
2026-07-31 20:45:01,388 [ERROR] LogOutputStream:75 - [STDERR_REDIRECT] Warning: NLS unused message: FindReplace_Status_replacements_label in: org.eclipse.ui.texteditor.EditorMessages
2026-07-31 20:45:01,395 [ERROR] LogOutputStream:75 - [STDERR_REDIRECT] Warning: NLS unused message: FindReplace_Status_wrapped_label in: org.eclipse.ui.texteditor.EditorMessages
2026-07-31 20:45:07,188 [INFO] LogOutputStream:77 - [STDOUT_REDIRECT] 
2026-07-31 20:45:08,027 [ERROR] LogOutputStream:75 - [STDERR_REDIRECT] Warning: NLS unused message: ShowInNavigatorView_label in: org.eclipse.jdt.internal.ui.actions.ActionMessages
2026-07-31 20:45:08,030 [ERROR] LogOutputStream:75 - [STDERR_REDIRECT] Warning: NLS unused message: ShowInNavigatorView_dialog_title in: org.eclipse.jdt.internal.ui.actions.ActionMessages
2026-07-31 20:45:08,033 [ERROR] LogOutputStream:75 - [STDERR_REDIRECT] Warning: NLS unused message: ShowInNavigatorView_dialog_message in: org.eclipse.jdt.internal.ui.actions.ActionMessages
2026-07-31 20:45:08,036 [ERROR] LogOutputStream:75 - [STDERR_REDIRECT] Warning: NLS unused message: ShowInNavigatorView_error_activation_failed in: org.eclipse.jdt.internal.ui.actions.ActionMessages
2026-07-31 20:45:08,042 [ERROR] LogOutputStream:75 - [STDERR_REDIRECT] Warning: NLS unused message: OrganizeImportsAction_error_message in: org.eclipse.jdt.internal.ui.actions.ActionMessages
2026-07-31 20:49:50,932 [ERROR] LogOutputStream:75 - [STDERR_REDIRECT] Warning: NLS unused message: TextSearchVisitor_progress_updating_job in: org.eclipse.search.internal.ui.SearchMessages
2026-07-31 20:49:50,938 [ERROR] LogOutputStream:75 - [STDERR_REDIRECT] Warning: NLS unused message: SearchPageSelectionDialog_rememberLastUsedPage_message in: org.eclipse.search.internal.ui.SearchMessages
2026-07-31 20:51:10,018 [ERROR] LogOutputStream:75 - [STDERR_REDIRECT] Warning: NLS unused message: ExternalToolsPreferencePage_External_tool_project_builders_migration_2 in: org.eclipse.ui.externaltools.internal.ui.ExternalToolsUIMessages
2026-07-31 20:51:10,022 [ERROR] LogOutputStream:75 - [STDERR_REDIRECT] Warning: NLS unused message: ExternalToolsPreferencePage_Prompt_before_migrating_3 in: org.eclipse.ui.externaltools.internal.ui.ExternalToolsUIMessages
2026-07-31 20:51:10,025 [ERROR] LogOutputStream:75 - [STDERR_REDIRECT] Warning: NLS unused message: ExternalToolsPreferencePage_1 in: org.eclipse.ui.externaltools.internal.ui.ExternalToolsUIMessages
2026-07-31 20:51:31,784 [ERROR] LogOutputStream:75 - [STDERR_REDIRECT] Warning: NLS unused message: CompilationDatabaseParserOptionPage_Browse in: org.eclipse.cdt.managedbuilder.internal.ui.language.settings.providers.messages
2026-07-31 20:57:38,310 [ERROR] LogOutputStream:75 - [STDERR_REDIRECT] Warning: NLS unused message: MultiLaunchConfigurationDelegate_Cannot in: org.eclipse.cdt.launch.internal.ui.LaunchMessages
2026-07-31 20:57:38,314 [ERROR] LogOutputStream:75 - [STDERR_REDIRECT] Warning: NLS unused message: MultiLaunchConfigurationDelegate_Action_None in: org.eclipse.cdt.launch.internal.ui.LaunchMessages
2026-07-31 20:57:38,316 [ERROR] LogOutputStream:75 - [STDERR_REDIRECT] Warning: NLS unused message: MultiLaunchConfigurationDelegate_Action_WaitUntilTerminated in: org.eclipse.cdt.launch.internal.ui.LaunchMessages
2026-07-31 20:57:38,317 [ERROR] LogOutputStream:75 - [STDERR_REDIRECT] Warning: NLS unused message: MultiLaunchConfigurationDelegate_Action_Delay in: org.eclipse.cdt.launch.internal.ui.LaunchMessages
2026-07-31 20:57:38,319 [ERROR] LogOutputStream:75 - [STDERR_REDIRECT] Warning: NLS unused message: MultiLaunchConfigurationDelegate_Action_Delaying in: org.eclipse.cdt.launch.internal.ui.LaunchMessages
2026-07-31 20:57:38,321 [ERROR] LogOutputStream:75 - [STDERR_REDIRECT] Warning: NLS unused message: MultiLaunchConfigurationSelectionDialog_4 in: org.eclipse.cdt.launch.internal.ui.LaunchMessages
2026-07-31 20:57:38,323 [ERROR] LogOutputStream:75 - [STDERR_REDIRECT] Warning: NLS unused message: MultiLaunchConfigurationSelectionDialog_5 in: org.eclipse.cdt.launch.internal.ui.LaunchMessages
2026-07-31 20:57:38,325 [ERROR] LogOutputStream:75 - [STDERR_REDIRECT] Warning: NLS unused message: MultiLaunchConfigurationSelectionDialog_7 in: org.eclipse.cdt.launch.internal.ui.LaunchMessages
2026-07-31 20:57:38,326 [ERROR] LogOutputStream:75 - [STDERR_REDIRECT] Warning: NLS unused message: MultiLaunchConfigurationSelectionDialog_8 in: org.eclipse.cdt.launch.internal.ui.LaunchMessages
2026-07-31 20:57:38,328 [ERROR] LogOutputStream:75 - [STDERR_REDIRECT] Warning: NLS unused message: MultiLaunchConfigurationSelectionDialog_10 in: org.eclipse.cdt.launch.internal.ui.LaunchMessages
2026-07-31 20:57:38,330 [ERROR] LogOutputStream:75 - [STDERR_REDIRECT] Warning: NLS unused message: MultiLaunchConfigurationSelectionDialog_11 in: org.eclipse.cdt.launch.internal.ui.LaunchMessages
2026-07-31 20:57:38,331 [ERROR] LogOutputStream:75 - [STDERR_REDIRECT] Warning: NLS unused message: MultiLaunchConfigurationSelectionDialog_12 in: org.eclipse.cdt.launch.internal.ui.LaunchMessages
2026-07-31 20:57:38,333 [ERROR] LogOutputStream:75 - [STDERR_REDIRECT] Warning: NLS unused message: MultiLaunchConfigurationSelectionDialog_13 in: org.eclipse.cdt.launch.internal.ui.LaunchMessages
2026-07-31 20:57:38,335 [ERROR] LogOutputStream:75 - [STDERR_REDIRECT] Warning: NLS unused message: MultiLaunchConfigurationSelectionDialog_14 in: org.eclipse.cdt.launch.internal.ui.LaunchMessages
2026-07-31 20:57:38,337 [ERROR] LogOutputStream:75 - [STDERR_REDIRECT] Warning: NLS unused message: MultiLaunchConfigurationSelectionDialog_15 in: org.eclipse.cdt.launch.internal.ui.LaunchMessages
2026-07-31 20:57:38,338 [ERROR] LogOutputStream:75 - [STDERR_REDIRECT] Warning: NLS unused message: MultiLaunchConfigurationTabGroup_1 in: org.eclipse.cdt.launch.internal.ui.LaunchMessages
2026-07-31 20:57:38,340 [ERROR] LogOutputStream:75 - [STDERR_REDIRECT] Warning: NLS unused message: MultiLaunchConfigurationTabGroup_2 in: org.eclipse.cdt.launch.internal.ui.LaunchMessages
2026-07-31 20:57:38,342 [ERROR] LogOutputStream:75 - [STDERR_REDIRECT] Warning: NLS unused message: MultiLaunchConfigurationTabGroup_3 in: org.eclipse.cdt.launch.internal.ui.LaunchMessages
2026-07-31 20:57:38,344 [ERROR] LogOutputStream:75 - [STDERR_REDIRECT] Warning: NLS unused message: MultiLaunchConfigurationTabGroup_4 in: org.eclipse.cdt.launch.internal.ui.LaunchMessages
2026-07-31 20:57:38,345 [ERROR] LogOutputStream:75 - [STDERR_REDIRECT] Warning: NLS unused message: MultiLaunchConfigurationTabGroup_5 in: org.eclipse.cdt.launch.internal.ui.LaunchMessages
2026-07-31 20:57:38,347 [ERROR] LogOutputStream:75 - [STDERR_REDIRECT] Warning: NLS unused message: MultiLaunchConfigurationTabGroup_6 in: org.eclipse.cdt.launch.internal.ui.LaunchMessages
2026-07-31 20:57:38,349 [ERROR] LogOutputStream:75 - [STDERR_REDIRECT] Warning: NLS unused message: MultiLaunchConfigurationTabGroup_7 in: org.eclipse.cdt.launch.internal.ui.LaunchMessages
2026-07-31 20:57:38,350 [ERROR] LogOutputStream:75 - [STDERR_REDIRECT] Warning: NLS unused message: MultiLaunchConfigurationTabGroup_10 in: org.eclipse.cdt.launch.internal.ui.LaunchMessages
2026-07-31 20:57:38,352 [ERROR] LogOutputStream:75 - [STDERR_REDIRECT] Warning: NLS unused message: MultiLaunchConfigurationTabGroup_11 in: org.eclipse.cdt.launch.internal.ui.LaunchMessages
2026-07-31 20:57:38,353 [ERROR] LogOutputStream:75 - [STDERR_REDIRECT] Warning: NLS unused message: MultiLaunchConfigurationTabGroup_12 in: org.eclipse.cdt.launch.internal.ui.LaunchMessages
2026-07-31 20:57:38,355 [ERROR] LogOutputStream:75 - [STDERR_REDIRECT] Warning: NLS unused message: MultiLaunchConfigurationTabGroup_13 in: org.eclipse.cdt.launch.internal.ui.LaunchMessages
2026-07-31 20:57:38,357 [ERROR] LogOutputStream:75 - [STDERR_REDIRECT] Warning: NLS unused message: MultiLaunchConfigurationTabGroup_14 in: org.eclipse.cdt.launch.internal.ui.LaunchMessages
2026-07-31 20:57:38,359 [ERROR] LogOutputStream:75 - [STDERR_REDIRECT] Warning: NLS unused message: MultiLaunchConfigurationTabGroup_15 in: org.eclipse.cdt.launch.internal.ui.LaunchMessages
2026-07-31 20:57:38,361 [ERROR] LogOutputStream:75 - [STDERR_REDIRECT] Warning: NLS unused message: MultiLaunchConfigurationTabGroup_16 in: org.eclipse.cdt.launch.internal.ui.LaunchMessages
