2026-07-23 20:45:42,878 [INFO] Activator:176 - 


2026-07-23 20:45:42,909 [INFO] Activator:177 - !SESSION log4j initialized
2026-07-23 20:45:44,170 [ERROR] LogOutputStream:75 - [STDERR_REDIRECT] Warning: NLS unused message: ComplianceConfigurationBlock_version11 in: org.eclipse.jdt.internal.ui.preferences.PreferencesMessages
2026-07-23 20:45:44,183 [ERROR] LogOutputStream:75 - [STDERR_REDIRECT] Warning: NLS unused message: ComplianceConfigurationBlock_version12 in: org.eclipse.jdt.internal.ui.preferences.PreferencesMessages
2026-07-23 20:45:44,191 [ERROR] LogOutputStream:75 - [STDERR_REDIRECT] Warning: NLS unused message: ComplianceConfigurationBlock_version13 in: org.eclipse.jdt.internal.ui.preferences.PreferencesMessages
2026-07-23 20:45:44,200 [ERROR] LogOutputStream:75 - [STDERR_REDIRECT] Warning: NLS unused message: ComplianceConfigurationBlock_version14 in: org.eclipse.jdt.internal.ui.preferences.PreferencesMessages
2026-07-23 20:45:44,208 [ERROR] LogOutputStream:75 - [STDERR_REDIRECT] Warning: NLS unused message: ComplianceConfigurationBlock_version15 in: org.eclipse.jdt.internal.ui.preferences.PreferencesMessages
2026-07-23 20:45:44,220 [ERROR] LogOutputStream:75 - [STDERR_REDIRECT] Warning: NLS unused message: ComplianceConfigurationBlock_version9 in: org.eclipse.jdt.internal.ui.preferences.PreferencesMessages
2026-07-23 20:45:44,227 [ERROR] LogOutputStream:75 - [STDERR_REDIRECT] Warning: NLS unused message: ComplianceConfigurationBlock_version10 in: org.eclipse.jdt.internal.ui.preferences.PreferencesMessages
2026-07-23 20:45:44,239 [ERROR] LogOutputStream:75 - [STDERR_REDIRECT] Warning: NLS unused message: ComplianceConfigurationBlock_codegen_inline_jsr_bytecode_label in: org.eclipse.jdt.internal.ui.preferences.PreferencesMessages
2026-07-23 20:45:44,248 [ERROR] LogOutputStream:75 - [STDERR_REDIRECT] Warning: NLS unused message: ComplianceConfigurationBlock_pb_assert_as_identifier_label in: org.eclipse.jdt.internal.ui.preferences.PreferencesMessages
2026-07-23 20:45:44,259 [ERROR] LogOutputStream:75 - [STDERR_REDIRECT] Warning: NLS unused message: ComplianceConfigurationBlock_pb_enum_as_identifier_label in: org.eclipse.jdt.internal.ui.preferences.PreferencesMessages
2026-07-23 20:45:44,265 [ERROR] LogOutputStream:75 - [STDERR_REDIRECT] Warning: NLS unused message: ComplianceConfigurationBlock_cldc11_requires_source13_compliance_se14 in: org.eclipse.jdt.internal.ui.preferences.PreferencesMessages
2026-07-23 20:45:44,283 [ERROR] LogOutputStream:75 - [STDERR_REDIRECT] Warning: NLS unused message: CodeAssistConfigurationBlock_matchSubstring_label in: org.eclipse.jdt.internal.ui.preferences.PreferencesMessages
2026-07-23 20:45:44,351 [ERROR] LogOutputStream:75 - [STDERR_REDIRECT] Warning: NLS unused message: ProblemMarkerManager_problem_marker_update_job_description in: org.eclipse.jdt.internal.ui.JavaUIMessages
2026-07-23 20:45:44,358 [ERROR] LogOutputStream:75 - [STDERR_REDIRECT] Warning: NLS unused message: FilteredTypesSelectionDialog_default_package in: org.eclipse.jdt.internal.ui.JavaUIMessages
2026-07-23 20:45:44,366 [ERROR] LogOutputStream:75 - [STDERR_REDIRECT] Warning: NLS unused message: FilteredTypeSelectionDialog_showContainerForDuplicatesAction in: org.eclipse.jdt.internal.ui.JavaUIMessages
2026-07-23 20:45:44,370 [ERROR] LogOutputStream:75 - [STDERR_REDIRECT] Warning: NLS unused message: JavaElementLabels_anonym in: org.eclipse.jdt.internal.ui.JavaUIMessages
2026-07-23 20:45:44,377 [ERROR] LogOutputStream:75 - [STDERR_REDIRECT] Warning: NLS unused message: JavaElementLabels_concat_string in: org.eclipse.jdt.internal.ui.JavaUIMessages
2026-07-23 20:45:44,384 [ERROR] LogOutputStream:75 - [STDERR_REDIRECT] Warning: NLS unused message: JavaElementLabels_comma_string in: org.eclipse.jdt.internal.ui.JavaUIMessages
2026-07-23 20:45:44,392 [ERROR] LogOutputStream:75 - [STDERR_REDIRECT] Warning: NLS unused message: JavaElementLabels_declseparator_string in: org.eclipse.jdt.internal.ui.JavaUIMessages
2026-07-23 20:45:44,400 [ERROR] LogOutputStream:75 - [STDERR_REDIRECT] Warning: NLS unused message: JavaElementLabels_category_separator_string in: org.eclipse.jdt.internal.ui.JavaUIMessages
2026-07-23 20:45:44,407 [ERROR] LogOutputStream:75 - [STDERR_REDIRECT] Warning: NLS unused message: JavaElementLabels_import_container in: org.eclipse.jdt.internal.ui.JavaUIMessages
2026-07-23 20:45:45,026 [ERROR] LogOutputStream:75 - [STDERR_REDIRECT] Warning: NLS unused message: FindReplace_title in: org.eclipse.ui.texteditor.EditorMessages
2026-07-23 20:45:45,035 [ERROR] LogOutputStream:75 - [STDERR_REDIRECT] Warning: NLS unused message: FindReplace_Find_label in: org.eclipse.ui.texteditor.EditorMessages
2026-07-23 20:45:45,045 [ERROR] LogOutputStream:75 - [STDERR_REDIRECT] Warning: NLS unused message: FindReplace_Replace_label in: org.eclipse.ui.texteditor.EditorMessages
2026-07-23 20:45:45,051 [ERROR] LogOutputStream:75 - [STDERR_REDIRECT] Warning: NLS unused message: FindReplace_Direction in: org.eclipse.ui.texteditor.EditorMessages
2026-07-23 20:45:45,058 [ERROR] LogOutputStream:75 - [STDERR_REDIRECT] Warning: NLS unused message: FindReplace_ForwardRadioButton_label in: org.eclipse.ui.texteditor.EditorMessages
2026-07-23 20:45:45,064 [ERROR] LogOutputStream:75 - [STDERR_REDIRECT] Warning: NLS unused message: FindReplace_BackwardRadioButton_label in: org.eclipse.ui.texteditor.EditorMessages
2026-07-23 20:45:45,069 [ERROR] LogOutputStream:75 - [STDERR_REDIRECT] Warning: NLS unused message: FindReplace_Scope in: org.eclipse.ui.texteditor.EditorMessages
2026-07-23 20:45:45,077 [ERROR] LogOutputStream:75 - [STDERR_REDIRECT] Warning: NLS unused message: FindReplace_GlobalRadioButton_label in: org.eclipse.ui.texteditor.EditorMessages
2026-07-23 20:45:45,088 [ERROR] LogOutputStream:75 - [STDERR_REDIRECT] Warning: NLS unused message: FindReplace_SelectedRangeRadioButton_label in: org.eclipse.ui.texteditor.EditorMessages
2026-07-23 20:45:45,092 [ERROR] LogOutputStream:75 - [STDERR_REDIRECT] Warning: NLS unused message: FindReplace_Options in: org.eclipse.ui.texteditor.EditorMessages
2026-07-23 20:45:45,102 [ERROR] LogOutputStream:75 - [STDERR_REDIRECT] Warning: NLS unused message: FindReplace_CaseCheckBox_label in: org.eclipse.ui.texteditor.EditorMessages
2026-07-23 20:45:45,110 [ERROR] LogOutputStream:75 - [STDERR_REDIRECT] Warning: NLS unused message: FindReplace_WrapCheckBox_label in: org.eclipse.ui.texteditor.EditorMessages
2026-07-23 20:45:45,116 [ERROR] LogOutputStream:75 - [STDERR_REDIRECT] Warning: NLS unused message: FindReplace_WholeWordCheckBox_label in: org.eclipse.ui.texteditor.EditorMessages
2026-07-23 20:45:45,125 [ERROR] LogOutputStream:75 - [STDERR_REDIRECT] Warning: NLS unused message: FindReplace_IncrementalCheckBox_label in: org.eclipse.ui.texteditor.EditorMessages
2026-07-23 20:45:45,134 [ERROR] LogOutputStream:75 - [STDERR_REDIRECT] Warning: NLS unused message: FindReplace_RegExCheckbox_label in: org.eclipse.ui.texteditor.EditorMessages
2026-07-23 20:45:45,142 [ERROR] LogOutputStream:75 - [STDERR_REDIRECT] Warning: NLS unused message: FindReplace_FindNextButton_label in: org.eclipse.ui.texteditor.EditorMessages
2026-07-23 20:45:45,149 [ERROR] LogOutputStream:75 - [STDERR_REDIRECT] Warning: NLS unused message: FindReplace_ReplaceFindButton_label in: org.eclipse.ui.texteditor.EditorMessages
2026-07-23 20:45:45,156 [ERROR] LogOutputStream:75 - [STDERR_REDIRECT] Warning: NLS unused message: FindReplace_ReplaceSelectionButton_label in: org.eclipse.ui.texteditor.EditorMessages
2026-07-23 20:45:45,163 [ERROR] LogOutputStream:75 - [STDERR_REDIRECT] Warning: NLS unused message: FindReplace_ReplaceAllButton_label in: org.eclipse.ui.texteditor.EditorMessages
2026-07-23 20:45:45,171 [ERROR] LogOutputStream:75 - [STDERR_REDIRECT] Warning: NLS unused message: FindReplace_CloseButton_label in: org.eclipse.ui.texteditor.EditorMessages
2026-07-23 20:45:45,176 [ERROR] LogOutputStream:75 - [STDERR_REDIRECT] Warning: NLS unused message: FindReplace_Status_replacements_label in: org.eclipse.ui.texteditor.EditorMessages
2026-07-23 20:45:45,184 [ERROR] LogOutputStream:75 - [STDERR_REDIRECT] Warning: NLS unused message: FindReplace_Status_wrapped_label in: org.eclipse.ui.texteditor.EditorMessages
2026-07-23 20:45:45,706 [ERROR] LogOutputStream:75 - [STDERR_REDIRECT] Warning: NLS unused message: FileDocumentProvider_getPersistedEncoding in: org.eclipse.ui.editors.text.TextEditorMessages
2026-07-23 20:45:53,201 [ERROR] LogOutputStream:75 - [STDERR_REDIRECT] Warning: NLS unused message: TextSearchVisitor_progress_updating_job in: org.eclipse.search.internal.ui.SearchMessages
2026-07-23 20:45:53,205 [ERROR] LogOutputStream:75 - [STDERR_REDIRECT] Warning: NLS unused message: SearchPageSelectionDialog_rememberLastUsedPage_message in: org.eclipse.search.internal.ui.SearchMessages
2026-07-23 20:45:58,145 [INFO] LogOutputStream:77 - [STDOUT_REDIRECT] 
2026-07-23 20:46:02,628 [ERROR] LogOutputStream:75 - [STDERR_REDIRECT] Warning: NLS unused message: ActivitiesPreferencePage_advancedDialogTitle in: org.eclipse.ui.internal.activities.ws.messages
2026-07-23 20:46:02,630 [ERROR] LogOutputStream:75 - [STDERR_REDIRECT] Warning: NLS unused message: ActivitiesPreferencePage_advancedButton in: org.eclipse.ui.internal.activities.ws.messages
2026-07-23 20:46:07,053 [ERROR] LogOutputStream:75 - [STDERR_REDIRECT] Warning: NLS unused message: ShowInNavigatorView_label in: org.eclipse.jdt.internal.ui.actions.ActionMessages
2026-07-23 20:46:07,064 [ERROR] LogOutputStream:75 - [STDERR_REDIRECT] Warning: NLS unused message: ShowInNavigatorView_dialog_title in: org.eclipse.jdt.internal.ui.actions.ActionMessages
2026-07-23 20:46:07,073 [ERROR] LogOutputStream:75 - [STDERR_REDIRECT] Warning: NLS unused message: ShowInNavigatorView_dialog_message in: org.eclipse.jdt.internal.ui.actions.ActionMessages
2026-07-23 20:46:07,082 [ERROR] LogOutputStream:75 - [STDERR_REDIRECT] Warning: NLS unused message: ShowInNavigatorView_error_activation_failed in: org.eclipse.jdt.internal.ui.actions.ActionMessages
2026-07-23 20:46:07,092 [ERROR] LogOutputStream:75 - [STDERR_REDIRECT] Warning: NLS unused message: OrganizeImportsAction_error_message in: org.eclipse.jdt.internal.ui.actions.ActionMessages
2026-07-23 20:46:21,237 [ERROR] LogOutputStream:75 - [STDERR_REDIRECT] Warning: NLS unused message: ExecutionEnvironmentDescription_0 in: org.eclipse.jdt.internal.launching.LaunchingMessages
2026-07-23 20:46:29,659 [ERROR] AdobePublisher:162 - Exception while opening the connection: javax.net.ssl.SSLHandshakeException: Remote host terminated the handshake
2026-07-23 20:46:29,660 [ERROR] AdobePublisher:162 - Exception while opening the connection: javax.net.ssl.SSLHandshakeException: Remote host terminated the handshake
2026-07-23 20:46:29,660 [ERROR] AdobePublisher:162 - Exception while opening the connection: javax.net.ssl.SSLHandshakeException: Remote host terminated the handshake
2026-07-23 20:46:29,660 [ERROR] AdobePublisher:162 - Exception while opening the connection: javax.net.ssl.SSLHandshakeException: Remote host terminated the handshake
2026-07-23 20:46:29,660 [ERROR] AdobePublisher:162 - Exception while opening the connection: javax.net.ssl.SSLHandshakeException: Remote host terminated the handshake
2026-07-23 20:46:41,261 [ERROR] LogOutputStream:75 - [STDERR_REDIRECT] Warning: NLS unused message: MultiLaunchConfigurationDelegate_Cannot in: org.eclipse.cdt.launch.internal.ui.LaunchMessages
2026-07-23 20:46:41,268 [ERROR] LogOutputStream:75 - [STDERR_REDIRECT] Warning: NLS unused message: MultiLaunchConfigurationDelegate_Action_None in: org.eclipse.cdt.launch.internal.ui.LaunchMessages
2026-07-23 20:46:41,274 [ERROR] LogOutputStream:75 - [STDERR_REDIRECT] Warning: NLS unused message: MultiLaunchConfigurationDelegate_Action_WaitUntilTerminated in: org.eclipse.cdt.launch.internal.ui.LaunchMessages
2026-07-23 20:46:41,280 [ERROR] LogOutputStream:75 - [STDERR_REDIRECT] Warning: NLS unused message: MultiLaunchConfigurationDelegate_Action_Delay in: org.eclipse.cdt.launch.internal.ui.LaunchMessages
2026-07-23 20:46:41,285 [ERROR] LogOutputStream:75 - [STDERR_REDIRECT] Warning: NLS unused message: MultiLaunchConfigurationDelegate_Action_Delaying in: org.eclipse.cdt.launch.internal.ui.LaunchMessages
2026-07-23 20:46:41,290 [ERROR] LogOutputStream:75 - [STDERR_REDIRECT] Warning: NLS unused message: MultiLaunchConfigurationSelectionDialog_4 in: org.eclipse.cdt.launch.internal.ui.LaunchMessages
2026-07-23 20:46:41,295 [ERROR] LogOutputStream:75 - [STDERR_REDIRECT] Warning: NLS unused message: MultiLaunchConfigurationSelectionDialog_5 in: org.eclipse.cdt.launch.internal.ui.LaunchMessages
2026-07-23 20:46:41,300 [ERROR] LogOutputStream:75 - [STDERR_REDIRECT] Warning: NLS unused message: MultiLaunchConfigurationSelectionDialog_7 in: org.eclipse.cdt.launch.internal.ui.LaunchMessages
2026-07-23 20:46:41,306 [ERROR] LogOutputStream:75 - [STDERR_REDIRECT] Warning: NLS unused message: MultiLaunchConfigurationSelectionDialog_8 in: org.eclipse.cdt.launch.internal.ui.LaunchMessages
2026-07-23 20:46:41,311 [ERROR] LogOutputStream:75 - [STDERR_REDIRECT] Warning: NLS unused message: MultiLaunchConfigurationSelectionDialog_10 in: org.eclipse.cdt.launch.internal.ui.LaunchMessages
2026-07-23 20:46:41,316 [ERROR] LogOutputStream:75 - [STDERR_REDIRECT] Warning: NLS unused message: MultiLaunchConfigurationSelectionDialog_11 in: org.eclipse.cdt.launch.internal.ui.LaunchMessages
2026-07-23 20:46:41,321 [ERROR] LogOutputStream:75 - [STDERR_REDIRECT] Warning: NLS unused message: MultiLaunchConfigurationSelectionDialog_12 in: org.eclipse.cdt.launch.internal.ui.LaunchMessages
2026-07-23 20:46:41,327 [ERROR] LogOutputStream:75 - [STDERR_REDIRECT] Warning: NLS unused message: MultiLaunchConfigurationSelectionDialog_13 in: org.eclipse.cdt.launch.internal.ui.LaunchMessages
2026-07-23 20:46:41,333 [ERROR] LogOutputStream:75 - [STDERR_REDIRECT] Warning: NLS unused message: MultiLaunchConfigurationSelectionDialog_14 in: org.eclipse.cdt.launch.internal.ui.LaunchMessages
2026-07-23 20:46:41,338 [ERROR] LogOutputStream:75 - [STDERR_REDIRECT] Warning: NLS unused message: MultiLaunchConfigurationSelectionDialog_15 in: org.eclipse.cdt.launch.internal.ui.LaunchMessages
2026-07-23 20:46:41,344 [ERROR] LogOutputStream:75 - [STDERR_REDIRECT] Warning: NLS unused message: MultiLaunchConfigurationTabGroup_1 in: org.eclipse.cdt.launch.internal.ui.LaunchMessages
2026-07-23 20:46:41,350 [ERROR] LogOutputStream:75 - [STDERR_REDIRECT] Warning: NLS unused message: MultiLaunchConfigurationTabGroup_2 in: org.eclipse.cdt.launch.internal.ui.LaunchMessages
2026-07-23 20:46:41,356 [ERROR] LogOutputStream:75 - [STDERR_REDIRECT] Warning: NLS unused message: MultiLaunchConfigurationTabGroup_3 in: org.eclipse.cdt.launch.internal.ui.LaunchMessages
2026-07-23 20:46:41,362 [ERROR] LogOutputStream:75 - [STDERR_REDIRECT] Warning: NLS unused message: MultiLaunchConfigurationTabGroup_4 in: org.eclipse.cdt.launch.internal.ui.LaunchMessages
2026-07-23 20:46:41,368 [ERROR] LogOutputStream:75 - [STDERR_REDIRECT] Warning: NLS unused message: MultiLaunchConfigurationTabGroup_5 in: org.eclipse.cdt.launch.internal.ui.LaunchMessages
2026-07-23 20:46:41,373 [ERROR] LogOutputStream:75 - [STDERR_REDIRECT] Warning: NLS unused message: MultiLaunchConfigurationTabGroup_6 in: org.eclipse.cdt.launch.internal.ui.LaunchMessages
2026-07-23 20:46:41,378 [ERROR] LogOutputStream:75 - [STDERR_REDIRECT] Warning: NLS unused message: MultiLaunchConfigurationTabGroup_7 in: org.eclipse.cdt.launch.internal.ui.LaunchMessages
2026-07-23 20:46:41,383 [ERROR] LogOutputStream:75 - [STDERR_REDIRECT] Warning: NLS unused message: MultiLaunchConfigurationTabGroup_10 in: org.eclipse.cdt.launch.internal.ui.LaunchMessages
2026-07-23 20:46:41,388 [ERROR] LogOutputStream:75 - [STDERR_REDIRECT] Warning: NLS unused message: MultiLaunchConfigurationTabGroup_11 in: org.eclipse.cdt.launch.internal.ui.LaunchMessages
2026-07-23 20:46:41,394 [ERROR] LogOutputStream:75 - [STDERR_REDIRECT] Warning: NLS unused message: MultiLaunchConfigurationTabGroup_12 in: org.eclipse.cdt.launch.internal.ui.LaunchMessages
2026-07-23 20:46:41,400 [ERROR] LogOutputStream:75 - [STDERR_REDIRECT] Warning: NLS unused message: MultiLaunchConfigurationTabGroup_13 in: org.eclipse.cdt.launch.internal.ui.LaunchMessages
2026-07-23 20:46:41,405 [ERROR] LogOutputStream:75 - [STDERR_REDIRECT] Warning: NLS unused message: MultiLaunchConfigurationTabGroup_14 in: org.eclipse.cdt.launch.internal.ui.LaunchMessages
2026-07-23 20:46:41,410 [ERROR] LogOutputStream:75 - [STDERR_REDIRECT] Warning: NLS unused message: MultiLaunchConfigurationTabGroup_15 in: org.eclipse.cdt.launch.internal.ui.LaunchMessages
2026-07-23 20:46:41,416 [ERROR] LogOutputStream:75 - [STDERR_REDIRECT] Warning: NLS unused message: MultiLaunchConfigurationTabGroup_16 in: org.eclipse.cdt.launch.internal.ui.LaunchMessages
2026-07-23 20:46:43,559 [ERROR] AdobePublisher:162 - Exception while opening the connection: javax.net.ssl.SSLHandshakeException: Remote host terminated the handshake
2026-07-23 20:46:43,559 [ERROR] AdobePublisher:162 - Exception while opening the connection: javax.net.ssl.SSLHandshakeException: Remote host terminated the handshake
2026-07-23 20:46:43,560 [ERROR] AdobePublisher:162 - Exception while opening the connection: javax.net.ssl.SSLHandshakeException: Remote host terminated the handshake
2026-07-23 20:46:43,560 [ERROR] AdobePublisher:162 - Exception while opening the connection: javax.net.ssl.SSLHandshakeException: Remote host terminated the handshake
2026-07-23 20:46:43,560 [ERROR] AdobePublisher:162 - Exception while opening the connection: javax.net.ssl.SSLHandshakeException: Remote host terminated the handshake
2026-07-23 20:46:46,388 [ERROR] AdobePublisher:162 - Exception while opening the connection: javax.net.ssl.SSLHandshakeException: Remote host terminated the handshake
2026-07-23 20:46:46,390 [ERROR] AdobePublisher:162 - Exception while opening the connection: javax.net.ssl.SSLHandshakeException: Remote host terminated the handshake
2026-07-23 20:46:46,390 [ERROR] AdobePublisher:162 - Exception while opening the connection: javax.net.ssl.SSLHandshakeException: Remote host terminated the handshake
2026-07-23 20:46:46,391 [ERROR] AdobePublisher:162 - Exception while opening the connection: javax.net.ssl.SSLHandshakeException: Remote host terminated the handshake
2026-07-23 20:46:46,391 [ERROR] AdobePublisher:162 - Exception while opening the connection: javax.net.ssl.SSLHandshakeException: Remote host terminated the handshake
2026-07-23 20:47:42,558 [ERROR] AdobePublisher:162 - Exception while opening the connection: javax.net.ssl.SSLHandshakeException: Remote host terminated the handshake
2026-07-23 20:47:42,559 [ERROR] AdobePublisher:162 - Exception while opening the connection: javax.net.ssl.SSLHandshakeException: Remote host terminated the handshake
2026-07-23 20:47:42,559 [ERROR] AdobePublisher:162 - Exception while opening the connection: javax.net.ssl.SSLHandshakeException: Remote host terminated the handshake
2026-07-23 20:47:42,559 [ERROR] AdobePublisher:162 - Exception while opening the connection: javax.net.ssl.SSLHandshakeException: Remote host terminated the handshake
2026-07-23 20:47:42,559 [ERROR] AdobePublisher:162 - Exception while opening the connection: javax.net.ssl.SSLHandshakeException: Remote host terminated the handshake
2026-07-23 20:47:44,728 [ERROR] AdobePublisher:162 - Exception while opening the connection: javax.net.ssl.SSLHandshakeException: Remote host terminated the handshake
2026-07-23 20:47:44,729 [ERROR] AdobePublisher:162 - Exception while opening the connection: javax.net.ssl.SSLHandshakeException: Remote host terminated the handshake
2026-07-23 20:47:44,729 [ERROR] AdobePublisher:162 - Exception while opening the connection: javax.net.ssl.SSLHandshakeException: Remote host terminated the handshake
2026-07-23 20:47:44,729 [ERROR] AdobePublisher:162 - Exception while opening the connection: javax.net.ssl.SSLHandshakeException: Remote host terminated the handshake
2026-07-23 20:47:44,729 [ERROR] AdobePublisher:162 - Exception while opening the connection: javax.net.ssl.SSLHandshakeException: Remote host terminated the handshake
2026-07-23 21:55:53,746 [ERROR] AdobePublisher:162 - Exception while opening the connection: javax.net.ssl.SSLHandshakeException: Remote host terminated the handshake
2026-07-23 21:55:53,751 [ERROR] AdobePublisher:162 - Exception while opening the connection: javax.net.ssl.SSLHandshakeException: Remote host terminated the handshake
2026-07-23 21:55:53,751 [ERROR] AdobePublisher:162 - Exception while opening the connection: javax.net.ssl.SSLHandshakeException: Remote host terminated the handshake
2026-07-23 21:55:53,751 [ERROR] AdobePublisher:162 - Exception while opening the connection: javax.net.ssl.SSLHandshakeException: Remote host terminated the handshake
2026-07-23 21:55:53,751 [ERROR] AdobePublisher:162 - Exception while opening the connection: javax.net.ssl.SSLHandshakeException: Remote host terminated the handshake
