2026-08-19 15:55:12,406 [INFO] Activator:176 - 


2026-08-19 15:55:12,410 [INFO] Activator:177 - !SESSION log4j initialized
2026-08-19 15:55:12,749 [ERROR] LogOutputStream:75 - [STDERR_REDIRECT] Warning: NLS unused message: ComplianceConfigurationBlock_version11 in: org.eclipse.jdt.internal.ui.preferences.PreferencesMessages
2026-08-19 15:55:12,752 [ERROR] LogOutputStream:75 - [STDERR_REDIRECT] Warning: NLS unused message: ComplianceConfigurationBlock_version12 in: org.eclipse.jdt.internal.ui.preferences.PreferencesMessages
2026-08-19 15:55:12,754 [ERROR] LogOutputStream:75 - [STDERR_REDIRECT] Warning: NLS unused message: ComplianceConfigurationBlock_version13 in: org.eclipse.jdt.internal.ui.preferences.PreferencesMessages
2026-08-19 15:55:12,755 [ERROR] LogOutputStream:75 - [STDERR_REDIRECT] Warning: NLS unused message: ComplianceConfigurationBlock_version14 in: org.eclipse.jdt.internal.ui.preferences.PreferencesMessages
2026-08-19 15:55:12,757 [ERROR] LogOutputStream:75 - [STDERR_REDIRECT] Warning: NLS unused message: ComplianceConfigurationBlock_version15 in: org.eclipse.jdt.internal.ui.preferences.PreferencesMessages
2026-08-19 15:55:12,759 [ERROR] LogOutputStream:75 - [STDERR_REDIRECT] Warning: NLS unused message: ComplianceConfigurationBlock_version9 in: org.eclipse.jdt.internal.ui.preferences.PreferencesMessages
2026-08-19 15:55:12,761 [ERROR] LogOutputStream:75 - [STDERR_REDIRECT] Warning: NLS unused message: ComplianceConfigurationBlock_version10 in: org.eclipse.jdt.internal.ui.preferences.PreferencesMessages
2026-08-19 15:55:12,763 [ERROR] LogOutputStream:75 - [STDERR_REDIRECT] Warning: NLS unused message: ComplianceConfigurationBlock_codegen_inline_jsr_bytecode_label in: org.eclipse.jdt.internal.ui.preferences.PreferencesMessages
2026-08-19 15:55:12,765 [ERROR] LogOutputStream:75 - [STDERR_REDIRECT] Warning: NLS unused message: ComplianceConfigurationBlock_pb_assert_as_identifier_label in: org.eclipse.jdt.internal.ui.preferences.PreferencesMessages
2026-08-19 15:55:12,768 [ERROR] LogOutputStream:75 - [STDERR_REDIRECT] Warning: NLS unused message: ComplianceConfigurationBlock_pb_enum_as_identifier_label in: org.eclipse.jdt.internal.ui.preferences.PreferencesMessages
2026-08-19 15:55:12,769 [ERROR] LogOutputStream:75 - [STDERR_REDIRECT] Warning: NLS unused message: ComplianceConfigurationBlock_cldc11_requires_source13_compliance_se14 in: org.eclipse.jdt.internal.ui.preferences.PreferencesMessages
2026-08-19 15:55:12,775 [ERROR] LogOutputStream:75 - [STDERR_REDIRECT] Warning: NLS unused message: CodeAssistConfigurationBlock_matchSubstring_label in: org.eclipse.jdt.internal.ui.preferences.PreferencesMessages
2026-08-19 15:55:12,811 [ERROR] LogOutputStream:75 - [STDERR_REDIRECT] Warning: NLS unused message: ProblemMarkerManager_problem_marker_update_job_description in: org.eclipse.jdt.internal.ui.JavaUIMessages
2026-08-19 15:55:12,813 [ERROR] LogOutputStream:75 - [STDERR_REDIRECT] Warning: NLS unused message: FilteredTypesSelectionDialog_default_package in: org.eclipse.jdt.internal.ui.JavaUIMessages
2026-08-19 15:55:12,815 [ERROR] LogOutputStream:75 - [STDERR_REDIRECT] Warning: NLS unused message: FilteredTypeSelectionDialog_showContainerForDuplicatesAction in: org.eclipse.jdt.internal.ui.JavaUIMessages
2026-08-19 15:55:12,817 [ERROR] LogOutputStream:75 - [STDERR_REDIRECT] Warning: NLS unused message: JavaElementLabels_anonym in: org.eclipse.jdt.internal.ui.JavaUIMessages
2026-08-19 15:55:12,818 [ERROR] LogOutputStream:75 - [STDERR_REDIRECT] Warning: NLS unused message: JavaElementLabels_concat_string in: org.eclipse.jdt.internal.ui.JavaUIMessages
2026-08-19 15:55:12,820 [ERROR] LogOutputStream:75 - [STDERR_REDIRECT] Warning: NLS unused message: JavaElementLabels_comma_string in: org.eclipse.jdt.internal.ui.JavaUIMessages
2026-08-19 15:55:12,821 [ERROR] LogOutputStream:75 - [STDERR_REDIRECT] Warning: NLS unused message: JavaElementLabels_declseparator_string in: org.eclipse.jdt.internal.ui.JavaUIMessages
2026-08-19 15:55:12,822 [ERROR] LogOutputStream:75 - [STDERR_REDIRECT] Warning: NLS unused message: JavaElementLabels_category_separator_string in: org.eclipse.jdt.internal.ui.JavaUIMessages
2026-08-19 15:55:12,823 [ERROR] LogOutputStream:75 - [STDERR_REDIRECT] Warning: NLS unused message: JavaElementLabels_import_container in: org.eclipse.jdt.internal.ui.JavaUIMessages
2026-08-19 15:55:12,984 [ERROR] LogOutputStream:75 - [STDERR_REDIRECT] Warning: NLS unused message: FindReplace_title in: org.eclipse.ui.texteditor.EditorMessages
2026-08-19 15:55:12,987 [ERROR] LogOutputStream:75 - [STDERR_REDIRECT] Warning: NLS unused message: FindReplace_Find_label in: org.eclipse.ui.texteditor.EditorMessages
2026-08-19 15:55:12,989 [ERROR] LogOutputStream:75 - [STDERR_REDIRECT] Warning: NLS unused message: FindReplace_Replace_label in: org.eclipse.ui.texteditor.EditorMessages
2026-08-19 15:55:12,991 [ERROR] LogOutputStream:75 - [STDERR_REDIRECT] Warning: NLS unused message: FindReplace_Direction in: org.eclipse.ui.texteditor.EditorMessages
2026-08-19 15:55:12,994 [ERROR] LogOutputStream:75 - [STDERR_REDIRECT] Warning: NLS unused message: FindReplace_ForwardRadioButton_label in: org.eclipse.ui.texteditor.EditorMessages
2026-08-19 15:55:12,994 [ERROR] LogOutputStream:75 - [STDERR_REDIRECT] Warning: NLS unused message: FindReplace_BackwardRadioButton_label in: org.eclipse.ui.texteditor.EditorMessages
2026-08-19 15:55:12,998 [ERROR] LogOutputStream:75 - [STDERR_REDIRECT] Warning: NLS unused message: FindReplace_Scope in: org.eclipse.ui.texteditor.EditorMessages
2026-08-19 15:55:12,999 [ERROR] LogOutputStream:75 - [STDERR_REDIRECT] Warning: NLS unused message: FindReplace_GlobalRadioButton_label in: org.eclipse.ui.texteditor.EditorMessages
2026-08-19 15:55:13,000 [ERROR] LogOutputStream:75 - [STDERR_REDIRECT] Warning: NLS unused message: FindReplace_SelectedRangeRadioButton_label in: org.eclipse.ui.texteditor.EditorMessages
2026-08-19 15:55:13,002 [ERROR] LogOutputStream:75 - [STDERR_REDIRECT] Warning: NLS unused message: FindReplace_Options in: org.eclipse.ui.texteditor.EditorMessages
2026-08-19 15:55:13,003 [ERROR] LogOutputStream:75 - [STDERR_REDIRECT] Warning: NLS unused message: FindReplace_CaseCheckBox_label in: org.eclipse.ui.texteditor.EditorMessages
2026-08-19 15:55:13,004 [ERROR] LogOutputStream:75 - [STDERR_REDIRECT] Warning: NLS unused message: FindReplace_WrapCheckBox_label in: org.eclipse.ui.texteditor.EditorMessages
2026-08-19 15:55:13,005 [ERROR] LogOutputStream:75 - [STDERR_REDIRECT] Warning: NLS unused message: FindReplace_WholeWordCheckBox_label in: org.eclipse.ui.texteditor.EditorMessages
2026-08-19 15:55:13,007 [ERROR] LogOutputStream:75 - [STDERR_REDIRECT] Warning: NLS unused message: FindReplace_IncrementalCheckBox_label in: org.eclipse.ui.texteditor.EditorMessages
2026-08-19 15:55:13,009 [ERROR] LogOutputStream:75 - [STDERR_REDIRECT] Warning: NLS unused message: FindReplace_RegExCheckbox_label in: org.eclipse.ui.texteditor.EditorMessages
2026-08-19 15:55:13,010 [ERROR] LogOutputStream:75 - [STDERR_REDIRECT] Warning: NLS unused message: FindReplace_FindNextButton_label in: org.eclipse.ui.texteditor.EditorMessages
2026-08-19 15:55:13,011 [ERROR] LogOutputStream:75 - [STDERR_REDIRECT] Warning: NLS unused message: FindReplace_ReplaceFindButton_label in: org.eclipse.ui.texteditor.EditorMessages
2026-08-19 15:55:13,013 [ERROR] LogOutputStream:75 - [STDERR_REDIRECT] Warning: NLS unused message: FindReplace_ReplaceSelectionButton_label in: org.eclipse.ui.texteditor.EditorMessages
2026-08-19 15:55:13,015 [ERROR] LogOutputStream:75 - [STDERR_REDIRECT] Warning: NLS unused message: FindReplace_ReplaceAllButton_label in: org.eclipse.ui.texteditor.EditorMessages
2026-08-19 15:55:13,016 [ERROR] LogOutputStream:75 - [STDERR_REDIRECT] Warning: NLS unused message: FindReplace_CloseButton_label in: org.eclipse.ui.texteditor.EditorMessages
2026-08-19 15:55:13,018 [ERROR] LogOutputStream:75 - [STDERR_REDIRECT] Warning: NLS unused message: FindReplace_Status_replacements_label in: org.eclipse.ui.texteditor.EditorMessages
2026-08-19 15:55:13,019 [ERROR] LogOutputStream:75 - [STDERR_REDIRECT] Warning: NLS unused message: FindReplace_Status_wrapped_label in: org.eclipse.ui.texteditor.EditorMessages
2026-08-19 15:55:13,168 [ERROR] LogOutputStream:75 - [STDERR_REDIRECT] Warning: NLS unused message: FileDocumentProvider_getPersistedEncoding in: org.eclipse.ui.editors.text.TextEditorMessages
2026-08-19 15:55:14,888 [ERROR] LogOutputStream:75 - [STDERR_REDIRECT] Warning: NLS unused message: TextSearchVisitor_progress_updating_job in: org.eclipse.search.internal.ui.SearchMessages
2026-08-19 15:55:14,891 [ERROR] LogOutputStream:75 - [STDERR_REDIRECT] Warning: NLS unused message: SearchPageSelectionDialog_rememberLastUsedPage_message in: org.eclipse.search.internal.ui.SearchMessages
2026-08-19 15:55:16,626 [INFO] LogOutputStream:77 - [STDOUT_REDIRECT] 
2026-08-19 15:55:16,780 [ERROR] LogOutputStream:75 - [STDERR_REDIRECT] Warning: NLS unused message: ActivitiesPreferencePage_advancedDialogTitle in: org.eclipse.ui.internal.activities.ws.messages
2026-08-19 15:55:16,782 [ERROR] LogOutputStream:75 - [STDERR_REDIRECT] Warning: NLS unused message: ActivitiesPreferencePage_advancedButton in: org.eclipse.ui.internal.activities.ws.messages
2026-08-19 15:55:17,742 [ERROR] LogOutputStream:75 - [STDERR_REDIRECT] Warning: NLS unused message: ShowInNavigatorView_label in: org.eclipse.jdt.internal.ui.actions.ActionMessages
2026-08-19 15:55:17,744 [ERROR] LogOutputStream:75 - [STDERR_REDIRECT] Warning: NLS unused message: ShowInNavigatorView_dialog_title in: org.eclipse.jdt.internal.ui.actions.ActionMessages
2026-08-19 15:55:17,745 [ERROR] LogOutputStream:75 - [STDERR_REDIRECT] Warning: NLS unused message: ShowInNavigatorView_dialog_message in: org.eclipse.jdt.internal.ui.actions.ActionMessages
2026-08-19 15:55:17,746 [ERROR] LogOutputStream:75 - [STDERR_REDIRECT] Warning: NLS unused message: ShowInNavigatorView_error_activation_failed in: org.eclipse.jdt.internal.ui.actions.ActionMessages
2026-08-19 15:55:17,748 [ERROR] LogOutputStream:75 - [STDERR_REDIRECT] Warning: NLS unused message: OrganizeImportsAction_error_message in: org.eclipse.jdt.internal.ui.actions.ActionMessages
2026-08-19 15:55:17,890 [ERROR] LogOutputStream:75 - [STDERR_REDIRECT] Warning: NLS unused message: ChangeExceptionHandler_dialog_title in: org.eclipse.jdt.internal.ui.refactoring.refactoringui
2026-08-19 15:55:22,802 [ERROR] ConfigurationRetriever:142 - IOException on connection: Read timed out
2026-08-19 15:55:32,079 [ERROR] LogOutputStream:75 - [STDERR_REDIRECT] Warning: NLS unused message: PreviewWizardPage_description in: org.eclipse.ltk.internal.ui.refactoring.RefactoringUIMessages
2026-08-19 15:55:58,491 [ERROR] LogOutputStream:75 - [STDERR_REDIRECT] Warning: NLS unused message: ExecutionEnvironmentDescription_0 in: org.eclipse.jdt.internal.launching.LaunchingMessages
2026-08-19 15:56:04,425 [ERROR] ConfigurationRetriever:142 - IOException on connection: Read timed out
2026-08-19 15:57:00,756 [ERROR] ConfigurationRetriever:142 - IOException on connection: Read timed out
2026-08-19 15:57:02,787 [ERROR] ConfigurationRetriever:142 - IOException on connection: Read timed out
2026-08-19 15:57:05,263 [ERROR] AdobePublisher:162 - Exception while opening the connection: javax.net.ssl.SSLHandshakeException: Remote host terminated the handshake
2026-08-19 15:57:05,263 [ERROR] AdobePublisher:162 - Exception while opening the connection: javax.net.ssl.SSLHandshakeException: Remote host terminated the handshake
2026-08-19 15:57:05,263 [ERROR] AdobePublisher:162 - Exception while opening the connection: javax.net.ssl.SSLHandshakeException: Remote host terminated the handshake
2026-08-19 15:57:05,263 [ERROR] AdobePublisher:162 - Exception while opening the connection: javax.net.ssl.SSLHandshakeException: Remote host terminated the handshake
2026-08-19 15:57:05,263 [ERROR] AdobePublisher:162 - Exception while opening the connection: javax.net.ssl.SSLHandshakeException: Remote host terminated the handshake
2026-08-19 17:26:42,156 [ERROR] ConfigurationRetriever:142 - IOException on connection: Read timed out
2026-08-19 17:26:44,174 [ERROR] ConfigurationRetriever:142 - IOException on connection: Read timed out
2026-08-19 17:26:46,177 [ERROR] ConfigurationRetriever:142 - IOException on connection: Read timed out
