2026-07-28 19:57:14,873 [INFO] Activator:176 - 


2026-07-28 19:57:14,883 [INFO] Activator:177 - !SESSION log4j initialized
2026-07-28 19:57:15,687 [ERROR] LogOutputStream:75 - [STDERR_REDIRECT] Warning: NLS unused message: ComplianceConfigurationBlock_version11 in: org.eclipse.jdt.internal.ui.preferences.PreferencesMessages
2026-07-28 19:57:15,692 [ERROR] LogOutputStream:75 - [STDERR_REDIRECT] Warning: NLS unused message: ComplianceConfigurationBlock_version12 in: org.eclipse.jdt.internal.ui.preferences.PreferencesMessages
2026-07-28 19:57:15,697 [ERROR] LogOutputStream:75 - [STDERR_REDIRECT] Warning: NLS unused message: ComplianceConfigurationBlock_version13 in: org.eclipse.jdt.internal.ui.preferences.PreferencesMessages
2026-07-28 19:57:15,701 [ERROR] LogOutputStream:75 - [STDERR_REDIRECT] Warning: NLS unused message: ComplianceConfigurationBlock_version14 in: org.eclipse.jdt.internal.ui.preferences.PreferencesMessages
2026-07-28 19:57:15,705 [ERROR] LogOutputStream:75 - [STDERR_REDIRECT] Warning: NLS unused message: ComplianceConfigurationBlock_version15 in: org.eclipse.jdt.internal.ui.preferences.PreferencesMessages
2026-07-28 19:57:15,710 [ERROR] LogOutputStream:75 - [STDERR_REDIRECT] Warning: NLS unused message: ComplianceConfigurationBlock_version9 in: org.eclipse.jdt.internal.ui.preferences.PreferencesMessages
2026-07-28 19:57:15,714 [ERROR] LogOutputStream:75 - [STDERR_REDIRECT] Warning: NLS unused message: ComplianceConfigurationBlock_version10 in: org.eclipse.jdt.internal.ui.preferences.PreferencesMessages
2026-07-28 19:57:15,719 [ERROR] LogOutputStream:75 - [STDERR_REDIRECT] Warning: NLS unused message: ComplianceConfigurationBlock_codegen_inline_jsr_bytecode_label in: org.eclipse.jdt.internal.ui.preferences.PreferencesMessages
2026-07-28 19:57:15,724 [ERROR] LogOutputStream:75 - [STDERR_REDIRECT] Warning: NLS unused message: ComplianceConfigurationBlock_pb_assert_as_identifier_label in: org.eclipse.jdt.internal.ui.preferences.PreferencesMessages
2026-07-28 19:57:15,729 [ERROR] LogOutputStream:75 - [STDERR_REDIRECT] Warning: NLS unused message: ComplianceConfigurationBlock_pb_enum_as_identifier_label in: org.eclipse.jdt.internal.ui.preferences.PreferencesMessages
2026-07-28 19:57:15,734 [ERROR] LogOutputStream:75 - [STDERR_REDIRECT] Warning: NLS unused message: ComplianceConfigurationBlock_cldc11_requires_source13_compliance_se14 in: org.eclipse.jdt.internal.ui.preferences.PreferencesMessages
2026-07-28 19:57:15,748 [ERROR] LogOutputStream:75 - [STDERR_REDIRECT] Warning: NLS unused message: CodeAssistConfigurationBlock_matchSubstring_label in: org.eclipse.jdt.internal.ui.preferences.PreferencesMessages
2026-07-28 19:57:15,792 [ERROR] LogOutputStream:75 - [STDERR_REDIRECT] Warning: NLS unused message: ProblemMarkerManager_problem_marker_update_job_description in: org.eclipse.jdt.internal.ui.JavaUIMessages
2026-07-28 19:57:15,797 [ERROR] LogOutputStream:75 - [STDERR_REDIRECT] Warning: NLS unused message: FilteredTypesSelectionDialog_default_package in: org.eclipse.jdt.internal.ui.JavaUIMessages
2026-07-28 19:57:15,802 [ERROR] LogOutputStream:75 - [STDERR_REDIRECT] Warning: NLS unused message: FilteredTypeSelectionDialog_showContainerForDuplicatesAction in: org.eclipse.jdt.internal.ui.JavaUIMessages
2026-07-28 19:57:15,806 [ERROR] LogOutputStream:75 - [STDERR_REDIRECT] Warning: NLS unused message: JavaElementLabels_anonym in: org.eclipse.jdt.internal.ui.JavaUIMessages
2026-07-28 19:57:15,809 [ERROR] LogOutputStream:75 - [STDERR_REDIRECT] Warning: NLS unused message: JavaElementLabels_concat_string in: org.eclipse.jdt.internal.ui.JavaUIMessages
2026-07-28 19:57:15,813 [ERROR] LogOutputStream:75 - [STDERR_REDIRECT] Warning: NLS unused message: JavaElementLabels_comma_string in: org.eclipse.jdt.internal.ui.JavaUIMessages
2026-07-28 19:57:15,816 [ERROR] LogOutputStream:75 - [STDERR_REDIRECT] Warning: NLS unused message: JavaElementLabels_declseparator_string in: org.eclipse.jdt.internal.ui.JavaUIMessages
2026-07-28 19:57:15,820 [ERROR] LogOutputStream:75 - [STDERR_REDIRECT] Warning: NLS unused message: JavaElementLabels_category_separator_string in: org.eclipse.jdt.internal.ui.JavaUIMessages
2026-07-28 19:57:15,823 [ERROR] LogOutputStream:75 - [STDERR_REDIRECT] Warning: NLS unused message: JavaElementLabels_import_container in: org.eclipse.jdt.internal.ui.JavaUIMessages
2026-07-28 19:57:16,198 [ERROR] LogOutputStream:75 - [STDERR_REDIRECT] Warning: NLS unused message: FindReplace_title in: org.eclipse.ui.texteditor.EditorMessages
2026-07-28 19:57:16,202 [ERROR] LogOutputStream:75 - [STDERR_REDIRECT] Warning: NLS unused message: FindReplace_Find_label in: org.eclipse.ui.texteditor.EditorMessages
2026-07-28 19:57:16,207 [ERROR] LogOutputStream:75 - [STDERR_REDIRECT] Warning: NLS unused message: FindReplace_Replace_label in: org.eclipse.ui.texteditor.EditorMessages
2026-07-28 19:57:16,212 [ERROR] LogOutputStream:75 - [STDERR_REDIRECT] Warning: NLS unused message: FindReplace_Direction in: org.eclipse.ui.texteditor.EditorMessages
2026-07-28 19:57:16,216 [ERROR] LogOutputStream:75 - [STDERR_REDIRECT] Warning: NLS unused message: FindReplace_ForwardRadioButton_label in: org.eclipse.ui.texteditor.EditorMessages
2026-07-28 19:57:16,220 [ERROR] LogOutputStream:75 - [STDERR_REDIRECT] Warning: NLS unused message: FindReplace_BackwardRadioButton_label in: org.eclipse.ui.texteditor.EditorMessages
2026-07-28 19:57:16,224 [ERROR] LogOutputStream:75 - [STDERR_REDIRECT] Warning: NLS unused message: FindReplace_Scope in: org.eclipse.ui.texteditor.EditorMessages
2026-07-28 19:57:16,227 [ERROR] LogOutputStream:75 - [STDERR_REDIRECT] Warning: NLS unused message: FindReplace_GlobalRadioButton_label in: org.eclipse.ui.texteditor.EditorMessages
2026-07-28 19:57:16,233 [ERROR] LogOutputStream:75 - [STDERR_REDIRECT] Warning: NLS unused message: FindReplace_SelectedRangeRadioButton_label in: org.eclipse.ui.texteditor.EditorMessages
2026-07-28 19:57:16,236 [ERROR] LogOutputStream:75 - [STDERR_REDIRECT] Warning: NLS unused message: FindReplace_Options in: org.eclipse.ui.texteditor.EditorMessages
2026-07-28 19:57:16,240 [ERROR] LogOutputStream:75 - [STDERR_REDIRECT] Warning: NLS unused message: FindReplace_CaseCheckBox_label in: org.eclipse.ui.texteditor.EditorMessages
2026-07-28 19:57:16,243 [ERROR] LogOutputStream:75 - [STDERR_REDIRECT] Warning: NLS unused message: FindReplace_WrapCheckBox_label in: org.eclipse.ui.texteditor.EditorMessages
2026-07-28 19:57:16,246 [ERROR] LogOutputStream:75 - [STDERR_REDIRECT] Warning: NLS unused message: FindReplace_WholeWordCheckBox_label in: org.eclipse.ui.texteditor.EditorMessages
2026-07-28 19:57:16,250 [ERROR] LogOutputStream:75 - [STDERR_REDIRECT] Warning: NLS unused message: FindReplace_IncrementalCheckBox_label in: org.eclipse.ui.texteditor.EditorMessages
2026-07-28 19:57:16,254 [ERROR] LogOutputStream:75 - [STDERR_REDIRECT] Warning: NLS unused message: FindReplace_RegExCheckbox_label in: org.eclipse.ui.texteditor.EditorMessages
2026-07-28 19:57:16,257 [ERROR] LogOutputStream:75 - [STDERR_REDIRECT] Warning: NLS unused message: FindReplace_FindNextButton_label in: org.eclipse.ui.texteditor.EditorMessages
2026-07-28 19:57:16,262 [ERROR] LogOutputStream:75 - [STDERR_REDIRECT] Warning: NLS unused message: FindReplace_ReplaceFindButton_label in: org.eclipse.ui.texteditor.EditorMessages
2026-07-28 19:57:16,265 [ERROR] LogOutputStream:75 - [STDERR_REDIRECT] Warning: NLS unused message: FindReplace_ReplaceSelectionButton_label in: org.eclipse.ui.texteditor.EditorMessages
2026-07-28 19:57:16,268 [ERROR] LogOutputStream:75 - [STDERR_REDIRECT] Warning: NLS unused message: FindReplace_ReplaceAllButton_label in: org.eclipse.ui.texteditor.EditorMessages
2026-07-28 19:57:16,272 [ERROR] LogOutputStream:75 - [STDERR_REDIRECT] Warning: NLS unused message: FindReplace_CloseButton_label in: org.eclipse.ui.texteditor.EditorMessages
2026-07-28 19:57:16,277 [ERROR] LogOutputStream:75 - [STDERR_REDIRECT] Warning: NLS unused message: FindReplace_Status_replacements_label in: org.eclipse.ui.texteditor.EditorMessages
2026-07-28 19:57:16,281 [ERROR] LogOutputStream:75 - [STDERR_REDIRECT] Warning: NLS unused message: FindReplace_Status_wrapped_label in: org.eclipse.ui.texteditor.EditorMessages
2026-07-28 19:57:16,620 [ERROR] LogOutputStream:75 - [STDERR_REDIRECT] Warning: NLS unused message: FileDocumentProvider_getPersistedEncoding in: org.eclipse.ui.editors.text.TextEditorMessages
2026-07-28 19:57:20,837 [ERROR] LogOutputStream:75 - [STDERR_REDIRECT] Warning: NLS unused message: TextSearchVisitor_progress_updating_job in: org.eclipse.search.internal.ui.SearchMessages
2026-07-28 19:57:20,844 [ERROR] LogOutputStream:75 - [STDERR_REDIRECT] Warning: NLS unused message: SearchPageSelectionDialog_rememberLastUsedPage_message in: org.eclipse.search.internal.ui.SearchMessages
2026-07-28 19:57:24,950 [INFO] LogOutputStream:77 - [STDOUT_REDIRECT] 
2026-07-28 19:57:28,003 [ERROR] LogOutputStream:75 - [STDERR_REDIRECT] Warning: NLS unused message: ShowInNavigatorView_label in: org.eclipse.jdt.internal.ui.actions.ActionMessages
2026-07-28 19:57:28,005 [ERROR] LogOutputStream:75 - [STDERR_REDIRECT] Warning: NLS unused message: ShowInNavigatorView_dialog_title in: org.eclipse.jdt.internal.ui.actions.ActionMessages
2026-07-28 19:57:28,007 [ERROR] LogOutputStream:75 - [STDERR_REDIRECT] Warning: NLS unused message: ShowInNavigatorView_dialog_message in: org.eclipse.jdt.internal.ui.actions.ActionMessages
2026-07-28 19:57:28,010 [ERROR] LogOutputStream:75 - [STDERR_REDIRECT] Warning: NLS unused message: ShowInNavigatorView_error_activation_failed in: org.eclipse.jdt.internal.ui.actions.ActionMessages
2026-07-28 19:57:28,013 [ERROR] LogOutputStream:75 - [STDERR_REDIRECT] Warning: NLS unused message: OrganizeImportsAction_error_message in: org.eclipse.jdt.internal.ui.actions.ActionMessages
2026-07-28 20:08:29,058 [ERROR] ConfigurationRetriever:142 - IOException on connection: Read timed out
2026-07-28 20:08:31,265 [ERROR] AdobePublisher:162 - Exception while opening the connection: javax.net.ssl.SSLHandshakeException: Remote host terminated the handshake
2026-07-28 20:08:31,266 [ERROR] AdobePublisher:162 - Exception while opening the connection: javax.net.ssl.SSLHandshakeException: Remote host terminated the handshake
2026-07-28 20:08:31,266 [ERROR] AdobePublisher:162 - Exception while opening the connection: javax.net.ssl.SSLHandshakeException: Remote host terminated the handshake
2026-07-28 20:08:31,267 [ERROR] AdobePublisher:162 - Exception while opening the connection: javax.net.ssl.SSLHandshakeException: Remote host terminated the handshake
2026-07-28 20:08:31,268 [ERROR] AdobePublisher:162 - Exception while opening the connection: javax.net.ssl.SSLHandshakeException: Remote host terminated the handshake
2026-07-28 20:08:31,448 [ERROR] AdobePublisher:162 - Exception while opening the connection: javax.net.ssl.SSLHandshakeException: Remote host terminated the handshake
2026-07-28 20:08:31,449 [ERROR] AdobePublisher:162 - Exception while opening the connection: javax.net.ssl.SSLHandshakeException: Remote host terminated the handshake
2026-07-28 20:08:31,449 [ERROR] AdobePublisher:162 - Exception while opening the connection: javax.net.ssl.SSLHandshakeException: Remote host terminated the handshake
2026-07-28 20:08:31,450 [ERROR] AdobePublisher:162 - Exception while opening the connection: javax.net.ssl.SSLHandshakeException: Remote host terminated the handshake
2026-07-28 20:08:31,451 [ERROR] AdobePublisher:162 - Exception while opening the connection: javax.net.ssl.SSLHandshakeException: Remote host terminated the handshake
