Archive member included to satisfy reference by file (symbol)

D:/app/cubeIDE/STM32CubeIDE_2.1.1/STM32CubeIDE/plugins/com.st.stm32cube.ide.mcu.externaltools.gnu-tools-for-stm32.14.3.rel1.win32_1.0.100.202602081740/tools/bin/../lib/gcc/arm-none-eabi/14.3.1/../../../../arm-none-eabi/lib/thumb/v7e-m+fp/hard\libc_nano.a(libc_a-exit.o)
                              D:/app/cubeIDE/STM32CubeIDE_2.1.1/STM32CubeIDE/plugins/com.st.stm32cube.ide.mcu.externaltools.gnu-tools-for-stm32.14.3.rel1.win32_1.0.100.202602081740/tools/bin/../lib/gcc/arm-none-eabi/14.3.1/../../../../arm-none-eabi/lib/thumb/v7e-m+fp/hard/crt0.o (exit)
D:/app/cubeIDE/STM32CubeIDE_2.1.1/STM32CubeIDE/plugins/com.st.stm32cube.ide.mcu.externaltools.gnu-tools-for-stm32.14.3.rel1.win32_1.0.100.202602081740/tools/bin/../lib/gcc/arm-none-eabi/14.3.1/../../../../arm-none-eabi/lib/thumb/v7e-m+fp/hard\libc_nano.a(libc_a-strtod.o)
                              ./Core/Src/speed_command_receiver.o (strtof)
D:/app/cubeIDE/STM32CubeIDE_2.1.1/STM32CubeIDE/plugins/com.st.stm32cube.ide.mcu.externaltools.gnu-tools-for-stm32.14.3.rel1.win32_1.0.100.202602081740/tools/bin/../lib/gcc/arm-none-eabi/14.3.1/../../../../arm-none-eabi/lib/thumb/v7e-m+fp/hard\libc_nano.a(libc_a-strtoul.o)
                              ./Core/Src/speed_command_receiver.o (strtoul)
D:/app/cubeIDE/STM32CubeIDE_2.1.1/STM32CubeIDE/plugins/com.st.stm32cube.ide.mcu.externaltools.gnu-tools-for-stm32.14.3.rel1.win32_1.0.100.202602081740/tools/bin/../lib/gcc/arm-none-eabi/14.3.1/../../../../arm-none-eabi/lib/thumb/v7e-m+fp/hard\libc_nano.a(libc_a-ctype_.o)
                              ./Core/Src/speed_command_receiver.o (_ctype_)
D:/app/cubeIDE/STM32CubeIDE_2.1.1/STM32CubeIDE/plugins/com.st.stm32cube.ide.mcu.externaltools.gnu-tools-for-stm32.14.3.rel1.win32_1.0.100.202602081740/tools/bin/../lib/gcc/arm-none-eabi/14.3.1/../../../../arm-none-eabi/lib/thumb/v7e-m+fp/hard\libc_nano.a(libc_a-findfp.o)
                              D:/app/cubeIDE/STM32CubeIDE_2.1.1/STM32CubeIDE/plugins/com.st.stm32cube.ide.mcu.externaltools.gnu-tools-for-stm32.14.3.rel1.win32_1.0.100.202602081740/tools/bin/../lib/gcc/arm-none-eabi/14.3.1/../../../../arm-none-eabi/lib/thumb/v7e-m+fp/hard\libc_nano.a(libc_a-exit.o) (__stdio_exit_handler)
D:/app/cubeIDE/STM32CubeIDE_2.1.1/STM32CubeIDE/plugins/com.st.stm32cube.ide.mcu.externaltools.gnu-tools-for-stm32.14.3.rel1.win32_1.0.100.202602081740/tools/bin/../lib/gcc/arm-none-eabi/14.3.1/../../../../arm-none-eabi/lib/thumb/v7e-m+fp/hard\libc_nano.a(libc_a-fwalk.o)
                              D:/app/cubeIDE/STM32CubeIDE_2.1.1/STM32CubeIDE/plugins/com.st.stm32cube.ide.mcu.externaltools.gnu-tools-for-stm32.14.3.rel1.win32_1.0.100.202602081740/tools/bin/../lib/gcc/arm-none-eabi/14.3.1/../../../../arm-none-eabi/lib/thumb/v7e-m+fp/hard\libc_nano.a(libc_a-findfp.o) (_fwalk_sglue)
D:/app/cubeIDE/STM32CubeIDE_2.1.1/STM32CubeIDE/plugins/com.st.stm32cube.ide.mcu.externaltools.gnu-tools-for-stm32.14.3.rel1.win32_1.0.100.202602081740/tools/bin/../lib/gcc/arm-none-eabi/14.3.1/../../../../arm-none-eabi/lib/thumb/v7e-m+fp/hard\libc_nano.a(libc_a-snprintf.o)
                              ./Core/Src/main.o (snprintf)
D:/app/cubeIDE/STM32CubeIDE_2.1.1/STM32CubeIDE/plugins/com.st.stm32cube.ide.mcu.externaltools.gnu-tools-for-stm32.14.3.rel1.win32_1.0.100.202602081740/tools/bin/../lib/gcc/arm-none-eabi/14.3.1/../../../../arm-none-eabi/lib/thumb/v7e-m+fp/hard\libc_nano.a(libc_a-stdio.o)
                              D:/app/cubeIDE/STM32CubeIDE_2.1.1/STM32CubeIDE/plugins/com.st.stm32cube.ide.mcu.externaltools.gnu-tools-for-stm32.14.3.rel1.win32_1.0.100.202602081740/tools/bin/../lib/gcc/arm-none-eabi/14.3.1/../../../../arm-none-eabi/lib/thumb/v7e-m+fp/hard\libc_nano.a(libc_a-findfp.o) (__sread)
D:/app/cubeIDE/STM32CubeIDE_2.1.1/STM32CubeIDE/plugins/com.st.stm32cube.ide.mcu.externaltools.gnu-tools-for-stm32.14.3.rel1.win32_1.0.100.202602081740/tools/bin/../lib/gcc/arm-none-eabi/14.3.1/../../../../arm-none-eabi/lib/thumb/v7e-m+fp/hard\libc_nano.a(libc_a-vsnprintf.o)
                              ./Core/Src/motion_telemetry.o (vsnprintf)
D:/app/cubeIDE/STM32CubeIDE_2.1.1/STM32CubeIDE/plugins/com.st.stm32cube.ide.mcu.externaltools.gnu-tools-for-stm32.14.3.rel1.win32_1.0.100.202602081740/tools/bin/../lib/gcc/arm-none-eabi/14.3.1/../../../../arm-none-eabi/lib/thumb/v7e-m+fp/hard\libc_nano.a(libc_a-memmove.o)
                              ./Core/Src/imu_parser.o (memmove)
D:/app/cubeIDE/STM32CubeIDE_2.1.1/STM32CubeIDE/plugins/com.st.stm32cube.ide.mcu.externaltools.gnu-tools-for-stm32.14.3.rel1.win32_1.0.100.202602081740/tools/bin/../lib/gcc/arm-none-eabi/14.3.1/../../../../arm-none-eabi/lib/thumb/v7e-m+fp/hard\libc_nano.a(libc_a-memset.o)
[...]
Memory Configuration

Name             Origin             Length             Attributes
CCMRAM           0x10000000         0x00010000         xrw
RAM              0x20000000         0x00020000         xrw
FLASH            0x08000000         0x00080000         xr
*default*        0x00000000         0xffffffff

Linker script and memory map

LOAD D:/app/cubeIDE/STM32CubeIDE_2.1.1/STM32CubeIDE/plugins/com.st.stm32cube.ide.mcu.externaltools.gnu-tools-for-stm32.14.3.rel1.win32_1.0.100.202602081740/tools/bin/../lib/gcc/arm-none-eabi/14.3.1/thumb/v7e-m+fp/hard/crti.o
LOAD D:/app/cubeIDE/STM32CubeIDE_2.1.1/STM32CubeIDE/plugins/com.st.stm32cube.ide.mcu.externaltools.gnu-tools-for-stm32.14.3.rel1.win32_1.0.100.202602081740/tools/bin/../lib/gcc/arm-none-eabi/14.3.1/thumb/v7e-m+fp/hard/crtbegin.o
LOAD D:/app/cubeIDE/STM32CubeIDE_2.1.1/STM32CubeIDE/plugins/com.st.stm32cube.ide.mcu.externaltools.gnu-tools-for-stm32.14.3.rel1.win32_1.0.100.202602081740/tools/bin/../lib/gcc/arm-none-eabi/14.3.1/../../../../arm-none-eabi/lib/thumb/v7e-m+fp/hard/crt0.o
LOAD ./Core/Src/arm_angle.o
LOAD ./Core/Src/dwj_reader.o
LOAD ./Core/Src/ftepc_rs485.o
LOAD ./Core/Src/homing_controller.o
LOAD ./Core/Src/imu_oled_format.o
LOAD ./Core/Src/imu_parser.o
LOAD ./Core/Src/joystick_servo_map.o
LOAD ./Core/Src/main.o
LOAD ./Core/Src/motion_telemetry.o
LOAD ./Core/Src/oled_ssd1306.o
LOAD ./Core/Src/pca9685.o
LOAD ./Core/Src/pid_controller.o
LOAD ./Core/Src/pwm_timing.o
LOAD ./Core/Src/safety_limits.o
LOAD ./Core/Src/servo_control.o
LOAD ./Core/Src/servo_debug.o
LOAD ./Core/Src/speed_command_preprocess.o
LOAD ./Core/Src/speed_command_receiver.o
LOAD ./Core/Src/speed_feedback.o
LOAD ./Core/Src/status_led.o
LOAD ./Core/Src/stick_receiver.o
LOAD ./Core/Src/stm32f4xx_hal_msp.o
LOAD ./Core/Src/stm32f4xx_it.o
LOAD ./Core/Src/syscalls.o
LOAD ./Core/Src/sysmem.o
LOAD ./Core/Src/system_stm32f4xx.o
LOAD ./Core/Startup/startup_stm32f407vetx.o
LOAD ./Drivers/STM32F4xx_HAL_Driver/Src/stm32f4xx_hal.o
LOAD ./Drivers/STM32F4xx_HAL_Driver/Src/stm32f4xx_hal_cortex.o
LOAD ./Drivers/STM32F4xx_HAL_Driver/Src/stm32f4xx_hal_dma.o
LOAD ./Drivers/STM32F4xx_HAL_Driver/Src/stm32f4xx_hal_dma_ex.o
LOAD ./Drivers/STM32F4xx_HAL_Driver/Src/stm32f4xx_hal_exti.o
LOAD ./Drivers/STM32F4xx_HAL_Driver/Src/stm32f4xx_hal_flash.o
LOAD ./Drivers/STM32F4xx_HAL_Driver/Src/stm32f4xx_hal_flash_ex.o
LOAD ./Drivers/STM32F4xx_HAL_Driver/Src/stm32f4xx_hal_flash_ramfunc.o
LOAD ./Drivers/STM32F4xx_HAL_Driver/Src/stm32f4xx_hal_gpio.o
LOAD ./Drivers/STM32F4xx_HAL_Driver/Src/stm32f4xx_hal_i2c.o
LOAD ./Drivers/STM32F4xx_HAL_Driver/Src/stm32f4xx_hal_i2c_ex.o
LOAD ./Drivers/STM32F4xx_HAL_Driver/Src/stm32f4xx_hal_pwr.o
LOAD ./Drivers/STM32F4xx_HAL_Driver/Src/stm32f4xx_hal_pwr_ex.o
LOAD ./Drivers/STM32F4xx_HAL_Driver/Src/stm32f4xx_hal_rcc.o
LOAD ./Drivers/STM32F4xx_HAL_Driver/Src/stm32f4xx_hal_rcc_ex.o
LOAD ./Drivers/STM32F4xx_HAL_Driver/Src/stm32f4xx_hal_uart.o
START GROUP
LOAD D:/app/cubeIDE/STM32CubeIDE_2.1.1/STM32CubeIDE/plugins/com.st.stm32cube.ide.mcu.externaltools.gnu-tools-for-stm32.14.3.rel1.win32_1.0.100.202602081740/tools/bin/../lib/gcc/arm-none-eabi/14.3.1/../../../../arm-none-eabi/lib/thumb/v7e-m+fp/hard\libc_nano.a
LOAD D:/app/cubeIDE/STM32CubeIDE_2.1.1/STM32CubeIDE/plugins/com.st.stm32cube.ide.mcu.externaltools.gnu-tools-for-stm32.14.3.rel1.win32_1.0.100.202602081740/tools/bin/../lib/gcc/arm-none-eabi/14.3.1/../../../../arm-none-eabi/lib/thumb/v7e-m+fp/hard\libm.a
END GROUP
START GROUP
LOAD D:/app/cubeIDE/STM32CubeIDE_2.1.1/STM32CubeIDE/plugins/com.st.stm32cube.ide.mcu.externaltools.gnu-tools-for-stm32.14.3.rel1.win32_1.0.100.202602081740/tools/bin/../lib/gcc/arm-none-eabi/14.3.1/thumb/v7e-m+fp/hard\libgcc.a
LOAD D:/app/cubeIDE/STM32CubeIDE_2.1.1/STM32CubeIDE/plugins/com.st.stm32cube.ide.mcu.externaltools.gnu-tools-for-stm32.14.3.rel1.win32_1.0.100.202602081740/tools/bin/../lib/gcc/arm-none-eabi/14.3.1/../../../../arm-none-eabi/lib/thumb/v7e-m+fp/hard\libc_nano.a
END GROUP
START GROUP
LOAD D:/app/cubeIDE/STM32CubeIDE_2.1.1/STM32CubeIDE/plugins/com.st.stm32cube.ide.mcu.externaltools.gnu-tools-for-stm32.14.3.rel1.win32_1.0.100.202602081740/tools/bin/../lib/gcc/arm-none-eabi/14.3.1/thumb/v7e-m+fp/hard\libgcc.a
LOAD D:/app/cubeIDE/STM32CubeIDE_2.1.1/STM32CubeIDE/plugins/com.st.stm32cube.ide.mcu.externaltools.gnu-tools-for-stm32.14.3.rel1.win32_1.0.100.202602081740/tools/bin/../lib/gcc/arm-none-eabi/14.3.1/../../../../arm-none-eabi/lib/thumb/v7e-m+fp/hard\libc_nano.a
LOAD D:/app/cubeIDE/STM32CubeIDE_2.1.1/STM32CubeIDE/plugins/com.st.stm32cube.ide.mcu.externaltools.gnu-tools-for-stm32.14.3.rel1.win32_1.0.100.202602081740/tools/bin/../lib/gcc/arm-none-eabi/14.3.1/../../../../arm-none-eabi/lib/thumb/v7e-m+fp/hard\libnosys.a
END GROUP
START GROUP
LOAD D:/app/cubeIDE/STM32CubeIDE_2.1.1/STM32CubeIDE/plugins/com.st.stm32cube.ide.mcu.externaltools.gnu-tools-for-stm32.14.3.rel1.win32_1.0.100.202602081740/tools/bin/../lib/gcc/arm-none-eabi/14.3.1/thumb/v7e-m+fp/hard\libgcc.a
LOAD D:/app/cubeIDE/STM32CubeIDE_2.1.1/STM32CubeIDE/plugins/com.st.stm32cube.ide.mcu.externaltools.gnu-tools-for-stm32.14.3.rel1.win32_1.0.100.202602081740/tools/bin/../lib/gcc/arm-none-eabi/14.3.1/../../../../arm-none-eabi/lib/thumb/v7e-m+fp/hard\libc_nano.a
LOAD D:/app/cubeIDE/STM32CubeIDE_2.1.1/STM32CubeIDE/plugins/com.st.stm32cube.ide.mcu.externaltools.gnu-tools-for-stm32.14.3.rel1.win32_1.0.100.202602081740/tools/bin/../lib/gcc/arm-none-eabi/14.3.1/../../../../arm-none-eabi/lib/thumb/v7e-m+fp/hard\libnosys.a
END GROUP
LOAD D:/app/cubeIDE/STM32CubeIDE_2.1.1/STM32CubeIDE/plugins/com.st.stm32cube.ide.mcu.externaltools.gnu-tools-for-stm32.14.3.rel1.win32_1.0.100.202602081740/tools/bin/../lib/gcc/arm-none-eabi/14.3.1/thumb/v7e-m+fp/hard/crtend.o
LOAD D:/app/cubeIDE/STM32CubeIDE_2.1.1/STM32CubeIDE/plugins/com.st.stm32cube.ide.mcu.externaltools.gnu-tools-for-stm32.14.3.rel1.win32_1.0.100.202602081740/tools/bin/../lib/gcc/arm-none-eabi/14.3.1/thumb/v7e-m+fp/hard/crtn.o
                0x20020000                        _estack = (ORIGIN (RAM) + LENGTH (RAM))
                0x00000200                        _Min_Heap_Size = 0x200
                0x00000400                        _Min_Stack_Size = 0x400

.isr_vector     0x08000000      0x188
                0x08000000                        . = ALIGN (0x4)
 *(.isr_vector)
 .isr_vector    0x08000000      0x188 ./Core/Startup/startup_stm32f407vetx.o
                0x08000000                g_pfnVectors
                0x08000188                        . = ALIGN (0x4)

.text           0x08000190     0xd748
                0x08000190                        . = ALIGN (0x4)
 *(.text)
 .text          0x08000190       0x40 D:/app/cubeIDE/STM32CubeIDE_2.1.1/STM32CubeIDE/plugins/com.st.stm32cube.ide.mcu.externaltools.gnu-tools-for-stm32.14.3.rel1.win32_1.0.100.202602081740/tools/bin/../lib/gcc/arm-none-eabi/14.3.1/thumb/v7e-m+fp/hard/crtbegin.o
 .text          0x080001d0       0xa0 D:/app/cubeIDE/STM32CubeIDE_2.1.1/STM32CubeIDE/plugins/com.st.stm32cube.ide.mcu.externaltools.gnu-tools-for-stm32.14.3.rel1.win32_1.0.100.202602081740/tools/bin/../lib/gcc/arm-none-eabi/14.3.1/../../../../arm-none-eabi/lib/thumb/v7e-m+fp/hard\libc_nano.a(libc_a-memchr.o)
                0x080001d0                memchr
 .text          0x08000270      0x378 D:/app/cubeIDE/STM32CubeIDE_2.1.1/STM32CubeIDE/plugins/com.st.stm32cube.ide.mcu.externaltools.gnu-tools-for-stm32.14.3.rel1.win32_1.0.100.202602081740/tools/bin/../lib/gcc/arm-none-eabi/14.3.1/thumb/v7e-m+fp/hard\libgcc.a(_arm_addsubdf3.o)
                0x08000270                __aeabi_drsub
                0x08000278                __aeabi_dsub
                0x08000278                __subdf3
                0x0800027c                __aeabi_dadd
                0x0800027c                __adddf3
                0x080004f4                __floatunsidf
                0x080004f4                __aeabi_ui2d
                0x08000514                __floatsidf
                0x08000514                __aeabi_i2d
                0x08000538                __aeabi_f2d
                0x08000538                __extendsfdf2
                0x0800057c                __floatundidf
                0x0800057c                __aeabi_ul2d
                0x0800058c                __floatdidf
                0x0800058c                __aeabi_l2d
 .text          0x080005e8      0x424 D:/app/cubeIDE/STM32CubeIDE_2.1.1/STM32CubeIDE/plugins/com.st.stm32cube.ide.mcu.externaltools.gnu-tools-for-stm32.14.3.rel1.win32_1.0.100.202602081740/tools/bin/../lib/gcc/arm-none-eabi/14.3.1/thumb/v7e-m+fp/hard\libgcc.a(_arm_muldivdf3.o)
                0x080005e8                __aeabi_dmul
                0x080005e8                __muldf3
                0x0800083c                __divdf3
                0x0800083c                __aeabi_ddiv
 .text          0x08000a0c      0x110 D:/app/cubeIDE/STM32CubeIDE_2.1.1/STM32CubeIDE/plugins/com.st.stm32cube.ide.mcu.externaltools.gnu-tools-for-stm32.14.3.rel1.win32_1.0.100.202602081740/tools/bin/../lib/gcc/arm-none-eabi/14.3.1/thumb/v7e-m+fp/hard\libgcc.a(_arm_cmpdf2.o)
                0x08000a0c                __gtdf2
                0x08000a0c                __gedf2
                0x08000a14                __ltdf2
                0x08000a14                __ledf2
                0x08000a1c                __nedf2
                0x08000a1c                __eqdf2
                0x08000a1c                __cmpdf2
                0x08000a98                __aeabi_cdrcmple
                0x08000aa8                __aeabi_cdcmpeq
                0x08000aa8                __aeabi_cdcmple
                0x08000ab8                __aeabi_dcmpeq
                0x08000acc                __aeabi_dcmplt
                0x08000ae0                __aeabi_dcmple
                0x08000af4                __aeabi_dcmpge
                0x08000b08                __aeabi_dcmpgt
 .text          0x08000b1c       0x2c D:/app/cubeIDE/STM32CubeIDE_2.1.1/STM32CubeIDE/plugins/com.st.stm32cube.ide.mcu.externaltools.gnu-tools-for-stm32.14.3.rel1.win32_1.0.100.202602081740/tools/bin/../lib/gcc/arm-none-eabi/14.3.1/thumb/v7e-m+fp/hard\libgcc.a(_arm_unorddf2.o)
                0x08000b1c                __unorddf2
                0x08000b1c                __aeabi_dcmpun
 .text          0x08000b48       0x40 D:/app/cubeIDE/STM32CubeIDE_2.1.1/STM32CubeIDE/plugins/com.st.stm32cube.ide.mcu.externaltools.gnu-tools-for-stm32.14.3.rel1.win32_1.0.100.202602081740/tools/bin/../lib/gcc/arm-none-eabi/14.3.1/thumb/v7e-m+fp/hard\libgcc.a(_arm_fixunsdfsi.o)
                0x08000b48                __aeabi_d2uiz
                0x08000b48                __fixunsdfsi
 .text          0x08000b88       0xa0 D:/app/cubeIDE/STM32CubeIDE_2.1.1/STM32CubeIDE/plugins/com.st.stm32cube.ide.mcu.externaltools.gnu-tools-for-stm32.14.3.rel1.win32_1.0.100.202602081740/tools/bin/../lib/gcc/arm-none-eabi/14.3.1/thumb/v7e-m+fp/hard\libgcc.a(_arm_truncdfsf2.o)
                0x08000b88                __truncdfsf2
                0x08000b88                __aeabi_d2f
 .text          0x08000c28      0x21c D:/app/cubeIDE/STM32CubeIDE_2.1.1/STM32CubeIDE/plugins/com.st.stm32cube.ide.mcu.externaltools.gnu-tools-for-stm32.14.3.rel1.win32_1.0.100.202602081740/tools/bin/../lib/gcc/arm-none-eabi/14.3.1/thumb/v7e-m+fp/hard\libgcc.a(_arm_addsubsf3.o)
                0x08000c28                __aeabi_frsub
                0x08000c30                __subsf3
                0x08000c30                __aeabi_fsub
                0x08000c34                __aeabi_fadd
                0x08000c34                __addsf3
                0x08000d94                __aeabi_ui2f
                0x08000d94                __floatunsisf
                0x08000d9c                __aeabi_i2f
                0x08000d9c                __floatsisf
                0x08000db8                __aeabi_ul2f
                0x08000db8                __floatundisf
                0x08000dc8                __aeabi_l2f
                0x08000dc8                __floatdisf
 .text          0x08000e44       0xa0 D:/app/cubeIDE/STM32CubeIDE_2.1.1/STM32CubeIDE/plugins/com.st.stm32cube.ide.mcu.externaltools.gnu-tools-for-stm32.14.3.rel1.win32_1.0.100.202602081740/tools/bin/../lib/gcc/arm-none-eabi/14.3.1/thumb/v7e-m+fp/hard\libgcc.a(_aeabi_ldivmod.o)
                0x08000e44                __aeabi_ldivmod
 .text          0x08000ee4       0x30 D:/app/cubeIDE/STM32CubeIDE_2.1.1/STM32CubeIDE/plugins/com.st.stm32cube.ide.mcu.externaltools.gnu-tools-for-stm32.14.3.rel1.win32_1.0.100.202602081740/tools/bin/../lib/gcc/arm-none-eabi/14.3.1/thumb/v7e-m+fp/hard\libgcc.a(_aeabi_uldivmod.o)
                0x08000ee4                __aeabi_uldivmod
 .text          0x08000f14       0x30 D:/app/cubeIDE/STM32CubeIDE_2.1.1/STM32CubeIDE/plugins/com.st.stm32cube.ide.mcu.externaltools.gnu-tools-for-stm32.14.3.rel1.win32_1.0.100.202602081740/tools/bin/../lib/gcc/arm-none-eabi/14.3.1/thumb/v7e-m+fp/hard\libgcc.a(_fixdfdi.o)
                0x08000f14                __fixdfdi
                0x08000f14                __aeabi_d2lz
 .text          0x08000f44       0x3c D:/app/cubeIDE/STM32CubeIDE_2.1.1/STM32CubeIDE/plugins/com.st.stm32cube.ide.mcu.externaltools.gnu-tools-for-stm32.14.3.rel1.win32_1.0.100.202602081740/tools/bin/../lib/gcc/arm-none-eabi/14.3.1/thumb/v7e-m+fp/hard\libgcc.a(_fixunsdfdi.o)
                0x08000f44                __fixunsdfdi
                0x08000f44                __aeabi_d2ulz
 .text          0x08000f80      0x2f8 D:/app/cubeIDE/STM32CubeIDE_2.1.1/STM32CubeIDE/plugins/com.st.stm32cube.ide.mcu.externaltools.gnu-tools-for-stm32.14.3.rel1.win32_1.0.100.202602081740/tools/bin/../lib/gcc/arm-none-eabi/14.3.1/thumb/v7e-m+fp/hard\libgcc.a(_udivmoddi4.o)
                0x08000f80                __udivmoddi4
 .text          0x08001278        0x4 D:/app/cubeIDE/STM32CubeIDE_2.1.1/STM32CubeIDE/plugins/com.st.stm32cube.ide.mcu.externaltools.gnu-tools-for-stm32.14.3.rel1.win32_1.0.100.202602081740/tools/bin/../lib/gcc/arm-none-eabi/14.3.1/thumb/v7e-m+fp/hard\libgcc.a(_dvmd_tls.o)
                0x08001278                __aeabi_idiv0
                0x08001278                __aeabi_ldiv0
 *(.text*)
 .text.ArmAngle_Clamp
                0x0800127c       0x52 ./Core/Src/arm_angle.o
 .text.ArmAngle_Sqrt
                0x080012ce       0x80 ./Core/Src/arm_angle.o
 *fill*         0x0800134e        0x2 
 .text.ArmAngle_Acos
                0x08001350       0xf0 ./Core/Src/arm_angle.o
 .text.ArmAngle_DegToHundredths
                0x08001440       0x60 ./Core/Src/arm_angle.o
 .text.ArmAngle_FromExtensionHundredthsMm
                0x080014a0       0xa4 ./Core/Src/arm_angle.o
                0x080014a0                ArmAngle_FromExtensionHundredthsMm
 .text.ArmAngle_Channel2HundredthsDeg
                0x08001544       0x20 ./Core/Src/arm_angle.o
                0x08001544                ArmAngle_Channel2HundredthsDeg
 .text.ads1115_build_config
                0x08001564       0x38 ./Core/Src/dwj_reader.o
 .text.ads1115_raw_to_mv
                0x0800159c       0x2e ./Core/Src/dwj_reader.o
 .text.Dwj_VoltageToAngleTenths
                0x080015ca       0x90 ./Core/Src/dwj_reader.o
                0x080015ca                Dwj_VoltageToAngleTenths
 .text.Dwj_StartConversion
                0x0800165a       0x46 ./Core/Src/dwj_reader.o
                0x0800165a                Dwj_StartConversion
 .text.Dwj_ReadConversionRawMv
                0x080016a0       0x84 ./Core/Src/dwj_reader.o
                0x080016a0                Dwj_ReadConversionRawMv
 .text.Dwj_BuildStartConversionCommand
                0x08001724       0x50 ./Core/Src/dwj_reader.o
                0x08001724                Dwj_BuildStartConversionCommand
 .text.Dwj_BuildReadConversionCommand
                0x08001774       0x22 ./Core/Src/dwj_reader.o
                0x08001774                Dwj_BuildReadConversionCommand
 .text.Dwj_DecodeRawMv
                0x08001796       0x54 ./Core/Src/dwj_reader.o
                0x08001796                Dwj_DecodeRawMv
 .text.Dwj_UpdateBigArmReading
                0x080017ea       0x46 ./Core/Src/dwj_reader.o
                0x080017ea                Dwj_UpdateBigArmReading
 .text.Dwj_UpdateBucketReading
                0x08001830       0x46 ./Core/Src/dwj_reader.o
                0x08001830                Dwj_UpdateBucketReading
 .text.Ftepc485_ReadInt32Be
                0x08001876       0x3a ./Core/Src/ftepc_rs485.o
 .text.Ftepc485_SaturateInt32
                0x080018b0       0x40 ./Core/Src/ftepc_rs485.o
 .text.Ftepc485_DivideRoundNearest
                0x080018f0       0xe4 ./Core/Src/ftepc_rs485.o
 .text.Ftepc485_ChannelDirection
                0x080019d4       0x2c ./Core/Src/ftepc_rs485.o
 .text.Ftepc485_Crc16
                0x08001a00       0x78 ./Core/Src/ftepc_rs485.o
                0x08001a00                Ftepc485_Crc16
 .text.Ftepc485_ParseThreePulseResponse
                0x08001a78       0xc6 ./Core/Src/ftepc_rs485.o
                0x08001a78                Ftepc485_ParseThreePulseResponse
 .text.Ftepc485_ConvertPulses
                0x08001b3e      0x106 ./Core/Src/ftepc_rs485.o
                0x08001b3e                Ftepc485_ConvertPulses
 .text.Ftepc485_DeltaToSpeedHundredthsMmS
                0x08001c44       0xee ./Core/Src/ftepc_rs485.o
                0x08001c44                Ftepc485_DeltaToSpeedHundredthsMmS
 .text.clear_sample
                0x08001d32       0x3c ./Core/Src/homing_controller.o
 .text.absolute_i32
                0x08001d6e       0x1c ./Core/Src/homing_controller.o
 .text.absolute_f
                0x08001d8a       0x34 ./Core/Src/homing_controller.o
 *fill*         0x08001dbe        0x2 
 .text.linear_axis_command
                0x08001dc0       0x64 ./Core/Src/homing_controller.o
 .text.yaw_axis_command
                0x08001e24       0x7c ./Core/Src/homing_controller.o
 .text.HomingController_Init
                0x08001ea0       0x3c ./Core/Src/homing_controller.o
                0x08001ea0                HomingController_Init
 .text.HomingController_Update
                0x08001edc      0x1c0 ./Core/Src/homing_controller.o
                0x08001edc                HomingController_Update
 .text.append_char
                0x0800209c       0x48 ./Core/Src/imu_oled_format.o
 .text.append_text
                0x080020e4       0x32 ./Core/Src/imu_oled_format.o
 *fill*         0x08002116        0x2 
 .text.imu_oled_format_row
                0x08002118      0x2d4 ./Core/Src/imu_oled_format.o
                0x08002118                imu_oled_format_row
 .text.has_header
                0x080023ec       0x42 ./Core/Src/imu_parser.o
 .text.read_u32
                0x0800242e       0x38 ./Core/Src/imu_parser.o
 .text.read_u64
                0x08002466      0x16a ./Core/Src/imu_parser.o
 .text.read_f32
                0x080025d0       0x26 ./Core/Src/imu_parser.o
 .text.decode_frame
                0x080025f6       0x3a ./Core/Src/imu_parser.o
 .text.discard_bytes
                0x08002630       0x36 ./Core/Src/imu_parser.o
 .text.process_buffer
                0x08002666       0x90 ./Core/Src/imu_parser.o
 .text.imu_parser_init
                0x080026f6       0x1a ./Core/Src/imu_parser.o
                0x080026f6                imu_parser_init
 .text.imu_parser_feed
                0x08002710       0x72 ./Core/Src/imu_parser.o
                0x08002710                imu_parser_feed
 .text.absolute
                0x08002782       0x34 ./Core/Src/joystick_servo_map.o
 *fill*         0x080027b6        0x2 
 .text.clamp_axis
                0x080027b8       0x74 ./Core/Src/joystick_servo_map.o
 .text.update_pwm_counts
                0x0800282c       0xb0 ./Core/Src/joystick_servo_map.o
 .text.JoystickServoMap_SetNeutral
                0x080028dc       0x54 ./Core/Src/joystick_servo_map.o
                0x080028dc                JoystickServoMap_SetNeutral
 .text.JoystickServoMap_Compute
                0x08002930      0x1a0 ./Core/Src/joystick_servo_map.o
                0x08002930                JoystickServoMap_Compute
 .text.JoystickServoMap_IsActiveChannel
                0x08002ad0       0x2e ./Core/Src/joystick_servo_map.o
                0x08002ad0                JoystickServoMap_IsActiveChannel
 *fill*         0x08002afe        0x2 
 .text.ApplyServoTargets
                0x08002b00       0x90 ./Core/Src/main.o
 .text.InitSpeedPidControllers
                0x08002b90       0xa4 ./Core/Src/main.o
 .text.ClearLatestSpeedTarget
                0x08002c34       0x34 ./Core/Src/main.o
 .text.ClearLatestAxisOutput
                0x08002c68       0x34 ./Core/Src/main.o
 .text.UpdateLatestSpeedTargetFromCommand
                0x08002c9c       0x70 ./Core/Src/main.o
 .text.UpdateAxisOutputFromSpeedTargets
                0x08002d0c       0xe8 ./Core/Src/main.o
 .text.ServiceGeneratedJoystickControl
                0x08002df4      0x174 ./Core/Src/main.o
 .text.SpeedCommand_RxStart
                0x08002f68       0x3c ./Core/Src/main.o
 .text.ServiceSpeedCommandReceiver
                0x08002fa4       0x70 ./Core/Src/main.o
 .text.Imu_NormalizeYaw
                0x08003014       0x74 ./Core/Src/main.o
 .text.Imu_UpdateYawFromSample
                0x08003088       0xb4 ./Core/Src/main.o
 .text.Imu_RxStart
                0x0800313c       0x9c ./Core/Src/main.o
 .text.Imu_FeedBytes
                0x080031d8       0x4c ./Core/Src/main.o
 .text.ServiceImu
                0x08003224       0x9c ./Core/Src/main.o
 .text.FormatFixedHundredths
                0x080032c0       0x74 ./Core/Src/main.o
 .text.FormatFixedTenths
                0x08003334       0x74 ./Core/Src/main.o
 .text.OledWriteFixedRow
                0x080033a8       0x50 ./Core/Src/main.o
 .text.OledWriteTenthsRow
                0x080033f8       0x50 ./Core/Src/main.o
 .text.OledWriteLengthSpeedPage
                0x08003448       0x8c ./Core/Src/main.o
 .text.OledWriteAngleImuPage
                0x080034d4      0x15c ./Core/Src/main.o
 .text.Rs485_BuildReadRequest
                0x08003630       0x58 ./Core/Src/main.o
 .text.Rs485_StartPoll
                0x08003688       0x58 ./Core/Src/main.o
 .text.Rs485_ApplyPulses
                0x080036e0       0xf0 ./Core/Src/main.o
 .text.Rs485_HandleResponse
                0x080037d0       0x44 ./Core/Src/main.o
 .text.ServiceEncoder485
                0x08003814       0x68 ./Core/Src/main.o
 .text.ServiceDwjReader
                0x0800387c      0x120 ./Core/Src/main.o
 .text.ServiceOled
                0x0800399c       0x88 ./Core/Src/main.o
 .text.FillMotionTelemetry
                0x08003a24      0x1a8 ./Core/Src/main.o
 .text.ServiceTelemetry
                0x08003bcc       0xcc ./Core/Src/main.o
 .text.main     0x08003c98      0x138 ./Core/Src/main.o
                0x08003c98                main
 .text.SystemClock_Config
                0x08003dd0       0xd4 ./Core/Src/main.o
                0x08003dd0                SystemClock_Config
 .text.MX_I2C1_Init
                0x08003ea4       0x5c ./Core/Src/main.o
 .text.MX_I2C2_Init
                0x08003f00       0x5c ./Core/Src/main.o
 .text.MX_USART1_UART_Init
                0x08003f5c       0x54 ./Core/Src/main.o
 .text.MX_USART2_UART_Init
                0x08003fb0       0x54 ./Core/Src/main.o
 .text.MX_USART3_UART_Init
                0x08004004       0x54 ./Core/Src/main.o
 .text.MX_DMA_Init
                0x08004058       0x6c ./Core/Src/main.o
 .text.MX_GPIO_Init
                0x080040c4       0xbc ./Core/Src/main.o
 .text.HAL_UART_RxCpltCallback
                0x08004180       0x34 ./Core/Src/main.o
                0x08004180                HAL_UART_RxCpltCallback
 .text.HAL_UART_TxCpltCallback
                0x080041b4       0x84 ./Core/Src/main.o
                0x080041b4                HAL_UART_TxCpltCallback
 .text.HAL_UARTEx_RxEventCallback
                0x08004238       0x3c ./Core/Src/main.o
                0x08004238                HAL_UARTEx_RxEventCallback
 .text.HAL_UART_ErrorCallback
                0x08004274       0x84 ./Core/Src/main.o
                0x08004274                HAL_UART_ErrorCallback
 .text.Error_Handler
                0x080042f8        0xc ./Core/Src/main.o
                0x080042f8                Error_Handler
 .text.append_format
                0x08004304       0x86 ./Core/Src/motion_telemetry.o
 *fill*         0x0800438a        0x2 
 .text.round_thousandths
                0x0800438c       0x60 ./Core/Src/motion_telemetry.o
 .text.append_fixed3
                0x080043ec       0x90 ./Core/Src/motion_telemetry.o
 .text.MotionTelemetry_BuildHeader
                0x0800447c       0x4c ./Core/Src/motion_telemetry.o
                0x0800447c                MotionTelemetry_BuildHeader
 .text.MotionTelemetry_BuildRow
                0x080044c8      0x264 ./Core/Src/motion_telemetry.o
                0x080044c8                MotionTelemetry_BuildRow
 .text.OledSsd1306_WriteCommand
                0x0800472c       0x3c ./Core/Src/oled_ssd1306.o
 .text.OledSsd1306_WriteData
                0x08004768       0x84 ./Core/Src/oled_ssd1306.o
 .text.OledSsd1306_GetGlyph
                0x080047ec      0x5d4 ./Core/Src/oled_ssd1306.o
 .text.OledSsd1306_Init
                0x08004dc0       0xc4 ./Core/Src/oled_ssd1306.o
                0x08004dc0                OledSsd1306_Init
 .text.OledSsd1306_Clear
                0x08004e84       0x18 ./Core/Src/oled_ssd1306.o
                0x08004e84                OledSsd1306_Clear
 .text.OledSsd1306_WriteText
                0x08004e9c       0xa4 ./Core/Src/oled_ssd1306.o
                0x08004e9c                OledSsd1306_WriteText
 .text.OledSsd1306_Update
                0x08004f40       0x94 ./Core/Src/oled_ssd1306.o
                0x08004f40                OledSsd1306_Update
 .text.write_register
                0x08004fd4       0x34 ./Core/Src/pca9685.o
 .text.read_register
                0x08005008       0x48 ./Core/Src/pca9685.o
 .text.Pca9685_Init
                0x08005050       0xf4 ./Core/Src/pca9685.o
                0x08005050                Pca9685_Init
 .text.Pca9685_SetPwm
                0x08005144       0x72 ./Core/Src/pca9685.o
                0x08005144                Pca9685_SetPwm
 *fill*         0x080051b6        0x2 
 .text.clamp_output
                0x080051b8       0x50 ./Core/Src/pid_controller.o
 .text.PidController_Init
                0x08005208       0x3a ./Core/Src/pid_controller.o
                0x08005208                PidController_Init
 .text.PidController_InitAsymmetricFeedforward
                0x08005242       0x50 ./Core/Src/pid_controller.o
                0x08005242                PidController_InitAsymmetricFeedforward
 .text.PidController_Reset
                0x08005292       0x32 ./Core/Src/pid_controller.o
                0x08005292                PidController_Reset
 .text.PidController_Update
                0x080052c4      0x12c ./Core/Src/pid_controller.o
                0x080052c4                PidController_Update
 .text.PwmTiming_CalculatePrescale
                0x080053f0       0x5a ./Core/Src/pwm_timing.o
                0x080053f0                PwmTiming_CalculatePrescale
 .text.PwmTiming_PulseUsToCount
                0x0800544a      0x146 ./Core/Src/pwm_timing.o
                0x0800544a                PwmTiming_PulseUsToCount
 .text.PwmTiming_DefaultPulseUsToCount
                0x08005590       0x30 ./Core/Src/pwm_timing.o
                0x08005590                PwmTiming_DefaultPulseUsToCount
 .text.limit_linear_axis
                0x080055c0       0x76 ./Core/Src/safety_limits.o
 *fill*         0x08005636        0x2 
 .text.SafetyLimits_NormalizeYawDeg
                0x08005638       0x74 ./Core/Src/safety_limits.o
                0x08005638                SafetyLimits_NormalizeYawDeg
 .text.SafetyLimits_ApplyAxisEnable
                0x080056ac       0x16 ./Core/Src/safety_limits.o
                0x080056ac                SafetyLimits_ApplyAxisEnable
 *fill*         0x080056c2        0x2 
 .text.SafetyLimits_Apply
                0x080056c4      0x110 ./Core/Src/safety_limits.o
                0x080056c4                SafetyLimits_Apply
 .text.clamp_float
                0x080057d4       0x52 ./Core/Src/servo_control.o
 *fill*         0x08005826        0x2 
 .text.ServoControl_AngleToPulse
                0x08005828       0x74 ./Core/Src/servo_control.o
                0x08005828                ServoControl_AngleToPulse
 .text.ServoControl_SpeedToPulse
                0x0800589c       0xa4 ./Core/Src/servo_control.o
                0x0800589c                ServoControl_SpeedToPulse
 .text.SpeedCommandPreprocess_Apply
                0x08005940       0x74 ./Core/Src/speed_command_preprocess.o
                0x08005940                SpeedCommandPreprocess_Apply
 .text.SpeedCommandReceiver_Init
                0x080059b4       0x22 ./Core/Src/speed_command_receiver.o
                0x080059b4                SpeedCommandReceiver_Init
 .text.SpeedCommandReceiver_FeedFromIsr
                0x080059d6      0x174 ./Core/Src/speed_command_receiver.o
                0x080059d6                SpeedCommandReceiver_FeedFromIsr
 .text.SpeedCommandReceiver_Pop
                0x08005b4a       0x94 ./Core/Src/speed_command_receiver.o
                0x08005b4a                SpeedCommandReceiver_Pop
 *fill*         0x08005bde        0x2 
 .text.skip_spaces
                0x08005be0       0x3c ./Core/Src/speed_command_receiver.o
 .text.consume_separator
                0x08005c1c       0x30 ./Core/Src/speed_command_receiver.o
 .text.parse_u32_field
                0x08005c4c       0x70 ./Core/Src/speed_command_receiver.o
 .text.parse_float_field
                0x08005cbc       0x8c ./Core/Src/speed_command_receiver.o
 .text.SpeedCommandReceiver_ParseFrame
                0x08005d48      0x104 ./Core/Src/speed_command_receiver.o
                0x08005d48                SpeedCommandReceiver_ParseFrame
 .text.SpeedFeedback_FromRaw
                0x08005e4c       0x7c ./Core/Src/speed_feedback.o
                0x08005e4c                SpeedFeedback_FromRaw
 .text.StatusLedTimer_Init
                0x08005ec8       0x22 ./Core/Src/status_led.o
                0x08005ec8                StatusLedTimer_Init
 .text.StatusLedTimer_Poll
                0x08005eea       0x36 ./Core/Src/status_led.o
                0x08005eea                StatusLedTimer_Poll
 .text.HAL_MspInit
                0x08005f20       0x50 ./Core/Src/stm32f4xx_hal_msp.o
                0x08005f20                HAL_MspInit
 .text.HAL_I2C_MspInit
                0x08005f70       0xf8 ./Core/Src/stm32f4xx_hal_msp.o
                0x08005f70                HAL_I2C_MspInit
 .text.HAL_UART_MspInit
                0x08006068      0x254 ./Core/Src/stm32f4xx_hal_msp.o
                0x08006068                HAL_UART_MspInit
 .text.NMI_Handler
                0x080062bc        0x8 ./Core/Src/stm32f4xx_it.o
                0x080062bc                NMI_Handler
 .text.HardFault_Handler
                0x080062c4        0x8 ./Core/Src/stm32f4xx_it.o
                0x080062c4                HardFault_Handler
 .text.MemManage_Handler
                0x080062cc        0x8 ./Core/Src/stm32f4xx_it.o
                0x080062cc                MemManage_Handler
 .text.BusFault_Handler
                0x080062d4        0x8 ./Core/Src/stm32f4xx_it.o
                0x080062d4                BusFault_Handler
 .text.UsageFault_Handler
                0x080062dc        0x8 ./Core/Src/stm32f4xx_it.o
                0x080062dc                UsageFault_Handler
 .text.SVC_Handler
                0x080062e4        0xe ./Core/Src/stm32f4xx_it.o
                0x080062e4                SVC_Handler
 .text.DebugMon_Handler
                0x080062f2        0xe ./Core/Src/stm32f4xx_it.o
                0x080062f2                DebugMon_Handler
 .text.PendSV_Handler
                0x08006300        0xe ./Core/Src/stm32f4xx_it.o
                0x08006300                PendSV_Handler
 .text.SysTick_Handler
                0x0800630e        0xc ./Core/Src/stm32f4xx_it.o
                0x0800630e                SysTick_Handler
 *fill*         0x0800631a        0x2 
 .text.DMA1_Stream5_IRQHandler
                0x0800631c       0x14 ./Core/Src/stm32f4xx_it.o
                0x0800631c                DMA1_Stream5_IRQHandler
 .text.USART2_IRQHandler
                0x08006330       0x14 ./Core/Src/stm32f4xx_it.o
                0x08006330                USART2_IRQHandler
 .text.USART3_IRQHandler
                0x08006344       0x14 ./Core/Src/stm32f4xx_it.o
                0x08006344                USART3_IRQHandler
 .text.DMA2_Stream2_IRQHandler
                0x08006358       0x14 ./Core/Src/stm32f4xx_it.o
                0x08006358                DMA2_Stream2_IRQHandler
 .text._getpid  0x0800636c       0x10 ./Core/Src/syscalls.o
                0x0800636c                _getpid
 .text._kill    0x0800637c       0x20 ./Core/Src/syscalls.o
                0x0800637c                _kill
 .text._exit    0x0800639c       0x16 ./Core/Src/syscalls.o
                0x0800639c                _exit
 .text._read    0x080063b2       0x3a ./Core/Src/syscalls.o
                0x080063b2                _read
 .text._write   0x080063ec       0x38 ./Core/Src/syscalls.o
                0x080063ec                _write
 .text._close   0x08006424       0x18 ./Core/Src/syscalls.o
                0x08006424                _close
 .text._fstat   0x0800643c       0x20 ./Core/Src/syscalls.o
                0x0800643c                _fstat
 .text._isatty  0x0800645c       0x16 ./Core/Src/syscalls.o
                0x0800645c                _isatty
 .text._lseek   0x08006472       0x1a ./Core/Src/syscalls.o
                0x08006472                _lseek
 .text._sbrk    0x0800648c       0x6c ./Core/Src/sysmem.o
                0x0800648c                _sbrk
 .text.SystemInit
                0x080064f8       0x24 ./Core/Src/system_stm32f4xx.o
                0x080064f8                SystemInit
 .text.Reset_Handler
                0x0800651c       0x50 ./Core/Startup/startup_stm32f407vetx.o
                0x0800651c                Reset_Handler
 .text.Default_Handler
                0x0800656c        0x2 ./Core/Startup/startup_stm32f407vetx.o
                0x0800656c                RTC_Alarm_IRQHandler
                0x0800656c                HASH_RNG_IRQHandler
                0x0800656c                EXTI2_IRQHandler
                0x0800656c                TIM8_CC_IRQHandler
                0x0800656c                TIM1_CC_IRQHandler
                0x0800656c                DMA2_Stream5_IRQHandler
                0x0800656c                PVD_IRQHandler
                0x0800656c                SDIO_IRQHandler
                0x0800656c                TAMP_STAMP_IRQHandler
                0x0800656c                CAN2_RX1_IRQHandler
                0x0800656c                EXTI3_IRQHandler
                0x0800656c                TIM8_TRG_COM_TIM14_IRQHandler
                0x0800656c                TIM1_UP_TIM10_IRQHandler
                0x0800656c                TIM8_UP_TIM13_IRQHandler
                0x0800656c                I2C3_ER_IRQHandler
                0x0800656c                EXTI0_IRQHandler
                0x0800656c                I2C2_EV_IRQHandler
                0x0800656c                DMA1_Stream2_IRQHandler
                0x0800656c                CAN1_RX0_IRQHandler
                0x0800656c                FPU_IRQHandler
                0x0800656c                OTG_HS_WKUP_IRQHandler
                0x0800656c                CAN2_SCE_IRQHandler
                0x0800656c                SPI1_IRQHandler
                0x0800656c                TIM6_DAC_IRQHandler
                0x0800656c                TIM1_BRK_TIM9_IRQHandler
                0x0800656c                DCMI_IRQHandler
                0x0800656c                CAN2_RX0_IRQHandler
                0x0800656c                DMA2_Stream3_IRQHandler
                0x0800656c                USART6_IRQHandler
                0x0800656c                CAN1_RX1_IRQHandler
                0x0800656c                UART5_IRQHandler
                0x0800656c                DMA2_Stream0_IRQHandler
                0x0800656c                TIM4_IRQHandler
                0x0800656c                I2C1_EV_IRQHandler
                0x0800656c                DMA1_Stream6_IRQHandler
                0x0800656c                DMA1_Stream1_IRQHandler
                0x0800656c                UART4_IRQHandler
                0x0800656c                TIM3_IRQHandler
                0x0800656c                RCC_IRQHandler
                0x0800656c                TIM8_BRK_TIM12_IRQHandler
                0x0800656c                Default_Handler
                0x0800656c                EXTI15_10_IRQHandler
                0x0800656c                ADC_IRQHandler
                0x0800656c                DMA1_Stream7_IRQHandler
                0x0800656c                TIM7_IRQHandler
                0x0800656c                CAN2_TX_IRQHandler
                0x0800656c                TIM5_IRQHandler
                0x0800656c                DMA2_Stream7_IRQHandler
                0x0800656c                I2C3_EV_IRQHandler
                0x0800656c                EXTI9_5_IRQHandler
                0x0800656c                RTC_WKUP_IRQHandler
                0x0800656c                ETH_WKUP_IRQHandler
                0x0800656c                SPI2_IRQHandler
                0x0800656c                OTG_HS_EP1_IN_IRQHandler
                0x0800656c                DMA1_Stream0_IRQHandler
                0x0800656c                CAN1_TX_IRQHandler
                0x0800656c                EXTI4_IRQHandler
                0x0800656c                FSMC_IRQHandler
                0x0800656c                ETH_IRQHandler
                0x0800656c                OTG_HS_EP1_OUT_IRQHandler
                0x0800656c                WWDG_IRQHandler
                0x0800656c                TIM2_IRQHandler
                0x0800656c                OTG_FS_WKUP_IRQHandler
                0x0800656c                TIM1_TRG_COM_TIM11_IRQHandler
                0x0800656c                OTG_HS_IRQHandler
                0x0800656c                EXTI1_IRQHandler
                0x0800656c                I2C2_ER_IRQHandler
                0x0800656c                DMA2_Stream1_IRQHandler
                0x0800656c                CAN1_SCE_IRQHandler
                0x0800656c                FLASH_IRQHandler
                0x0800656c                DMA2_Stream4_IRQHandler
                0x0800656c                USART1_IRQHandler
                0x0800656c                OTG_FS_IRQHandler
                0x0800656c                SPI3_IRQHandler
                0x0800656c                DMA1_Stream4_IRQHandler
                0x0800656c                I2C1_ER_IRQHandler
                0x0800656c                DMA2_Stream6_IRQHandler
                0x0800656c                DMA1_Stream3_IRQHandler
 *fill*         0x0800656e        0x2 
 .text.HAL_Init
                0x08006570       0x44 ./Drivers/STM32F4xx_HAL_Driver/Src/stm32f4xx_hal.o
                0x08006570                HAL_Init
 .text.HAL_InitTick
                0x080065b4       0x60 ./Drivers/STM32F4xx_HAL_Driver/Src/stm32f4xx_hal.o
                0x080065b4                HAL_InitTick
 .text.HAL_IncTick
                0x08006614       0x28 ./Drivers/STM32F4xx_HAL_Driver/Src/stm32f4xx_hal.o
                0x08006614                HAL_IncTick
 .text.HAL_GetTick
                0x0800663c       0x18 ./Drivers/STM32F4xx_HAL_Driver/Src/stm32f4xx_hal.o
                0x0800663c                HAL_GetTick
 .text.HAL_Delay
                0x08006654       0x48 ./Drivers/STM32F4xx_HAL_Driver/Src/stm32f4xx_hal.o
                0x08006654                HAL_Delay
 .text.__NVIC_SetPriorityGrouping
                0x0800669c       0x48 ./Drivers/STM32F4xx_HAL_Driver/Src/stm32f4xx_hal_cortex.o
 .text.__NVIC_GetPriorityGrouping
                0x080066e4       0x1c ./Drivers/STM32F4xx_HAL_Driver/Src/stm32f4xx_hal_cortex.o
 .text.__NVIC_EnableIRQ
                0x08006700       0x3c ./Drivers/STM32F4xx_HAL_Driver/Src/stm32f4xx_hal_cortex.o
 .text.__NVIC_SetPriority
                0x0800673c       0x54 ./Drivers/STM32F4xx_HAL_Driver/Src/stm32f4xx_hal_cortex.o
 .text.NVIC_EncodePriority
                0x08006790       0x66 ./Drivers/STM32F4xx_HAL_Driver/Src/stm32f4xx_hal_cortex.o
 *fill*         0x080067f6        0x2 
 .text.SysTick_Config
                0x080067f8       0x44 ./Drivers/STM32F4xx_HAL_Driver/Src/stm32f4xx_hal_cortex.o
 .text.HAL_NVIC_SetPriorityGrouping
                0x0800683c       0x16 ./Drivers/STM32F4xx_HAL_Driver/Src/stm32f4xx_hal_cortex.o
                0x0800683c                HAL_NVIC_SetPriorityGrouping
 .text.HAL_NVIC_SetPriority
                0x08006852       0x38 ./Drivers/STM32F4xx_HAL_Driver/Src/stm32f4xx_hal_cortex.o
                0x08006852                HAL_NVIC_SetPriority
 .text.HAL_NVIC_EnableIRQ
                0x0800688a       0x1c ./Drivers/STM32F4xx_HAL_Driver/Src/stm32f4xx_hal_cortex.o
                0x0800688a                HAL_NVIC_EnableIRQ
 .text.HAL_SYSTICK_Config
                0x080068a6       0x18 ./Drivers/STM32F4xx_HAL_Driver/Src/stm32f4xx_hal_cortex.o
                0x080068a6                HAL_SYSTICK_Config
 *fill*         0x080068be        0x2 
 .text.HAL_DMA_Init
                0x080068c0      0x15c ./Drivers/STM32F4xx_HAL_Driver/Src/stm32f4xx_hal_dma.o
                0x080068c0                HAL_DMA_Init
 .text.HAL_DMA_Start_IT
                0x08006a1c       0xb0 ./Drivers/STM32F4xx_HAL_Driver/Src/stm32f4xx_hal_dma.o
                0x08006a1c                HAL_DMA_Start_IT
 .text.HAL_DMA_Abort
                0x08006acc       0xe0 ./Drivers/STM32F4xx_HAL_Driver/Src/stm32f4xx_hal_dma.o
                0x08006acc                HAL_DMA_Abort
 .text.HAL_DMA_Abort_IT
                0x08006bac       0x44 ./Drivers/STM32F4xx_HAL_Driver/Src/stm32f4xx_hal_dma.o
                0x08006bac                HAL_DMA_Abort_IT
 .text.HAL_DMA_IRQHandler
                0x08006bf0      0x314 ./Drivers/STM32F4xx_HAL_Driver/Src/stm32f4xx_hal_dma.o
                0x08006bf0                HAL_DMA_IRQHandler
 .text.HAL_DMA_GetError
                0x08006f04       0x18 ./Drivers/STM32F4xx_HAL_Driver/Src/stm32f4xx_hal_dma.o
                0x08006f04                HAL_DMA_GetError
 .text.DMA_SetConfig
                0x08006f1c       0x5c ./Drivers/STM32F4xx_HAL_Driver/Src/stm32f4xx_hal_dma.o
 .text.DMA_CalcBaseAndBitshift
                0x08006f78       0x6c ./Drivers/STM32F4xx_HAL_Driver/Src/stm32f4xx_hal_dma.o
 .text.DMA_CheckFifoParam
                0x08006fe4       0xf8 ./Drivers/STM32F4xx_HAL_Driver/Src/stm32f4xx_hal_dma.o
 .text.HAL_GPIO_Init
                0x080070dc      0x338 ./Drivers/STM32F4xx_HAL_Driver/Src/stm32f4xx_hal_gpio.o
                0x080070dc                HAL_GPIO_Init
 .text.HAL_GPIO_WritePin
                0x08007414       0x32 ./Drivers/STM32F4xx_HAL_Driver/Src/stm32f4xx_hal_gpio.o
                0x08007414                HAL_GPIO_WritePin
 .text.HAL_GPIO_TogglePin
                0x08007446       0x34 ./Drivers/STM32F4xx_HAL_Driver/Src/stm32f4xx_hal_gpio.o
                0x08007446                HAL_GPIO_TogglePin
 *fill*         0x0800747a        0x2 
 .text.HAL_I2C_Init
                0x0800747c      0x288 ./Drivers/STM32F4xx_HAL_Driver/Src/stm32f4xx_hal_i2c.o
                0x0800747c                HAL_I2C_Init
 .text.HAL_I2C_Master_Transmit
                0x08007704      0x1fc ./Drivers/STM32F4xx_HAL_Driver/Src/stm32f4xx_hal_i2c.o
                0x08007704                HAL_I2C_Master_Transmit
 .text.HAL_I2C_Master_Receive
                0x08007900      0x464 ./Drivers/STM32F4xx_HAL_Driver/Src/stm32f4xx_hal_i2c.o
                0x08007900                HAL_I2C_Master_Receive
 .text.HAL_I2C_IsDeviceReady
                0x08007d64      0x25c ./Drivers/STM32F4xx_HAL_Driver/Src/stm32f4xx_hal_i2c.o
                0x08007d64                HAL_I2C_IsDeviceReady
 .text.I2C_MasterRequestWrite
                0x08007fc0      0x104 ./Drivers/STM32F4xx_HAL_Driver/Src/stm32f4xx_hal_i2c.o
 .text.I2C_MasterRequestRead
                0x080080c4      0x19c ./Drivers/STM32F4xx_HAL_Driver/Src/stm32f4xx_hal_i2c.o
 .text.I2C_WaitOnFlagUntilTimeout
                0x08008260       0xf4 ./Drivers/STM32F4xx_HAL_Driver/Src/stm32f4xx_hal_i2c.o
 .text.I2C_WaitOnMasterAddressFlagUntilTimeout
                0x08008354      0x140 ./Drivers/STM32F4xx_HAL_Driver/Src/stm32f4xx_hal_i2c.o
 .text.I2C_WaitOnTXEFlagUntilTimeout
                0x08008494       0x90 ./Drivers/STM32F4xx_HAL_Driver/Src/stm32f4xx_hal_i2c.o
 .text.I2C_WaitOnBTFFlagUntilTimeout
                0x08008524       0x90 ./Drivers/STM32F4xx_HAL_Driver/Src/stm32f4xx_hal_i2c.o
 .text.I2C_WaitOnRXNEFlagUntilTimeout
                0x080085b4       0xba ./Drivers/STM32F4xx_HAL_Driver/Src/stm32f4xx_hal_i2c.o
 .text.I2C_IsAcknowledgeFailed
                0x0800866e       0x5e ./Drivers/STM32F4xx_HAL_Driver/Src/stm32f4xx_hal_i2c.o
 .text.HAL_RCC_OscConfig
                0x080086cc      0x4f0 ./Drivers/STM32F4xx_HAL_Driver/Src/stm32f4xx_hal_rcc.o
                0x080086cc                HAL_RCC_OscConfig
 .text.HAL_RCC_ClockConfig
                0x08008bbc      0x1cc ./Drivers/STM32F4xx_HAL_Driver/Src/stm32f4xx_hal_rcc.o
                0x08008bbc                HAL_RCC_ClockConfig
 .text.HAL_RCC_GetSysClockFreq
                0x08008d88      0x20c ./Drivers/STM32F4xx_HAL_Driver/Src/stm32f4xx_hal_rcc.o
                0x08008d88                HAL_RCC_GetSysClockFreq
 .text.HAL_RCC_GetHCLKFreq
                0x08008f94       0x18 ./Drivers/STM32F4xx_HAL_Driver/Src/stm32f4xx_hal_rcc.o
                0x08008f94                HAL_RCC_GetHCLKFreq
 .text.HAL_RCC_GetPCLK1Freq
                0x08008fac       0x28 ./Drivers/STM32F4xx_HAL_Driver/Src/stm32f4xx_hal_rcc.o
                0x08008fac                HAL_RCC_GetPCLK1Freq
 .text.HAL_RCC_GetPCLK2Freq
                0x08008fd4       0x28 ./Drivers/STM32F4xx_HAL_Driver/Src/stm32f4xx_hal_rcc.o
                0x08008fd4                HAL_RCC_GetPCLK2Freq
 .text.HAL_UART_Init
                0x08008ffc       0xa0 ./Drivers/STM32F4xx_HAL_Driver/Src/stm32f4xx_hal_uart.o
                0x08008ffc                HAL_UART_Init
 .text.HAL_UART_Transmit_IT
                0x0800909c       0x6c ./Drivers/STM32F4xx_HAL_Driver/Src/stm32f4xx_hal_uart.o
                0x0800909c                HAL_UART_Transmit_IT
 .text.HAL_UART_Receive_IT
                0x08009108       0x4a ./Drivers/STM32F4xx_HAL_Driver/Src/stm32f4xx_hal_uart.o
                0x08009108                HAL_UART_Receive_IT
 .text.HAL_UART_Receive_DMA
                0x08009152       0x4a ./Drivers/STM32F4xx_HAL_Driver/Src/stm32f4xx_hal_uart.o
                0x08009152                HAL_UART_Receive_DMA
 .text.HAL_UARTEx_ReceiveToIdle_DMA
                0x0800919c       0xb2 ./Drivers/STM32F4xx_HAL_Driver/Src/stm32f4xx_hal_uart.o
                0x0800919c                HAL_UARTEx_ReceiveToIdle_DMA
 .text.HAL_UART_Abort
                0x0800924e      0x1d6 ./Drivers/STM32F4xx_HAL_Driver/Src/stm32f4xx_hal_uart.o
                0x0800924e                HAL_UART_Abort
 .text.HAL_UART_AbortReceive
                0x08009424      0x146 ./Drivers/STM32F4xx_HAL_Driver/Src/stm32f4xx_hal_uart.o
                0x08009424                HAL_UART_AbortReceive
 *fill*         0x0800956a        0x2 
 .text.HAL_UART_IRQHandler
                0x0800956c      0x554 ./Drivers/STM32F4xx_HAL_Driver/Src/stm32f4xx_hal_uart.o
                0x0800956c                HAL_UART_IRQHandler
 .text.HAL_UART_RxHalfCpltCallback
                0x08009ac0       0x14 ./Drivers/STM32F4xx_HAL_Driver/Src/stm32f4xx_hal_uart.o
                0x08009ac0                HAL_UART_RxHalfCpltCallback
 .text.UART_DMAReceiveCplt
                0x08009ad4      0x12c ./Drivers/STM32F4xx_HAL_Driver/Src/stm32f4xx_hal_uart.o
 .text.UART_DMARxHalfCplt
                0x08009c00       0x3c ./Drivers/STM32F4xx_HAL_Driver/Src/stm32f4xx_hal_uart.o
 .text.UART_DMAError
                0x08009c3c       0x94 ./Drivers/STM32F4xx_HAL_Driver/Src/stm32f4xx_hal_uart.o
 .text.UART_Start_Receive_IT
                0x08009cd0       0x74 ./Drivers/STM32F4xx_HAL_Driver/Src/stm32f4xx_hal_uart.o
                0x08009cd0                UART_Start_Receive_IT
 .text.UART_Start_Receive_DMA
                0x08009d44      0x14c ./Drivers/STM32F4xx_HAL_Driver/Src/stm32f4xx_hal_uart.o
                0x08009d44                UART_Start_Receive_DMA
 .text.UART_EndTxTransfer
                0x08009e90       0x50 ./Drivers/STM32F4xx_HAL_Driver/Src/stm32f4xx_hal_uart.o
 .text.UART_EndRxTransfer
                0x08009ee0       0xc6 ./Drivers/STM32F4xx_HAL_Driver/Src/stm32f4xx_hal_uart.o
 .text.UART_DMAAbortOnError
                0x08009fa6       0x22 ./Drivers/STM32F4xx_HAL_Driver/Src/stm32f4xx_hal_uart.o
 .text.UART_Transmit_IT
                0x08009fc8       0xa0 ./Drivers/STM32F4xx_HAL_Driver/Src/stm32f4xx_hal_uart.o
 .text.UART_EndTransmit_IT
                0x0800a068       0x30 ./Drivers/STM32F4xx_HAL_Driver/Src/stm32f4xx_hal_uart.o
 .text.UART_Receive_IT
                0x0800a098      0x17c ./Drivers/STM32F4xx_HAL_Driver/Src/stm32f4xx_hal_uart.o
 .text.UART_SetConfig
                0x0800a214      0x4e8 ./Drivers/STM32F4xx_HAL_Driver/Src/stm32f4xx_hal_uart.o
 .text.sulp     0x0800a6fc       0x3c D:/app/cubeIDE/STM32CubeIDE_2.1.1/STM32CubeIDE/plugins/com.st.stm32cube.ide.mcu.externaltools.gnu-tools-for-stm32.14.3.rel1.win32_1.0.100.202602081740/tools/bin/../lib/gcc/arm-none-eabi/14.3.1/../../../../arm-none-eabi/lib/thumb/v7e-m+fp/hard\libc_nano.a(libc_a-strtod.o)
 .text._strtod_l
                0x0800a738      0xbb8 D:/app/cubeIDE/STM32CubeIDE_2.1.1/STM32CubeIDE/plugins/com.st.stm32cube.ide.mcu.externaltools.gnu-tools-for-stm32.14.3.rel1.win32_1.0.100.202602081740/tools/bin/../lib/gcc/arm-none-eabi/14.3.1/../../../../arm-none-eabi/lib/thumb/v7e-m+fp/hard\libc_nano.a(libc_a-strtod.o)
                0x0800a738                _strtod_l
 .text.strtof   0x0800b2f0       0xc8 D:/app/cubeIDE/STM32CubeIDE_2.1.1/STM32CubeIDE/plugins/com.st.stm32cube.ide.mcu.externaltools.gnu-tools-for-stm32.14.3.rel1.win32_1.0.100.202602081740/tools/bin/../lib/gcc/arm-none-eabi/14.3.1/../../../../arm-none-eabi/lib/thumb/v7e-m+fp/hard\libc_nano.a(libc_a-strtod.o)
                0x0800b2f0                strtof
 .text._strtoul_l.isra.0
                0x0800b3b8       0xdc D:/app/cubeIDE/STM32CubeIDE_2.1.1/STM32CubeIDE/plugins/com.st.stm32cube.ide.mcu.externaltools.gnu-tools-for-stm32.14.3.rel1.win32_1.0.100.202602081740/tools/bin/../lib/gcc/arm-none-eabi/14.3.1/../../../../arm-none-eabi/lib/thumb/v7e-m+fp/hard\libc_nano.a(libc_a-strtoul.o)
 .text.strtoul  0x0800b494       0x14 D:/app/cubeIDE/STM32CubeIDE_2.1.1/STM32CubeIDE/plugins/com.st.stm32cube.ide.mcu.externaltools.gnu-tools-for-stm32.14.3.rel1.win32_1.0.100.202602081740/tools/bin/../lib/gcc/arm-none-eabi/14.3.1/../../../../arm-none-eabi/lib/thumb/v7e-m+fp/hard\libc_nano.a(libc_a-strtoul.o)
                0x0800b494                strtoul
 .text.std      0x0800b4a8       0x6c D:/app/cubeIDE/STM32CubeIDE_2.1.1/STM32CubeIDE/plugins/com.st.stm32cube.ide.mcu.externaltools.gnu-tools-for-stm32.14.3.rel1.win32_1.0.100.202602081740/tools/bin/../lib/gcc/arm-none-eabi/14.3.1/../../../../arm-none-eabi/lib/thumb/v7e-m+fp/hard\libc_nano.a(libc_a-findfp.o)
 .text.stdio_exit_handler
                0x0800b514       0x18 D:/app/cubeIDE/STM32CubeIDE_2.1.1/STM32CubeIDE/plugins/com.st.stm32cube.ide.mcu.externaltools.gnu-tools-for-stm32.14.3.rel1.win32_1.0.100.202602081740/tools/bin/../lib/gcc/arm-none-eabi/14.3.1/../../../../arm-none-eabi/lib/thumb/v7e-m+fp/hard\libc_nano.a(libc_a-findfp.o)
 .text.cleanup_stdio
                0x0800b52c       0x40 D:/app/cubeIDE/STM32CubeIDE_2.1.1/STM32CubeIDE/plugins/com.st.stm32cube.ide.mcu.externaltools.gnu-tools-for-stm32.14.3.rel1.win32_1.0.100.202602081740/tools/bin/../lib/gcc/arm-none-eabi/14.3.1/../../../../arm-none-eabi/lib/thumb/v7e-m+fp/hard\libc_nano.a(libc_a-findfp.o)
 .text.global_stdio_init.part.0
                0x0800b56c       0x40 D:/app/cubeIDE/STM32CubeIDE_2.1.1/STM32CubeIDE/plugins/com.st.stm32cube.ide.mcu.externaltools.gnu-tools-for-stm32.14.3.rel1.win32_1.0.100.202602081740/tools/bin/../lib/gcc/arm-none-eabi/14.3.1/../../../../arm-none-eabi/lib/thumb/v7e-m+fp/hard\libc_nano.a(libc_a-findfp.o)
 .text.__sfp_lock_acquire
                0x0800b5ac        0xc D:/app/cubeIDE/STM32CubeIDE_2.1.1/STM32CubeIDE/plugins/com.st.stm32cube.ide.mcu.externaltools.gnu-tools-for-stm32.14.3.rel1.win32_1.0.100.202602081740/tools/bin/../lib/gcc/arm-none-eabi/14.3.1/../../../../arm-none-eabi/lib/thumb/v7e-m+fp/hard\libc_nano.a(libc_a-findfp.o)
                0x0800b5ac                __sfp_lock_acquire
 .text.__sfp_lock_release
                0x0800b5b8        0xc D:/app/cubeIDE/STM32CubeIDE_2.1.1/STM32CubeIDE/plugins/com.st.stm32cube.ide.mcu.externaltools.gnu-tools-for-stm32.14.3.rel1.win32_1.0.100.202602081740/tools/bin/../lib/gcc/arm-none-eabi/14.3.1/../../../../arm-none-eabi/lib/thumb/v7e-m+fp/hard\libc_nano.a(libc_a-findfp.o)
                0x0800b5b8                __sfp_lock_release
 .text.__sinit  0x0800b5c4       0x30 D:/app/cubeIDE/STM32CubeIDE_2.1.1/STM32CubeIDE/plugins/com.st.stm32cube.ide.mcu.externaltools.gnu-tools-for-stm32.14.3.rel1.win32_1.0.100.202602081740/tools/bin/../lib/gcc/arm-none-eabi/14.3.1/../../../../arm-none-eabi/lib/thumb/v7e-m+fp/hard\libc_nano.a(libc_a-findfp.o)
                0x0800b5c4                __sinit
 .text._fwalk_sglue
                0x0800b5f4       0x3c D:/app/cubeIDE/STM32CubeIDE_2.1.1/STM32CubeIDE/plugins/com.st.stm32cube.ide.mcu.externaltools.gnu-tools-for-stm32.14.3.rel1.win32_1.0.100.202602081740/tools/bin/../lib/gcc/arm-none-eabi/14.3.1/../../../../arm-none-eabi/lib/thumb/v7e-m+fp/hard\libc_nano.a(libc_a-fwalk.o)
                0x0800b5f4                _fwalk_sglue
 .text.snprintf
                0x0800b630       0x6c D:/app/cubeIDE/STM32CubeIDE_2.1.1/STM32CubeIDE/plugins/com.st.stm32cube.ide.mcu.externaltools.gnu-tools-for-stm32.14.3.rel1.win32_1.0.100.202602081740/tools/bin/../lib/gcc/arm-none-eabi/14.3.1/../../../../arm-none-eabi/lib/thumb/v7e-m+fp/hard\libc_nano.a(libc_a-snprintf.o)
                0x0800b630                sniprintf
                0x0800b630                snprintf
 .text.__sread  0x0800b69c       0x22 D:/app/cubeIDE/STM32CubeIDE_2.1.1/STM32CubeIDE/plugins/com.st.stm32cube.ide.mcu.externaltools.gnu-tools-for-stm32.14.3.rel1.win32_1.0.100.202602081740/tools/bin/../lib/gcc/arm-none-eabi/14.3.1/../../../../arm-none-eabi/lib/thumb/v7e-m+fp/hard\libc_nano.a(libc_a-stdio.o)
                0x0800b69c                __sread
 .text.__swrite
                0x0800b6be       0x38 D:/app/cubeIDE/STM32CubeIDE_2.1.1/STM32CubeIDE/plugins/com.st.stm32cube.ide.mcu.externaltools.gnu-tools-for-stm32.14.3.rel1.win32_1.0.100.202602081740/tools/bin/../lib/gcc/arm-none-eabi/14.3.1/../../../../arm-none-eabi/lib/thumb/v7e-m+fp/hard\libc_nano.a(libc_a-stdio.o)
                0x0800b6be                __swrite
 .text.__sseek  0x0800b6f6       0x26 D:/app/cubeIDE/STM32CubeIDE_2.1.1/STM32CubeIDE/plugins/com.st.stm32cube.ide.mcu.externaltools.gnu-tools-for-stm32.14.3.rel1.win32_1.0.100.202602081740/tools/bin/../lib/gcc/arm-none-eabi/14.3.1/../../../../arm-none-eabi/lib/thumb/v7e-m+fp/hard\libc_nano.a(libc_a-stdio.o)
                0x0800b6f6                __sseek
 .text.__sclose
                0x0800b71c        0x8 D:/app/cubeIDE/STM32CubeIDE_2.1.1/STM32CubeIDE/plugins/com.st.stm32cube.ide.mcu.externaltools.gnu-tools-for-stm32.14.3.rel1.win32_1.0.100.202602081740/tools/bin/../lib/gcc/arm-none-eabi/14.3.1/../../../../arm-none-eabi/lib/thumb/v7e-m+fp/hard\libc_nano.a(libc_a-stdio.o)
                0x0800b71c                __sclose
 .text._vsnprintf_r
                0x0800b724       0x5c D:/app/cubeIDE/STM32CubeIDE_2.1.1/STM32CubeIDE/plugins/com.st.stm32cube.ide.mcu.externaltools.gnu-tools-for-stm32.14.3.rel1.win32_1.0.100.202602081740/tools/bin/../lib/gcc/arm-none-eabi/14.3.1/../../../../arm-none-eabi/lib/thumb/v7e-m+fp/hard\libc_nano.a(libc_a-vsnprintf.o)
                0x0800b724                _vsniprintf_r
                0x0800b724                _vsnprintf_r
 .text.vsnprintf
                0x0800b780       0x1c D:/app/cubeIDE/STM32CubeIDE_2.1.1/STM32CubeIDE/plugins/com.st.stm32cube.ide.mcu.externaltools.gnu-tools-for-stm32.14.3.rel1.win32_1.0.100.202602081740/tools/bin/../lib/gcc/arm-none-eabi/14.3.1/../../../../arm-none-eabi/lib/thumb/v7e-m+fp/hard\libc_nano.a(libc_a-vsnprintf.o)
                0x0800b780                vsniprintf
                0x0800b780                vsnprintf
 .text.memmove  0x0800b79c       0x32 D:/app/cubeIDE/STM32CubeIDE_2.1.1/STM32CubeIDE/plugins/com.st.stm32cube.ide.mcu.externaltools.gnu-tools-for-stm32.14.3.rel1.win32_1.0.100.202602081740/tools/bin/../lib/gcc/arm-none-eabi/14.3.1/../../../../arm-none-eabi/lib/thumb/v7e-m+fp/hard\libc_nano.a(libc_a-memmove.o)
                0x0800b79c                memmove
 .text.memset   0x0800b7ce       0x10 D:/app/cubeIDE/STM32CubeIDE_2.1.1/STM32CubeIDE/plugins/com.st.stm32cube.ide.mcu.externaltools.gnu-tools-for-stm32.14.3.rel1.win32_1.0.100.202602081740/tools/bin/../lib/gcc/arm-none-eabi/14.3.1/../../../../arm-none-eabi/lib/thumb/v7e-m+fp/hard\libc_nano.a(libc_a-memset.o)
                0x0800b7ce                memset
 .text.strncmp  0x0800b7de       0x24 D:/app/cubeIDE/STM32CubeIDE_2.1.1/STM32CubeIDE/plugins/com.st.stm32cube.ide.mcu.externaltools.gnu-tools-for-stm32.14.3.rel1.win32_1.0.100.202602081740/tools/bin/../lib/gcc/arm-none-eabi/14.3.1/../../../../arm-none-eabi/lib/thumb/v7e-m+fp/hard\libc_nano.a(libc_a-strncmp.o)
                0x0800b7de                strncmp
 *fill*         0x0800b802        0x2 
 .text._close_r
                0x0800b804       0x20 D:/app/cubeIDE/STM32CubeIDE_2.1.1/STM32CubeIDE/plugins/com.st.stm32cube.ide.mcu.externaltools.gnu-tools-for-stm32.14.3.rel1.win32_1.0.100.202602081740/tools/bin/../lib/gcc/arm-none-eabi/14.3.1/../../../../arm-none-eabi/lib/thumb/v7e-m+fp/hard\libc_nano.a(libc_a-closer.o)
                0x0800b804                _close_r
 .text._lseek_r
                0x0800b824       0x24 D:/app/cubeIDE/STM32CubeIDE_2.1.1/STM32CubeIDE/plugins/com.st.stm32cube.ide.mcu.externaltools.gnu-tools-for-stm32.14.3.rel1.win32_1.0.100.202602081740/tools/bin/../lib/gcc/arm-none-eabi/14.3.1/../../../../arm-none-eabi/lib/thumb/v7e-m+fp/hard\libc_nano.a(libc_a-lseekr.o)
                0x0800b824                _lseek_r
 .text._read_r  0x0800b848       0x24 D:/app/cubeIDE/STM32CubeIDE_2.1.1/STM32CubeIDE/plugins/com.st.stm32cube.ide.mcu.externaltools.gnu-tools-for-stm32.14.3.rel1.win32_1.0.100.202602081740/tools/bin/../lib/gcc/arm-none-eabi/14.3.1/../../../../arm-none-eabi/lib/thumb/v7e-m+fp/hard\libc_nano.a(libc_a-readr.o)
                0x0800b848                _read_r
 .text._write_r
                0x0800b86c       0x24 D:/app/cubeIDE/STM32CubeIDE_2.1.1/STM32CubeIDE/plugins/com.st.stm32cube.ide.mcu.externaltools.gnu-tools-for-stm32.14.3.rel1.win32_1.0.100.202602081740/tools/bin/../lib/gcc/arm-none-eabi/14.3.1/../../../../arm-none-eabi/lib/thumb/v7e-m+fp/hard\libc_nano.a(libc_a-writer.o)
                0x0800b86c                _write_r
 .text.__errno  0x0800b890        0xc D:/app/cubeIDE/STM32CubeIDE_2.1.1/STM32CubeIDE/plugins/com.st.stm32cube.ide.mcu.externaltools.gnu-tools-for-stm32.14.3.rel1.win32_1.0.100.202602081740/tools/bin/../lib/gcc/arm-none-eabi/14.3.1/../../../../arm-none-eabi/lib/thumb/v7e-m+fp/hard\libc_nano.a(libc_a-errno.o)
                0x0800b890                __errno
 .text.__libc_init_array
                0x0800b89c       0x48 D:/app/cubeIDE/STM32CubeIDE_2.1.1/STM32CubeIDE/plugins/com.st.stm32cube.ide.mcu.externaltools.gnu-tools-for-stm32.14.3.rel1.win32_1.0.100.202602081740/tools/bin/../lib/gcc/arm-none-eabi/14.3.1/../../../../arm-none-eabi/lib/thumb/v7e-m+fp/hard\libc_nano.a(libc_a-init.o)
                0x0800b89c                __libc_init_array
 .text.__retarget_lock_init_recursive
                0x0800b8e4        0x2 D:/app/cubeIDE/STM32CubeIDE_2.1.1/STM32CubeIDE/plugins/com.st.stm32cube.ide.mcu.externaltools.gnu-tools-for-stm32.14.3.rel1.win32_1.0.100.202602081740/tools/bin/../lib/gcc/arm-none-eabi/14.3.1/../../../../arm-none-eabi/lib/thumb/v7e-m+fp/hard\libc_nano.a(libc_a-lock.o)
                0x0800b8e4                __retarget_lock_init_recursive
 .text.__retarget_lock_acquire_recursive
                0x0800b8e6        0x2 D:/app/cubeIDE/STM32CubeIDE_2.1.1/STM32CubeIDE/plugins/com.st.stm32cube.ide.mcu.externaltools.gnu-tools-for-stm32.14.3.rel1.win32_1.0.100.202602081740/tools/bin/../lib/gcc/arm-none-eabi/14.3.1/../../../../arm-none-eabi/lib/thumb/v7e-m+fp/hard\libc_nano.a(libc_a-lock.o)
                0x0800b8e6                __retarget_lock_acquire_recursive
 .text.__retarget_lock_release_recursive
                0x0800b8e8        0x2 D:/app/cubeIDE/STM32CubeIDE_2.1.1/STM32CubeIDE/plugins/com.st.stm32cube.ide.mcu.externaltools.gnu-tools-for-stm32.14.3.rel1.win32_1.0.100.202602081740/tools/bin/../lib/gcc/arm-none-eabi/14.3.1/../../../../arm-none-eabi/lib/thumb/v7e-m+fp/hard\libc_nano.a(libc_a-lock.o)
                0x0800b8e8                __retarget_lock_release_recursive
 .text.memcpy   0x0800b8ea       0x1c D:/app/cubeIDE/STM32CubeIDE_2.1.1/STM32CubeIDE/plugins/com.st.stm32cube.ide.mcu.externaltools.gnu-tools-for-stm32.14.3.rel1.win32_1.0.100.202602081740/tools/bin/../lib/gcc/arm-none-eabi/14.3.1/../../../../arm-none-eabi/lib/thumb/v7e-m+fp/hard\libc_nano.a(libc_a-memcpy-stub.o)
                0x0800b8ea                memcpy
 *fill*         0x0800b906        0x2 
 .text.nan      0x0800b908       0x10 D:/app/cubeIDE/STM32CubeIDE_2.1.1/STM32CubeIDE/plugins/com.st.stm32cube.ide.mcu.externaltools.gnu-tools-for-stm32.14.3.rel1.win32_1.0.100.202602081740/tools/bin/../lib/gcc/arm-none-eabi/14.3.1/../../../../arm-none-eabi/lib/thumb/v7e-m+fp/hard\libc_nano.a(libm_a-s_nan.o)
                0x0800b908                nan
 .text.nanf     0x0800b918        0xc D:/app/cubeIDE/STM32CubeIDE_2.1.1/STM32CubeIDE/plugins/com.st.stm32cube.ide.mcu.externaltools.gnu-tools-for-stm32.14.3.rel1.win32_1.0.100.202602081740/tools/bin/../lib/gcc/arm-none-eabi/14.3.1/../../../../arm-none-eabi/lib/thumb/v7e-m+fp/hard\libc_nano.a(libm_a-sf_nan.o)
                0x0800b918                nanf
 .text._free_r  0x0800b924       0x94 D:/app/cubeIDE/STM32CubeIDE_2.1.1/STM32CubeIDE/plugins/com.st.stm32cube.ide.mcu.externaltools.gnu-tools-for-stm32.14.3.rel1.win32_1.0.100.202602081740/tools/bin/../lib/gcc/arm-none-eabi/14.3.1/../../../../arm-none-eabi/lib/thumb/v7e-m+fp/hard\libc_nano.a(libc_a-freer.o)
                0x0800b924                _free_r
 .text.rshift   0x0800b9b8       0xa4 D:/app/cubeIDE/STM32CubeIDE_2.1.1/STM32CubeIDE/plugins/com.st.stm32cube.ide.mcu.externaltools.gnu-tools-for-stm32.14.3.rel1.win32_1.0.100.202602081740/tools/bin/../lib/gcc/arm-none-eabi/14.3.1/../../../../arm-none-eabi/lib/thumb/v7e-m+fp/hard\libc_nano.a(libc_a-gdtoa-gethex.o)
 .text.__hexdig_fun
                0x0800ba5c       0x2a D:/app/cubeIDE/STM32CubeIDE_2.1.1/STM32CubeIDE/plugins/com.st.stm32cube.ide.mcu.externaltools.gnu-tools-for-stm32.14.3.rel1.win32_1.0.100.202602081740/tools/bin/../lib/gcc/arm-none-eabi/14.3.1/../../../../arm-none-eabi/lib/thumb/v7e-m+fp/hard\libc_nano.a(libc_a-gdtoa-gethex.o)
                0x0800ba5c                __hexdig_fun
 *fill*         0x0800ba86        0x2 
 .text.__gethex
                0x0800ba88      0x420 D:/app/cubeIDE/STM32CubeIDE_2.1.1/STM32CubeIDE/plugins/com.st.stm32cube.ide.mcu.externaltools.gnu-tools-for-stm32.14.3.rel1.win32_1.0.100.202602081740/tools/bin/../lib/gcc/arm-none-eabi/14.3.1/../../../../arm-none-eabi/lib/thumb/v7e-m+fp/hard\libc_nano.a(libc_a-gdtoa-gethex.o)
                0x0800ba88                __gethex
 .text.L_shift  0x0800bea8       0x24 D:/app/cubeIDE/STM32CubeIDE_2.1.1/STM32CubeIDE/plugins/com.st.stm32cube.ide.mcu.externaltools.gnu-tools-for-stm32.14.3.rel1.win32_1.0.100.202602081740/tools/bin/../lib/gcc/arm-none-eabi/14.3.1/../../../../arm-none-eabi/lib/thumb/v7e-m+fp/hard\libc_nano.a(libc_a-gdtoa-hexnan.o)
 .text.__match  0x0800becc       0x28 D:/app/cubeIDE/STM32CubeIDE_2.1.1/STM32CubeIDE/plugins/com.st.stm32cube.ide.mcu.externaltools.gnu-tools-for-stm32.14.3.rel1.win32_1.0.100.202602081740/tools/bin/../lib/gcc/arm-none-eabi/14.3.1/../../../../arm-none-eabi/lib/thumb/v7e-m+fp/hard\libc_nano.a(libc_a-gdtoa-hexnan.o)
                0x0800becc                __match
 .text.__hexnan
                0x0800bef4      0x13a D:/app/cubeIDE/STM32CubeIDE_2.1.1/STM32CubeIDE/plugins/com.st.stm32cube.ide.mcu.externaltools.gnu-tools-for-stm32.14.3.rel1.win32_1.0.100.202602081740/tools/bin/../lib/gcc/arm-none-eabi/14.3.1/../../../../arm-none-eabi/lib/thumb/v7e-m+fp/hard\libc_nano.a(libc_a-gdtoa-hexnan.o)
                0x0800bef4                __hexnan
 *fill*         0x0800c02e        0x2 
 .text.sbrk_aligned
                0x0800c030       0x44 D:/app/cubeIDE/STM32CubeIDE_2.1.1/STM32CubeIDE/plugins/com.st.stm32cube.ide.mcu.externaltools.gnu-tools-for-stm32.14.3.rel1.win32_1.0.100.202602081740/tools/bin/../lib/gcc/arm-none-eabi/14.3.1/../../../../arm-none-eabi/lib/thumb/v7e-m+fp/hard\libc_nano.a(libc_a-mallocr.o)
 .text._malloc_r
                0x0800c074      0x100 D:/app/cubeIDE/STM32CubeIDE_2.1.1/STM32CubeIDE/plugins/com.st.stm32cube.ide.mcu.externaltools.gnu-tools-for-stm32.14.3.rel1.win32_1.0.100.202602081740/tools/bin/../lib/gcc/arm-none-eabi/14.3.1/../../../../arm-none-eabi/lib/thumb/v7e-m+fp/hard\libc_nano.a(libc_a-mallocr.o)
                0x0800c074                _malloc_r
 .text.__ascii_mbtowc
                0x0800c174       0x24 D:/app/cubeIDE/STM32CubeIDE_2.1.1/STM32CubeIDE/plugins/com.st.stm32cube.ide.mcu.externaltools.gnu-tools-for-stm32.14.3.rel1.win32_1.0.100.202602081740/tools/bin/../lib/gcc/arm-none-eabi/14.3.1/../../../../arm-none-eabi/lib/thumb/v7e-m+fp/hard\libc_nano.a(libc_a-mbtowc_r.o)
                0x0800c174                __ascii_mbtowc
 .text.__malloc_lock
                0x0800c198        0xc D:/app/cubeIDE/STM32CubeIDE_2.1.1/STM32CubeIDE/plugins/com.st.stm32cube.ide.mcu.externaltools.gnu-tools-for-stm32.14.3.rel1.win32_1.0.100.202602081740/tools/bin/../lib/gcc/arm-none-eabi/14.3.1/../../../../arm-none-eabi/lib/thumb/v7e-m+fp/hard\libc_nano.a(libc_a-mlock.o)
                0x0800c198                __malloc_lock
 .text.__malloc_unlock
                0x0800c1a4        0xc D:/app/cubeIDE/STM32CubeIDE_2.1.1/STM32CubeIDE/plugins/com.st.stm32cube.ide.mcu.externaltools.gnu-tools-for-stm32.14.3.rel1.win32_1.0.100.202602081740/tools/bin/../lib/gcc/arm-none-eabi/14.3.1/../../../../arm-none-eabi/lib/thumb/v7e-m+fp/hard\libc_nano.a(libc_a-mlock.o)
                0x0800c1a4                __malloc_unlock
 .text._Balloc  0x0800c1b0       0x7c D:/app/cubeIDE/STM32CubeIDE_2.1.1/STM32CubeIDE/plugins/com.st.stm32cube.ide.mcu.externaltools.gnu-tools-for-stm32.14.3.rel1.win32_1.0.100.202602081740/tools/bin/../lib/gcc/arm-none-eabi/14.3.1/../../../../arm-none-eabi/lib/thumb/v7e-m+fp/hard\libc_nano.a(libc_a-mprec.o)
                0x0800c1b0                _Balloc
 .text._Bfree   0x0800c22c       0x44 D:/app/cubeIDE/STM32CubeIDE_2.1.1/STM32CubeIDE/plugins/com.st.stm32cube.ide.mcu.externaltools.gnu-tools-for-stm32.14.3.rel1.win32_1.0.100.202602081740/tools/bin/../lib/gcc/arm-none-eabi/14.3.1/../../../../arm-none-eabi/lib/thumb/v7e-m+fp/hard\libc_nano.a(libc_a-mprec.o)
                0x0800c22c                _Bfree
 .text.__multadd
                0x0800c270       0x8c D:/app/cubeIDE/STM32CubeIDE_2.1.1/STM32CubeIDE/plugins/com.st.stm32cube.ide.mcu.externaltools.gnu-tools-for-stm32.14.3.rel1.win32_1.0.100.202602081740/tools/bin/../lib/gcc/arm-none-eabi/14.3.1/../../../../arm-none-eabi/lib/thumb/v7e-m+fp/hard\libc_nano.a(libc_a-mprec.o)
                0x0800c270                __multadd
 .text.__s2b    0x0800c2fc       0x94 D:/app/cubeIDE/STM32CubeIDE_2.1.1/STM32CubeIDE/plugins/com.st.stm32cube.ide.mcu.externaltools.gnu-tools-for-stm32.14.3.rel1.win32_1.0.100.202602081740/tools/bin/../lib/gcc/arm-none-eabi/14.3.1/../../../../arm-none-eabi/lib/thumb/v7e-m+fp/hard\libc_nano.a(libc_a-mprec.o)
                0x0800c2fc                __s2b
 .text.__hi0bits
                0x0800c390       0x3e D:/app/cubeIDE/STM32CubeIDE_2.1.1/STM32CubeIDE/plugins/com.st.stm32cube.ide.mcu.externaltools.gnu-tools-for-stm32.14.3.rel1.win32_1.0.100.202602081740/tools/bin/../lib/gcc/arm-none-eabi/14.3.1/../../../../arm-none-eabi/lib/thumb/v7e-m+fp/hard\libc_nano.a(libc_a-mprec.o)
                0x0800c390                __hi0bits
 .text.__lo0bits
                0x0800c3ce       0x5a D:/app/cubeIDE/STM32CubeIDE_2.1.1/STM32CubeIDE/plugins/com.st.stm32cube.ide.mcu.externaltools.gnu-tools-for-stm32.14.3.rel1.win32_1.0.100.202602081740/tools/bin/../lib/gcc/arm-none-eabi/14.3.1/../../../../arm-none-eabi/lib/thumb/v7e-m+fp/hard\libc_nano.a(libc_a-mprec.o)
                0x0800c3ce                __lo0bits
 .text.__i2b    0x0800c428       0x2c D:/app/cubeIDE/STM32CubeIDE_2.1.1/STM32CubeIDE/plugins/com.st.stm32cube.ide.mcu.externaltools.gnu-tools-for-stm32.14.3.rel1.win32_1.0.100.202602081740/tools/bin/../lib/gcc/arm-none-eabi/14.3.1/../../../../arm-none-eabi/lib/thumb/v7e-m+fp/hard\libc_nano.a(libc_a-mprec.o)
                0x0800c428                __i2b
 .text.__multiply
                0x0800c454      0x154 D:/app/cubeIDE/STM32CubeIDE_2.1.1/STM32CubeIDE/plugins/com.st.stm32cube.ide.mcu.externaltools.gnu-tools-for-stm32.14.3.rel1.win32_1.0.100.202602081740/tools/bin/../lib/gcc/arm-none-eabi/14.3.1/../../../../arm-none-eabi/lib/thumb/v7e-m+fp/hard\libc_nano.a(libc_a-mprec.o)
                0x0800c454                __multiply
 .text.__pow5mult
                0x0800c5a8       0xb8 D:/app/cubeIDE/STM32CubeIDE_2.1.1/STM32CubeIDE/plugins/com.st.stm32cube.ide.mcu.externaltools.gnu-tools-for-stm32.14.3.rel1.win32_1.0.100.202602081740/tools/bin/../lib/gcc/arm-none-eabi/14.3.1/../../../../arm-none-eabi/lib/thumb/v7e-m+fp/hard\libc_nano.a(libc_a-mprec.o)
                0x0800c5a8                __pow5mult
 .text.__lshift
                0x0800c660       0xdc D:/app/cubeIDE/STM32CubeIDE_2.1.1/STM32CubeIDE/plugins/com.st.stm32cube.ide.mcu.externaltools.gnu-tools-for-stm32.14.3.rel1.win32_1.0.100.202602081740/tools/bin/../lib/gcc/arm-none-eabi/14.3.1/../../../../arm-none-eabi/lib/thumb/v7e-m+fp/hard\libc_nano.a(libc_a-mprec.o)
                0x0800c660                __lshift
 .text.__mcmp   0x0800c73c       0x36 D:/app/cubeIDE/STM32CubeIDE_2.1.1/STM32CubeIDE/plugins/com.st.stm32cube.ide.mcu.externaltools.gnu-tools-for-stm32.14.3.rel1.win32_1.0.100.202602081740/tools/bin/../lib/gcc/arm-none-eabi/14.3.1/../../../../arm-none-eabi/lib/thumb/v7e-m+fp/hard\libc_nano.a(libc_a-mprec.o)
                0x0800c73c                __mcmp
 *fill*         0x0800c772        0x2 
 .text.__mdiff  0x0800c774      0x130 D:/app/cubeIDE/STM32CubeIDE_2.1.1/STM32CubeIDE/plugins/com.st.stm32cube.ide.mcu.externaltools.gnu-tools-for-stm32.14.3.rel1.win32_1.0.100.202602081740/tools/bin/../lib/gcc/arm-none-eabi/14.3.1/../../../../arm-none-eabi/lib/thumb/v7e-m+fp/hard\libc_nano.a(libc_a-mprec.o)
                0x0800c774                __mdiff
 .text.__ulp    0x0800c8a4       0x4c D:/app/cubeIDE/STM32CubeIDE_2.1.1/STM32CubeIDE/plugins/com.st.stm32cube.ide.mcu.externaltools.gnu-tools-for-stm32.14.3.rel1.win32_1.0.100.202602081740/tools/bin/../lib/gcc/arm-none-eabi/14.3.1/../../../../arm-none-eabi/lib/thumb/v7e-m+fp/hard\libc_nano.a(libc_a-mprec.o)
                0x0800c8a4                __ulp
 .text.__b2d    0x0800c8f0       0x94 D:/app/cubeIDE/STM32CubeIDE_2.1.1/STM32CubeIDE/plugins/com.st.stm32cube.ide.mcu.externaltools.gnu-tools-for-stm32.14.3.rel1.win32_1.0.100.202602081740/tools/bin/../lib/gcc/arm-none-eabi/14.3.1/../../../../arm-none-eabi/lib/thumb/v7e-m+fp/hard\libc_nano.a(libc_a-mprec.o)
                0x0800c8f0                __b2d
 .text.__d2b    0x0800c984       0xb0 D:/app/cubeIDE/STM32CubeIDE_2.1.1/STM32CubeIDE/plugins/com.st.stm32cube.ide.mcu.externaltools.gnu-tools-for-stm32.14.3.rel1.win32_1.0.100.202602081740/tools/bin/../lib/gcc/arm-none-eabi/14.3.1/../../../../arm-none-eabi/lib/thumb/v7e-m+fp/hard\libc_nano.a(libc_a-mprec.o)
                0x0800c984                __d2b
 .text.__ratio  0x0800ca34       0x64 D:/app/cubeIDE/STM32CubeIDE_2.1.1/STM32CubeIDE/plugins/com.st.stm32cube.ide.mcu.externaltools.gnu-tools-for-stm32.14.3.rel1.win32_1.0.100.202602081740/tools/bin/../lib/gcc/arm-none-eabi/14.3.1/../../../../arm-none-eabi/lib/thumb/v7e-m+fp/hard\libc_nano.a(libc_a-mprec.o)
                0x0800ca34                __ratio
 .text.__copybits
                0x0800ca98       0x46 D:/app/cubeIDE/STM32CubeIDE_2.1.1/STM32CubeIDE/plugins/com.st.stm32cube.ide.mcu.externaltools.gnu-tools-for-stm32.14.3.rel1.win32_1.0.100.202602081740/tools/bin/../lib/gcc/arm-none-eabi/14.3.1/../../../../arm-none-eabi/lib/thumb/v7e-m+fp/hard\libc_nano.a(libc_a-mprec.o)
                0x0800ca98                __copybits
 .text.__any_on
                0x0800cade       0x42 D:/app/cubeIDE/STM32CubeIDE_2.1.1/STM32CubeIDE/plugins/com.st.stm32cube.ide.mcu.externaltools.gnu-tools-for-stm32.14.3.rel1.win32_1.0.100.202602081740/tools/bin/../lib/gcc/arm-none-eabi/14.3.1/../../../../arm-none-eabi/lib/thumb/v7e-m+fp/hard\libc_nano.a(libc_a-mprec.o)
                0x0800cade                __any_on
 .text.__ascii_wctomb
                0x0800cb20       0x1a D:/app/cubeIDE/STM32CubeIDE_2.1.1/STM32CubeIDE/plugins/com.st.stm32cube.ide.mcu.externaltools.gnu-tools-for-stm32.14.3.rel1.win32_1.0.100.202602081740/tools/bin/../lib/gcc/arm-none-eabi/14.3.1/../../../../arm-none-eabi/lib/thumb/v7e-m+fp/hard\libc_nano.a(libc_a-wctomb_r.o)
                0x0800cb20                __ascii_wctomb
 .text.__ssputs_r
                0x0800cb3a       0xc0 D:/app/cubeIDE/STM32CubeIDE_2.1.1/STM32CubeIDE/plugins/com.st.stm32cube.ide.mcu.externaltools.gnu-tools-for-stm32.14.3.rel1.win32_1.0.100.202602081740/tools/bin/../lib/gcc/arm-none-eabi/14.3.1/../../../../arm-none-eabi/lib/thumb/v7e-m+fp/hard\libc_nano.a(libc_a-nano-svfprintf.o)
                0x0800cb3a                __ssputs_r
 *fill*         0x0800cbfa        0x2 
 .text._svfprintf_r
                0x0800cbfc      0x1f0 D:/app/cubeIDE/STM32CubeIDE_2.1.1/STM32CubeIDE/plugins/com.st.stm32cube.ide.mcu.externaltools.gnu-tools-for-stm32.14.3.rel1.win32_1.0.100.202602081740/tools/bin/../lib/gcc/arm-none-eabi/14.3.1/../../../../arm-none-eabi/lib/thumb/v7e-m+fp/hard\libc_nano.a(libc_a-nano-svfprintf.o)
                0x0800cbfc                _svfiprintf_r
                0x0800cbfc                _svfprintf_r
 .text._printf_common
                0x0800cdec       0xda D:/app/cubeIDE/STM32CubeIDE_2.1.1/STM32CubeIDE/plugins/com.st.stm32cube.ide.mcu.externaltools.gnu-tools-for-stm32.14.3.rel1.win32_1.0.100.202602081740/tools/bin/../lib/gcc/arm-none-eabi/14.3.1/../../../../arm-none-eabi/lib/thumb/v7e-m+fp/hard\libc_nano.a(libc_a-nano-vfprintf_i.o)
                0x0800cdec                _printf_common
 *fill*         0x0800cec6        0x2 
 .text._printf_i
                0x0800cec8      0x24c D:/app/cubeIDE/STM32CubeIDE_2.1.1/STM32CubeIDE/plugins/com.st.stm32cube.ide.mcu.externaltools.gnu-tools-for-stm32.14.3.rel1.win32_1.0.100.202602081740/tools/bin/../lib/gcc/arm-none-eabi/14.3.1/../../../../arm-none-eabi/lib/thumb/v7e-m+fp/hard\libc_nano.a(libc_a-nano-vfprintf_i.o)
                0x0800cec8                _printf_i
 .text.__sflush_r
                0x0800d114      0x104 D:/app/cubeIDE/STM32CubeIDE_2.1.1/STM32CubeIDE/plugins/com.st.stm32cube.ide.mcu.externaltools.gnu-tools-for-stm32.14.3.rel1.win32_1.0.100.202602081740/tools/bin/../lib/gcc/arm-none-eabi/14.3.1/../../../../arm-none-eabi/lib/thumb/v7e-m+fp/hard\libc_nano.a(libc_a-fflush.o)
                0x0800d114                __sflush_r
 .text._fflush_r
                0x0800d218       0x50 D:/app/cubeIDE/STM32CubeIDE_2.1.1/STM32CubeIDE/plugins/com.st.stm32cube.ide.mcu.externaltools.gnu-tools-for-stm32.14.3.rel1.win32_1.0.100.202602081740/tools/bin/../lib/gcc/arm-none-eabi/14.3.1/../../../../arm-none-eabi/lib/thumb/v7e-m+fp/hard\libc_nano.a(libc_a-fflush.o)
                0x0800d218                _fflush_r
 .text._sbrk_r  0x0800d268       0x20 D:/app/cubeIDE/STM32CubeIDE_2.1.1/STM32CubeIDE/plugins/com.st.stm32cube.ide.mcu.externaltools.gnu-tools-for-stm32.14.3.rel1.win32_1.0.100.202602081740/tools/bin/../lib/gcc/arm-none-eabi/14.3.1/../../../../arm-none-eabi/lib/thumb/v7e-m+fp/hard\libc_nano.a(libc_a-sbrkr.o)
                0x0800d268                _sbrk_r
 .text.__assert_func
                0x0800d288       0x3c D:/app/cubeIDE/STM32CubeIDE_2.1.1/STM32CubeIDE/plugins/com.st.stm32cube.ide.mcu.externaltools.gnu-tools-for-stm32.14.3.rel1.win32_1.0.100.202602081740/tools/bin/../lib/gcc/arm-none-eabi/14.3.1/../../../../arm-none-eabi/lib/thumb/v7e-m+fp/hard\libc_nano.a(libc_a-assert.o)
                0x0800d288                __assert_func
 .text._calloc_r
                0x0800d2c4       0x28 D:/app/cubeIDE/STM32CubeIDE_2.1.1/STM32CubeIDE/plugins/com.st.stm32cube.ide.mcu.externaltools.gnu-tools-for-stm32.14.3.rel1.win32_1.0.100.202602081740/tools/bin/../lib/gcc/arm-none-eabi/14.3.1/../../../../arm-none-eabi/lib/thumb/v7e-m+fp/hard\libc_nano.a(libc_a-callocr.o)
                0x0800d2c4                _calloc_r
 .text.malloc   0x0800d2ec       0x10 D:/app/cubeIDE/STM32CubeIDE_2.1.1/STM32CubeIDE/plugins/com.st.stm32cube.ide.mcu.externaltools.gnu-tools-for-stm32.14.3.rel1.win32_1.0.100.202602081740/tools/bin/../lib/gcc/arm-none-eabi/14.3.1/../../../../arm-none-eabi/lib/thumb/v7e-m+fp/hard\libc_nano.a(libc_a-malloc.o)
                0x0800d2ec                malloc
 .text._realloc_r
                0x0800d2fc       0x5c D:/app/cubeIDE/STM32CubeIDE_2.1.1/STM32CubeIDE/plugins/com.st.stm32cube.ide.mcu.externaltools.gnu-tools-for-stm32.14.3.rel1.win32_1.0.100.202602081740/tools/bin/../lib/gcc/arm-none-eabi/14.3.1/../../../../arm-none-eabi/lib/thumb/v7e-m+fp/hard\libc_nano.a(libc_a-reallocr.o)
                0x0800d2fc                _realloc_r
 .text.fprintf  0x0800d358       0x24 D:/app/cubeIDE/STM32CubeIDE_2.1.1/STM32CubeIDE/plugins/com.st.stm32cube.ide.mcu.externaltools.gnu-tools-for-stm32.14.3.rel1.win32_1.0.100.202602081740/tools/bin/../lib/gcc/arm-none-eabi/14.3.1/../../../../arm-none-eabi/lib/thumb/v7e-m+fp/hard\libc_nano.a(libc_a-fprintf.o)
                0x0800d358                fiprintf
                0x0800d358                fprintf
 .text.abort    0x0800d37c        0xe D:/app/cubeIDE/STM32CubeIDE_2.1.1/STM32CubeIDE/plugins/com.st.stm32cube.ide.mcu.externaltools.gnu-tools-for-stm32.14.3.rel1.win32_1.0.100.202602081740/tools/bin/../lib/gcc/arm-none-eabi/14.3.1/../../../../arm-none-eabi/lib/thumb/v7e-m+fp/hard\libc_nano.a(libc_a-abort.o)
                0x0800d37c                abort
 .text._malloc_usable_size_r
                0x0800d38a       0x10 D:/app/cubeIDE/STM32CubeIDE_2.1.1/STM32CubeIDE/plugins/com.st.stm32cube.ide.mcu.externaltools.gnu-tools-for-stm32.14.3.rel1.win32_1.0.100.202602081740/tools/bin/../lib/gcc/arm-none-eabi/14.3.1/../../../../arm-none-eabi/lib/thumb/v7e-m+fp/hard\libc_nano.a(libc_a-msizer.o)
                0x0800d38a                _malloc_usable_size_r
 .text.__sfputc_r
                0x0800d39a       0x2e D:/app/cubeIDE/STM32CubeIDE_2.1.1/STM32CubeIDE/plugins/com.st.stm32cube.ide.mcu.externaltools.gnu-tools-for-stm32.14.3.rel1.win32_1.0.100.202602081740/tools/bin/../lib/gcc/arm-none-eabi/14.3.1/../../../../arm-none-eabi/lib/thumb/v7e-m+fp/hard\libc_nano.a(libc_a-nano-vfprintf.o)
 .text.__sfputs_r
                0x0800d3c8       0x24 D:/app/cubeIDE/STM32CubeIDE_2.1.1/STM32CubeIDE/plugins/com.st.stm32cube.ide.mcu.externaltools.gnu-tools-for-stm32.14.3.rel1.win32_1.0.100.202602081740/tools/bin/../lib/gcc/arm-none-eabi/14.3.1/../../../../arm-none-eabi/lib/thumb/v7e-m+fp/hard\libc_nano.a(libc_a-nano-vfprintf.o)
                0x0800d3c8                __sfputs_r
 .text._vfprintf_r
                0x0800d3ec      0x228 D:/app/cubeIDE/STM32CubeIDE_2.1.1/STM32CubeIDE/plugins/com.st.stm32cube.ide.mcu.externaltools.gnu-tools-for-stm32.14.3.rel1.win32_1.0.100.202602081740/tools/bin/../lib/gcc/arm-none-eabi/14.3.1/../../../../arm-none-eabi/lib/thumb/v7e-m+fp/hard\libc_nano.a(libc_a-nano-vfprintf.o)
                0x0800d3ec                _vfprintf_r
                0x0800d3ec                _vfiprintf_r
 .text.__swbuf_r
                0x0800d614       0x7c D:/app/cubeIDE/STM32CubeIDE_2.1.1/STM32CubeIDE/plugins/com.st.stm32cube.ide.mcu.externaltools.gnu-tools-for-stm32.14.3.rel1.win32_1.0.100.202602081740/tools/bin/../lib/gcc/arm-none-eabi/14.3.1/../../../../arm-none-eabi/lib/thumb/v7e-m+fp/hard\libc_nano.a(libc_a-wbuf.o)
                0x0800d614                __swbuf_r
 .text.__swsetup_r
                0x0800d690       0xa8 D:/app/cubeIDE/STM32CubeIDE_2.1.1/STM32CubeIDE/plugins/com.st.stm32cube.ide.mcu.externaltools.gnu-tools-for-stm32.14.3.rel1.win32_1.0.100.202602081740/tools/bin/../lib/gcc/arm-none-eabi/14.3.1/../../../../arm-none-eabi/lib/thumb/v7e-m+fp/hard\libc_nano.a(libc_a-wsetup.o)
                0x0800d690                __swsetup_r
 .text._raise_r
                0x0800d738       0x50 D:/app/cubeIDE/STM32CubeIDE_2.1.1/STM32CubeIDE/plugins/com.st.stm32cube.ide.mcu.externaltools.gnu-tools-for-stm32.14.3.rel1.win32_1.0.100.202602081740/tools/bin/../lib/gcc/arm-none-eabi/14.3.1/../../../../arm-none-eabi/lib/thumb/v7e-m+fp/hard\libc_nano.a(libc_a-signal.o)
                0x0800d738                _raise_r
 .text.raise    0x0800d788       0x10 D:/app/cubeIDE/STM32CubeIDE_2.1.1/STM32CubeIDE/plugins/com.st.stm32cube.ide.mcu.externaltools.gnu-tools-for-stm32.14.3.rel1.win32_1.0.100.202602081740/tools/bin/../lib/gcc/arm-none-eabi/14.3.1/../../../../arm-none-eabi/lib/thumb/v7e-m+fp/hard\libc_nano.a(libc_a-signal.o)
                0x0800d788                raise
 .text._kill_r  0x0800d798       0x24 D:/app/cubeIDE/STM32CubeIDE_2.1.1/STM32CubeIDE/plugins/com.st.stm32cube.ide.mcu.externaltools.gnu-tools-for-stm32.14.3.rel1.win32_1.0.100.202602081740/tools/bin/../lib/gcc/arm-none-eabi/14.3.1/../../../../arm-none-eabi/lib/thumb/v7e-m+fp/hard\libc_nano.a(libc_a-signalr.o)
                0x0800d798                _kill_r
 .text._getpid_r
                0x0800d7bc        0x4 D:/app/cubeIDE/STM32CubeIDE_2.1.1/STM32CubeIDE/plugins/com.st.stm32cube.ide.mcu.externaltools.gnu-tools-for-stm32.14.3.rel1.win32_1.0.100.202602081740/tools/bin/../lib/gcc/arm-none-eabi/14.3.1/../../../../arm-none-eabi/lib/thumb/v7e-m+fp/hard\libc_nano.a(libc_a-signalr.o)
                0x0800d7bc                _getpid_r
 .text.__swhatbuf_r
                0x0800d7c0       0x48 D:/app/cubeIDE/STM32CubeIDE_2.1.1/STM32CubeIDE/plugins/com.st.stm32cube.ide.mcu.externaltools.gnu-tools-for-stm32.14.3.rel1.win32_1.0.100.202602081740/tools/bin/../lib/gcc/arm-none-eabi/14.3.1/../../../../arm-none-eabi/lib/thumb/v7e-m+fp/hard\libc_nano.a(libc_a-makebuf.o)
                0x0800d7c0                __swhatbuf_r
 .text.__smakebuf_r
                0x0800d808       0x72 D:/app/cubeIDE/STM32CubeIDE_2.1.1/STM32CubeIDE/plugins/com.st.stm32cube.ide.mcu.externaltools.gnu-tools-for-stm32.14.3.rel1.win32_1.0.100.202602081740/tools/bin/../lib/gcc/arm-none-eabi/14.3.1/../../../../arm-none-eabi/lib/thumb/v7e-m+fp/hard\libc_nano.a(libc_a-makebuf.o)
                0x0800d808                __smakebuf_r
 *fill*         0x0800d87a        0x2 
 .text._fstat_r
                0x0800d87c       0x24 D:/app/cubeIDE/STM32CubeIDE_2.1.1/STM32CubeIDE/plugins/com.st.stm32cube.ide.mcu.externaltools.gnu-tools-for-stm32.14.3.rel1.win32_1.0.100.202602081740/tools/bin/../lib/gcc/arm-none-eabi/14.3.1/../../../../arm-none-eabi/lib/thumb/v7e-m+fp/hard\libc_nano.a(libc_a-fstatr.o)
                0x0800d87c                _fstat_r
 .text._isatty_r
                0x0800d8a0       0x20 D:/app/cubeIDE/STM32CubeIDE_2.1.1/STM32CubeIDE/plugins/com.st.stm32cube.ide.mcu.externaltools.gnu-tools-for-stm32.14.3.rel1.win32_1.0.100.202602081740/tools/bin/../lib/gcc/arm-none-eabi/14.3.1/../../../../arm-none-eabi/lib/thumb/v7e-m+fp/hard\libc_nano.a(libc_a-isattyr.o)
                0x0800d8a0                _isatty_r
 *(.glue_7)
 .glue_7        0x0800d8c0        0x0 linker stubs
 *(.glue_7t)
 .glue_7t       0x0800d8c0        0x0 linker stubs
 *(.eh_frame)
 .eh_frame      0x0800d8c0        0x0 D:/app/cubeIDE/STM32CubeIDE_2.1.1/STM32CubeIDE/plugins/com.st.stm32cube.ide.mcu.externaltools.gnu-tools-for-stm32.14.3.rel1.win32_1.0.100.202602081740/tools/bin/../lib/gcc/arm-none-eabi/14.3.1/thumb/v7e-m+fp/hard/crtbegin.o
 *(.init)
 .init          0x0800d8c0        0x4 D:/app/cubeIDE/STM32CubeIDE_2.1.1/STM32CubeIDE/plugins/com.st.stm32cube.ide.mcu.externaltools.gnu-tools-for-stm32.14.3.rel1.win32_1.0.100.202602081740/tools/bin/../lib/gcc/arm-none-eabi/14.3.1/thumb/v7e-m+fp/hard/crti.o
                0x0800d8c0                _init
 .init          0x0800d8c4        0x8 D:/app/cubeIDE/STM32CubeIDE_2.1.1/STM32CubeIDE/plugins/com.st.stm32cube.ide.mcu.externaltools.gnu-tools-for-stm32.14.3.rel1.win32_1.0.100.202602081740/tools/bin/../lib/gcc/arm-none-eabi/14.3.1/thumb/v7e-m+fp/hard/crtn.o
 *(.fini)
 .fini          0x0800d8cc        0x4 D:/app/cubeIDE/STM32CubeIDE_2.1.1/STM32CubeIDE/plugins/com.st.stm32cube.ide.mcu.externaltools.gnu-tools-for-stm32.14.3.rel1.win32_1.0.100.202602081740/tools/bin/../lib/gcc/arm-none-eabi/14.3.1/thumb/v7e-m+fp/hard/crti.o
                0x0800d8cc                _fini
 .fini          0x0800d8d0        0x8 D:/app/cubeIDE/STM32CubeIDE_2.1.1/STM32CubeIDE/plugins/com.st.stm32cube.ide.mcu.externaltools.gnu-tools-for-stm32.14.3.rel1.win32_1.0.100.202602081740/tools/bin/../lib/gcc/arm-none-eabi/14.3.1/thumb/v7e-m+fp/hard/crtn.o
                0x0800d8d8                        . = ALIGN (0x4)
                0x0800d8d8                        _etext = .

.vfp11_veneer   0x0800d8d8        0x0
 .vfp11_veneer  0x0800d8d8        0x0 linker stubs

.v4_bx          0x0800d8d8        0x0
 .v4_bx         0x0800d8d8        0x0 linker stubs

.iplt           0x0800d8d8        0x0
 .iplt          0x0800d8d8        0x0 D:/app/cubeIDE/STM32CubeIDE_2.1.1/STM32CubeIDE/plugins/com.st.stm32cube.ide.mcu.externaltools.gnu-tools-for-stm32.14.3.rel1.win32_1.0.100.202602081740/tools/bin/../lib/gcc/arm-none-eabi/14.3.1/thumb/v7e-m+fp/hard/crtbegin.o

.rodata         0x0800d8d8      0x580
                0x0800d8d8                        . = ALIGN (0x4)
 *(.rodata)
 .rodata        0x0800d8d8       0x1c ./Core/Src/imu_oled_format.o
 .rodata        0x0800d8f4       0x8e ./Core/Src/main.o
 *fill*         0x0800d982        0x2 
 .rodata        0x0800d984       0xa3 ./Core/Src/motion_telemetry.o
 *fill*         0x0800da27        0x1 
 .rodata        0x0800da28        0x4 ./Core/Src/oled_ssd1306.o
 *(.rodata*)
 .rodata.ftepc485_channel_direction
                0x0800da2c        0x3 ./Core/Src/ftepc_rs485.o
 *fill*         0x0800da2f        0x1 
 .rodata.digits.1
                0x0800da30       0x32 ./Core/Src/oled_ssd1306.o
 *fill*         0x0800da62        0x2 
 .rodata.init_commands.0
                0x0800da64       0x1c ./Core/Src/oled_ssd1306.o
 .rodata.AHBPrescTable
                0x0800da80       0x10 ./Core/Src/system_stm32f4xx.o
                0x0800da80                AHBPrescTable
 .rodata.APBPrescTable
                0x0800da90        0x8 ./Core/Src/system_stm32f4xx.o
                0x0800da90                APBPrescTable
 .rodata.flagBitshiftOffset.0
                0x0800da98        0x8 ./Drivers/STM32F4xx_HAL_Driver/Src/stm32f4xx_hal_dma.o
 .rodata._strtod_l.str1.1
                0x0800daa0      0x166 D:/app/cubeIDE/STM32CubeIDE_2.1.1/STM32CubeIDE/plugins/com.st.stm32cube.ide.mcu.externaltools.gnu-tools-for-stm32.14.3.rel1.win32_1.0.100.202602081740/tools/bin/../lib/gcc/arm-none-eabi/14.3.1/../../../../arm-none-eabi/lib/thumb/v7e-m+fp/hard\libc_nano.a(libc_a-strtod.o)
                                  0xf (size before relaxing)
 *fill*         0x0800dc06        0x2 
 .rodata.fpinan.0
                0x0800dc08       0x14 D:/app/cubeIDE/STM32CubeIDE_2.1.1/STM32CubeIDE/plugins/com.st.stm32cube.ide.mcu.externaltools.gnu-tools-for-stm32.14.3.rel1.win32_1.0.100.202602081740/tools/bin/../lib/gcc/arm-none-eabi/14.3.1/../../../../arm-none-eabi/lib/thumb/v7e-m+fp/hard\libc_nano.a(libc_a-strtod.o)
 .rodata.fpi.1  0x0800dc1c       0x14 D:/app/cubeIDE/STM32CubeIDE_2.1.1/STM32CubeIDE/plugins/com.st.stm32cube.ide.mcu.externaltools.gnu-tools-for-stm32.14.3.rel1.win32_1.0.100.202602081740/tools/bin/../lib/gcc/arm-none-eabi/14.3.1/../../../../arm-none-eabi/lib/thumb/v7e-m+fp/hard\libc_nano.a(libc_a-strtod.o)
 .rodata.tinytens
                0x0800dc30       0x28 D:/app/cubeIDE/STM32CubeIDE_2.1.1/STM32CubeIDE/plugins/com.st.stm32cube.ide.mcu.externaltools.gnu-tools-for-stm32.14.3.rel1.win32_1.0.100.202602081740/tools/bin/../lib/gcc/arm-none-eabi/14.3.1/../../../../arm-none-eabi/lib/thumb/v7e-m+fp/hard\libc_nano.a(libc_a-strtod.o)
 .rodata._ctype_
                0x0800dc58      0x101 D:/app/cubeIDE/STM32CubeIDE_2.1.1/STM32CubeIDE/plugins/com.st.stm32cube.ide.mcu.externaltools.gnu-tools-for-stm32.14.3.rel1.win32_1.0.100.202602081740/tools/bin/../lib/gcc/arm-none-eabi/14.3.1/../../../../arm-none-eabi/lib/thumb/v7e-m+fp/hard\libc_nano.a(libc_a-ctype_.o)
                0x0800dc58                _ctype_
 .rodata._setlocale_r.str1.1
                0x0800dd59        0x9 D:/app/cubeIDE/STM32CubeIDE_2.1.1/STM32CubeIDE/plugins/com.st.stm32cube.ide.mcu.externaltools.gnu-tools-for-stm32.14.3.rel1.win32_1.0.100.202602081740/tools/bin/../lib/gcc/arm-none-eabi/14.3.1/../../../../arm-none-eabi/lib/thumb/v7e-m+fp/hard\libc_nano.a(libc_a-locale.o)
 .rodata.str1.1
                0x0800dd59        0x2 D:/app/cubeIDE/STM32CubeIDE_2.1.1/STM32CubeIDE/plugins/com.st.stm32cube.ide.mcu.externaltools.gnu-tools-for-stm32.14.3.rel1.win32_1.0.100.202602081740/tools/bin/../lib/gcc/arm-none-eabi/14.3.1/../../../../arm-none-eabi/lib/thumb/v7e-m+fp/hard\libc_nano.a(libc_a-locale.o)
 .rodata.__gethex.str1.1
                0x0800dd59       0x73 D:/app/cubeIDE/STM32CubeIDE_2.1.1/STM32CubeIDE/plugins/com.st.stm32cube.ide.mcu.externaltools.gnu-tools-for-stm32.14.3.rel1.win32_1.0.100.202602081740/tools/bin/../lib/gcc/arm-none-eabi/14.3.1/../../../../arm-none-eabi/lib/thumb/v7e-m+fp/hard\libc_nano.a(libc_a-gdtoa-gethex.o)
 .rodata._Balloc.str1.1
                0x0800dd59       0x70 D:/app/cubeIDE/STM32CubeIDE_2.1.1/STM32CubeIDE/plugins/com.st.stm32cube.ide.mcu.externaltools.gnu-tools-for-stm32.14.3.rel1.win32_1.0.100.202602081740/tools/bin/../lib/gcc/arm-none-eabi/14.3.1/../../../../arm-none-eabi/lib/thumb/v7e-m+fp/hard\libc_nano.a(libc_a-mprec.o)
 .rodata.__multadd.str1.1
                0x0800dd59       0x11 D:/app/cubeIDE/STM32CubeIDE_2.1.1/STM32CubeIDE/plugins/com.st.stm32cube.ide.mcu.externaltools.gnu-tools-for-stm32.14.3.rel1.win32_1.0.100.202602081740/tools/bin/../lib/gcc/arm-none-eabi/14.3.1/../../../../arm-none-eabi/lib/thumb/v7e-m+fp/hard\libc_nano.a(libc_a-mprec.o)
 *fill*         0x0800dd59        0x3 
 .rodata.p05.0  0x0800dd5c        0xc D:/app/cubeIDE/STM32CubeIDE_2.1.1/STM32CubeIDE/plugins/com.st.stm32cube.ide.mcu.externaltools.gnu-tools-for-stm32.14.3.rel1.win32_1.0.100.202602081740/tools/bin/../lib/gcc/arm-none-eabi/14.3.1/../../../../arm-none-eabi/lib/thumb/v7e-m+fp/hard\libc_nano.a(libc_a-mprec.o)
 .rodata.__mprec_bigtens
                0x0800dd68       0x28 D:/app/cubeIDE/STM32CubeIDE_2.1.1/STM32CubeIDE/plugins/com.st.stm32cube.ide.mcu.externaltools.gnu-tools-for-stm32.14.3.rel1.win32_1.0.100.202602081740/tools/bin/../lib/gcc/arm-none-eabi/14.3.1/../../../../arm-none-eabi/lib/thumb/v7e-m+fp/hard\libc_nano.a(libc_a-mprec.o)
                0x0800dd68                __mprec_bigtens
 .rodata.__mprec_tens
                0x0800dd90       0xc8 D:/app/cubeIDE/STM32CubeIDE_2.1.1/STM32CubeIDE/plugins/com.st.stm32cube.ide.mcu.externaltools.gnu-tools-for-stm32.14.3.rel1.win32_1.0.100.202602081740/tools/bin/../lib/gcc/arm-none-eabi/14.3.1/../../../../arm-none-eabi/lib/thumb/v7e-m+fp/hard\libc_nano.a(libc_a-mprec.o)
                0x0800dd90                __mprec_tens
 .rodata._svfprintf_r.str1.1
                0x0800de58       0x11 D:/app/cubeIDE/STM32CubeIDE_2.1.1/STM32CubeIDE/plugins/com.st.stm32cube.ide.mcu.externaltools.gnu-tools-for-stm32.14.3.rel1.win32_1.0.100.202602081740/tools/bin/../lib/gcc/arm-none-eabi/14.3.1/../../../../arm-none-eabi/lib/thumb/v7e-m+fp/hard\libc_nano.a(libc_a-nano-svfprintf.o)
 .rodata._printf_i.str1.1
                0x0800de58       0x22 D:/app/cubeIDE/STM32CubeIDE_2.1.1/STM32CubeIDE/plugins/com.st.stm32cube.ide.mcu.externaltools.gnu-tools-for-stm32.14.3.rel1.win32_1.0.100.202602081740/tools/bin/../lib/gcc/arm-none-eabi/14.3.1/../../../../arm-none-eabi/lib/thumb/v7e-m+fp/hard\libc_nano.a(libc_a-nano-vfprintf_i.o)
 .rodata.__assert_func.str1.1
                0x0800de58       0x3d D:/app/cubeIDE/STM32CubeIDE_2.1.1/STM32CubeIDE/plugins/com.st.stm32cube.ide.mcu.externaltools.gnu-tools-for-stm32.14.3.rel1.win32_1.0.100.202602081740/tools/bin/../lib/gcc/arm-none-eabi/14.3.1/../../../../arm-none-eabi/lib/thumb/v7e-m+fp/hard\libc_nano.a(libc_a-assert.o)
 .rodata._vfprintf_r.str1.1
                0x0800de58       0x11 D:/app/cubeIDE/STM32CubeIDE_2.1.1/STM32CubeIDE/plugins/com.st.stm32cube.ide.mcu.externaltools.gnu-tools-for-stm32.14.3.rel1.win32_1.0.100.202602081740/tools/bin/../lib/gcc/arm-none-eabi/14.3.1/../../../../arm-none-eabi/lib/thumb/v7e-m+fp/hard\libc_nano.a(libc_a-nano-vfprintf.o)
                0x0800de98                        . = ALIGN (0x4)

.ARM.extab      0x0800de58        0x0
                0x0800de58                        . = ALIGN (0x4)
 *(.ARM.extab* .gnu.linkonce.armextab.*)
                0x0800de58                        . = ALIGN (0x4)

.ARM            0x0800de58        0x8
                0x0800de58                        . = ALIGN (0x4)
                0x0800de58                        __exidx_start = .
 *(.ARM.exidx*)
 .ARM.exidx     0x0800de58        0x8 D:/app/cubeIDE/STM32CubeIDE_2.1.1/STM32CubeIDE/plugins/com.st.stm32cube.ide.mcu.externaltools.gnu-tools-for-stm32.14.3.rel1.win32_1.0.100.202602081740/tools/bin/../lib/gcc/arm-none-eabi/14.3.1/../../../../arm-none-eabi/lib/thumb/v7e-m+fp/hard\libc_nano.a(libc_a-memchr.o)