../Core/Src/main.c:173:26:ApplyServoTargets	7
../Core/Src/main.c:207:13:ClearLatestProfileSample	1
../Core/Src/main.c:215:13:ServiceGeneratedJoystickControl	9
../Core/Src/main.c:284:13:Imu_NormalizeYaw	3
../Core/Src/main.c:297:13:Imu_UpdateYawFromSample	4
../Core/Src/main.c:316:13:Imu_RxStart	2
../Core/Src/main.c:333:13:Imu_FeedBytes	4
../Core/Src/main.c:347:13:ServiceImu	5
../Core/Src/main.c:381:13:FormatFixedHundredths	3
../Core/Src/main.c:408:13:FormatFixedTenths	3
../Core/Src/main.c:434:13:OledWriteFixedRow	1
../Core/Src/main.c:448:13:OledWriteTenthsRow	1
../Core/Src/main.c:462:13:OledWriteLengthSpeedPage	1
../Core/Src/main.c:474:13:OledWriteAngleImuPage	5
../Core/Src/main.c:507:13:Rs485_BuildReadRequest	1
../Core/Src/main.c:522:13:Rs485_StartPoll	3
../Core/Src/main.c:542:13:Rs485_ApplyPulses	5
../Core/Src/main.c:581:13:Rs485_HandleResponse	2
../Core/Src/main.c:596:13:ServiceEncoder485	4
../Core/Src/main.c:616:13:ServiceDwjReader	10
../Core/Src/main.c:685:13:ServiceOled	5
../Core/Src/main.c:718:13:FillMotionTelemetry	5
../Core/Src/main.c:746:13:ServiceTelemetry	8
../Core/Src/main.c:805:5:main	3
../Core/Src/main.c:884:6:SystemClock_Config	3
../Core/Src/main.c:930:13:MX_I2C1_Init	2
../Core/Src/main.c:964:13:MX_I2C2_Init	2
../Core/Src/main.c:998:13:MX_USART1_UART_Init	2
../Core/Src/main.c:1031:13:MX_USART2_UART_Init	2
../Core/Src/main.c:1064:13:MX_USART3_UART_Init	2
../Core/Src/main.c:1095:13:MX_DMA_Init	1
../Core/Src/main.c:1117:13:MX_GPIO_Init	1
../Core/Src/main.c:1146:6:HAL_UART_RxCpltCallback	2
../Core/Src/main.c:1155:6:HAL_UART_TxCpltCallback	5
../Core/Src/main.c:1177:6:HAL_UARTEx_RxEventCallback	1
../Core/Src/main.c:1183:6:HAL_UART_ErrorCallback	4
../Core/Src/main.c:1208:6:Error_Handler	1
