../Core/Src/main.c:169:26:ApplyServoTargets	7
../Core/Src/main.c:203:13:ServiceGeneratedJoystickControl	2
../Core/Src/main.c:242:13:Imu_NormalizeYaw	3
../Core/Src/main.c:255:13:Imu_UpdateYawFromSample	4
../Core/Src/main.c:274:13:Imu_RxStart	2
../Core/Src/main.c:291:13:Imu_FeedBytes	4
../Core/Src/main.c:305:13:ServiceImu	5
../Core/Src/main.c:339:13:FormatFixedHundredths	3
../Core/Src/main.c:366:13:FormatFixedTenths	3
../Core/Src/main.c:392:13:OledWriteFixedRow	1
../Core/Src/main.c:406:13:OledWriteTenthsRow	1
../Core/Src/main.c:420:13:OledWriteLengthSpeedPage	1
../Core/Src/main.c:432:13:OledWriteAngleImuPage	5
../Core/Src/main.c:465:13:Rs485_BuildReadRequest	1
../Core/Src/main.c:480:13:Rs485_StartPoll	3
../Core/Src/main.c:500:13:Rs485_ApplyPulses	5
../Core/Src/main.c:539:13:Rs485_HandleResponse	2
../Core/Src/main.c:554:13:ServiceEncoder485	4
../Core/Src/main.c:574:13:ServiceDwjReader	10
../Core/Src/main.c:643:13:ServiceOled	5
../Core/Src/main.c:676:13:FillMotionTelemetry	5
../Core/Src/main.c:704:13:ServiceTelemetry	8
../Core/Src/main.c:763:5:main	3
../Core/Src/main.c:839:6:SystemClock_Config	3
../Core/Src/main.c:885:13:MX_I2C1_Init	2
../Core/Src/main.c:919:13:MX_I2C2_Init	2
../Core/Src/main.c:953:13:MX_USART1_UART_Init	2
../Core/Src/main.c:986:13:MX_USART2_UART_Init	2
../Core/Src/main.c:1019:13:MX_USART3_UART_Init	2
../Core/Src/main.c:1050:13:MX_DMA_Init	1
../Core/Src/main.c:1072:13:MX_GPIO_Init	1
../Core/Src/main.c:1101:6:HAL_UART_RxCpltCallback	2
../Core/Src/main.c:1110:6:HAL_UART_TxCpltCallback	5
../Core/Src/main.c:1132:6:HAL_UARTEx_RxEventCallback	1
../Core/Src/main.c:1138:6:HAL_UART_ErrorCallback	4
../Core/Src/main.c:1163:6:Error_Handler	1
