../Core/Src/main.c:175:26:USART2_StartReceiveToIdle	16	static
../Core/Src/main.c:189:26:ApplyServoTargets	24	static
../Core/Src/main.c:223:13:ProcessReceivedFrames	400	static
../Core/Src/main.c:246:13:ServiceControlFailsafe	16	static
../Core/Src/main.c:262:13:Imu_NormalizeYaw	4	static
../Core/Src/main.c:275:13:Imu_UpdateYawFromSample	24	static
../Core/Src/main.c:294:13:Imu_RxStart	8	static
../Core/Src/main.c:311:13:Imu_FeedBytes	16	static
../Core/Src/main.c:325:13:ServiceImu	16	static
../Core/Src/main.c:359:13:FormatFixedHundredths	40	static
../Core/Src/main.c:386:13:FormatFixedTenths	40	static
../Core/Src/main.c:412:13:OledWriteFixedRow	80	static
../Core/Src/main.c:426:13:OledWriteTenthsRow	80	static
../Core/Src/main.c:440:13:OledWriteLengthSpeedPage	8	static
../Core/Src/main.c:452:13:OledWriteAngleImuPage	40	static
../Core/Src/main.c:485:13:Rs485_BuildReadRequest	16	static
../Core/Src/main.c:500:13:Rs485_StartPoll	16	static
../Core/Src/main.c:520:13:Rs485_ApplyPulses	40	static
../Core/Src/main.c:559:13:Rs485_HandleResponse	32	static
../Core/Src/main.c:574:13:ServiceEncoder485	16	static
../Core/Src/main.c:594:13:ServiceDwjReader	24	static
../Core/Src/main.c:663:13:ServiceOled	16	static
../Core/Src/main.c:696:13:FillMotionTelemetry	16	static
../Core/Src/main.c:725:13:ServiceTelemetry	16	static
../Core/Src/main.c:784:5:main	8	static
../Core/Src/main.c:874:6:SystemClock_Config	88	static
../Core/Src/main.c:920:13:MX_I2C1_Init	8	static
../Core/Src/main.c:954:13:MX_I2C2_Init	8	static
../Core/Src/main.c:988:13:MX_USART1_UART_Init	8	static
../Core/Src/main.c:1021:13:MX_USART2_UART_Init	8	static
../Core/Src/main.c:1054:13:MX_USART3_UART_Init	8	static
../Core/Src/main.c:1085:13:MX_DMA_Init	16	static
../Core/Src/main.c:1107:13:MX_GPIO_Init	48	static
../Core/Src/main.c:1136:6:HAL_UART_RxCpltCallback	16	static
../Core/Src/main.c:1145:6:HAL_UART_TxCpltCallback	16	static
../Core/Src/main.c:1167:6:HAL_UARTEx_RxEventCallback	16	static
../Core/Src/main.c:1179:6:HAL_UART_ErrorCallback	16	static
../Core/Src/main.c:1205:6:Error_Handler	4	static,ignoring_inline_asm
