../Core/Src/main.c:174:26:USART2_StartReceiveToIdle	2
../Core/Src/main.c:188:26:ApplyServoTargets	7
../Core/Src/main.c:222:13:ProcessReceivedFrames	3
../Core/Src/main.c:245:13:ServiceControlFailsafe	4
../Core/Src/main.c:261:13:Imu_NormalizeYaw	3
../Core/Src/main.c:274:13:Imu_UpdateYawFromSample	4
../Core/Src/main.c:293:13:Imu_RxStart	2
../Core/Src/main.c:310:13:Imu_FeedBytes	4
../Core/Src/main.c:324:13:ServiceImu	5
../Core/Src/main.c:358:13:FormatFixedHundredths	3
../Core/Src/main.c:385:13:FormatFixedTenths	3
../Core/Src/main.c:411:13:OledWriteFixedRow	1
../Core/Src/main.c:425:13:OledWriteTenthsRow	1
../Core/Src/main.c:439:13:OledWriteLengthSpeedPage	1
../Core/Src/main.c:451:13:OledWriteAngleImuPage	5
../Core/Src/main.c:484:13:Rs485_BuildReadRequest	1
../Core/Src/main.c:499:13:Rs485_StartPoll	3
../Core/Src/main.c:519:13:Rs485_ApplyPulses	5
../Core/Src/main.c:558:13:Rs485_HandleResponse	2
../Core/Src/main.c:573:13:ServiceEncoder485	4
../Core/Src/main.c:593:13:ServiceDwjReader	10
../Core/Src/main.c:662:13:ServiceOled	5
../Core/Src/main.c:695:13:FillMotionTelemetry	5
../Core/Src/main.c:719:13:ServiceTelemetry	8
../Core/Src/main.c:778:5:main	6
../Core/Src/main.c:868:6:SystemClock_Config	3
../Core/Src/main.c:914:13:MX_I2C1_Init	2
../Core/Src/main.c:948:13:MX_I2C2_Init	2
../Core/Src/main.c:982:13:MX_USART1_UART_Init	2
../Core/Src/main.c:1015:13:MX_USART2_UART_Init	2
../Core/Src/main.c:1048:13:MX_USART3_UART_Init	2
../Core/Src/main.c:1079:13:MX_DMA_Init	1
../Core/Src/main.c:1101:13:MX_GPIO_Init	1
../Core/Src/main.c:1130:6:HAL_UART_RxCpltCallback	2
../Core/Src/main.c:1139:6:HAL_UART_TxCpltCallback	5
../Core/Src/main.c:1161:6:HAL_UARTEx_RxEventCallback	3
../Core/Src/main.c:1173:6:HAL_UART_ErrorCallback	4
../Core/Src/main.c:1199:6:Error_Handler	1
