../Core/Src/main.c:175:26:USART2_StartReceiveToIdle	2
../Core/Src/main.c:189:26:ApplyServoTargets	7
../Core/Src/main.c:223:13:ProcessReceivedFrames	3
../Core/Src/main.c:246:13:ServiceControlFailsafe	4
../Core/Src/main.c:262:13:Imu_NormalizeYaw	3
../Core/Src/main.c:275:13:Imu_UpdateYawFromSample	4
../Core/Src/main.c:294:13:Imu_RxStart	2
../Core/Src/main.c:311:13:Imu_FeedBytes	4
../Core/Src/main.c:325:13:ServiceImu	5
../Core/Src/main.c:359:13:FormatFixedHundredths	3
../Core/Src/main.c:386:13:FormatFixedTenths	3
../Core/Src/main.c:412:13:OledWriteFixedRow	1
../Core/Src/main.c:426:13:OledWriteTenthsRow	1
../Core/Src/main.c:440:13:OledWriteLengthSpeedPage	1
../Core/Src/main.c:452:13:OledWriteAngleImuPage	5
../Core/Src/main.c:485:13:Rs485_BuildReadRequest	1
../Core/Src/main.c:500:13:Rs485_StartPoll	3
../Core/Src/main.c:520:13:Rs485_ApplyPulses	5
../Core/Src/main.c:559:13:Rs485_HandleResponse	2
../Core/Src/main.c:574:13:ServiceEncoder485	4
../Core/Src/main.c:594:13:ServiceDwjReader	10
../Core/Src/main.c:663:13:ServiceOled	5
../Core/Src/main.c:696:13:FillMotionTelemetry	5
../Core/Src/main.c:725:13:ServiceTelemetry	8
../Core/Src/main.c:784:5:main	6
../Core/Src/main.c:874:6:SystemClock_Config	3
../Core/Src/main.c:920:13:MX_I2C1_Init	2
../Core/Src/main.c:954:13:MX_I2C2_Init	2
../Core/Src/main.c:988:13:MX_USART1_UART_Init	2
../Core/Src/main.c:1021:13:MX_USART2_UART_Init	2
../Core/Src/main.c:1054:13:MX_USART3_UART_Init	2
../Core/Src/main.c:1085:13:MX_DMA_Init	1
../Core/Src/main.c:1107:13:MX_GPIO_Init	1
../Core/Src/main.c:1136:6:HAL_UART_RxCpltCallback	2
../Core/Src/main.c:1145:6:HAL_UART_TxCpltCallback	5
../Core/Src/main.c:1167:6:HAL_UARTEx_RxEventCallback	3
../Core/Src/main.c:1179:6:HAL_UART_ErrorCallback	4
../Core/Src/main.c:1205:6:Error_Handler	1
