../Core/Src/main.c:174:26:USART2_StartReceiveToIdle	16	static
../Core/Src/main.c:188:26:ApplyServoTargets	24	static
../Core/Src/main.c:222:13:ProcessReceivedFrames	400	static
../Core/Src/main.c:245:13:ServiceControlFailsafe	16	static
../Core/Src/main.c:261:13:Imu_NormalizeYaw	4	static
../Core/Src/main.c:274:13:Imu_UpdateYawFromSample	24	static
../Core/Src/main.c:293:13:Imu_RxStart	8	static
../Core/Src/main.c:310:13:Imu_FeedBytes	16	static
../Core/Src/main.c:324:13:ServiceImu	16	static
../Core/Src/main.c:358:13:FormatFixedHundredths	40	static
../Core/Src/main.c:385:13:FormatFixedTenths	40	static
../Core/Src/main.c:411:13:OledWriteFixedRow	80	static
../Core/Src/main.c:425:13:OledWriteTenthsRow	80	static
../Core/Src/main.c:439:13:OledWriteLengthSpeedPage	8	static
../Core/Src/main.c:451:13:OledWriteAngleImuPage	40	static
../Core/Src/main.c:484:13:Rs485_BuildReadRequest	16	static
../Core/Src/main.c:499:13:Rs485_StartPoll	16	static
../Core/Src/main.c:519:13:Rs485_ApplyPulses	40	static
../Core/Src/main.c:558:13:Rs485_HandleResponse	32	static
../Core/Src/main.c:573:13:ServiceEncoder485	16	static
../Core/Src/main.c:593:13:ServiceDwjReader	24	static
../Core/Src/main.c:662:13:ServiceOled	16	static
../Core/Src/main.c:695:13:FillMotionTelemetry	16	static
../Core/Src/main.c:719:13:ServiceTelemetry	16	static
../Core/Src/main.c:778:5:main	8	static
../Core/Src/main.c:868:6:SystemClock_Config	88	static
../Core/Src/main.c:914:13:MX_I2C1_Init	8	static
../Core/Src/main.c:948:13:MX_I2C2_Init	8	static
../Core/Src/main.c:982:13:MX_USART1_UART_Init	8	static
../Core/Src/main.c:1015:13:MX_USART2_UART_Init	8	static
../Core/Src/main.c:1048:13:MX_USART3_UART_Init	8	static
../Core/Src/main.c:1079:13:MX_DMA_Init	16	static
../Core/Src/main.c:1101:13:MX_GPIO_Init	48	static
../Core/Src/main.c:1130:6:HAL_UART_RxCpltCallback	16	static
../Core/Src/main.c:1139:6:HAL_UART_TxCpltCallback	16	static
../Core/Src/main.c:1161:6:HAL_UARTEx_RxEventCallback	16	static
../Core/Src/main.c:1173:6:HAL_UART_ErrorCallback	16	static
../Core/Src/main.c:1199:6:Error_Handler	4	static,ignoring_inline_asm
