22:05:28 **** Incremental Build of configuration Debug for project remote ****
make -j32 all 
arm-none-eabi-gcc "../Core/Src/main.c" -mcpu=cortex-m4 -std=gnu11 -g3 -DDEBUG -DUSE_HAL_DRIVER -DSTM32F407xx -c -I../Core/Inc -I../Drivers/STM32F4xx_HAL_Driver/Inc -I../Drivers/STM32F4xx_HAL_Driver/Inc/Legacy -I../Drivers/CMSIS/Device/ST/STM32F4xx/Include -I../Drivers/CMSIS/Include -O0 -ffunction-sections -fdata-sections -Wall -fstack-usage -fcyclomatic-complexity -MMD -MP -MF"Core/Src/main.d" -MT"Core/Src/main.o" --specs=nano.specs -mfpu=fpv4-sp-d16 -mfloat-abi=hard -mthumb -o "Core/Src/main.o"
arm-none-eabi-gcc "../Core/Src/truck_control.c" -mcpu=cortex-m4 -std=gnu11 -g3 -DDEBUG -DUSE_HAL_DRIVER -DSTM32F407xx -c -I../Core/Inc -I../Drivers/STM32F4xx_HAL_Driver/Inc -I../Drivers/STM32F4xx_HAL_Driver/Inc/Legacy -I../Drivers/CMSIS/Device/ST/STM32F4xx/Include -I../Drivers/CMSIS/Include -O0 -ffunction-sections -fdata-sections -Wall -fstack-usage -fcyclomatic-complexity -MMD -MP -MF"Core/Src/truck_control.d" -MT"Core/Src/truck_control.o" --specs=nano.specs -mfpu=fpv4-sp-d16 -mfloat-abi=hard -mthumb -o "Core/Src/truck_control.o"
arm-none-eabi-gcc -o "remote.elf" @"objects.list"   -mcpu=cortex-m4 -T"D:\Database\STM32\F407\truck\remote\STM32F407VETX_FLASH.ld" --specs=nosys.specs -Wl,-Map="remote.map" -Wl,--gc-sections -static --specs=nano.specs -mfpu=fpv4-sp-d16 -mfloat-abi=hard -mthumb -Wl,--start-group -lc -lm -Wl,--end-group
已结束构建目标： remote.elf
 
arm-none-eabi-size  remote.elf 
arm-none-eabi-objdump -h -S remote.elf  > "remote.list"
   text	   data	    bss	    dec	    hex	filename
  46092	    468	   8380	  54940	   d69c	remote.elf
已结束构建： default.size.stdout
 
已结束构建： remote.list
 

22:05:31 Build Finished. 0 errors, 0 warnings. (took 2s.846ms)

